Component: ARM Compiler 5.06 update 2 (build 183) Tool: armlink [4d35b7]

==============================================================================

Section Cross References

    main.o(i._Z13ledInitializev) refers to gpio_lpc17xx.o(i.GPIO_SetDir) for GPIO_SetDir
    main.o(i._Z15heartBeatThreadPKv) refers to gpio_lpc17xx.o(i.GPIO_PinWrite) for GPIO_PinWrite
    main.o(i._Z15heartBeatThreadPKv) refers to rt_cmsis.o(i.osDelay) for osDelay
    main.o(i._Z15uart0Initializev) refers to main.o(i._Z14NVIC_EnableIRQ4IRQn) for NVIC_EnableIRQ(IRQn)
    main.o(i._Z15uart0Initializev) refers to uart_lpc17xx.o(.constdata) for Driver_USART0
    main.o(i._Z15uart0Initializev) refers to main.o(i._Z14USART_callbackj) for USART_callback(unsigned)
    main.o(i._Z15uart1Initializev) refers to main.o(i._Z14NVIC_EnableIRQ4IRQn) for NVIC_EnableIRQ(IRQn)
    main.o(i._Z15uart1Initializev) refers to uart_lpc17xx.o(.constdata) for Driver_USART1
    main.o(i._Z15uart1Initializev) refers to main.o(i._Z14USART_callbackj) for USART_callback(unsigned)
    main.o(i._Z17uart0UnInitializev) refers to uart_lpc17xx.o(.constdata) for Driver_USART0
    main.o(i._Z17uart1UnInitializev) refers to uart_lpc17xx.o(.constdata) for Driver_USART1
    main.o(i._Z9pwmRunnerPKv) refers to main.o(i._Z9configPWMv) for configPWM()
    main.o(i._Z9pwmRunnerPKv) refers to rt_cmsis.o(i.osDelay) for osDelay
    main.o(i.main) refers to system_lpc17xx.o(i.SystemCoreClockUpdate) for SystemCoreClockUpdate
    main.o(i.main) refers to rt_cmsis.o(i.osKernelInitialize) for osKernelInitialize
    main.o(i.main) refers to main.o(i._Z15uart0Initializev) for uart0Initialize()
    main.o(i.main) refers to main.o(i._Z15uart1Initializev) for uart1Initialize()
    main.o(i.main) refers to rt_cmsis.o(i.osDelay) for osDelay
    main.o(i.main) refers to main.o(i._Z13ledInitializev) for ledInitialize()
    main.o(i.main) refers to rt_cmsis.o(i.osThreadCreate) for osThreadCreate
    main.o(i.main) refers to rt_cmsis.o(i.osKernelStart) for osKernelStart
    main.o(i.main) refers to system_lpc17xx.o(.data) for SystemCoreClock
    main.o(i.main) refers to main.o(.constdata) for os_thread_def_heartBeatThread
    main.o(.ARM.exidx) refers to main.o(i._Z14USART_callbackj) for i._Z14USART_callbackj
    main.o(.ARM.exidx) refers to main.o(i._Z15uart0Initializev) for i._Z15uart0Initializev
    main.o(.ARM.exidx) refers to main.o(i._Z17uart0UnInitializev) for i._Z17uart0UnInitializev
    main.o(.ARM.exidx) refers to main.o(i._Z15uart1Initializev) for i._Z15uart1Initializev
    main.o(.ARM.exidx) refers to main.o(i._Z17uart1UnInitializev) for i._Z17uart1UnInitializev
    main.o(.ARM.exidx) refers to main.o(i._Z13ledInitializev) for i._Z13ledInitializev
    main.o(.ARM.exidx) refers to main.o(i._Z9configPWMv) for i._Z9configPWMv
    main.o(.ARM.exidx) refers to main.o(i._Z9pwmRunnerPKv) for i._Z9pwmRunnerPKv
    main.o(.ARM.exidx) refers to main.o(i._Z15heartBeatThreadPKv) for i._Z15heartBeatThreadPKv
    main.o(.ARM.exidx) refers to main.o(i.main) for i.main
    main.o(.ARM.exidx) refers to main.o(i._Z14NVIC_EnableIRQ4IRQn) for i._Z14NVIC_EnableIRQ4IRQn
    main.o(.constdata) refers to main.o(i._Z9pwmRunnerPKv) for pwmRunner(const void*)
    main.o(.constdata) refers to main.o(i._Z15heartBeatThreadPKv) for heartBeatThread(const void*)
    itm_arm.o(i._Z11itmPrintInti) refers to _printf_percent.o(.ARM.Collect$$_printf_percent$$00000000) for _printf_percent
    itm_arm.o(i._Z11itmPrintInti) refers to _printf_d.o(.ARM.Collect$$_printf_percent$$00000009) for _printf_d
    itm_arm.o(i._Z11itmPrintInti) refers to _printf_dec.o(.text) for _printf_int_dec
    itm_arm.o(i._Z11itmPrintInti) refers to noretval__2sprintf.o(.text) for __2sprintf
    itm_arm.o(i._Z11itmPrintInti) refers to itm_arm.o(i._Z8itmPrintPc) for itmPrint(char*)
    itm_arm.o(i._Z13itmPrintlnInti) refers to _printf_percent.o(.ARM.Collect$$_printf_percent$$00000000) for _printf_percent
    itm_arm.o(i._Z13itmPrintlnInti) refers to _printf_d.o(.ARM.Collect$$_printf_percent$$00000009) for _printf_d
    itm_arm.o(i._Z13itmPrintlnInti) refers to _printf_dec.o(.text) for _printf_int_dec
    itm_arm.o(i._Z13itmPrintlnInti) refers to noretval__2sprintf.o(.text) for __2sprintf
    itm_arm.o(i._Z13itmPrintlnInti) refers to itm_arm.o(i._Z10itmPrintlnPc) for itmPrintln(char*)
    itm_arm.o(.ARM.exidx) refers to itm_arm.o(i._Z10itmPrintlnPc) for i._Z10itmPrintlnPc
    itm_arm.o(.ARM.exidx) refers to itm_arm.o(i._Z8itmPrintPc) for i._Z8itmPrintPc
    itm_arm.o(.ARM.exidx) refers to itm_arm.o(i._Z13itmPrintlnInti) for i._Z13itmPrintlnInti
    itm_arm.o(.ARM.exidx) refers to itm_arm.o(i._Z11itmPrintInti) for i._Z11itmPrintInti
    ringbuffer.o(.ARM.exidx) refers to ringbuffer.o(i._ZN10RingBuffer15ringBufferWriteEc) for i._ZN10RingBuffer15ringBufferWriteEc
    ringbuffer.o(.ARM.exidx) refers to ringbuffer.o(i._ZN10RingBuffer21ringBufferStringWriteEPc) for i._ZN10RingBuffer21ringBufferStringWriteEPc
[...]
    !!handler_copy                           0x00000108   Section       26  __scatter_copy.o(!!handler_copy)
    !!handler_zi                             0x00000124   Section       28  __scatter_zi.o(!!handler_zi)
    .ARM.Collect$$libinit$$00000000          0x00000140   Section        2  libinit.o(.ARM.Collect$$libinit$$00000000)
    .ARM.Collect$$libinit$$00000002          0x00000142   Section        0  libinit2.o(.ARM.Collect$$libinit$$00000002)
    .ARM.Collect$$libinit$$00000004          0x00000142   Section        0  libinit2.o(.ARM.Collect$$libinit$$00000004)
    .ARM.Collect$$libinit$$0000000A          0x00000142   Section        0  libinit2.o(.ARM.Collect$$libinit$$0000000A)
    .ARM.Collect$$libinit$$0000000C          0x00000142   Section        0  libinit2.o(.ARM.Collect$$libinit$$0000000C)
    .ARM.Collect$$libinit$$0000000E          0x00000142   Section        0  libinit2.o(.ARM.Collect$$libinit$$0000000E)
    .ARM.Collect$$libinit$$00000011          0x00000142   Section        0  libinit2.o(.ARM.Collect$$libinit$$00000011)
    .ARM.Collect$$libinit$$00000013          0x00000142   Section        0  libinit2.o(.ARM.Collect$$libinit$$00000013)
    .ARM.Collect$$libinit$$00000015          0x00000142   Section        0  libinit2.o(.ARM.Collect$$libinit$$00000015)
    .ARM.Collect$$libinit$$00000017          0x00000142   Section        0  libinit2.o(.ARM.Collect$$libinit$$00000017)
    .ARM.Collect$$libinit$$00000019          0x00000142   Section        0  libinit2.o(.ARM.Collect$$libinit$$00000019)
    .ARM.Collect$$libinit$$0000001B          0x00000142   Section        0  libinit2.o(.ARM.Collect$$libinit$$0000001B)
    .ARM.Collect$$libinit$$0000001D          0x00000142   Section        0  libinit2.o(.ARM.Collect$$libinit$$0000001D)
    .ARM.Collect$$libinit$$0000001F          0x00000142   Section        0  libinit2.o(.ARM.Collect$$libinit$$0000001F)
    .ARM.Collect$$libinit$$00000021          0x00000142   Section        0  libinit2.o(.ARM.Collect$$libinit$$00000021)
    .ARM.Collect$$libinit$$00000023          0x00000142   Section        0  libinit2.o(.ARM.Collect$$libinit$$00000023)
    .ARM.Collect$$libinit$$00000025          0x00000142   Section        0  libinit2.o(.ARM.Collect$$libinit$$00000025)
    .ARM.Collect$$libinit$$0000002C          0x00000142   Section        0  libinit2.o(.ARM.Collect$$libinit$$0000002C)
    .ARM.Collect$$libinit$$0000002E          0x00000142   Section        0  libinit2.o(.ARM.Collect$$libinit$$0000002E)
    .ARM.Collect$$libinit$$00000030          0x00000142   Section        0  libinit2.o(.ARM.Collect$$libinit$$00000030)
    .ARM.Collect$$libinit$$00000032          0x00000142   Section        0  libinit2.o(.ARM.Collect$$libinit$$00000032)
    .ARM.Collect$$libinit$$00000033          0x00000142   Section        2  libinit2.o(.ARM.Collect$$libinit$$00000033)
    .ARM.Collect$$libshutdown$$00000000      0x00000144   Section        2  libshutdown.o(.ARM.Collect$$libshutdown$$00000000)
    .ARM.Collect$$libshutdown$$00000002      0x00000146   Section        0  libshutdown2.o(.ARM.Collect$$libshutdown$$00000002)
    .ARM.Collect$$libshutdown$$00000004      0x00000146   Section        0  libshutdown2.o(.ARM.Collect$$libshutdown$$00000004)
    .ARM.Collect$$libshutdown$$00000007      0x00000146   Section        0  libshutdown2.o(.ARM.Collect$$libshutdown$$00000007)
    .ARM.Collect$$libshutdown$$0000000A      0x00000146   Section        0  libshutdown2.o(.ARM.Collect$$libshutdown$$0000000A)
    .ARM.Collect$$libshutdown$$0000000C      0x00000146   Section        0  libshutdown2.o(.ARM.Collect$$libshutdown$$0000000C)
    .ARM.Collect$$libshutdown$$0000000F      0x00000146   Section        0  libshutdown2.o(.ARM.Collect$$libshutdown$$0000000F)
    .ARM.Collect$$libshutdown$$00000010      0x00000146   Section        2  libshutdown2.o(.ARM.Collect$$libshutdown$$00000010)
    .ARM.Collect$$rtentry$$00000000          0x00000148   Section        0  __rtentry.o(.ARM.Collect$$rtentry$$00000000)
    .ARM.Collect$$rtentry$$00000002          0x00000148   Section        0  __rtentry2.o(.ARM.Collect$$rtentry$$00000002)
    .ARM.Collect$$rtentry$$00000004          0x00000148   Section        6  __rtentry4.o(.ARM.Collect$$rtentry$$00000004)
    .ARM.Collect$$rtentry$$00000009          0x0000014e   Section        0  __rtentry2.o(.ARM.Collect$$rtentry$$00000009)
    .ARM.Collect$$rtentry$$0000000A          0x0000014e   Section        4  __rtentry2.o(.ARM.Collect$$rtentry$$0000000A)
    .ARM.Collect$$rtentry$$0000000B          0x00000152   Section        8  __rtentry2.o(.ARM.Collect$$rtentry$$0000000B)
    .ARM.Collect$$rtentry$$0000000D          0x0000015a   Section        8  __rtentry2.o(.ARM.Collect$$rtentry$$0000000D)
    .ARM.Collect$$rtexit$$00000000           0x00000162   Section        2  rtexit.o(.ARM.Collect$$rtexit$$00000000)
    .ARM.Collect$$rtexit$$00000002           0x00000164   Section        0  rtexit2.o(.ARM.Collect$$rtexit$$00000002)
    .ARM.Collect$$rtexit$$00000003           0x00000164   Section        4  rtexit2.o(.ARM.Collect$$rtexit$$00000003)
    .ARM.Collect$$rtexit$$00000004           0x00000168   Section        6  rtexit2.o(.ARM.Collect$$rtexit$$00000004)
    .emb_text                                0x00000170   Section       28  rtx_conf_cm.o(.emb_text)
    .emb_text                                0x0000018c   Section      304  hal_cm3.o(.emb_text)
    .text                                    0x000002bc   Section       64  startup_lpc17xx.o(.text)
    .ARM.__at_0x02FC                         0x000002fc   Section        4  startup_lpc17xx.o(.ARM.__at_0x02FC)
    .text                                    0x00000300   Section        8  libspace.o(.text)
    .text                                    0x00000308   Section      238  lludivv7m.o(.text)
    .text                                    0x000003f6   Section        0  exit.o(.text)
    .text                                    0x00000408   Section        0  heapauxi.o(.text)
    .text                                    0x00000410   Section        0  sys_exit.o(.text)
    .text                                    0x0000041c   Section       74  sys_stackheap_outer.o(.text)
    .text                                    0x00000466   Section        2  use_no_semi.o(.text)
    .text                                    0x00000468   Section        0  indicate_semi.o(.text)
    SVC_TABLE                                0x00000468   Section        4  svc_table.o(SVC_TABLE)
    i.Clear_Channel_active_flag              0x0000046c   Section        0  gpdma_lpc17xx.o(i.Clear_Channel_active_flag)
    Clear_Channel_active_flag                0x0000046d   Thumb Code    28  gpdma_lpc17xx.o(i.Clear_Channel_active_flag)
    i.DMA_IRQHandler                         0x0000048c   Section        0  gpdma_lpc17xx.o(i.DMA_IRQHandler)
    i.GPDMA_ChannelConfigure                 0x0000060c   Section        0  gpdma_lpc17xx.o(i.GPDMA_ChannelConfigure)
    i.GPDMA_ChannelDisable                   0x00000700   Section        0  gpdma_lpc17xx.o(i.GPDMA_ChannelDisable)
    i.GPDMA_ChannelGetCount                  0x00000730   Section        0  gpdma_lpc17xx.o(i.GPDMA_ChannelGetCount)
    i.GPDMA_Initialize                       0x00000760   Section        0  gpdma_lpc17xx.o(i.GPDMA_Initialize)
    i.GPDMA_PeripheralSelect                 0x00000808   Section        0  gpdma_lpc17xx.o(i.GPDMA_PeripheralSelect)
    i.GPDMA_Uninitialize                     0x0000084c   Section        0  gpdma_lpc17xx.o(i.GPDMA_Uninitialize)
    i.GPIO_PinWrite                          0x000008ac   Section        0  gpio_lpc17xx.o(i.GPIO_PinWrite)
    i.GPIO_SetDir                            0x000008d4   Section        0  gpio_lpc17xx.o(i.GPIO_SetDir)
    i.GetUsartClockFreq                      0x0000090c   Section        0  uart_lpc17xx.o(i.GetUsartClockFreq)
    GetUsartClockFreq                        0x0000090d   Thumb Code    62  uart_lpc17xx.o(i.GetUsartClockFreq)
    i.NVIC_ClearPendingIRQ                   0x00000950   Section        0  uart_lpc17xx.o(i.NVIC_ClearPendingIRQ)
    NVIC_ClearPendingIRQ                     0x00000951   Thumb Code    22  uart_lpc17xx.o(i.NVIC_ClearPendingIRQ)
    i.NVIC_ClearPendingIRQ                   0x0000096c   Section        0  gpdma_lpc17xx.o(i.NVIC_ClearPendingIRQ)
    NVIC_ClearPendingIRQ                     0x0000096d   Thumb Code    22  gpdma_lpc17xx.o(i.NVIC_ClearPendingIRQ)
    i.PIN_Configure                          0x00000988   Section        0  pin_lpc17xx.o(i.PIN_Configure)
    i.Set_Channel_active_flag                0x00000a84   Section        0  gpdma_lpc17xx.o(i.Set_Channel_active_flag)
    Set_Channel_active_flag                  0x00000a85   Thumb Code    50  gpdma_lpc17xx.o(i.Set_Channel_active_flag)
    i.SystemCoreClockUpdate                  0x00000abc   Section        0  system_lpc17xx.o(i.SystemCoreClockUpdate)
    i.SystemInit                             0x00000c64   Section        0  system_lpc17xx.o(i.SystemInit)
    i.UART0_IRQHandler                       0x00000da4   Section        0  uart_lpc17xx.o(i.UART0_IRQHandler)
    i.UART1_IRQHandler                       0x00000db4   Section        0  uart_lpc17xx.o(i.UART1_IRQHandler)
    i.USART0_Control                         0x00000dc4   Section        0  uart_lpc17xx.o(i.USART0_Control)
    USART0_Control                           0x00000dc5   Thumb Code    18  uart_lpc17xx.o(i.USART0_Control)
    i.USART0_GPDMA_Rx_Event                  0x00000ddc   Section        0  uart_lpc17xx.o(i.USART0_GPDMA_Rx_Event)
    i.USART0_GPDMA_Tx_Event                  0x00000df0   Section        0  uart_lpc17xx.o(i.USART0_GPDMA_Tx_Event)
    i.USART0_GetCapabilities                 0x00000e04   Section        0  uart_lpc17xx.o(i.USART0_GetCapabilities)
    USART0_GetCapabilities                   0x00000e05   Thumb Code    12  uart_lpc17xx.o(i.USART0_GetCapabilities)
    i.USART0_GetModemStatus                  0x00000e14   Section        0  uart_lpc17xx.o(i.USART0_GetModemStatus)
    USART0_GetModemStatus                    0x00000e15   Thumb Code    12  uart_lpc17xx.o(i.USART0_GetModemStatus)
    i.USART0_GetRxCount                      0x00000e24   Section        0  uart_lpc17xx.o(i.USART0_GetRxCount)
    USART0_GetRxCount                        0x00000e25   Thumb Code    10  uart_lpc17xx.o(i.USART0_GetRxCount)
    i.USART0_GetStatus                       0x00000e34   Section        0  uart_lpc17xx.o(i.USART0_GetStatus)
    USART0_GetStatus                         0x00000e35   Thumb Code    12  uart_lpc17xx.o(i.USART0_GetStatus)
    i.USART0_GetTxCount                      0x00000e44   Section        0  uart_lpc17xx.o(i.USART0_GetTxCount)
    USART0_GetTxCount                        0x00000e45   Thumb Code    10  uart_lpc17xx.o(i.USART0_GetTxCount)
    i.USART0_Initialize                      0x00000e54   Section        0  uart_lpc17xx.o(i.USART0_Initialize)
    USART0_Initialize                        0x00000e55   Thumb Code    14  uart_lpc17xx.o(i.USART0_Initialize)
    i.USART0_PowerControl                    0x00000e68   Section        0  uart_lpc17xx.o(i.USART0_PowerControl)
    USART0_PowerControl                      0x00000e69   Thumb Code    14  uart_lpc17xx.o(i.USART0_PowerControl)
    i.USART0_Receive                         0x00000e7c   Section        0  uart_lpc17xx.o(i.USART0_Receive)
    USART0_Receive                           0x00000e7d   Thumb Code    18  uart_lpc17xx.o(i.USART0_Receive)
    i.USART0_Send                            0x00000e94   Section        0  uart_lpc17xx.o(i.USART0_Send)
    USART0_Send                              0x00000e95   Thumb Code    18  uart_lpc17xx.o(i.USART0_Send)
    i.USART0_SetModemControl                 0x00000eac   Section        0  uart_lpc17xx.o(i.USART0_SetModemControl)
    USART0_SetModemControl                   0x00000ead   Thumb Code    14  uart_lpc17xx.o(i.USART0_SetModemControl)
    i.USART0_Transfer                        0x00000ec0   Section        0  uart_lpc17xx.o(i.USART0_Transfer)
    USART0_Transfer                          0x00000ec1   Thumb Code    22  uart_lpc17xx.o(i.USART0_Transfer)
    i.USART0_Uninitialize                    0x00000edc   Section        0  uart_lpc17xx.o(i.USART0_Uninitialize)
    USART0_Uninitialize                      0x00000edd   Thumb Code    10  uart_lpc17xx.o(i.USART0_Uninitialize)
    i.USART1_Control                         0x00000eec   Section        0  uart_lpc17xx.o(i.USART1_Control)
    USART1_Control                           0x00000eed   Thumb Code    18  uart_lpc17xx.o(i.USART1_Control)
    i.USART1_GPDMA_Rx_Event                  0x00000f04   Section        0  uart_lpc17xx.o(i.USART1_GPDMA_Rx_Event)
    i.USART1_GPDMA_Tx_Event                  0x00000f18   Section        0  uart_lpc17xx.o(i.USART1_GPDMA_Tx_Event)
    i.USART1_GetCapabilities                 0x00000f2c   Section        0  uart_lpc17xx.o(i.USART1_GetCapabilities)
    USART1_GetCapabilities                   0x00000f2d   Thumb Code    12  uart_lpc17xx.o(i.USART1_GetCapabilities)
    i.USART1_GetModemStatus                  0x00000f3c   Section        0  uart_lpc17xx.o(i.USART1_GetModemStatus)
    USART1_GetModemStatus                    0x00000f3d   Thumb Code    12  uart_lpc17xx.o(i.USART1_GetModemStatus)
    i.USART1_GetRxCount                      0x00000f4c   Section        0  uart_lpc17xx.o(i.USART1_GetRxCount)
    USART1_GetRxCount                        0x00000f4d   Thumb Code    10  uart_lpc17xx.o(i.USART1_GetRxCount)
    i.USART1_GetStatus                       0x00000f5c   Section        0  uart_lpc17xx.o(i.USART1_GetStatus)
    USART1_GetStatus                         0x00000f5d   Thumb Code    12  uart_lpc17xx.o(i.USART1_GetStatus)
    i.USART1_GetTxCount                      0x00000f6c   Section        0  uart_lpc17xx.o(i.USART1_GetTxCount)
    USART1_GetTxCount                        0x00000f6d   Thumb Code    10  uart_lpc17xx.o(i.USART1_GetTxCount)
    i.USART1_Initialize                      0x00000f7c   Section        0  uart_lpc17xx.o(i.USART1_Initialize)
    USART1_Initialize                        0x00000f7d   Thumb Code    14  uart_lpc17xx.o(i.USART1_Initialize)
    i.USART1_PowerControl                    0x00000f90   Section        0  uart_lpc17xx.o(i.USART1_PowerControl)
    USART1_PowerControl                      0x00000f91   Thumb Code    14  uart_lpc17xx.o(i.USART1_PowerControl)
    i.USART1_Receive                         0x00000fa4   Section        0  uart_lpc17xx.o(i.USART1_Receive)
    USART1_Receive                           0x00000fa5   Thumb Code    18  uart_lpc17xx.o(i.USART1_Receive)
    i.USART1_Send                            0x00000fbc   Section        0  uart_lpc17xx.o(i.USART1_Send)
    USART1_Send                              0x00000fbd   Thumb Code    18  uart_lpc17xx.o(i.USART1_Send)
    i.USART1_SetModemControl                 0x00000fd4   Section        0  uart_lpc17xx.o(i.USART1_SetModemControl)
    USART1_SetModemControl                   0x00000fd5   Thumb Code    14  uart_lpc17xx.o(i.USART1_SetModemControl)
    i.USART1_Transfer                        0x00000fe8   Section        0  uart_lpc17xx.o(i.USART1_Transfer)
    USART1_Transfer                          0x00000fe9   Thumb Code    22  uart_lpc17xx.o(i.USART1_Transfer)
    i.USART1_Uninitialize                    0x00001004   Section        0  uart_lpc17xx.o(i.USART1_Uninitialize)
    USART1_Uninitialize                      0x00001005   Thumb Code    10  uart_lpc17xx.o(i.USART1_Uninitialize)
    i.USART_Control                          0x00001014   Section        0  uart_lpc17xx.o(i.USART_Control)
    USART_Control                            0x00001015   Thumb Code  1642  uart_lpc17xx.o(i.USART_Control)
    i.USART_GPDMA_Rx_Event                   0x00001684   Section        0  uart_lpc17xx.o(i.USART_GPDMA_Rx_Event)
    USART_GPDMA_Rx_Event                     0x00001685   Thumb Code   134  uart_lpc17xx.o(i.USART_GPDMA_Rx_Event)
    i.USART_GPDMA_Tx_Event                   0x0000170a   Section        0  uart_lpc17xx.o(i.USART_GPDMA_Tx_Event)
    USART_GPDMA_Tx_Event                     0x0000170b   Thumb Code    74  uart_lpc17xx.o(i.USART_GPDMA_Tx_Event)
    i.USART_GetCapabilities                  0x00001754   Section        0  uart_lpc17xx.o(i.USART_GetCapabilities)
    USART_GetCapabilities                    0x00001755   Thumb Code     6  uart_lpc17xx.o(i.USART_GetCapabilities)
    i.USART_GetModemStatus                   0x0000175a   Section        0  uart_lpc17xx.o(i.USART_GetModemStatus)
    USART_GetModemStatus                     0x0000175b   Thumb Code   178  uart_lpc17xx.o(i.USART_GetModemStatus)
    i.USART_GetRxCount                       0x0000180c   Section        0  uart_lpc17xx.o(i.USART_GetRxCount)
    USART_GetRxCount                         0x0000180d   Thumb Code    28  uart_lpc17xx.o(i.USART_GetRxCount)
    i.USART_GetStatus                        0x00001828   Section        0  uart_lpc17xx.o(i.USART_GetStatus)
    USART_GetStatus                          0x00001829   Thumb Code    94  uart_lpc17xx.o(i.USART_GetStatus)
    i.USART_GetTxCount                       0x00001886   Section        0  uart_lpc17xx.o(i.USART_GetTxCount)
    USART_GetTxCount                         0x00001887   Thumb Code    28  uart_lpc17xx.o(i.USART_GetTxCount)
    i.USART_IRQHandler                       0x000018a2   Section        0  uart_lpc17xx.o(i.USART_IRQHandler)
    USART_IRQHandler                         0x000018a3   Thumb Code   620  uart_lpc17xx.o(i.USART_IRQHandler)
    i.USART_Initialize                       0x00001b0e   Section        0  uart_lpc17xx.o(i.USART_Initialize)
    USART_Initialize                         0x00001b0f   Thumb Code   254  uart_lpc17xx.o(i.USART_Initialize)
    i.USART_PowerControl                     0x00001c0c   Section        0  uart_lpc17xx.o(i.USART_PowerControl)
    USART_PowerControl                       0x00001c0d   Thumb Code   550  uart_lpc17xx.o(i.USART_PowerControl)
    i.USART_Receive                          0x00001e38   Section        0  uart_lpc17xx.o(i.USART_Receive)
    USART_Receive                            0x00001e39   Thumb Code   272  uart_lpc17xx.o(i.USART_Receive)
    i.USART_RxLineIntHandler                 0x00001f48   Section        0  uart_lpc17xx.o(i.USART_RxLineIntHandler)
    USART_RxLineIntHandler                   0x00001f49   Thumb Code   104  uart_lpc17xx.o(i.USART_RxLineIntHandler)
    i.USART_Send                             0x00001fb0   Section        0  uart_lpc17xx.o(i.USART_Send)
    USART_Send                               0x00001fb1   Thumb Code   412  uart_lpc17xx.o(i.USART_Send)
    i.USART_SetBaudrate                      0x0000214c   Section        0  uart_lpc17xx.o(i.USART_SetBaudrate)
    i.USART_SetModemControl                  0x00002280   Section        0  uart_lpc17xx.o(i.USART_SetModemControl)
    USART_SetModemControl                    0x00002281   Thumb Code   160  uart_lpc17xx.o(i.USART_SetModemControl)
    i.USART_Transfer                         0x00002320   Section        0  uart_lpc17xx.o(i.USART_Transfer)
    USART_Transfer                           0x00002321   Thumb Code   122  uart_lpc17xx.o(i.USART_Transfer)
    i.USART_Uninitialize                     0x0000239a   Section        0  uart_lpc17xx.o(i.USART_Uninitialize)
    USART_Uninitialize                       0x0000239b   Thumb Code   226  uart_lpc17xx.o(i.USART_Uninitialize)
    i.USARTx_GetVersion                      0x0000247c   Section        0  uart_lpc17xx.o(i.USARTx_GetVersion)
    USARTx_GetVersion                        0x0000247d   Thumb Code    10  uart_lpc17xx.o(i.USARTx_GetVersion)
    i._Z13ledInitializev                     0x0000248c   Section        0  main.o(i._Z13ledInitializev)
    i._Z14NVIC_EnableIRQ4IRQn                0x0000249a   Section        0  main.o(i._Z14NVIC_EnableIRQ4IRQn)
    NVIC_EnableIRQ(IRQn)                     0x0000249b   Thumb Code    26  main.o(i._Z14NVIC_EnableIRQ4IRQn)
    i._Z14USART_callbackj                    0x000024b4   Section        0  main.o(i._Z14USART_callbackj)
    i._Z15heartBeatThreadPKv                 0x000024ea   Section        0  main.o(i._Z15heartBeatThreadPKv)
    i._Z15uart0Initializev                   0x00002510   Section        0  main.o(i._Z15uart0Initializev)
    i._Z15uart1Initializev                   0x0000255c   Section        0  main.o(i._Z15uart1Initializev)
    i._Z9configPWMv                          0x000025b0   Section        0  main.o(i._Z9configPWMv)
    i._Z9pwmRunnerPKv                        0x000025ec   Section        0  main.o(i._Z9pwmRunnerPKv)
    i._init_box                              0x00002634   Section        0  rt_membox.o(i._init_box)
    i._mutex_acquire                         0x0000267c   Section        0  rtx_conf_cm.o(i._mutex_acquire)
    __tagsym$$used                           0x0000267d   Number         0  rtx_conf_cm.o(i._mutex_acquire)
    i._mutex_release                         0x0000269c   Section        0  rtx_conf_cm.o(i._mutex_release)
    __tagsym$$used                           0x0000269d   Number         0  rtx_conf_cm.o(i._mutex_release)
    i.dbg_init                               0x000026b8   Section        0  hal_cm.o(i.dbg_init)
    i.dbg_task_notify                        0x000026e8   Section        0  hal_cm.o(i.dbg_task_notify)
    i.dbg_task_switch                        0x00002708   Section        0  hal_cm.o(i.dbg_task_switch)
    i.isrMessageGet                          0x00002718   Section        0  rt_cmsis.o(i.isrMessageGet)
    i.isrMessagePut                          0x00002742   Section        0  rt_cmsis.o(i.isrMessagePut)
    i.isr_mbx_receive                        0x00002770   Section        0  rt_mailbox.o(i.isr_mbx_receive)
    i.isr_mbx_send                           0x000027c6   Section        0  rt_mailbox.o(i.isr_mbx_send)
    i.main                                   0x000027d4   Section        0  main.o(i.main)
    i.osDelay                                0x0000286c   Section        0  rt_cmsis.o(i.osDelay)
    i.osKernelInitialize                     0x00002884   Section        0  rt_cmsis.o(i.osKernelInitialize)
    i.osKernelStart                          0x000028a8   Section        0  rt_cmsis.o(i.osKernelStart)
    i.osMessageGet                           0x00002914   Section        0  rt_cmsis.o(i.osMessageGet)
    i.osThreadCreate                         0x0000292c   Section        0  rt_cmsis.o(i.osThreadCreate)
    i.osThreadExit                           0x00002958   Section        0  rt_cmsis.o(i.osThreadExit)
    i.osTimerCall                            0x00002970   Section        0  rt_cmsis.o(i.osTimerCall)
    i.osTimerThread                          0x0000297c   Section        0  rt_cmsis.o(i.osTimerThread)
    i.os_error                               0x000029a8   Section        0  rtx_conf_cm.o(i.os_error)
    i.os_idle_demon                          0x000029c8   Section        0  rtx_conf_cm.o(i.os_idle_demon)
    i.os_tick_init                           0x000029d0   Section        0  rt_system.o(i.os_tick_init)
    i.os_tick_irqack                         0x000029f8   Section        0  rt_system.o(i.os_tick_irqack)
    i.rt_alloc_box                           0x000029fa   Section        0  rt_membox.o(i.rt_alloc_box)
    i.rt_alloc_mem                           0x00002a14   Section        0  rt_memory.o(i.rt_alloc_mem)
    i.rt_block                               0x00002a54   Section        0  rt_task.o(i.rt_block)
    i.rt_chk_robin                           0x00002a8c   Section        0  rt_robin.o(i.rt_chk_robin)
    i.rt_dec_dly                             0x00002ad4   Section        0  rt_list.o(i.rt_dec_dly)
    i.rt_dispatch                            0x00002b44   Section        0  rt_task.o(i.rt_dispatch)
    i.rt_dly_wait                            0x00002b88   Section        0  rt_time.o(i.rt_dly_wait)
    i.rt_evt_psh                             0x00002b90   Section        0  rt_event.o(i.rt_evt_psh)
    i.rt_free_box                            0x00002be0   Section        0  rt_membox.o(i.rt_free_box)
    i.rt_free_mem                            0x00002c0c   Section        0  rt_memory.o(i.rt_free_mem)
    i.rt_get_first                           0x00002c34   Section        0  rt_list.o(i.rt_get_first)
    i.rt_id2obj                              0x00002c5c   Section        0  rt_cmsis.o(i.rt_id2obj)
    rt_id2obj                                0x00002c5d   Thumb Code     8  rt_cmsis.o(i.rt_id2obj)
    i.rt_init_context                        0x00002c64   Section        0  rt_task.o(i.rt_init_context)
    rt_init_context                          0x00002c65   Thumb Code    66  rt_task.o(i.rt_init_context)
    i.rt_init_mem                            0x00002cac   Section        0  rt_memory.o(i.rt_init_mem)
    i.rt_init_robin                          0x00002cc8   Section        0  rt_robin.o(i.rt_init_robin)
    i.rt_init_stack                          0x00002ce0   Section        0  hal_cm.o(i.rt_init_stack)
    i.rt_mbx_check                           0x00002d60   Section        0  rt_mailbox.o(i.rt_mbx_check)
    i.rt_mbx_init                            0x00002d68   Section        0  rt_mailbox.o(i.rt_mbx_init)
    i.rt_mbx_psh                             0x00002d84   Section        0  rt_mailbox.o(i.rt_mbx_psh)
    i.rt_mbx_wait                            0x00002e74   Section        0  rt_mailbox.o(i.rt_mbx_wait)
    i.rt_ms2tick                             0x00002f28   Section        0  rt_cmsis.o(i.rt_ms2tick)
    rt_ms2tick                               0x00002f29   Thumb Code    58  rt_cmsis.o(i.rt_ms2tick)
    i.rt_mut_release                         0x00002f6c   Section        0  rt_mutex.o(i.rt_mut_release)
    i.rt_mut_wait                            0x00003044   Section        0  rt_mutex.o(i.rt_mut_wait)
    i.rt_pop_req                             0x000030bc   Section        0  rt_system.o(i.rt_pop_req)
    i.rt_psh_req                             0x00003138   Section        0  rt_system.o(i.rt_psh_req)
    i.rt_psq_enq                             0x00003158   Section        0  rt_list.o(i.rt_psq_enq)
    i.rt_put_dly                             0x000031b4   Section        0  rt_list.o(i.rt_put_dly)
    i.rt_put_prio                            0x000031fc   Section        0  rt_list.o(i.rt_put_prio)
    i.rt_put_rdy_first                       0x00003234   Section        0  rt_list.o(i.rt_put_rdy_first)
    i.rt_resort_prio                         0x00003248   Section        0  rt_list.o(i.rt_resort_prio)
    i.rt_ret_val                             0x0000327c   Section        0  hal_cm.o(i.rt_ret_val)
    i.rt_ret_val2                            0x00003282   Section        0  hal_cm.o(i.rt_ret_val2)
    i.rt_rmv_dly                             0x0000328a   Section        0  rt_list.o(i.rt_rmv_dly)
    i.rt_rmv_list                            0x000032b4   Section        0  rt_list.o(i.rt_rmv_list)
    i.rt_sem_psh                             0x000032e4   Section        0  rt_semaphore.o(i.rt_sem_psh)
    i.rt_stk_check                           0x00003318   Section        0  rt_system.o(i.rt_stk_check)
    i.rt_switch_req                          0x0000333c   Section        0  rt_task.o(i.rt_switch_req)
    i.rt_sys_init                            0x00003364   Section        0  rt_task.o(i.rt_sys_init)
    i.rt_sys_start                           0x00003430   Section        0  rt_task.o(i.rt_sys_start)
    i.rt_systick                             0x000034a8   Section        0  rt_system.o(i.rt_systick)
    i.rt_tid2ptcb                            0x000034e8   Section        0  rt_cmsis.o(i.rt_tid2ptcb)
    rt_tid2ptcb                              0x000034e9   Thumb Code    18  rt_cmsis.o(i.rt_tid2ptcb)
    i.rt_timer_insert                        0x000034fc   Section        0  rt_cmsis.o(i.rt_timer_insert)
    rt_timer_insert                          0x000034fd   Thumb Code    48  rt_cmsis.o(i.rt_timer_insert)
    i.rt_tsk_create                          0x00003530   Section        0  rt_task.o(i.rt_tsk_create)
    i.rt_tsk_delete                          0x000035b8   Section        0  rt_task.o(i.rt_tsk_delete)
    i.rt_tsk_prio                            0x00003734   Section        0  rt_task.o(i.rt_tsk_prio)
    i.rt_tsk_self                            0x000037b0   Section        0  rt_task.o(i.rt_tsk_self)
    i.svcDelay                               0x000037c0   Section        0  rt_cmsis.o(i.svcDelay)
    i.svcKernelInitialize                    0x000037d4   Section        0  rt_cmsis.o(i.svcKernelInitialize)
    i.svcKernelStart                         0x00003844   Section        0  rt_cmsis.o(i.svcKernelStart)
    i.svcMessageCreate                       0x0000388c   Section        0  rt_cmsis.o(i.svcMessageCreate)
    i.svcMessageGet                          0x000038b0   Section        0  rt_cmsis.o(i.svcMessageGet)
    i.svcThreadCreate                        0x000038ec   Section        0  rt_cmsis.o(i.svcThreadCreate)
    i.svcThreadGetId                         0x00003958   Section        0  rt_cmsis.o(i.svcThreadGetId)
    i.svcThreadTerminate                     0x00003974   Section        0  rt_cmsis.o(i.svcThreadTerminate)
    i.svcTimerCall                           0x000039ac   Section        0  rt_cmsis.o(i.svcTimerCall)
    i.sysTimerTick                           0x000039c4   Section        0  rt_cmsis.o(i.sysTimerTick)
    .constdata                               0x00003a20   Section       32  main.o(.constdata)
    os_thread_def_pwmRunner                  0x00003a20   Data          16  main.o(.constdata)
    os_thread_def_heartBeatThread            0x00003a30   Data          16  main.o(.constdata)
    .constdata                               0x00003a40   Section      104  rtx_conf_cm.o(.constdata)
    __tagsym$$used                           0x00003a5c   Number         0  rtx_conf_cm.o(.constdata)
    __tagsym$$used                           0x00003a60   Number         0  rtx_conf_cm.o(.constdata)
    __tagsym$$used                           0x00003a64   Number         0  rtx_conf_cm.o(.constdata)
    __tagsym$$used                           0x00003a68   Number         0  rtx_conf_cm.o(.constdata)
    .constdata                               0x00003aa8   Section      636  uart_lpc17xx.o(.constdata)
    usart_driver_version                     0x00003aa8   Data           4  uart_lpc17xx.o(.constdata)
    fract_div_lookup_table                   0x00003aac   Data         288  uart_lpc17xx.o(.constdata)
    UART0_DMA_Tx                             0x00003bcc   Data           8  uart_lpc17xx.o(.constdata)
    UART0_DMA_Rx                             0x00003bd4   Data           8  uart_lpc17xx.o(.constdata)
    USART0_Resources                         0x00003bdc   Data         100  uart_lpc17xx.o(.constdata)
    USART1_DMA_Tx                            0x00003c40   Data           8  uart_lpc17xx.o(.constdata)
    USART1_DMA_Rx                            0x00003c48   Data           8  uart_lpc17xx.o(.constdata)
    USART1_Resources                         0x00003c50   Data         100  uart_lpc17xx.o(.constdata)
    .data                                    0x10000000   Section       20  rtx_conf_cm.o(.data)
    nr_mutex                                 0x10000010   Data           4  rtx_conf_cm.o(.data)
    .data                                    0x10000014   Section        4  uart_lpc17xx.o(.data)
    USART1_pin_tx                            0x10000014   Data           2  uart_lpc17xx.o(.data)
    USART1_pin_rx                            0x10000016   Data           2  uart_lpc17xx.o(.data)
    .data                                    0x10000018   Section        8  gpdma_lpc17xx.o(.data)
    Channel_active                           0x10000018   Data           4  gpdma_lpc17xx.o(.data)
    Init_cnt                                 0x1000001c   Data           4  gpdma_lpc17xx.o(.data)
    .data                                    0x10000020   Section        4  system_lpc17xx.o(.data)
    .data                                    0x10000024   Section        8  rt_cmsis.o(.data)
    .data                                    0x1000002c   Section        8  rt_task.o(.data)
    .data                                    0x10000034   Section        8  rt_system.o(.data)
    os_lock                                  0x10000034   Data           1  rt_system.o(.data)
    os_psh_flag                              0x10000035   Data           1  rt_system.o(.data)
    pend_flags                               0x10000036   Data           1  rt_system.o(.data)
    .data                                    0x1000003c   Section        4  rt_time.o(.data)
    .data                                    0x10000040   Section        8  rt_robin.o(.data)
    .data                                    0x10000048   Section        1  hal_cm.o(.data)
    .bss                                     0x10000050   Section     5152  rtx_conf_cm.o(.bss)
    std_libspace                             0x10001150   Data         672  rtx_conf_cm.o(.bss)
    std_libmutex                             0x100013f0   Data         128  rtx_conf_cm.o(.bss)
    .bss                                     0x10001470   Section      104  uart_lpc17xx.o(.bss)
    USART0_Info                              0x10001470   Data          52  uart_lpc17xx.o(.bss)
    USART1_Info                              0x100014a4   Data          52  uart_lpc17xx.o(.bss)
    .bss                                     0x100014d8   Section      160  gpdma_lpc17xx.o(.bss)
    Channel_info                             0x100014d8   Data         160  gpdma_lpc17xx.o(.bss)
    .bss                                     0x10001578   Section       52  rt_task.o(.bss)
    .bss                                     0x100015ac   Section       48  rt_list.o(.bss)
    .bss                                     0x100015dc   Section       96  libspace.o(.bss)
    HEAP                                     0x10001640   Section      512  startup_lpc17xx.o(HEAP)
    Heap_Mem                                 0x10001640   Data         512  startup_lpc17xx.o(HEAP)
    STACK                                    0x10001840   Section      768  startup_lpc17xx.o(STACK)
    Stack_Mem                                0x10001840   Data         768  startup_lpc17xx.o(STACK)
    __initial_sp                             0x10001b40   Data           0  startup_lpc17xx.o(STACK)

    Global Symbols

    Symbol Name                              Value     Ov Type        Size  Object(Section)

    BuildAttributes$$THM_ISAv4$P$D$K$B$S$PE$A:L22UL41UL21$X:L11$S22US41US21$IEEE1$IW$USESV6$~STKCKD$USESV7$~SHL$OSPACE$ROPI$EBA8$UX$STANDARDLIB$REQ8$PRES8$EABIv2 0x00000000   Number         0  anon$$obj.o ABSOLUTE
    __ARM_use_no_argv                        0x00000000   Number         0  main.o ABSOLUTE
    __Vectors                                0x00000000   Data           4  startup_lpc17xx.o(RESET)
    __ARM_exceptions_init                     - Undefined Weak Reference
    __alloca_initialize                       - Undefined Weak Reference
    __arm_preinit_                            - Undefined Weak Reference
    __cpp_initialize__aeabi_                  - Undefined Weak Reference
    __cxa_finalize                            - Undefined Weak Reference
    __rt_locale                               - Undefined Weak Reference
    __sigvec_lookup                           - Undefined Weak Reference
    _atexit_init                              - Undefined Weak Reference
    _call_atexit_fns                          - Undefined Weak Reference
    _clock_init                               - Undefined Weak Reference
    _fp_trap_init                             - Undefined Weak Reference
    _fp_trap_shutdown                         - Undefined Weak Reference
    _get_lc_collate                           - Undefined Weak Reference
    _get_lc_ctype                             - Undefined Weak Reference
    _get_lc_monetary                          - Undefined Weak Reference
    _get_lc_numeric                           - Undefined Weak Reference
    _get_lc_time                              - Undefined Weak Reference
    _getenv_init                              - Undefined Weak Reference
    _handle_redirection                       - Undefined Weak Reference
    _init_alloc                               - Undefined Weak Reference
    _init_user_alloc                          - Undefined Weak Reference
    _initio                                   - Undefined Weak Reference
    _printf_post_padding                      - Undefined Weak Reference
    _printf_pre_padding                       - Undefined Weak Reference
    _printf_truncate_signed                   - Undefined Weak Reference
    _printf_truncate_unsigned                 - Undefined Weak Reference
    _rand_init                                - Undefined Weak Reference
    _signal_finish                            - Undefined Weak Reference
    _signal_init                              - Undefined Weak Reference
    _terminate_alloc                          - Undefined Weak Reference
    _terminate_user_alloc                     - Undefined Weak Reference
    _terminateio                              - Undefined Weak Reference
    __main                                   0x000000cd   Thumb Code     8  __main.o(!!!main)
    __scatterload                            0x000000d5   Thumb Code     0  __scatter.o(!!!scatter)
    __scatterload_rt2                        0x000000d5   Thumb Code    44  __scatter.o(!!!scatter)
    __scatterload_rt2_thumb_only             0x000000d5   Thumb Code     0  __scatter.o(!!!scatter)
    __scatterload_null                       0x000000e3   Thumb Code     0  __scatter.o(!!!scatter)
    __scatterload_copy                       0x00000109   Thumb Code    26  __scatter_copy.o(!!handler_copy)
    __scatterload_zeroinit                   0x00000125   Thumb Code    28  __scatter_zi.o(!!handler_zi)
    __rt_lib_init                            0x00000141   Thumb Code     0  libinit.o(.ARM.Collect$$libinit$$00000000)
    __rt_lib_init_alloca_1                   0x00000143   Thumb Code     0  libinit2.o(.ARM.Collect$$libinit$$0000002E)
    __rt_lib_init_argv_1                     0x00000143   Thumb Code     0  libinit2.o(.ARM.Collect$$libinit$$0000002C)
    __rt_lib_init_atexit_1                   0x00000143   Thumb Code     0  libinit2.o(.ARM.Collect$$libinit$$0000001B)
    __rt_lib_init_clock_1                    0x00000143   Thumb Code     0  libinit2.o(.ARM.Collect$$libinit$$00000021)
    __rt_lib_init_cpp_1                      0x00000143   Thumb Code     0  libinit2.o(.ARM.Collect$$libinit$$00000032)
    __rt_lib_init_exceptions_1               0x00000143   Thumb Code     0  libinit2.o(.ARM.Collect$$libinit$$00000030)
    __rt_lib_init_fp_1                       0x00000143   Thumb Code     0  libinit2.o(.ARM.Collect$$libinit$$00000002)
    __rt_lib_init_fp_trap_1                  0x00000143   Thumb Code     0  libinit2.o(.ARM.Collect$$libinit$$0000001F)
    __rt_lib_init_getenv_1                   0x00000143   Thumb Code     0  libinit2.o(.ARM.Collect$$libinit$$00000023)
    __rt_lib_init_heap_1                     0x00000143   Thumb Code     0  libinit2.o(.ARM.Collect$$libinit$$0000000A)
    __rt_lib_init_lc_collate_1               0x00000143   Thumb Code     0  libinit2.o(.ARM.Collect$$libinit$$00000011)
    __rt_lib_init_lc_ctype_1                 0x00000143   Thumb Code     0  libinit2.o(.ARM.Collect$$libinit$$00000013)
    __rt_lib_init_lc_monetary_1              0x00000143   Thumb Code     0  libinit2.o(.ARM.Collect$$libinit$$00000015)
    __rt_lib_init_lc_numeric_1               0x00000143   Thumb Code     0  libinit2.o(.ARM.Collect$$libinit$$00000017)
    __rt_lib_init_lc_time_1                  0x00000143   Thumb Code     0  libinit2.o(.ARM.Collect$$libinit$$00000019)
    __rt_lib_init_preinit_1                  0x00000143   Thumb Code     0  libinit2.o(.ARM.Collect$$libinit$$00000004)
    __rt_lib_init_rand_1                     0x00000143   Thumb Code     0  libinit2.o(.ARM.Collect$$libinit$$0000000E)
    __rt_lib_init_return                     0x00000143   Thumb Code     0  libinit2.o(.ARM.Collect$$libinit$$00000033)
    __rt_lib_init_signal_1                   0x00000143   Thumb Code     0  libinit2.o(.ARM.Collect$$libinit$$0000001D)
    __rt_lib_init_stdio_1                    0x00000143   Thumb Code     0  libinit2.o(.ARM.Collect$$libinit$$00000025)
    __rt_lib_init_user_alloc_1               0x00000143   Thumb Code     0  libinit2.o(.ARM.Collect$$libinit$$0000000C)
    __rt_lib_shutdown                        0x00000145   Thumb Code     0  libshutdown.o(.ARM.Collect$$libshutdown$$00000000)
    __rt_lib_shutdown_cpp_1                  0x00000147   Thumb Code     0  libshutdown2.o(.ARM.Collect$$libshutdown$$00000002)
    __rt_lib_shutdown_fp_trap_1              0x00000147   Thumb Code     0  libshutdown2.o(.ARM.Collect$$libshutdown$$00000007)
    __rt_lib_shutdown_heap_1                 0x00000147   Thumb Code     0  libshutdown2.o(.ARM.Collect$$libshutdown$$0000000F)
    __rt_lib_shutdown_return                 0x00000147   Thumb Code     0  libshutdown2.o(.ARM.Collect$$libshutdown$$00000010)
    __rt_lib_shutdown_signal_1               0x00000147   Thumb Code     0  libshutdown2.o(.ARM.Collect$$libshutdown$$0000000A)
    __rt_lib_shutdown_stdio_1                0x00000147   Thumb Code     0  libshutdown2.o(.ARM.Collect$$libshutdown$$00000004)
    __rt_lib_shutdown_user_alloc_1           0x00000147   Thumb Code     0  libshutdown2.o(.ARM.Collect$$libshutdown$$0000000C)
    __rt_entry                               0x00000149   Thumb Code     0  __rtentry.o(.ARM.Collect$$rtentry$$00000000)
    __rt_entry_presh_1                       0x00000149   Thumb Code     0  __rtentry2.o(.ARM.Collect$$rtentry$$00000002)
    __rt_entry_sh                            0x00000149   Thumb Code     0  __rtentry4.o(.ARM.Collect$$rtentry$$00000004)
    __rt_entry_li                            0x0000014f   Thumb Code     0  __rtentry2.o(.ARM.Collect$$rtentry$$0000000A)
    __rt_entry_postsh_1                      0x0000014f   Thumb Code     0  __rtentry2.o(.ARM.Collect$$rtentry$$00000009)
    __rt_entry_postli_1                      0x00000153   Thumb Code     0  __rtentry2.o(.ARM.Collect$$rtentry$$0000000B)
    __rt_entry_main                          0x0000015b   Thumb Code     0  __rtentry2.o(.ARM.Collect$$rtentry$$0000000D)
    __rt_exit                                0x00000163   Thumb Code     0  rtexit.o(.ARM.Collect$$rtexit$$00000000)
    __rt_exit_ls                             0x00000165   Thumb Code     0  rtexit2.o(.ARM.Collect$$rtexit$$00000003)
    __rt_exit_prels_1                        0x00000165   Thumb Code     0  rtexit2.o(.ARM.Collect$$rtexit$$00000002)
    __rt_exit_exit                           0x00000169   Thumb Code     0  rtexit2.o(.ARM.Collect$$rtexit$$00000004)
    _platform_post_lib_init                  0x00000171   Thumb Code    24  rtx_conf_cm.o(.emb_text)
    rt_set_PSP                               0x0000018d   Thumb Code     6  hal_cm3.o(.emb_text)
    rt_get_PSP                               0x00000193   Thumb Code     6  hal_cm3.o(.emb_text)
    os_set_env                               0x00000199   Thumb Code    24  hal_cm3.o(.emb_text)
    _alloc_box                               0x000001b5   Thumb Code    28  hal_cm3.o(.emb_text)
    _free_box                                0x000001d5   Thumb Code    28  hal_cm3.o(.emb_text)
    SVC_Handler                              0x000001f5   Thumb Code   108  hal_cm3.o(.emb_text)
    PendSV_Handler                           0x0000026d   Thumb Code    56  hal_cm3.o(.emb_text)
    SysTick_Handler                          0x000002a9   Thumb Code     8  hal_cm3.o(.emb_text)
    OS_Tick_Handler                          0x000002b1   Thumb Code    12  hal_cm3.o(.emb_text)
    Reset_Handler                            0x000002bd   Thumb Code     8  startup_lpc17xx.o(.text)
    NMI_Handler                              0x000002c5   Thumb Code     2  startup_lpc17xx.o(.text)
    HardFault_Handler                        0x000002c7   Thumb Code     2  startup_lpc17xx.o(.text)
    MemManage_Handler                        0x000002c9   Thumb Code     2  startup_lpc17xx.o(.text)
    BusFault_Handler                         0x000002cb   Thumb Code     2  startup_lpc17xx.o(.text)
    UsageFault_Handler                       0x000002cd   Thumb Code     2  startup_lpc17xx.o(.text)
    DebugMon_Handler                         0x000002d1   Thumb Code     2  startup_lpc17xx.o(.text)
    ADC_IRQHandler                           0x000002d7   Thumb Code     0  startup_lpc17xx.o(.text)
    BOD_IRQHandler                           0x000002d7   Thumb Code     0  startup_lpc17xx.o(.text)
    CANActivity_IRQHandler                   0x000002d7   Thumb Code     0  startup_lpc17xx.o(.text)
    CAN_IRQHandler                           0x000002d7   Thumb Code     0  startup_lpc17xx.o(.text)
    EINT0_IRQHandler                         0x000002d7   Thumb Code     0  startup_lpc17xx.o(.text)
    EINT1_IRQHandler                         0x000002d7   Thumb Code     0  startup_lpc17xx.o(.text)
    EINT2_IRQHandler                         0x000002d7   Thumb Code     0  startup_lpc17xx.o(.text)
    EINT3_IRQHandler                         0x000002d7   Thumb Code     0  startup_lpc17xx.o(.text)
    ENET_IRQHandler                          0x000002d7   Thumb Code     0  startup_lpc17xx.o(.text)
    I2C0_IRQHandler                          0x000002d7   Thumb Code     0  startup_lpc17xx.o(.text)
    I2C1_IRQHandler                          0x000002d7   Thumb Code     0  startup_lpc17xx.o(.text)
    I2C2_IRQHandler                          0x000002d7   Thumb Code     0  startup_lpc17xx.o(.text)
    I2S_IRQHandler                           0x000002d7   Thumb Code     0  startup_lpc17xx.o(.text)
    MCPWM_IRQHandler                         0x000002d7   Thumb Code     0  startup_lpc17xx.o(.text)
    PLL0_IRQHandler                          0x000002d7   Thumb Code     0  startup_lpc17xx.o(.text)
    PLL1_IRQHandler                          0x000002d7   Thumb Code     0  startup_lpc17xx.o(.text)
    PWM1_IRQHandler                          0x000002d7   Thumb Code     0  startup_lpc17xx.o(.text)
    QEI_IRQHandler                           0x000002d7   Thumb Code     0  startup_lpc17xx.o(.text)
    RIT_IRQHandler                           0x000002d7   Thumb Code     0  startup_lpc17xx.o(.text)
    RTC_IRQHandler                           0x000002d7   Thumb Code     0  startup_lpc17xx.o(.text)
    SPI_IRQHandler                           0x000002d7   Thumb Code     0  startup_lpc17xx.o(.text)
    SSP0_IRQHandler                          0x000002d7   Thumb Code     0  startup_lpc17xx.o(.text)
    SSP1_IRQHandler                          0x000002d7   Thumb Code     0  startup_lpc17xx.o(.text)
    TIMER0_IRQHandler                        0x000002d7   Thumb Code     0  startup_lpc17xx.o(.text)
    TIMER1_IRQHandler                        0x000002d7   Thumb Code     0  startup_lpc17xx.o(.text)
    TIMER2_IRQHandler                        0x000002d7   Thumb Code     0  startup_lpc17xx.o(.text)
    TIMER3_IRQHandler                        0x000002d7   Thumb Code     0  startup_lpc17xx.o(.text)
    UART2_IRQHandler                         0x000002d7   Thumb Code     0  startup_lpc17xx.o(.text)
    UART3_IRQHandler                         0x000002d7   Thumb Code     0  startup_lpc17xx.o(.text)
    USBActivity_IRQHandler                   0x000002d7   Thumb Code     0  startup_lpc17xx.o(.text)
    USB_IRQHandler                           0x000002d7   Thumb Code     0  startup_lpc17xx.o(.text)
    WDT_IRQHandler                           0x000002d7   Thumb Code     0  startup_lpc17xx.o(.text)
    __user_initial_stackheap                 0x000002d9   Thumb Code     0  startup_lpc17xx.o(.text)
    __user_libspace                          0x00000301   Thumb Code     8  libspace.o(.text)
    __user_perproc_libspace                  0x00000301   Thumb Code     0  libspace.o(.text)
    __aeabi_uldivmod                         0x00000309   Thumb Code     0  lludivv7m.o(.text)
    _ll_udiv                                 0x00000309   Thumb Code   238  lludivv7m.o(.text)
    exit                                     0x000003f7   Thumb Code    18  exit.o(.text)
    __use_two_region_memory                  0x00000409   Thumb Code     2  heapauxi.o(.text)
    __rt_heap_escrow$2region                 0x0000040b   Thumb Code     2  heapauxi.o(.text)
    __rt_heap_expand$2region                 0x0000040d   Thumb Code     2  heapauxi.o(.text)
    _sys_exit                                0x00000411   Thumb Code     8  sys_exit.o(.text)
    __user_setup_stackheap                   0x0000041d   Thumb Code    74  sys_stackheap_outer.o(.text)
    __I$use$semihosting                      0x00000467   Thumb Code     0  use_no_semi.o(.text)
    __use_no_semihosting_swi                 0x00000467   Thumb Code     2  use_no_semi.o(.text)
    SVC_Count                                0x00000468   Data           4  svc_table.o(SVC_TABLE)
    __semihosting_library_function           0x00000469   Thumb Code     0  indicate_semi.o(.text)
    SVC_Table                                0x0000046c   Data           0  svc_table.o(SVC_TABLE)
    __RL_RTX_VER                             0x00000482   Number         0  rt_system.o ABSOLUTE
    DMA_IRQHandler                           0x0000048d   Thumb Code   372  gpdma_lpc17xx.o(i.DMA_IRQHandler)
    GPDMA_ChannelConfigure                   0x0000060d   Thumb Code   232  gpdma_lpc17xx.o(i.GPDMA_ChannelConfigure)
    GPDMA_ChannelDisable                     0x00000701   Thumb Code    44  gpdma_lpc17xx.o(i.GPDMA_ChannelDisable)
    GPDMA_ChannelGetCount                    0x00000731   Thumb Code    38  gpdma_lpc17xx.o(i.GPDMA_ChannelGetCount)
    GPDMA_Initialize                         0x00000761   Thumb Code   146  gpdma_lpc17xx.o(i.GPDMA_Initialize)
    GPDMA_PeripheralSelect                   0x00000809   Thumb Code    62  gpdma_lpc17xx.o(i.GPDMA_PeripheralSelect)
    GPDMA_Uninitialize                       0x0000084d   Thumb Code    84  gpdma_lpc17xx.o(i.GPDMA_Uninitialize)
    GPIO_PinWrite                            0x000008ad   Thumb Code    36  gpio_lpc17xx.o(i.GPIO_PinWrite)
    GPIO_SetDir                              0x000008d5   Thumb Code    52  gpio_lpc17xx.o(i.GPIO_SetDir)
    PIN_Configure                            0x00000989   Thumb Code   246  pin_lpc17xx.o(i.PIN_Configure)
    SystemCoreClockUpdate                    0x00000abd   Thumb Code   408  system_lpc17xx.o(i.SystemCoreClockUpdate)
    SystemInit                               0x00000c65   Thumb Code   302  system_lpc17xx.o(i.SystemInit)
    UART0_IRQHandler                         0x00000da5   Thumb Code    10  uart_lpc17xx.o(i.UART0_IRQHandler)
    UART1_IRQHandler                         0x00000db5   Thumb Code    10  uart_lpc17xx.o(i.UART1_IRQHandler)
    USART0_GPDMA_Rx_Event                    0x00000ddd   Thumb Code    14  uart_lpc17xx.o(i.USART0_GPDMA_Rx_Event)
    USART0_GPDMA_Tx_Event                    0x00000df1   Thumb Code    14  uart_lpc17xx.o(i.USART0_GPDMA_Tx_Event)
    USART1_GPDMA_Rx_Event                    0x00000f05   Thumb Code    14  uart_lpc17xx.o(i.USART1_GPDMA_Rx_Event)
    USART1_GPDMA_Tx_Event                    0x00000f19   Thumb Code    14  uart_lpc17xx.o(i.USART1_GPDMA_Tx_Event)
    USART_SetBaudrate                        0x0000214d   Thumb Code   302  uart_lpc17xx.o(i.USART_SetBaudrate)
    ledInitialize()                          0x0000248d   Thumb Code    14  main.o(i._Z13ledInitializev)
    USART_callback(unsigned)                 0x000024b5   Thumb Code    54  main.o(i._Z14USART_callbackj)
    heartBeatThread(const void*)             0x000024eb   Thumb Code    38  main.o(i._Z15heartBeatThreadPKv)
    uart0Initialize()                        0x00002511   Thumb Code    64  main.o(i._Z15uart0Initializev)
    uart1Initialize()                        0x0000255d   Thumb Code    70  main.o(i._Z15uart1Initializev)
    configPWM()                              0x000025b1   Thumb Code    50  main.o(i._Z9configPWMv)
    pwmRunner(const void*)                   0x000025ed   Thumb Code    66  main.o(i._Z9pwmRunnerPKv)
    _init_box                                0x00002635   Thumb Code    70  rt_membox.o(i._init_box)
    _mutex_acquire                           0x0000267d   Thumb Code    22  rtx_conf_cm.o(i._mutex_acquire)
    _mutex_release                           0x0000269d   Thumb Code    18  rtx_conf_cm.o(i._mutex_release)
    dbg_init                                 0x000026b9   Thumb Code    34  hal_cm.o(i.dbg_init)
    dbg_task_notify                          0x000026e9   Thumb Code    32  hal_cm.o(i.dbg_task_notify)
    dbg_task_switch                          0x00002709   Thumb Code    16  hal_cm.o(i.dbg_task_switch)
    isrMessageGet                            0x00002719   Thumb Code    42  rt_cmsis.o(i.isrMessageGet)
    isrMessagePut                            0x00002743   Thumb Code    44  rt_cmsis.o(i.isrMessagePut)
    isr_mbx_receive                          0x00002771   Thumb Code    86  rt_mailbox.o(i.isr_mbx_receive)
    isr_mbx_send                             0x000027c7   Thumb Code    14  rt_mailbox.o(i.isr_mbx_send)
    main                                     0x000027d5   Thumb Code   130  main.o(i.main)
    osDelay                                  0x0000286d   Thumb Code    18  rt_cmsis.o(i.osDelay)
    osKernelInitialize                       0x00002885   Thumb Code    30  rt_cmsis.o(i.osKernelInitialize)
    osKernelStart                            0x000028a9   Thumb Code    98  rt_cmsis.o(i.osKernelStart)
    osMessageGet                             0x00002915   Thumb Code    18  rt_cmsis.o(i.osMessageGet)
    osThreadCreate                           0x0000292d   Thumb Code    36  rt_cmsis.o(i.osThreadCreate)
    osThreadExit                             0x00002959   Thumb Code    14  rt_cmsis.o(i.osThreadExit)
    osTimerCall                              0x00002971   Thumb Code     8  rt_cmsis.o(i.osTimerCall)
    osTimerThread                            0x0000297d   Thumb Code    38  rt_cmsis.o(i.osTimerThread)
    os_error                                 0x000029a9   Thumb Code    32  rtx_conf_cm.o(i.os_error)
    os_idle_demon                            0x000029c9   Thumb Code     6  rtx_conf_cm.o(i.os_idle_demon)
    os_tick_init                             0x000029d1   Thumb Code    32  rt_system.o(i.os_tick_init)
    os_tick_irqack                           0x000029f9   Thumb Code     2  rt_system.o(i.os_tick_irqack)
    rt_alloc_box                             0x000029fb   Thumb Code    26  rt_membox.o(i.rt_alloc_box)
    rt_alloc_mem                             0x00002a15   Thumb Code    62  rt_memory.o(i.rt_alloc_mem)
    rt_block                                 0x00002a55   Thumb Code    48  rt_task.o(i.rt_block)
    rt_chk_robin                             0x00002a8d   Thumb Code    60  rt_robin.o(i.rt_chk_robin)
    rt_dec_dly                               0x00002ad5   Thumb Code   102  rt_list.o(i.rt_dec_dly)
    rt_dispatch                              0x00002b45   Thumb Code    60  rt_task.o(i.rt_dispatch)
    rt_dly_wait                              0x00002b89   Thumb Code     6  rt_time.o(i.rt_dly_wait)
    rt_evt_psh                               0x00002b91   Thumb Code    76  rt_event.o(i.rt_evt_psh)
    rt_free_box                              0x00002be1   Thumb Code    44  rt_membox.o(i.rt_free_box)
    rt_free_mem                              0x00002c0d   Thumb Code    40  rt_memory.o(i.rt_free_mem)
    rt_get_first                             0x00002c35   Thumb Code    40  rt_list.o(i.rt_get_first)
    rt_init_mem                              0x00002cad   Thumb Code    26  rt_memory.o(i.rt_init_mem)
    rt_init_robin                            0x00002cc9   Thumb Code    14  rt_robin.o(i.rt_init_robin)
    rt_init_stack                            0x00002ce1   Thumb Code   118  hal_cm.o(i.rt_init_stack)
    rt_mbx_check                             0x00002d61   Thumb Code     8  rt_mailbox.o(i.rt_mbx_check)
    rt_mbx_init                              0x00002d69   Thumb Code    26  rt_mailbox.o(i.rt_mbx_init)
    rt_mbx_psh                               0x00002d85   Thumb Code   236  rt_mailbox.o(i.rt_mbx_psh)
    rt_mbx_wait                              0x00002e75   Thumb Code   174  rt_mailbox.o(i.rt_mbx_wait)
    rt_mut_release                           0x00002f6d   Thumb Code   208  rt_mutex.o(i.rt_mut_release)
    rt_mut_wait                              0x00003045   Thumb Code   114  rt_mutex.o(i.rt_mut_wait)
    rt_pop_req                               0x000030bd   Thumb Code   112  rt_system.o(i.rt_pop_req)
    rt_psh_req                               0x00003139   Thumb Code    22  rt_system.o(i.rt_psh_req)
    rt_psq_enq                               0x00003159   Thumb Code    88  rt_list.o(i.rt_psq_enq)
    rt_put_dly                               0x000031b5   Thumb Code    68  rt_list.o(i.rt_put_dly)
    rt_put_prio                              0x000031fd   Thumb Code    54  rt_list.o(i.rt_put_prio)
    rt_put_rdy_first                         0x00003235   Thumb Code    14  rt_list.o(i.rt_put_rdy_first)
    rt_resort_prio                           0x00003249   Thumb Code    46  rt_list.o(i.rt_resort_prio)
    rt_ret_val                               0x0000327d   Thumb Code     6  hal_cm.o(i.rt_ret_val)
    rt_ret_val2                              0x00003283   Thumb Code     8  hal_cm.o(i.rt_ret_val2)
    rt_rmv_dly                               0x0000328b   Thumb Code    40  rt_list.o(i.rt_rmv_dly)
    rt_rmv_list                              0x000032b5   Thumb Code    44  rt_list.o(i.rt_rmv_list)
    rt_sem_psh                               0x000032e5   Thumb Code    48  rt_semaphore.o(i.rt_sem_psh)
    rt_stk_check                             0x00003319   Thumb Code    28  rt_system.o(i.rt_stk_check)
    rt_switch_req                            0x0000333d   Thumb Code    30  rt_task.o(i.rt_switch_req)
    rt_sys_init                              0x00003365   Thumb Code   138  rt_task.o(i.rt_sys_init)
    rt_sys_start                             0x00003431   Thumb Code   110  rt_task.o(i.rt_sys_start)
    rt_systick                               0x000034a9   Thumb Code    50  rt_system.o(i.rt_systick)
    rt_tsk_create                            0x00003531   Thumb Code   118  rt_task.o(i.rt_tsk_create)
    rt_tsk_delete                            0x000035b9   Thumb Code   352  rt_task.o(i.rt_tsk_delete)
    rt_tsk_prio                              0x00003735   Thumb Code   108  rt_task.o(i.rt_tsk_prio)
    rt_tsk_self                              0x000037b1   Thumb Code    12  rt_task.o(i.rt_tsk_self)
    svcDelay                                 0x000037c1   Thumb Code    18  rt_cmsis.o(i.svcDelay)
    svcKernelInitialize                      0x000037d5   Thumb Code    80  rt_cmsis.o(i.svcKernelInitialize)
    svcKernelStart                           0x00003845   Thumb Code    62  rt_cmsis.o(i.svcKernelStart)
    svcMessageCreate                         0x0000388d   Thumb Code    36  rt_cmsis.o(i.svcMessageCreate)
    svcMessageGet                            0x000038b1   Thumb Code    58  rt_cmsis.o(i.svcMessageGet)
    svcThreadCreate                          0x000038ed   Thumb Code    96  rt_cmsis.o(i.svcThreadCreate)
    svcThreadGetId                           0x00003959   Thumb Code    22  rt_cmsis.o(i.svcThreadGetId)
    svcThreadTerminate                       0x00003975   Thumb Code    50  rt_cmsis.o(i.svcThreadTerminate)
    svcTimerCall                             0x000039ad   Thumb Code    24  rt_cmsis.o(i.svcTimerCall)
    sysTimerTick                             0x000039c5   Thumb Code    84  rt_cmsis.o(i.sysTimerTick)
    os_maxtaskrun                            0x00003a40   Data           2  rtx_conf_cm.o(.constdata)
    os_stackinfo                             0x00003a44   Data           4  rtx_conf_cm.o(.constdata)
    os_rrobin                                0x00003a48   Data           4  rtx_conf_cm.o(.constdata)
    os_tickfreq                              0x00003a4c   Data           4  rtx_conf_cm.o(.constdata)
    os_tickus_i                              0x00003a50   Data           2  rtx_conf_cm.o(.constdata)
    os_tickus_f                              0x00003a52   Data           2  rtx_conf_cm.o(.constdata)
    os_trv                                   0x00003a54   Data           4  rtx_conf_cm.o(.constdata)
    os_flags                                 0x00003a58   Data           1  rtx_conf_cm.o(.constdata)
    CMSIS_RTOS_API_Version                   0x00003a5c   Data           4  rtx_conf_cm.o(.constdata)
    CMSIS_RTOS_RTX_Version                   0x00003a60   Data           4  rtx_conf_cm.o(.constdata)
    os_clockrate                             0x00003a64   Data           4  rtx_conf_cm.o(.constdata)
    os_timernum                              0x00003a68   Data           4  rtx_conf_cm.o(.constdata)
    mp_tcb_size                              0x00003a6c   Data           2  rtx_conf_cm.o(.constdata)
    mp_stk_size                              0x00003a70   Data           4  rtx_conf_cm.o(.constdata)
    os_stack_sz                              0x00003a74   Data           4  rtx_conf_cm.o(.constdata)
    os_fifo_size                             0x00003a78   Data           1  rtx_conf_cm.o(.constdata)
    os_thread_def_osTimerThread              0x00003a7c   Data          16  rtx_conf_cm.o(.constdata)
    os_messageQ_def_osTimerMessageQ          0x00003a8c   Data           8  rtx_conf_cm.o(.constdata)
    mp_tmr_size                              0x00003a94   Data           2  rtx_conf_cm.o(.constdata)
    os_thread_def_main                       0x00003a98   Data          16  rtx_conf_cm.o(.constdata)
    Driver_USART0                            0x00003cb4   Data          56  uart_lpc17xx.o(.constdata)
    Driver_USART1                            0x00003cec   Data          56  uart_lpc17xx.o(.constdata)
    Region$$Table$$Base                      0x00003d24   Number         0  anon$$obj.o(Region$$Table)
    Region$$Table$$Limit                     0x00003d44   Number         0  anon$$obj.o(Region$$Table)
    osThreadId_osTimerThread                 0x10000000   Data           4  rtx_conf_cm.o(.data)
    osMessageQId_osTimerMessageQ             0x10000004   Data           4  rtx_conf_cm.o(.data)
    os_tmr                                   0x10000008   Data           4  rtx_conf_cm.o(.data)
    m_tmr                                    0x1000000c   Data           4  rtx_conf_cm.o(.data)
    SystemCoreClock                          0x10000020   Data           4  system_lpc17xx.o(.data)
    os_initialized                           0x10000024   Data           1  rt_cmsis.o(.data)
    os_running                               0x10000025   Data           1  rt_cmsis.o(.data)
    os_timer_head                            0x10000028   Data           4  rt_cmsis.o(.data)
    os_tsk                                   0x1000002c   Data           8  rt_task.o(.data)
    os_tick_irqn                             0x10000038   Data           4  rt_system.o(.data)
    os_time                                  0x1000003c   Data           4  rt_time.o(.data)
    os_robin                                 0x10000040   Data           8  rt_robin.o(.data)
    dbg_msg                                  0x10000048   Data           1  hal_cm.o(.data)
    mp_tcb                                   0x10000050   Data         376  rtx_conf_cm.o(.bss)
    mp_stk                                   0x100001c8   Data        1200  rtx_conf_cm.o(.bss)
    os_stack_mem                             0x10000678   Data        2584  rtx_conf_cm.o(.bss)
    os_fifo                                  0x10001090   Data         132  rtx_conf_cm.o(.bss)
    os_active_TCB                            0x10001114   Data          28  rtx_conf_cm.o(.bss)
    os_messageQ_q_osTimerMessageQ            0x10001130   Data          32  rtx_conf_cm.o(.bss)
    os_idle_TCB                              0x10001578   Data          52  rt_task.o(.bss)
    os_rdy                                   0x100015ac   Data          24  rt_list.o(.bss)
    os_dly                                   0x100015c4   Data          24  rt_list.o(.bss)
    __libspace_start                         0x100015dc   Data          96  libspace.o(.bss)
    __temporary_stack_top$libspace           0x1000163c   Data           0  libspace.o(.bss)



==============================================================================

Memory Map of the image

  Image Entry point : 0x000000cd

  Load Region LR_IROM1 (Base: 0x00000000, Size: 0x00003d90, Max: 0x00080000, ABSOLUTE)

    Execution Region ER_IROM1 (Base: 0x00000000, Size: 0x00003d44, Max: 0x00080000, ABSOLUTE)

    Base Addr    Size         Type   Attr      Idx    E Section Name        Object

    0x00000000   0x000000cc   Data   RO          822    RESET               startup_lpc17xx.o
    0x000000cc   0x00000008   Code   RO         2115  * !!!main             c_w.l(__main.o)
    0x000000d4   0x00000034   Code   RO         2285    !!!scatter          c_w.l(__scatter.o)
    0x00000108   0x0000001a   Code   RO         2287    !!handler_copy      c_w.l(__scatter_copy.o)
    0x00000122   0x00000002   PAD
    0x00000124   0x0000001c   Code   RO         2289    !!handler_zi        c_w.l(__scatter_zi.o)
    0x00000140   0x00000002   Code   RO         2171    .ARM.Collect$$libinit$$00000000  c_w.l(libinit.o)
    0x00000142   0x00000000   Code   RO         2183    .ARM.Collect$$libinit$$00000002  c_w.l(libinit2.o)
    0x00000142   0x00000000   Code   RO         2185    .ARM.Collect$$libinit$$00000004  c_w.l(libinit2.o)
    0x00000142   0x00000000   Code   RO         2188    .ARM.Collect$$libinit$$0000000A  c_w.l(libinit2.o)
    0x00000142   0x00000000   Code   RO         2190    .ARM.Collect$$libinit$$0000000C  c_w.l(libinit2.o)
    0x00000142   0x00000000   Code   RO         2192    .ARM.Collect$$libinit$$0000000E  c_w.l(libinit2.o)
    0x00000142   0x00000000   Code   RO         2195    .ARM.Collect$$libinit$$00000011  c_w.l(libinit2.o)
    0x00000142   0x00000000   Code   RO         2197    .ARM.Collect$$libinit$$00000013  c_w.l(libinit2.o)
    0x00000142   0x00000000   Code   RO         2199    .ARM.Collect$$libinit$$00000015  c_w.l(libinit2.o)
    0x00000142   0x00000000   Code   RO         2201    .ARM.Collect$$libinit$$00000017  c_w.l(libinit2.o)
    0x00000142   0x00000000   Code   RO         2203    .ARM.Collect$$libinit$$00000019  c_w.l(libinit2.o)
    0x00000142   0x00000000   Code   RO         2205    .ARM.Collect$$libinit$$0000001B  c_w.l(libinit2.o)
    0x00000142   0x00000000   Code   RO         2207    .ARM.Collect$$libinit$$0000001D  c_w.l(libinit2.o)
    0x00000142   0x00000000   Code   RO         2209    .ARM.Collect$$libinit$$0000001F  c_w.l(libinit2.o)
    0x00000142   0x00000000   Code   RO         2211    .ARM.Collect$$libinit$$00000021  c_w.l(libinit2.o)
    0x00000142   0x00000000   Code   RO         2213    .ARM.Collect$$libinit$$00000023  c_w.l(libinit2.o)
    0x00000142   0x00000000   Code   RO         2215    .ARM.Collect$$libinit$$00000025  c_w.l(libinit2.o)
    0x00000142   0x00000000   Code   RO         2219    .ARM.Collect$$libinit$$0000002C  c_w.l(libinit2.o)
    0x00000142   0x00000000   Code   RO         2221    .ARM.Collect$$libinit$$0000002E  c_w.l(libinit2.o)
    0x00000142   0x00000000   Code   RO         2223    .ARM.Collect$$libinit$$00000030  c_w.l(libinit2.o)
    0x00000142   0x00000000   Code   RO         2225    .ARM.Collect$$libinit$$00000032  c_w.l(libinit2.o)
    0x00000142   0x00000002   Code   RO         2226    .ARM.Collect$$libinit$$00000033  c_w.l(libinit2.o)
    0x00000144   0x00000002   Code   RO         2172    .ARM.Collect$$libshutdown$$00000000  c_w.l(libshutdown.o)
    0x00000146   0x00000000   Code   RO         2228    .ARM.Collect$$libshutdown$$00000002  c_w.l(libshutdown2.o)
    0x00000146   0x00000000   Code   RO         2230    .ARM.Collect$$libshutdown$$00000004  c_w.l(libshutdown2.o)
    0x00000146   0x00000000   Code   RO         2233    .ARM.Collect$$libshutdown$$00000007  c_w.l(libshutdown2.o)
    0x00000146   0x00000000   Code   RO         2236    .ARM.Collect$$libshutdown$$0000000A  c_w.l(libshutdown2.o)
    0x00000146   0x00000000   Code   RO         2238    .ARM.Collect$$libshutdown$$0000000C  c_w.l(libshutdown2.o)
    0x00000146   0x00000000   Code   RO         2241    .ARM.Collect$$libshutdown$$0000000F  c_w.l(libshutdown2.o)
    0x00000146   0x00000002   Code   RO         2242    .ARM.Collect$$libshutdown$$00000010  c_w.l(libshutdown2.o)
    0x00000148   0x00000000   Code   RO         2117    .ARM.Collect$$rtentry$$00000000  c_w.l(__rtentry.o)
    0x00000148   0x00000000   Code   RO         2132    .ARM.Collect$$rtentry$$00000002  c_w.l(__rtentry2.o)
    0x00000148   0x00000006   Code   RO         2144    .ARM.Collect$$rtentry$$00000004  c_w.l(__rtentry4.o)
    0x0000014e   0x00000000   Code   RO         2134    .ARM.Collect$$rtentry$$00000009  c_w.l(__rtentry2.o)
    0x0000014e   0x00000004   Code   RO         2135    .ARM.Collect$$rtentry$$0000000A  c_w.l(__rtentry2.o)
    0x00000152   0x00000008   Code   RO         2136    .ARM.Collect$$rtentry$$0000000B  c_w.l(__rtentry2.o)
    0x0000015a   0x00000008   Code   RO         2138    .ARM.Collect$$rtentry$$0000000D  c_w.l(__rtentry2.o)
    0x00000162   0x00000002   Code   RO         2118    .ARM.Collect$$rtexit$$00000000  c_w.l(rtexit.o)
    0x00000164   0x00000000   Code   RO         2147    .ARM.Collect$$rtexit$$00000002  c_w.l(rtexit2.o)
    0x00000164   0x00000004   Code   RO         2148    .ARM.Collect$$rtexit$$00000003  c_w.l(rtexit2.o)
    0x00000168   0x00000006   Code   RO         2149    .ARM.Collect$$rtexit$$00000004  c_w.l(rtexit2.o)
    0x0000016e   0x00000002   PAD
    0x00000170   0x0000001c   Code   RO          232    .emb_text           rtx_conf_cm.o
    0x0000018c   0x00000130   Code   RO         2061    .emb_text           RTX_CM3.lib(hal_cm3.o)
    0x000002bc   0x00000040   Code   RO          824    .text               startup_lpc17xx.o
    0x000002fc   0x00000004   Code   RO          823    .ARM.__at_0x02FC    startup_lpc17xx.o
    0x00000300   0x00000008   Code   RO         2076    .text               c_w.l(libspace.o)
    0x00000308   0x000000ee   Code   RO         2079    .text               c_w.l(lludivv7m.o)
    0x000003f6   0x00000012   Code   RO         2111    .text               c_w.l(exit.o)
    0x00000408   0x00000006   Code   RO         2113    .text               c_w.l(heapauxi.o)
    0x0000040e   0x00000002   PAD
    0x00000410   0x0000000c   Code   RO         2157    .text               c_w.l(sys_exit.o)
    0x0000041c   0x0000004a   Code   RO         2159    .text               c_w.l(sys_stackheap_outer.o)
    0x00000466   0x00000002   Code   RO         2173    .text               c_w.l(use_no_semi.o)
    0x00000468   0x00000000   Code   RO         2175    .text               c_w.l(indicate_semi.o)
    0x00000468   0x00000004   Code   RO         2071    SVC_TABLE           RTX_CM3.lib(svc_table.o)
    0x0000046c   0x00000020   Code   RO          636    i.Clear_Channel_active_flag  gpdma_lpc17xx.o
    0x0000048c   0x00000180   Code   RO          637    i.DMA_IRQHandler    gpdma_lpc17xx.o
    0x0000060c   0x000000f4   Code   RO          638    i.GPDMA_ChannelConfigure  gpdma_lpc17xx.o
    0x00000700   0x00000030   Code   RO          639    i.GPDMA_ChannelDisable  gpdma_lpc17xx.o
    0x00000730   0x00000030   Code   RO          641    i.GPDMA_ChannelGetCount  gpdma_lpc17xx.o
    0x00000760   0x000000a8   Code   RO          643    i.GPDMA_Initialize  gpdma_lpc17xx.o
    0x00000808   0x00000044   Code   RO          644    i.GPDMA_PeripheralSelect  gpdma_lpc17xx.o
    0x0000084c   0x00000060   Code   RO          645    i.GPDMA_Uninitialize  gpdma_lpc17xx.o
    0x000008ac   0x00000028   Code   RO          727    i.GPIO_PinWrite     gpio_lpc17xx.o
    0x000008d4   0x00000038   Code   RO          731    i.GPIO_SetDir       gpio_lpc17xx.o
    0x0000090c   0x00000044   Code   RO          300    i.GetUsartClockFreq  uart_lpc17xx.o
    0x00000950   0x0000001c   Code   RO          301    i.NVIC_ClearPendingIRQ  uart_lpc17xx.o
    0x0000096c   0x0000001c   Code   RO          646    i.NVIC_ClearPendingIRQ  gpdma_lpc17xx.o
    0x00000988   0x000000fc   Code   RO          787    i.PIN_Configure     pin_lpc17xx.o
    0x00000a84   0x00000038   Code   RO          647    i.Set_Channel_active_flag  gpdma_lpc17xx.o
    0x00000abc   0x000001a8   Code   RO          833    i.SystemCoreClockUpdate  system_lpc17xx.o
    0x00000c64   0x00000140   Code   RO          834    i.SystemInit        system_lpc17xx.o
    0x00000da4   0x00000010   Code   RO          302    i.UART0_IRQHandler  uart_lpc17xx.o
    0x00000db4   0x00000010   Code   RO          303    i.UART1_IRQHandler  uart_lpc17xx.o
    0x00000dc4   0x00000018   Code   RO          304    i.USART0_Control    uart_lpc17xx.o
    0x00000ddc   0x00000014   Code   RO          305    i.USART0_GPDMA_Rx_Event  uart_lpc17xx.o
    0x00000df0   0x00000014   Code   RO          306    i.USART0_GPDMA_Tx_Event  uart_lpc17xx.o
    0x00000e04   0x00000010   Code   RO          307    i.USART0_GetCapabilities  uart_lpc17xx.o
    0x00000e14   0x00000010   Code   RO          308    i.USART0_GetModemStatus  uart_lpc17xx.o
    0x00000e24   0x00000010   Code   RO          309    i.USART0_GetRxCount  uart_lpc17xx.o
    0x00000e34   0x00000010   Code   RO          310    i.USART0_GetStatus  uart_lpc17xx.o
    0x00000e44   0x00000010   Code   RO          311    i.USART0_GetTxCount  uart_lpc17xx.o
    0x00000e54   0x00000014   Code   RO          312    i.USART0_Initialize  uart_lpc17xx.o
    0x00000e68   0x00000014   Code   RO          313    i.USART0_PowerControl  uart_lpc17xx.o
    0x00000e7c   0x00000018   Code   RO          314    i.USART0_Receive    uart_lpc17xx.o
    0x00000e94   0x00000018   Code   RO          315    i.USART0_Send       uart_lpc17xx.o
    0x00000eac   0x00000014   Code   RO          316    i.USART0_SetModemControl  uart_lpc17xx.o
    0x00000ec0   0x0000001c   Code   RO          317    i.USART0_Transfer   uart_lpc17xx.o
    0x00000edc   0x00000010   Code   RO          318    i.USART0_Uninitialize  uart_lpc17xx.o
    0x00000eec   0x00000018   Code   RO          319    i.USART1_Control    uart_lpc17xx.o
    0x00000f04   0x00000014   Code   RO          320    i.USART1_GPDMA_Rx_Event  uart_lpc17xx.o
    0x00000f18   0x00000014   Code   RO          321    i.USART1_GPDMA_Tx_Event  uart_lpc17xx.o
    0x00000f2c   0x00000010   Code   RO          322    i.USART1_GetCapabilities  uart_lpc17xx.o
    0x00000f3c   0x00000010   Code   RO          323    i.USART1_GetModemStatus  uart_lpc17xx.o
    0x00000f4c   0x00000010   Code   RO          324    i.USART1_GetRxCount  uart_lpc17xx.o
    0x00000f5c   0x00000010   Code   RO          325    i.USART1_GetStatus  uart_lpc17xx.o
    0x00000f6c   0x00000010   Code   RO          326    i.USART1_GetTxCount  uart_lpc17xx.o
    0x00000f7c   0x00000014   Code   RO          327    i.USART1_Initialize  uart_lpc17xx.o
    0x00000f90   0x00000014   Code   RO          328    i.USART1_PowerControl  uart_lpc17xx.o
    0x00000fa4   0x00000018   Code   RO          329    i.USART1_Receive    uart_lpc17xx.o
    0x00000fbc   0x00000018   Code   RO          330    i.USART1_Send       uart_lpc17xx.o
    0x00000fd4   0x00000014   Code   RO          331    i.USART1_SetModemControl  uart_lpc17xx.o
    0x00000fe8   0x0000001c   Code   RO          332    i.USART1_Transfer   uart_lpc17xx.o
    0x00001004   0x00000010   Code   RO          333    i.USART1_Uninitialize  uart_lpc17xx.o
    0x00001014   0x00000670   Code   RO          334    i.USART_Control     uart_lpc17xx.o
    0x00001684   0x00000086   Code   RO          335    i.USART_GPDMA_Rx_Event  uart_lpc17xx.o
    0x0000170a   0x0000004a   Code   RO          336    i.USART_GPDMA_Tx_Event  uart_lpc17xx.o
    0x00001754   0x00000006   Code   RO          337    i.USART_GetCapabilities  uart_lpc17xx.o
    0x0000175a   0x000000b2   Code   RO          338    i.USART_GetModemStatus  uart_lpc17xx.o
    0x0000180c   0x0000001c   Code   RO          339    i.USART_GetRxCount  uart_lpc17xx.o
    0x00001828   0x0000005e   Code   RO          340    i.USART_GetStatus   uart_lpc17xx.o
    0x00001886   0x0000001c   Code   RO          341    i.USART_GetTxCount  uart_lpc17xx.o
    0x000018a2   0x0000026c   Code   RO          342    i.USART_IRQHandler  uart_lpc17xx.o
    0x00001b0e   0x000000fe   Code   RO          343    i.USART_Initialize  uart_lpc17xx.o
    0x00001c0c   0x0000022c   Code   RO          344    i.USART_PowerControl  uart_lpc17xx.o
    0x00001e38   0x00000110   Code   RO          345    i.USART_Receive     uart_lpc17xx.o
    0x00001f48   0x00000068   Code   RO          346    i.USART_RxLineIntHandler  uart_lpc17xx.o
    0x00001fb0   0x0000019c   Code   RO          347    i.USART_Send        uart_lpc17xx.o
    0x0000214c   0x00000134   Code   RO          348    i.USART_SetBaudrate  uart_lpc17xx.o
    0x00002280   0x000000a0   Code   RO          349    i.USART_SetModemControl  uart_lpc17xx.o
    0x00002320   0x0000007a   Code   RO          350    i.USART_Transfer    uart_lpc17xx.o
    0x0000239a   0x000000e2   Code   RO          351    i.USART_Uninitialize  uart_lpc17xx.o
    0x0000247c   0x00000010   Code   RO          352    i.USARTx_GetVersion  uart_lpc17xx.o
    0x0000248c   0x0000000e   Code   RO            4    i._Z13ledInitializev  main.o
    0x0000249a   0x0000001a   Code   RO            5    i._Z14NVIC_EnableIRQ4IRQn  main.o
    0x000024b4   0x00000036   Code   RO            6    i._Z14USART_callbackj  main.o
    0x000024ea   0x00000026   Code   RO            7    i._Z15heartBeatThreadPKv  main.o
    0x00002510   0x0000004c   Code   RO            8    i._Z15uart0Initializev  main.o
    0x0000255c   0x00000054   Code   RO            9    i._Z15uart1Initializev  main.o
    0x000025b0   0x0000003c   Code   RO           12    i._Z9configPWMv     main.o
    0x000025ec   0x00000048   Code   RO           13    i._Z9pwmRunnerPKv   main.o
    0x00002634   0x00000046   Code   RO         1960    i._init_box         RTX_CM3.lib(rt_membox.o)
    0x0000267a   0x00000002   PAD
    0x0000267c   0x00000020   Code   RO          234    i._mutex_acquire    rtx_conf_cm.o
    0x0000269c   0x0000001c   Code   RO          236    i._mutex_release    rtx_conf_cm.o
    0x000026b8   0x00000030   Code   RO         2013    i.dbg_init          RTX_CM3.lib(hal_cm.o)
    0x000026e8   0x00000020   Code   RO         2014    i.dbg_task_notify   RTX_CM3.lib(hal_cm.o)
    0x00002708   0x00000010   Code   RO         2015    i.dbg_task_switch   RTX_CM3.lib(hal_cm.o)
    0x00002718   0x0000002a   Code   RO          869    i.isrMessageGet     RTX_CM3.lib(rt_cmsis.o)
    0x00002742   0x0000002c   Code   RO          870    i.isrMessagePut     RTX_CM3.lib(rt_cmsis.o)
    0x0000276e   0x00000002   PAD
    0x00002770   0x00000056   Code   RO         1815    i.isr_mbx_receive   RTX_CM3.lib(rt_mailbox.o)
    0x000027c6   0x0000000e   Code   RO         1816    i.isr_mbx_send      RTX_CM3.lib(rt_mailbox.o)
    0x000027d4   0x00000098   Code   RO           14    i.main              main.o
    0x0000286c   0x00000018   Code   RO          873    i.osDelay           RTX_CM3.lib(rt_cmsis.o)
    0x00002884   0x00000024   Code   RO          874    i.osKernelInitialize  RTX_CM3.lib(rt_cmsis.o)
    0x000028a8   0x0000006c   Code   RO          876    i.osKernelStart     RTX_CM3.lib(rt_cmsis.o)
    0x00002914   0x00000018   Code   RO          885    i.osMessageGet      RTX_CM3.lib(rt_cmsis.o)
    0x0000292c   0x0000002c   Code   RO          902    i.osThreadCreate    RTX_CM3.lib(rt_cmsis.o)
    0x00002958   0x00000018   Code   RO          903    i.osThreadExit      RTX_CM3.lib(rt_cmsis.o)
    0x00002970   0x0000000c   Code   RO          909    i.osTimerCall       RTX_CM3.lib(rt_cmsis.o)
    0x0000297c   0x0000002c   Code   RO          914    i.osTimerThread     RTX_CM3.lib(rt_cmsis.o)
    0x000029a8   0x00000020   Code   RO          237    i.os_error          rtx_conf_cm.o
    0x000029c8   0x00000006   Code   RO          238    i.os_idle_demon     rtx_conf_cm.o
    0x000029ce   0x00000002   PAD
    0x000029d0   0x00000028   Code   RO         1607    i.os_tick_init      RTX_CM3.lib(rt_system.o)
    0x000029f8   0x00000002   Code   RO         1608    i.os_tick_irqack    RTX_CM3.lib(rt_system.o)
    0x000029fa   0x0000001a   Code   RO         1961    i.rt_alloc_box      RTX_CM3.lib(rt_membox.o)
    0x00002a14   0x0000003e   Code   RO         1989    i.rt_alloc_mem      RTX_CM3.lib(rt_memory.o)
    0x00002a52   0x00000002   PAD
    0x00002a54   0x00000038   Code   RO         1488    i.rt_block          RTX_CM3.lib(rt_task.o)
    0x00002a8c   0x00000048   Code   RO         1938    i.rt_chk_robin      RTX_CM3.lib(rt_robin.o)
    0x00002ad4   0x00000070   Code   RO         1739    i.rt_dec_dly        RTX_CM3.lib(rt_list.o)
    0x00002b44   0x00000044   Code   RO         1489    i.rt_dispatch       RTX_CM3.lib(rt_task.o)
    0x00002b88   0x00000006   Code   RO         1905    i.rt_dly_wait       RTX_CM3.lib(rt_time.o)
    0x00002b8e   0x00000002   PAD
    0x00002b90   0x00000050   Code   RO         1700    i.rt_evt_psh        RTX_CM3.lib(rt_event.o)
    0x00002be0   0x0000002c   Code   RO         1962    i.rt_free_box       RTX_CM3.lib(rt_membox.o)
    0x00002c0c   0x00000028   Code   RO         1990    i.rt_free_mem       RTX_CM3.lib(rt_memory.o)
    0x00002c34   0x00000028   Code   RO         1740    i.rt_get_first      RTX_CM3.lib(rt_list.o)
    0x00002c5c   0x00000008   Code   RO          919    i.rt_id2obj         RTX_CM3.lib(rt_cmsis.o)
    0x00002c64   0x00000048   Code   RO         1490    i.rt_init_context   RTX_CM3.lib(rt_task.o)
    0x00002cac   0x0000001a   Code   RO         1991    i.rt_init_mem       RTX_CM3.lib(rt_memory.o)
    0x00002cc6   0x00000002   PAD
    0x00002cc8   0x00000018   Code   RO         1939    i.rt_init_robin     RTX_CM3.lib(rt_robin.o)
    0x00002ce0   0x00000080   Code   RO         2016    i.rt_init_stack     RTX_CM3.lib(hal_cm.o)
    0x00002d60   0x00000008   Code   RO         1817    i.rt_mbx_check      RTX_CM3.lib(rt_mailbox.o)
    0x00002d68   0x0000001a   Code   RO         1818    i.rt_mbx_init       RTX_CM3.lib(rt_mailbox.o)
    0x00002d82   0x00000002   PAD
    0x00002d84   0x000000f0   Code   RO         1819    i.rt_mbx_psh        RTX_CM3.lib(rt_mailbox.o)
    0x00002e74   0x000000b4   Code   RO         1821    i.rt_mbx_wait       RTX_CM3.lib(rt_mailbox.o)
    0x00002f28   0x00000044   Code   RO          920    i.rt_ms2tick        RTX_CM3.lib(rt_cmsis.o)
    0x00002f6c   0x000000d8   Code   RO         1574    i.rt_mut_release    RTX_CM3.lib(rt_mutex.o)
    0x00003044   0x00000078   Code   RO         1575    i.rt_mut_wait       RTX_CM3.lib(rt_mutex.o)
    0x000030bc   0x0000007c   Code   RO         1611    i.rt_pop_req        RTX_CM3.lib(rt_system.o)
    0x00003138   0x00000020   Code   RO         1612    i.rt_psh_req        RTX_CM3.lib(rt_system.o)
    0x00003158   0x0000005c   Code   RO         1742    i.rt_psq_enq        RTX_CM3.lib(rt_list.o)
    0x000031b4   0x00000048   Code   RO         1743    i.rt_put_dly        RTX_CM3.lib(rt_list.o)
    0x000031fc   0x00000036   Code   RO         1744    i.rt_put_prio       RTX_CM3.lib(rt_list.o)
    0x00003232   0x00000002   PAD
    0x00003234   0x00000014   Code   RO         1745    i.rt_put_rdy_first  RTX_CM3.lib(rt_list.o)
    0x00003248   0x00000034   Code   RO         1746    i.rt_resort_prio    RTX_CM3.lib(rt_list.o)
    0x0000327c   0x00000006   Code   RO         2017    i.rt_ret_val        RTX_CM3.lib(hal_cm.o)
    0x00003282   0x00000008   Code   RO         2018    i.rt_ret_val2       RTX_CM3.lib(hal_cm.o)
    0x0000328a   0x00000028   Code   RO         1747    i.rt_rmv_dly        RTX_CM3.lib(rt_list.o)
    0x000032b2   0x00000002   PAD
    0x000032b4   0x00000030   Code   RO         1748    i.rt_rmv_list       RTX_CM3.lib(rt_list.o)
    0x000032e4   0x00000034   Code   RO         1866    i.rt_sem_psh        RTX_CM3.lib(rt_semaphore.o)
    0x00003318   0x00000024   Code   RO         1614    i.rt_stk_check      RTX_CM3.lib(rt_system.o)
    0x0000333c   0x00000028   Code   RO         1491    i.rt_switch_req     RTX_CM3.lib(rt_task.o)
    0x00003364   0x000000cc   Code   RO         1492    i.rt_sys_init       RTX_CM3.lib(rt_task.o)
    0x00003430   0x00000078   Code   RO         1493    i.rt_sys_start      RTX_CM3.lib(rt_task.o)
    0x000034a8   0x00000040   Code   RO         1616    i.rt_systick        RTX_CM3.lib(rt_system.o)
    0x000034e8   0x00000012   Code   RO          921    i.rt_tid2ptcb       RTX_CM3.lib(rt_cmsis.o)
    0x000034fa   0x00000002   PAD
    0x000034fc   0x00000034   Code   RO          922    i.rt_timer_insert   RTX_CM3.lib(rt_cmsis.o)
    0x00003530   0x00000088   Code   RO         1494    i.rt_tsk_create     RTX_CM3.lib(rt_task.o)
    0x000035b8   0x0000017c   Code   RO         1495    i.rt_tsk_delete     RTX_CM3.lib(rt_task.o)
    0x00003734   0x0000007c   Code   RO         1497    i.rt_tsk_prio       RTX_CM3.lib(rt_task.o)
    0x000037b0   0x00000010   Code   RO         1498    i.rt_tsk_self       RTX_CM3.lib(rt_task.o)
    0x000037c0   0x00000012   Code   RO          924    i.svcDelay          RTX_CM3.lib(rt_cmsis.o)
    0x000037d2   0x00000002   PAD
    0x000037d4   0x00000070   Code   RO          925    i.svcKernelInitialize  RTX_CM3.lib(rt_cmsis.o)
    0x00003844   0x00000048   Code   RO          927    i.svcKernelStart    RTX_CM3.lib(rt_cmsis.o)
    0x0000388c   0x00000024   Code   RO          930    i.svcMessageCreate  RTX_CM3.lib(rt_cmsis.o)
    0x000038b0   0x0000003a   Code   RO          931    i.svcMessageGet     RTX_CM3.lib(rt_cmsis.o)
    0x000038ea   0x00000002   PAD
    0x000038ec   0x0000006c   Code   RO          945    i.svcThreadCreate   RTX_CM3.lib(rt_cmsis.o)
    0x00003958   0x0000001c   Code   RO          946    i.svcThreadGetId    RTX_CM3.lib(rt_cmsis.o)
    0x00003974   0x00000038   Code   RO          949    i.svcThreadTerminate  RTX_CM3.lib(rt_cmsis.o)
    0x000039ac   0x00000018   Code   RO          951    i.svcTimerCall      RTX_CM3.lib(rt_cmsis.o)
    0x000039c4   0x0000005c   Code   RO          960    i.sysTimerTick      RTX_CM3.lib(rt_cmsis.o)
    0x00003a20   0x00000020   Data   RO           27    .constdata          main.o
    0x00003a40   0x00000068   Data   RO          240    .constdata          rtx_conf_cm.o
    0x00003aa8   0x0000027c   Data   RO          354    .constdata          uart_lpc17xx.o
    0x00003d24   0x00000020   Data   RO         2283    Region$$Table       anon$$obj.o


    Execution Region RW_IRAM1 (Base: 0x10000000, Size: 0x00001b40, Max: 0x00008000, ABSOLUTE)

    Base Addr    Size         Type   Attr      Idx    E Section Name        Object

    0x10000000   0x00000014   Data   RW          241    .data               rtx_conf_cm.o
    0x10000014   0x00000004   Data   RW          355    .data               uart_lpc17xx.o
    0x10000018   0x00000008   Data   RW          649    .data               gpdma_lpc17xx.o
    0x10000020   0x00000004   Data   RW          835    .data               system_lpc17xx.o
    0x10000024   0x00000008   Data   RW          963    .data               RTX_CM3.lib(rt_cmsis.o)
    0x1000002c   0x00000008   Data   RW         1500    .data               RTX_CM3.lib(rt_task.o)
    0x10000034   0x00000008   Data   RW         1619    .data               RTX_CM3.lib(rt_system.o)
    0x1000003c   0x00000004   Data   RW         1909    .data               RTX_CM3.lib(rt_time.o)
    0x10000040   0x00000008   Data   RW         1940    .data               RTX_CM3.lib(rt_robin.o)
    0x10000048   0x00000001   Data   RW         2019    .data               RTX_CM3.lib(hal_cm.o)
    0x10000049   0x00000007   PAD
    0x10000050   0x00001420   Zero   RW          239    .bss                rtx_conf_cm.o
    0x10001470   0x00000068   Zero   RW          353    .bss                uart_lpc17xx.o
    0x100014d8   0x000000a0   Zero   RW          648    .bss                gpdma_lpc17xx.o
    0x10001578   0x00000034   Zero   RW         1499    .bss                RTX_CM3.lib(rt_task.o)
    0x100015ac   0x00000030   Zero   RW         1749    .bss                RTX_CM3.lib(rt_list.o)
    0x100015dc   0x00000060   Zero   RW         2077    .bss                c_w.l(libspace.o)
    0x1000163c   0x00000004   PAD
    0x10001640   0x00000200   Zero   RW          821    HEAP                startup_lpc17xx.o
    0x10001840   0x00000300   Zero   RW          820    STACK               startup_lpc17xx.o


==============================================================================

Image component sizes


      Code (inc. data)   RO Data    RW Data    ZI Data      Debug   Object Name

      1172         94          0          8        160       8050   gpdma_lpc17xx.o
        96          8          0          0          0       1202   gpio_lpc17xx.o
       576         64         32          0          0      73896   main.o
       252          6          0          0          0        804   pin_lpc17xx.o
       126         26        104         20       5152      13487   rtx_conf_cm.o
        68         30        204          0       1280        972   startup_lpc17xx.o
       744         34          0          4          0       1315   system_lpc17xx.o
      5960        244        636          4        104      95375   uart_lpc17xx.o

    ----------------------------------------------------------------------
      8996        506       1008         36       6696     195101   Object Totals
         0          0         32          0          0          0   (incl. Generated)
         2          0          0          0          0          0   (incl. Padding)

    ----------------------------------------------------------------------

      Code (inc. data)   RO Data    RW Data    ZI Data      Debug   Library Member Name

       238         24          0          1          0       3312   hal_cm.o
       304         36          0          0          0        768   hal_cm3.o
      1152        144          0          8          0      32862   rt_cmsis.o
        80          4          0          0          0        661   rt_event.o
       530         34          0          0         48       8253   rt_list.o
       554         10          0          0          0       3949   rt_mailbox.o
       140          0          0          0          0       1925   rt_membox.o
       128          0          0          0          0       2307   rt_memory.o
       336         14          0          0          0       1643   rt_mutex.o
        96         22          0          8          0       1158   rt_robin.o
        52          4          0          0          0        573   rt_semaphore.o
       298         52          0          8          0       6223   rt_system.o
      1216        174          0          8         52       9649   rt_task.o
         6          0          0          4          0        652   rt_time.o
         4          4          0          0          0        208   svc_table.o
         8          0          0          0          0         68   __main.o
         0          0          0          0          0          0   __rtentry.o
        20          0          0          0          0          0   __rtentry2.o
         6          0          0          0          0          0   __rtentry4.o
        52          8          0          0          0          0   __scatter.o
        26          0          0          0          0          0   __scatter_copy.o
        28          0          0          0          0          0   __scatter_zi.o
        18          0          0          0          0         80   exit.o
         6          0          0          0          0        152   heapauxi.o
         0          0          0          0          0          0   indicate_semi.o
         2          0          0          0          0          0   libinit.o
         2          0          0          0          0          0   libinit2.o
         2          0          0          0          0          0   libshutdown.o
         2          0          0          0          0          0   libshutdown2.o
         8          4          0          0         96         68   libspace.o
       238          0          0          0          0        100   lludivv7m.o
         2          0          0          0          0          0   rtexit.o
        10          0          0          0          0          0   rtexit2.o
        12          4          0          0          0         68   sys_exit.o
        74          0          0          0          0         80   sys_stackheap_outer.o
         2          0          0          0          0         68   use_no_semi.o

    ----------------------------------------------------------------------
      5680        538          0         40        204      74827   Library Totals
        28          0          0          3          8          0   (incl. Padding)

    ----------------------------------------------------------------------

      Code (inc. data)   RO Data    RW Data    ZI Data      Debug   Library Name

      5134        522          0         37        100      74143   RTX_CM3.lib
       518         16          0          0         96        684   c_w.l

    ----------------------------------------------------------------------
      5680        538          0         40        204      74827   Library Totals

    ----------------------------------------------------------------------

==============================================================================


      Code (inc. data)   RO Data    RW Data    ZI Data      Debug   

     14676       1044       1008         76       6900     261968   Grand Totals
     14676       1044       1008         76       6900     261968   ELF Image Totals
     14676       1044       1008         76          0          0   ROM Totals

==============================================================================

    Total RO  Size (Code + RO Data)                15684 (  15.32kB)
    Total RW  Size (RW Data + ZI Data)              6976 (   6.81kB)
    Total ROM Size (Code + RO Data + RW Data)      15760 (  15.39kB)

==============================================================================

