Component: ARM Compiler 5.06 update 2 (build 183) Tool: armlink [4d35b7]

==============================================================================

Section Cross References

    main.o(i._Z10imuUpdaterPv) refers to main.o(i._Z9configI2Cv) for configI2C()
    main.o(i._Z10imuUpdaterPv) refers to main.o(i._Z9configPWMv) for configPWM()
    main.o(i._Z10imuUpdaterPv) refers to rtx_delay.o(i.osDelay) for osDelay
    main.o(i._Z10imuUpdaterPv) refers to rtx_semaphore.o(i.osSemaphoreAcquire) for osSemaphoreAcquire
    main.o(i._Z10imuUpdaterPv) refers to rtx_semaphore.o(i.osSemaphoreRelease) for osSemaphoreRelease
    main.o(i._Z10imuUpdaterPv) refers to i2c_lpc17xx.o(.constdata) for Driver_I2C1
    main.o(i._Z10imuUpdaterPv) refers to main.o(.constdata) for EULERANGLE
    main.o(i._Z10imuUpdaterPv) refers to main.o(.data) for semaphoreTransmitId
    main.o(i._Z11uart0ThreadPv) refers to rtx_semaphore.o(i.osSemaphoreAcquire) for osSemaphoreAcquire
    main.o(i._Z11uart0ThreadPv) refers to ringbuffer.o(i._ZN10RingBuffer20ringBufferStringReadEPc) for RingBuffer::ringBufferStringRead(char*)
    main.o(i._Z11uart0ThreadPv) refers to itm_arm.o(i._Z8itmPrintPc) for itmPrint(char*)
    main.o(i._Z11uart0ThreadPv) refers to itm_arm.o(i._Z10itmPrintlnPc) for itmPrintln(char*)
    main.o(i._Z11uart0ThreadPv) refers to strncmp.o(.text) for strncmp
    main.o(i._Z11uart0ThreadPv) refers to atoi.o(.text) for atoi
    main.o(i._Z11uart0ThreadPv) refers to fflt_clz.o(x$fpl$fflt) for __aeabi_i2f
    main.o(i._Z11uart0ThreadPv) refers to rt_memclr_w.o(.text) for __aeabi_memclr4
    main.o(i._Z11uart0ThreadPv) refers to uart_lpc17xx.o(.constdata) for Driver_USART0
    main.o(i._Z11uart0ThreadPv) refers to main.o(.data) for pData
    main.o(i._Z11uart0ThreadPv) refers to main.o(.bss) for readout
    main.o(i._Z12I2C_callbackj) refers to rtx_semaphore.o(i.osSemaphoreRelease) for osSemaphoreRelease
    main.o(i._Z12I2C_callbackj) refers to i2c_lpc17xx.o(.constdata) for Driver_I2C1
    main.o(i._Z12I2C_callbackj) refers to main.o(.data) for semaphoreTransmitId
    main.o(i._Z13computeEnginePv) refers to rtx_semaphore.o(i.osSemaphoreAcquire) for osSemaphoreAcquire
    main.o(i._Z13computeEnginePv) refers to fflt_clz.o(x$fpl$fflt) for __aeabi_i2f
    main.o(i._Z13computeEnginePv) refers to faddsub_clz.o(x$fpl$fsub) for __aeabi_fsub
    main.o(i._Z13computeEnginePv) refers to fdiv.o(x$fpl$fdiv) for __aeabi_fdiv
    main.o(i._Z13computeEnginePv) refers to fmul.o(x$fpl$fmul) for __aeabi_fmul
    main.o(i._Z13computeEnginePv) refers to faddsub_clz.o(x$fpl$fadd) for __aeabi_fadd
    main.o(i._Z13computeEnginePv) refers to ffixu.o(x$fpl$ffixu) for __aeabi_f2uiz
    main.o(i._Z13computeEnginePv) refers to rtx_delay.o(i.osDelay) for osDelay
    main.o(i._Z13computeEnginePv) refers to main.o(.data) for throttle
    main.o(i._Z13ledInitializev) refers to gpio_lpc17xx.o(i.GPIO_SetDir) for GPIO_SetDir
    main.o(i._Z14USART_callbackj) refers to ringbuffer.o(i._ZN10RingBuffer15ringBufferWriteEc) for RingBuffer::ringBufferWrite(char)
    main.o(i._Z14USART_callbackj) refers to rtx_semaphore.o(i.osSemaphoreRelease) for osSemaphoreRelease
    main.o(i._Z14USART_callbackj) refers to main.o(.data) for pData
    main.o(i._Z14USART_callbackj) refers to main.o(.bss) for ringBuffer
    main.o(i._Z14i2c1Initializev) refers to i2c_lpc17xx.o(.constdata) for Driver_I2C1
    main.o(i._Z14i2c1Initializev) refers to main.o(i._Z12I2C_callbackj) for I2C_callback(unsigned)
    main.o(i._Z15heartBeatThreadPv) refers to gpio_lpc17xx.o(i.GPIO_PinWrite) for GPIO_PinWrite
    main.o(i._Z15heartBeatThreadPv) refers to rtx_delay.o(i.osDelay) for osDelay
    main.o(i._Z15uart0Initializev) refers to main.o(i._Z16__NVIC_EnableIRQ4IRQn) for __NVIC_EnableIRQ(IRQn)
    main.o(i._Z15uart0Initializev) refers to uart_lpc17xx.o(.constdata) for Driver_USART0
    main.o(i._Z15uart0Initializev) refers to main.o(i._Z14USART_callbackj) for USART_callback(unsigned)
    main.o(i._Z15uart1Initializev) refers to main.o(i._Z16__NVIC_EnableIRQ4IRQn) for __NVIC_EnableIRQ(IRQn)
    main.o(i._Z15uart1Initializev) refers to uart_lpc17xx.o(.constdata) for Driver_USART1
    main.o(i._Z15uart1Initializev) refers to main.o(i._Z14USART_callbackj) for USART_callback(unsigned)
    main.o(i._Z17uart0UnInitializev) refers to uart_lpc17xx.o(.constdata) for Driver_USART0
    main.o(i._Z17uart1UnInitializev) refers to uart_lpc17xx.o(.constdata) for Driver_USART1
    main.o(i._Z9configI2Cv) refers to rtx_semaphore.o(i.osSemaphoreAcquire) for osSemaphoreAcquire
    main.o(i._Z9configI2Cv) refers to i2c_lpc17xx.o(.constdata) for Driver_I2C1
    main.o(i._Z9configI2Cv) refers to main.o(.constdata) for WHOAMI
    main.o(i._Z9configI2Cv) refers to main.o(.data) for semaphoreTransmitId
    main.o(i.__sti___8_Main_cpp_timeDiff) refers to main.o(.bss) for ringBuffer
    main.o(i.main) refers to system_lpc17xx.o(i.SystemCoreClockUpdate) for SystemCoreClockUpdate
[...]
    __scatterload_rt2_thumb_only             0x000000d5   Thumb Code     0  __scatter.o(!!!scatter)
    __scatterload_null                       0x000000e3   Thumb Code     0  __scatter.o(!!!scatter)
    __decompress                             0x00000109   Thumb Code    58  __dczerorl.o(!!dczerorl)
    __decompress0                            0x00000109   Thumb Code     0  __dczerorl.o(!!dczerorl)
    __scatterload_zeroinit                   0x00000145   Thumb Code    28  __scatter_zi.o(!!handler_zi)
    __rt_lib_init                            0x00000161   Thumb Code     0  libinit.o(.ARM.Collect$$libinit$$00000000)
    __rt_lib_init_fp_1                       0x00000163   Thumb Code     0  libinit2.o(.ARM.Collect$$libinit$$00000002)
    __rt_lib_init_heap_1                     0x00000163   Thumb Code     0  libinit2.o(.ARM.Collect$$libinit$$0000000A)
    __rt_lib_init_lc_common                  0x00000163   Thumb Code     0  libinit2.o(.ARM.Collect$$libinit$$0000000F)
    __rt_lib_init_preinit_1                  0x00000163   Thumb Code     0  libinit2.o(.ARM.Collect$$libinit$$00000004)
    __rt_lib_init_rand_1                     0x00000163   Thumb Code     0  libinit2.o(.ARM.Collect$$libinit$$0000000E)
    __rt_lib_init_user_alloc_1               0x00000163   Thumb Code     0  libinit2.o(.ARM.Collect$$libinit$$0000000C)
    __rt_lib_init_lc_collate_1               0x00000169   Thumb Code     0  libinit2.o(.ARM.Collect$$libinit$$00000011)
    __rt_lib_init_lc_ctype_2                 0x00000169   Thumb Code     0  libinit2.o(.ARM.Collect$$libinit$$00000012)
    __rt_lib_init_alloca_1                   0x00000175   Thumb Code     0  libinit2.o(.ARM.Collect$$libinit$$0000002E)
    __rt_lib_init_argv_1                     0x00000175   Thumb Code     0  libinit2.o(.ARM.Collect$$libinit$$0000002C)
    __rt_lib_init_atexit_1                   0x00000175   Thumb Code     0  libinit2.o(.ARM.Collect$$libinit$$0000001B)
    __rt_lib_init_clock_1                    0x00000175   Thumb Code     0  libinit2.o(.ARM.Collect$$libinit$$00000021)
    __rt_lib_init_cpp_2                      0x00000175   Thumb Code     0  libinit2.o(.ARM.Collect$$libinit$$00000031)
    __rt_lib_init_exceptions_1               0x00000175   Thumb Code     0  libinit2.o(.ARM.Collect$$libinit$$00000030)
    __rt_lib_init_fp_trap_1                  0x00000175   Thumb Code     0  libinit2.o(.ARM.Collect$$libinit$$0000001F)
    __rt_lib_init_getenv_1                   0x00000175   Thumb Code     0  libinit2.o(.ARM.Collect$$libinit$$00000023)
    __rt_lib_init_lc_ctype_1                 0x00000175   Thumb Code     0  libinit2.o(.ARM.Collect$$libinit$$00000013)
    __rt_lib_init_lc_monetary_1              0x00000175   Thumb Code     0  libinit2.o(.ARM.Collect$$libinit$$00000015)
    __rt_lib_init_lc_numeric_1               0x00000175   Thumb Code     0  libinit2.o(.ARM.Collect$$libinit$$00000017)
    __rt_lib_init_lc_time_1                  0x00000175   Thumb Code     0  libinit2.o(.ARM.Collect$$libinit$$00000019)
    __rt_lib_init_signal_1                   0x00000175   Thumb Code     0  libinit2.o(.ARM.Collect$$libinit$$0000001D)
    __rt_lib_init_stdio_1                    0x00000175   Thumb Code     0  libinit2.o(.ARM.Collect$$libinit$$00000025)
    __rt_lib_init_cpp_1                      0x00000179   Thumb Code     0  libinit2.o(.ARM.Collect$$libinit$$00000032)
    __rt_lib_init_return                     0x00000179   Thumb Code     0  libinit2.o(.ARM.Collect$$libinit$$00000033)
    __rt_lib_shutdown                        0x0000017b   Thumb Code     0  libshutdown.o(.ARM.Collect$$libshutdown$$00000000)
    __rt_lib_shutdown_cpp_1                  0x0000017d   Thumb Code     0  libshutdown2.o(.ARM.Collect$$libshutdown$$00000002)
    __rt_lib_shutdown_fp_trap_1              0x0000017d   Thumb Code     0  libshutdown2.o(.ARM.Collect$$libshutdown$$00000007)
    __rt_lib_shutdown_heap_1                 0x0000017d   Thumb Code     0  libshutdown2.o(.ARM.Collect$$libshutdown$$0000000F)
    __rt_lib_shutdown_return                 0x0000017d   Thumb Code     0  libshutdown2.o(.ARM.Collect$$libshutdown$$00000010)
    __rt_lib_shutdown_signal_1               0x0000017d   Thumb Code     0  libshutdown2.o(.ARM.Collect$$libshutdown$$0000000A)
    __rt_lib_shutdown_stdio_1                0x0000017d   Thumb Code     0  libshutdown2.o(.ARM.Collect$$libshutdown$$00000004)
    __rt_lib_shutdown_user_alloc_1           0x0000017d   Thumb Code     0  libshutdown2.o(.ARM.Collect$$libshutdown$$0000000C)
    __rt_entry                               0x0000017f   Thumb Code     0  __rtentry.o(.ARM.Collect$$rtentry$$00000000)
    __rt_entry_presh_1                       0x0000017f   Thumb Code     0  __rtentry2.o(.ARM.Collect$$rtentry$$00000002)
    __rt_entry_sh                            0x0000017f   Thumb Code     0  __rtentry4.o(.ARM.Collect$$rtentry$$00000004)
    __rt_entry_postsh_1                      0x00000185   Thumb Code     0  __rtentry2.o(.ARM.Collect$$rtentry$$00000008)
    __rt_entry_li                            0x0000018d   Thumb Code     0  __rtentry2.o(.ARM.Collect$$rtentry$$0000000A)
    __rt_entry_main                          0x00000191   Thumb Code     0  __rtentry2.o(.ARM.Collect$$rtentry$$0000000D)
    __rt_entry_postli_1                      0x00000191   Thumb Code     0  __rtentry2.o(.ARM.Collect$$rtentry$$0000000C)
    __rt_exit                                0x00000199   Thumb Code     0  rtexit.o(.ARM.Collect$$rtexit$$00000000)
    __rt_exit_ls                             0x0000019b   Thumb Code     0  rtexit2.o(.ARM.Collect$$rtexit$$00000003)
    __rt_exit_prels_1                        0x0000019b   Thumb Code     0  rtexit2.o(.ARM.Collect$$rtexit$$00000002)
    __rt_exit_exit                           0x0000019f   Thumb Code     0  rtexit2.o(.ARM.Collect$$rtexit$$00000004)
    __asm___13_rtx_mempool_c_7914b4c7__atomic_wr8 0x000001a5   Thumb Code    16  rtx_mempool.o(.emb_text)
    __asm___13_rtx_mempool_c_7914b4c7__atomic_set32 0x000001b5   Thumb Code    20  rtx_mempool.o(.emb_text)
    __asm___13_rtx_mempool_c_7914b4c7__atomic_clr32 0x000001c9   Thumb Code    22  rtx_mempool.o(.emb_text)
    __asm___13_rtx_mempool_c_7914b4c7__atomic_chk32_all 0x000001df   Thumb Code    38  rtx_mempool.o(.emb_text)
    __asm___13_rtx_mempool_c_7914b4c7__atomic_chk32_any 0x00000205   Thumb Code    34  rtx_mempool.o(.emb_text)
    __asm___13_rtx_mempool_c_7914b4c7__atomic_inc32 0x00000227   Thumb Code    18  rtx_mempool.o(.emb_text)
    __asm___13_rtx_mempool_c_7914b4c7__atomic_inc32_lt 0x00000239   Thumb Code    30  rtx_mempool.o(.emb_text)
    __asm___13_rtx_mempool_c_7914b4c7__atomic_inc16_lt 0x00000257   Thumb Code    30  rtx_mempool.o(.emb_text)
    __asm___13_rtx_mempool_c_7914b4c7__atomic_inc16_lim 0x00000275   Thumb Code    26  rtx_mempool.o(.emb_text)
    __asm___13_rtx_mempool_c_7914b4c7__atomic_dec32_nz 0x0000028f   Thumb Code    26  rtx_mempool.o(.emb_text)
    __asm___13_rtx_mempool_c_7914b4c7__atomic_dec16_nz 0x000002a9   Thumb Code    26  rtx_mempool.o(.emb_text)
    __asm___13_rtx_mempool_c_7914b4c7__atomic_link_get 0x000002c3   Thumb Code    26  rtx_mempool.o(.emb_text)
    __asm___13_rtx_mempool_c_7914b4c7__atomic_link_put 0x000002dd   Thumb Code    28  rtx_mempool.o(.emb_text)
    __aeabi_errno_addr                       0x000002f9   Thumb Code     4  rt_errno_addr_twolibspace.o(.text)
    __errno$twolibspace                      0x000002f9   Thumb Code     0  rt_errno_addr_twolibspace.o(.text)
    __rt_errno_addr$twolibspace              0x000002f9   Thumb Code     0  rt_errno_addr_twolibspace.o(.text)
    __asm___14_rtx_msgqueue_c_3fd3b50e__atomic_wr8 0x00000301   Thumb Code    16  rtx_msgqueue.o(.emb_text)
    __asm___14_rtx_msgqueue_c_3fd3b50e__atomic_set32 0x00000311   Thumb Code    20  rtx_msgqueue.o(.emb_text)
    __asm___14_rtx_msgqueue_c_3fd3b50e__atomic_clr32 0x00000325   Thumb Code    22  rtx_msgqueue.o(.emb_text)
    __asm___14_rtx_msgqueue_c_3fd3b50e__atomic_chk32_all 0x0000033b   Thumb Code    38  rtx_msgqueue.o(.emb_text)
    __asm___14_rtx_msgqueue_c_3fd3b50e__atomic_chk32_any 0x00000361   Thumb Code    34  rtx_msgqueue.o(.emb_text)
    __asm___14_rtx_msgqueue_c_3fd3b50e__atomic_inc32 0x00000383   Thumb Code    18  rtx_msgqueue.o(.emb_text)
    __asm___14_rtx_msgqueue_c_3fd3b50e__atomic_inc32_lt 0x00000395   Thumb Code    30  rtx_msgqueue.o(.emb_text)
    __asm___14_rtx_msgqueue_c_3fd3b50e__atomic_inc16_lt 0x000003b3   Thumb Code    30  rtx_msgqueue.o(.emb_text)
    __asm___14_rtx_msgqueue_c_3fd3b50e__atomic_inc16_lim 0x000003d1   Thumb Code    26  rtx_msgqueue.o(.emb_text)
    __asm___14_rtx_msgqueue_c_3fd3b50e__atomic_dec32_nz 0x000003eb   Thumb Code    26  rtx_msgqueue.o(.emb_text)
    __asm___14_rtx_msgqueue_c_3fd3b50e__atomic_dec16_nz 0x00000405   Thumb Code    26  rtx_msgqueue.o(.emb_text)
    __asm___14_rtx_msgqueue_c_3fd3b50e__atomic_link_get 0x0000041f   Thumb Code    26  rtx_msgqueue.o(.emb_text)
    __asm___14_rtx_msgqueue_c_3fd3b50e__atomic_link_put 0x00000439   Thumb Code    28  rtx_msgqueue.o(.emb_text)
    __asm___15_rtx_semaphore_c_eca73427__atomic_wr8 0x00000455   Thumb Code    16  rtx_semaphore.o(.emb_text)
    __asm___15_rtx_semaphore_c_eca73427__atomic_set32 0x00000465   Thumb Code    20  rtx_semaphore.o(.emb_text)
    __asm___15_rtx_semaphore_c_eca73427__atomic_clr32 0x00000479   Thumb Code    22  rtx_semaphore.o(.emb_text)
    __asm___15_rtx_semaphore_c_eca73427__atomic_chk32_all 0x0000048f   Thumb Code    38  rtx_semaphore.o(.emb_text)
    __asm___15_rtx_semaphore_c_eca73427__atomic_chk32_any 0x000004b5   Thumb Code    34  rtx_semaphore.o(.emb_text)
    __asm___15_rtx_semaphore_c_eca73427__atomic_inc32 0x000004d7   Thumb Code    18  rtx_semaphore.o(.emb_text)
    __asm___15_rtx_semaphore_c_eca73427__atomic_inc32_lt 0x000004e9   Thumb Code    30  rtx_semaphore.o(.emb_text)
    __asm___15_rtx_semaphore_c_eca73427__atomic_inc16_lt 0x00000507   Thumb Code    30  rtx_semaphore.o(.emb_text)
    __asm___15_rtx_semaphore_c_eca73427__atomic_inc16_lim 0x00000525   Thumb Code    26  rtx_semaphore.o(.emb_text)
    __asm___15_rtx_semaphore_c_eca73427__atomic_dec32_nz 0x0000053f   Thumb Code    26  rtx_semaphore.o(.emb_text)
    __asm___15_rtx_semaphore_c_eca73427__atomic_dec16_nz 0x00000559   Thumb Code    26  rtx_semaphore.o(.emb_text)
    __asm___15_rtx_semaphore_c_eca73427__atomic_link_get 0x00000573   Thumb Code    26  rtx_semaphore.o(.emb_text)
    __asm___15_rtx_semaphore_c_eca73427__atomic_link_put 0x0000058d   Thumb Code    28  rtx_semaphore.o(.emb_text)
    __asm___12_rtx_system_c_024f2f18__atomic_wr8 0x000005a9   Thumb Code    16  rtx_system.o(.emb_text)
    __asm___12_rtx_system_c_024f2f18__atomic_set32 0x000005b9   Thumb Code    20  rtx_system.o(.emb_text)
    __asm___12_rtx_system_c_024f2f18__atomic_clr32 0x000005cd   Thumb Code    22  rtx_system.o(.emb_text)
    __asm___12_rtx_system_c_024f2f18__atomic_chk32_all 0x000005e3   Thumb Code    38  rtx_system.o(.emb_text)
    __asm___12_rtx_system_c_024f2f18__atomic_chk32_any 0x00000609   Thumb Code    34  rtx_system.o(.emb_text)
    __asm___12_rtx_system_c_024f2f18__atomic_inc32 0x0000062b   Thumb Code    18  rtx_system.o(.emb_text)
    __asm___12_rtx_system_c_024f2f18__atomic_inc32_lt 0x0000063d   Thumb Code    30  rtx_system.o(.emb_text)
    __asm___12_rtx_system_c_024f2f18__atomic_inc16_lt 0x0000065b   Thumb Code    30  rtx_system.o(.emb_text)
    __asm___12_rtx_system_c_024f2f18__atomic_inc16_lim 0x00000679   Thumb Code    26  rtx_system.o(.emb_text)
    __asm___12_rtx_system_c_024f2f18__atomic_dec32_nz 0x00000693   Thumb Code    26  rtx_system.o(.emb_text)
    __asm___12_rtx_system_c_024f2f18__atomic_dec16_nz 0x000006ad   Thumb Code    26  rtx_system.o(.emb_text)
    __asm___12_rtx_system_c_024f2f18__atomic_link_get 0x000006c7   Thumb Code    26  rtx_system.o(.emb_text)
    __asm___12_rtx_system_c_024f2f18__atomic_link_put 0x000006e1   Thumb Code    28  rtx_system.o(.emb_text)
    __asm___12_rtx_thread_c_add96be5__atomic_wr8 0x000006fd   Thumb Code    16  rtx_thread.o(.emb_text)
    __asm___12_rtx_thread_c_add96be5__atomic_set32 0x0000070d   Thumb Code    20  rtx_thread.o(.emb_text)
    __asm___12_rtx_thread_c_add96be5__atomic_clr32 0x00000721   Thumb Code    22  rtx_thread.o(.emb_text)
    __asm___12_rtx_thread_c_add96be5__atomic_chk32_all 0x00000737   Thumb Code    38  rtx_thread.o(.emb_text)
    __asm___12_rtx_thread_c_add96be5__atomic_chk32_any 0x0000075d   Thumb Code    34  rtx_thread.o(.emb_text)
    __asm___12_rtx_thread_c_add96be5__atomic_inc32 0x0000077f   Thumb Code    18  rtx_thread.o(.emb_text)
    __asm___12_rtx_thread_c_add96be5__atomic_inc32_lt 0x00000791   Thumb Code    30  rtx_thread.o(.emb_text)
    __asm___12_rtx_thread_c_add96be5__atomic_inc16_lt 0x000007af   Thumb Code    30  rtx_thread.o(.emb_text)
    __asm___12_rtx_thread_c_add96be5__atomic_inc16_lim 0x000007cd   Thumb Code    26  rtx_thread.o(.emb_text)
    __asm___12_rtx_thread_c_add96be5__atomic_dec32_nz 0x000007e7   Thumb Code    26  rtx_thread.o(.emb_text)
    __asm___12_rtx_thread_c_add96be5__atomic_dec16_nz 0x00000801   Thumb Code    26  rtx_thread.o(.emb_text)
    __asm___12_rtx_thread_c_add96be5__atomic_link_get 0x0000081b   Thumb Code    26  rtx_thread.o(.emb_text)
    __asm___12_rtx_thread_c_add96be5__atomic_link_put 0x00000835   Thumb Code    28  rtx_thread.o(.emb_text)
    SVC_Handler                              0x00000851   Thumb Code    96  irq_cm3.o(.text)
    PendSV_Handler                           0x000008b1   Thumb Code    16  irq_cm3.o(.text)
    SysTick_Handler                          0x000008c1   Thumb Code    16  irq_cm3.o(.text)
    Reset_Handler                            0x000008d9   Thumb Code     8  startup_lpc17xx.o(.text)
    NMI_Handler                              0x000008e1   Thumb Code     2  startup_lpc17xx.o(.text)
    HardFault_Handler                        0x000008e3   Thumb Code     2  startup_lpc17xx.o(.text)
    MemManage_Handler                        0x000008e5   Thumb Code     2  startup_lpc17xx.o(.text)
    BusFault_Handler                         0x000008e7   Thumb Code     2  startup_lpc17xx.o(.text)
    UsageFault_Handler                       0x000008e9   Thumb Code     2  startup_lpc17xx.o(.text)
    DebugMon_Handler                         0x000008ed   Thumb Code     2  startup_lpc17xx.o(.text)
    ADC_IRQHandler                           0x000008f3   Thumb Code     0  startup_lpc17xx.o(.text)
    BOD_IRQHandler                           0x000008f3   Thumb Code     0  startup_lpc17xx.o(.text)
    CANActivity_IRQHandler                   0x000008f3   Thumb Code     0  startup_lpc17xx.o(.text)
    CAN_IRQHandler                           0x000008f3   Thumb Code     0  startup_lpc17xx.o(.text)
    EINT0_IRQHandler                         0x000008f3   Thumb Code     0  startup_lpc17xx.o(.text)
    EINT1_IRQHandler                         0x000008f3   Thumb Code     0  startup_lpc17xx.o(.text)
    EINT2_IRQHandler                         0x000008f3   Thumb Code     0  startup_lpc17xx.o(.text)
    EINT3_IRQHandler                         0x000008f3   Thumb Code     0  startup_lpc17xx.o(.text)
    ENET_IRQHandler                          0x000008f3   Thumb Code     0  startup_lpc17xx.o(.text)
    I2C0_IRQHandler                          0x000008f3   Thumb Code     0  startup_lpc17xx.o(.text)
    I2C2_IRQHandler                          0x000008f3   Thumb Code     0  startup_lpc17xx.o(.text)
    I2S_IRQHandler                           0x000008f3   Thumb Code     0  startup_lpc17xx.o(.text)
    MCPWM_IRQHandler                         0x000008f3   Thumb Code     0  startup_lpc17xx.o(.text)
    PLL0_IRQHandler                          0x000008f3   Thumb Code     0  startup_lpc17xx.o(.text)
    PLL1_IRQHandler                          0x000008f3   Thumb Code     0  startup_lpc17xx.o(.text)
    PWM1_IRQHandler                          0x000008f3   Thumb Code     0  startup_lpc17xx.o(.text)
    QEI_IRQHandler                           0x000008f3   Thumb Code     0  startup_lpc17xx.o(.text)
    RIT_IRQHandler                           0x000008f3   Thumb Code     0  startup_lpc17xx.o(.text)
    RTC_IRQHandler                           0x000008f3   Thumb Code     0  startup_lpc17xx.o(.text)
    SPI_IRQHandler                           0x000008f3   Thumb Code     0  startup_lpc17xx.o(.text)
    SSP0_IRQHandler                          0x000008f3   Thumb Code     0  startup_lpc17xx.o(.text)
    SSP1_IRQHandler                          0x000008f3   Thumb Code     0  startup_lpc17xx.o(.text)
    TIMER0_IRQHandler                        0x000008f3   Thumb Code     0  startup_lpc17xx.o(.text)
    TIMER1_IRQHandler                        0x000008f3   Thumb Code     0  startup_lpc17xx.o(.text)
    TIMER2_IRQHandler                        0x000008f3   Thumb Code     0  startup_lpc17xx.o(.text)
    TIMER3_IRQHandler                        0x000008f3   Thumb Code     0  startup_lpc17xx.o(.text)
    UART2_IRQHandler                         0x000008f3   Thumb Code     0  startup_lpc17xx.o(.text)
    UART3_IRQHandler                         0x000008f3   Thumb Code     0  startup_lpc17xx.o(.text)
    USBActivity_IRQHandler                   0x000008f3   Thumb Code     0  startup_lpc17xx.o(.text)
    USB_IRQHandler                           0x000008f3   Thumb Code     0  startup_lpc17xx.o(.text)
    WDT_IRQHandler                           0x000008f3   Thumb Code     0  startup_lpc17xx.o(.text)
    __user_initial_stackheap                 0x000008f5   Thumb Code     0  startup_lpc17xx.o(.text)
    __aeabi_uldivmod                         0x00000919   Thumb Code     0  lludivv7m.o(.text)
    _ll_udiv                                 0x00000919   Thumb Code   238  lludivv7m.o(.text)
    atoi                                     0x00000a07   Thumb Code    26  atoi.o(.text)
    strncmp                                  0x00000a21   Thumb Code   150  strncmp.o(.text)
    __aeabi_memcpy                           0x00000ab7   Thumb Code     0  rt_memcpy_v6.o(.text)
    __rt_memcpy                              0x00000ab7   Thumb Code   138  rt_memcpy_v6.o(.text)
    _memcpy_lastbytes                        0x00000b1d   Thumb Code     0  rt_memcpy_v6.o(.text)
    __aeabi_memclr                           0x00000b41   Thumb Code     0  rt_memclr.o(.text)
    __rt_memclr                              0x00000b41   Thumb Code    68  rt_memclr.o(.text)
    _memset                                  0x00000b45   Thumb Code     0  rt_memclr.o(.text)
    __aeabi_memclr4                          0x00000b85   Thumb Code     0  rt_memclr_w.o(.text)
    __aeabi_memclr8                          0x00000b85   Thumb Code     0  rt_memclr_w.o(.text)
    __rt_memclr_w                            0x00000b85   Thumb Code    78  rt_memclr_w.o(.text)
    _memset_w                                0x00000b89   Thumb Code     0  rt_memclr_w.o(.text)
    __use_two_region_memory                  0x00000bd3   Thumb Code     2  heapauxi.o(.text)
    __rt_heap_escrow$2region                 0x00000bd5   Thumb Code     2  heapauxi.o(.text)
    __rt_heap_expand$2region                 0x00000bd7   Thumb Code     2  heapauxi.o(.text)
    __cpp_initialize__aeabi_                 0x00000bd9   Thumb Code    26  init_aeabi.o(.text)
    strtol                                   0x00000bfd   Thumb Code   112  strtol.o(.text)
    __aeabi_memcpy4                          0x00000c6d   Thumb Code     0  rt_memcpy_w.o(.text)
    __aeabi_memcpy8                          0x00000c6d   Thumb Code     0  rt_memcpy_w.o(.text)
    __rt_memcpy_w                            0x00000c6d   Thumb Code   100  rt_memcpy_w.o(.text)
    _memcpy_lastbytes_aligned                0x00000cb5   Thumb Code     0  rt_memcpy_w.o(.text)
    __user_libspace                          0x00000cd1   Thumb Code     8  libspace.o(.text)
    __user_perproc_libspace                  0x00000cd1   Thumb Code     0  libspace.o(.text)
    __rt_ctype_table                         0x00000cd9   Thumb Code    16  rt_ctype_table.o(.text)
    _strtoul                                 0x00000ce9   Thumb Code   158  _strtoul.o(.text)
    __user_setup_stackheap                   0x00000d87   Thumb Code    74  sys_stackheap_outer.o(.text)
    __rt_locale                              0x00000dd1   Thumb Code    10  rt_locale_twolibspace.o(.text)
    _chval                                   0x00000ddb   Thumb Code    28  _chval.o(.text)
    exit                                     0x00000df7   Thumb Code    18  exit.o(.text)
    strcmp                                   0x00000e09   Thumb Code   128  strcmpv7m.o(.text)
    _sys_exit                                0x00000e89   Thumb Code     8  sys_exit.o(.text)
    __I$use$semihosting                      0x00000e95   Thumb Code     0  use_no_semi.o(.text)
    __use_no_semihosting_swi                 0x00000e95   Thumb Code     2  use_no_semi.o(.text)
    __semihosting_library_function           0x00000e97   Thumb Code     0  indicate_semi.o(.text)
    DMA_IRQHandler                           0x00000eb9   Thumb Code   372  gpdma_lpc17xx.o(i.DMA_IRQHandler)
    EvrRtxEventFlagsWaitTimeout              0x00001039   Thumb Code     2  rtx_evr.o(i.EvrRtxEventFlagsWaitTimeout)
    EvrRtxKernelError                        0x0000103b   Thumb Code     2  rtx_evr.o(i.EvrRtxKernelError)
    EvrRtxKernelGetState                     0x0000103d   Thumb Code     2  rtx_evr.o(i.EvrRtxKernelGetState)
    EvrRtxKernelInitialize                   0x0000103f   Thumb Code     2  rtx_evr.o(i.EvrRtxKernelInitialize)
    EvrRtxKernelInitializeCompleted          0x00001041   Thumb Code     2  rtx_evr.o(i.EvrRtxKernelInitializeCompleted)
    EvrRtxKernelStart                        0x00001043   Thumb Code     2  rtx_evr.o(i.EvrRtxKernelStart)
    EvrRtxKernelStarted                      0x00001045   Thumb Code     2  rtx_evr.o(i.EvrRtxKernelStarted)
    EvrRtxMemoryAlloc                        0x00001047   Thumb Code     2  rtx_evr.o(i.EvrRtxMemoryAlloc)
    EvrRtxMemoryBlockAlloc                   0x00001049   Thumb Code     2  rtx_evr.o(i.EvrRtxMemoryBlockAlloc)
    EvrRtxMemoryBlockFree                    0x0000104b   Thumb Code     2  rtx_evr.o(i.EvrRtxMemoryBlockFree)
    EvrRtxMemoryBlockInit                    0x0000104d   Thumb Code     2  rtx_evr.o(i.EvrRtxMemoryBlockInit)
    EvrRtxMemoryFree                         0x0000104f   Thumb Code     2  rtx_evr.o(i.EvrRtxMemoryFree)
    EvrRtxMemoryInit                         0x00001051   Thumb Code     2  rtx_evr.o(i.EvrRtxMemoryInit)
    EvrRtxMemoryPoolAllocTimeout             0x00001053   Thumb Code     2  rtx_evr.o(i.EvrRtxMemoryPoolAllocTimeout)
    EvrRtxMessageQueueCreated                0x00001055   Thumb Code     2  rtx_evr.o(i.EvrRtxMessageQueueCreated)
    EvrRtxMessageQueueError                  0x00001057   Thumb Code     2  rtx_evr.o(i.EvrRtxMessageQueueError)
    EvrRtxMessageQueueGet                    0x00001059   Thumb Code     2  rtx_evr.o(i.EvrRtxMessageQueueGet)
    EvrRtxMessageQueueGetPending             0x0000105b   Thumb Code     2  rtx_evr.o(i.EvrRtxMessageQueueGetPending)
    EvrRtxMessageQueueGetTimeout             0x0000105d   Thumb Code     2  rtx_evr.o(i.EvrRtxMessageQueueGetTimeout)
    EvrRtxMessageQueueInsertPending          0x0000105f   Thumb Code     2  rtx_evr.o(i.EvrRtxMessageQueueInsertPending)
    EvrRtxMessageQueueInserted               0x00001061   Thumb Code     2  rtx_evr.o(i.EvrRtxMessageQueueInserted)
    EvrRtxMessageQueueNew                    0x00001063   Thumb Code     2  rtx_evr.o(i.EvrRtxMessageQueueNew)
    EvrRtxMessageQueueNotInserted            0x00001065   Thumb Code     2  rtx_evr.o(i.EvrRtxMessageQueueNotInserted)
    EvrRtxMessageQueueNotRetrieved           0x00001067   Thumb Code     2  rtx_evr.o(i.EvrRtxMessageQueueNotRetrieved)
    EvrRtxMessageQueuePut                    0x00001069   Thumb Code     2  rtx_evr.o(i.EvrRtxMessageQueuePut)
    EvrRtxMessageQueuePutPending             0x0000106b   Thumb Code     2  rtx_evr.o(i.EvrRtxMessageQueuePutPending)
    EvrRtxMessageQueuePutTimeout             0x0000106d   Thumb Code     2  rtx_evr.o(i.EvrRtxMessageQueuePutTimeout)
    EvrRtxMessageQueueRetrieved              0x0000106f   Thumb Code     2  rtx_evr.o(i.EvrRtxMessageQueueRetrieved)
    EvrRtxMutexAcquire                       0x00001071   Thumb Code     2  rtx_evr.o(i.EvrRtxMutexAcquire)
    EvrRtxMutexAcquirePending                0x00001073   Thumb Code     2  rtx_evr.o(i.EvrRtxMutexAcquirePending)
    EvrRtxMutexAcquireTimeout                0x00001075   Thumb Code     2  rtx_evr.o(i.EvrRtxMutexAcquireTimeout)
    EvrRtxMutexAcquired                      0x00001077   Thumb Code     2  rtx_evr.o(i.EvrRtxMutexAcquired)
    EvrRtxMutexCreated                       0x00001079   Thumb Code     2  rtx_evr.o(i.EvrRtxMutexCreated)
    EvrRtxMutexDelete                        0x0000107b   Thumb Code     2  rtx_evr.o(i.EvrRtxMutexDelete)
    EvrRtxMutexDestroyed                     0x0000107d   Thumb Code     2  rtx_evr.o(i.EvrRtxMutexDestroyed)
    EvrRtxMutexError                         0x0000107f   Thumb Code     2  rtx_evr.o(i.EvrRtxMutexError)
    EvrRtxMutexNew                           0x00001081   Thumb Code     2  rtx_evr.o(i.EvrRtxMutexNew)
    EvrRtxMutexNotAcquired                   0x00001083   Thumb Code     2  rtx_evr.o(i.EvrRtxMutexNotAcquired)
    EvrRtxMutexRelease                       0x00001085   Thumb Code     2  rtx_evr.o(i.EvrRtxMutexRelease)
    EvrRtxMutexReleased                      0x00001087   Thumb Code     2  rtx_evr.o(i.EvrRtxMutexReleased)
    EvrRtxSemaphoreAcquire                   0x00001089   Thumb Code     2  rtx_evr.o(i.EvrRtxSemaphoreAcquire)
    EvrRtxSemaphoreAcquirePending            0x0000108b   Thumb Code     2  rtx_evr.o(i.EvrRtxSemaphoreAcquirePending)
    EvrRtxSemaphoreAcquireTimeout            0x0000108d   Thumb Code     2  rtx_evr.o(i.EvrRtxSemaphoreAcquireTimeout)
    EvrRtxSemaphoreAcquired                  0x0000108f   Thumb Code     2  rtx_evr.o(i.EvrRtxSemaphoreAcquired)
    EvrRtxSemaphoreCreated                   0x00001091   Thumb Code     2  rtx_evr.o(i.EvrRtxSemaphoreCreated)
    EvrRtxSemaphoreError                     0x00001093   Thumb Code     2  rtx_evr.o(i.EvrRtxSemaphoreError)
    EvrRtxSemaphoreNew                       0x00001095   Thumb Code     2  rtx_evr.o(i.EvrRtxSemaphoreNew)
    EvrRtxSemaphoreNotAcquired               0x00001097   Thumb Code     2  rtx_evr.o(i.EvrRtxSemaphoreNotAcquired)
    EvrRtxSemaphoreRelease                   0x00001099   Thumb Code     2  rtx_evr.o(i.EvrRtxSemaphoreRelease)
    EvrRtxSemaphoreReleased                  0x0000109b   Thumb Code     2  rtx_evr.o(i.EvrRtxSemaphoreReleased)
    EvrRtxThreadBlocked                      0x0000109d   Thumb Code     2  rtx_evr.o(i.EvrRtxThreadBlocked)
    EvrRtxThreadCreated                      0x0000109f   Thumb Code     2  rtx_evr.o(i.EvrRtxThreadCreated)
    EvrRtxThreadDelay                        0x000010a1   Thumb Code     2  rtx_evr.o(i.EvrRtxThreadDelay)
    EvrRtxThreadDelayCompleted               0x000010a3   Thumb Code     2  rtx_evr.o(i.EvrRtxThreadDelayCompleted)
    EvrRtxThreadDestroyed                    0x000010a5   Thumb Code     2  rtx_evr.o(i.EvrRtxThreadDestroyed)
    EvrRtxThreadError                        0x000010a7   Thumb Code     2  rtx_evr.o(i.EvrRtxThreadError)
    EvrRtxThreadExit                         0x000010a9   Thumb Code     2  rtx_evr.o(i.EvrRtxThreadExit)
    EvrRtxThreadFlagsWaitCompleted           0x000010ab   Thumb Code     2  rtx_evr.o(i.EvrRtxThreadFlagsWaitCompleted)
    EvrRtxThreadFlagsWaitTimeout             0x000010ad   Thumb Code     2  rtx_evr.o(i.EvrRtxThreadFlagsWaitTimeout)
    EvrRtxThreadGetId                        0x000010af   Thumb Code     2  rtx_evr.o(i.EvrRtxThreadGetId)
    EvrRtxThreadJoined                       0x000010b1   Thumb Code     2  rtx_evr.o(i.EvrRtxThreadJoined)
    EvrRtxThreadNew                          0x000010b3   Thumb Code     2  rtx_evr.o(i.EvrRtxThreadNew)
    EvrRtxThreadSwitch                       0x000010b5   Thumb Code     2  rtx_evr.o(i.EvrRtxThreadSwitch)
    EvrRtxThreadUnblocked                    0x000010b7   Thumb Code     2  rtx_evr.o(i.EvrRtxThreadUnblocked)
    EvrRtxTimerCallback                      0x000010b9   Thumb Code     2  rtx_evr.o(i.EvrRtxTimerCallback)
    GPDMA_ChannelConfigure                   0x000010bd   Thumb Code   232  gpdma_lpc17xx.o(i.GPDMA_ChannelConfigure)
    GPDMA_ChannelDisable                     0x000011b1   Thumb Code    44  gpdma_lpc17xx.o(i.GPDMA_ChannelDisable)
    GPDMA_ChannelGetCount                    0x000011e1   Thumb Code    38  gpdma_lpc17xx.o(i.GPDMA_ChannelGetCount)
    GPDMA_Initialize                         0x00001211   Thumb Code   146  gpdma_lpc17xx.o(i.GPDMA_Initialize)
    GPDMA_PeripheralSelect                   0x000012b9   Thumb Code    62  gpdma_lpc17xx.o(i.GPDMA_PeripheralSelect)
    GPDMA_Uninitialize                       0x000012fd   Thumb Code   116  gpdma_lpc17xx.o(i.GPDMA_Uninitialize)
    GPIO_PinWrite                            0x0000137d   Thumb Code    36  gpio_lpc17xx.o(i.GPIO_PinWrite)
    GPIO_SetDir                              0x000013a5   Thumb Code    52  gpio_lpc17xx.o(i.GPIO_SetDir)
    I2C1_IRQHandler                          0x00001499   Thumb Code    10  i2c_lpc17xx.o(i.I2C1_IRQHandler)
    OS_Tick_AcknowledgeIRQ                   0x00001fbf   Thumb Code    10  os_systick.o(i.OS_Tick_AcknowledgeIRQ)
    OS_Tick_Enable                           0x00001fc9   Thumb Code    40  os_systick.o(i.OS_Tick_Enable)
    OS_Tick_GetIRQn                          0x00001ff9   Thumb Code     6  os_systick.o(i.OS_Tick_GetIRQn)
    OS_Tick_Setup                            0x00002001   Thumb Code    96  os_systick.o(i.OS_Tick_Setup)
    PIN_Configure                            0x00002071   Thumb Code   246  pin_lpc17xx.o(i.PIN_Configure)
    PIN_ConfigureI2C0Pins                    0x0000216d   Thumb Code    28  pin_lpc17xx.o(i.PIN_ConfigureI2C0Pins)
    SystemCoreClockUpdate                    0x000021fd   Thumb Code   408  system_lpc17xx.o(i.SystemCoreClockUpdate)
    SystemInit                               0x000023a5   Thumb Code   302  system_lpc17xx.o(i.SystemInit)
    UART0_IRQHandler                         0x00002595   Thumb Code    10  uart_lpc17xx.o(i.UART0_IRQHandler)
    UART1_IRQHandler                         0x000025a5   Thumb Code    10  uart_lpc17xx.o(i.UART1_IRQHandler)
    USART0_GPDMA_Rx_Event                    0x000025cd   Thumb Code    14  uart_lpc17xx.o(i.USART0_GPDMA_Rx_Event)
    USART0_GPDMA_Tx_Event                    0x000025e1   Thumb Code    14  uart_lpc17xx.o(i.USART0_GPDMA_Tx_Event)
    USART1_GPDMA_Rx_Event                    0x000026f5   Thumb Code    14  uart_lpc17xx.o(i.USART1_GPDMA_Rx_Event)
    USART1_GPDMA_Tx_Event                    0x00002709   Thumb Code    14  uart_lpc17xx.o(i.USART1_GPDMA_Tx_Event)
    USART_SetBaudrate                        0x000039f5   Thumb Code   302  uart_lpc17xx.o(i.USART_SetBaudrate)
    imuUpdater(void*)                        0x00003d35   Thumb Code   146  main.o(i._Z10imuUpdaterPv)
    itmPrintln(char*)                        0x00003ded   Thumb Code    72  itm_arm.o(i._Z10itmPrintlnPc)
    uart0Thread(void*)                       0x00003e35   Thumb Code   118  main.o(i._Z11uart0ThreadPv)
    I2C_callback(unsigned)                   0x00003ee5   Thumb Code    52  main.o(i._Z12I2C_callbackj)
    computeEngine(void*)                     0x00003f25   Thumb Code   514  main.o(i._Z13computeEnginePv)
    ledInitialize()                          0x00004181   Thumb Code    14  main.o(i._Z13ledInitializev)
    USART_callback(unsigned)                 0x00004191   Thumb Code    86  main.o(i._Z14USART_callbackj)
    i2c1Initialize()                         0x000041f9   Thumb Code    40  main.o(i._Z14i2c1Initializev)
    heartBeatThread(void*)                   0x00004229   Thumb Code    38  main.o(i._Z15heartBeatThreadPv)
    uart0Initialize()                        0x00004251   Thumb Code    64  main.o(i._Z15uart0Initializev)
    itmPrint(char*)                          0x000042b7   Thumb Code    32  itm_arm.o(i._Z8itmPrintPc)
    configI2C()                              0x000042d9   Thumb Code    80  main.o(i._Z9configI2Cv)
    configPWM()                              0x0000433d   Thumb Code    40  main.o(i._Z9configPWMv)
    RingBuffer::ringBufferWrite(char)        0x0000436d   Thumb Code    52  ringbuffer.o(i._ZN10RingBuffer15ringBufferWriteEc)
    RingBuffer::ringBufferStringRead(char*)  0x000043a1   Thumb Code    74  ringbuffer.o(i._ZN10RingBuffer20ringBufferStringReadEPc)
    __user_perthread_libspace                0x00004511   Thumb Code    98  rtx_lib.o(i.__user_perthread_libspace)
    _mutex_acquire                           0x00004581   Thumb Code    22  rtx_lib.o(i._mutex_acquire)
    _mutex_free                              0x00004597   Thumb Code    12  rtx_lib.o(i._mutex_free)
    _mutex_initialize                        0x000045a3   Thumb Code    32  rtx_lib.o(i._mutex_initialize)
    _mutex_release                           0x000045c3   Thumb Code    18  rtx_lib.o(i._mutex_release)
    _platform_post_stackheap_init            0x000045d5   Thumb Code     8  rtx_lib.o(i._platform_post_stackheap_init)
    main                                     0x00004779   Thumb Code   316  main.o(i.main)
    osDelay                                  0x0000496d   Thumb Code    64  rtx_delay.o(i.osDelay)
    osKernelGetState                         0x000049b1   Thumb Code    62  rtx_kernel.o(i.osKernelGetState)
    osKernelInitialize                       0x000049f5   Thumb Code    82  rtx_kernel.o(i.osKernelInitialize)
    osKernelStart                            0x00004a4d   Thumb Code    82  rtx_kernel.o(i.osKernelStart)
    osMessageQueueGet                        0x00004aa5   Thumb Code    78  rtx_msgqueue.o(i.osMessageQueueGet)
    osMessageQueueNew                        0x00004af9   Thumb Code   110  rtx_msgqueue.o(i.osMessageQueueNew)
    osMessageQueuePut                        0x00004b6d   Thumb Code    78  rtx_msgqueue.o(i.osMessageQueuePut)
    osMutexAcquire                           0x00004bc1   Thumb Code    64  rtx_mutex.o(i.osMutexAcquire)
    osMutexDelete                            0x00004c05   Thumb Code    58  rtx_mutex.o(i.osMutexDelete)
    osMutexNew                               0x00004c45   Thumb Code    90  rtx_mutex.o(i.osMutexNew)
    osMutexRelease                           0x00004ca5   Thumb Code    58  rtx_mutex.o(i.osMutexRelease)
    osRtxErrorNotify                         0x00004ce5   Thumb Code    32  rtx_config.o(i.osRtxErrorNotify)
    osRtxIdleThread                          0x00004d05   Thumb Code     4  rtx_config.o(i.osRtxIdleThread)
    osRtxMemoryAlloc                         0x00004d15   Thumb Code   162  rtx_memory.o(i.osRtxMemoryAlloc)
    osRtxMemoryFree                          0x00004db7   Thumb Code   102  rtx_memory.o(i.osRtxMemoryFree)
    osRtxMemoryInit                          0x00004e1d   Thumb Code    82  rtx_memory.o(i.osRtxMemoryInit)
    osRtxMemoryPoolAlloc                     0x00004e6f   Thumb Code    58  rtx_mempool.o(i.osRtxMemoryPoolAlloc)
    osRtxMemoryPoolFree                      0x00004ea9   Thumb Code    78  rtx_mempool.o(i.osRtxMemoryPoolFree)
    osRtxMemoryPoolInit                      0x00004ef7   Thumb Code    80  rtx_mempool.o(i.osRtxMemoryPoolInit)
    osRtxMessageQueuePostProcess             0x00004f47   Thumb Code   274  rtx_msgqueue.o(i.osRtxMessageQueuePostProcess)
    osRtxMutexOwnerRelease                   0x00005059   Thumb Code    84  rtx_mutex.o(i.osRtxMutexOwnerRelease)
    osRtxPendSV_Handler                      0x000050ad   Thumb Code    96  rtx_system.o(i.osRtxPendSV_Handler)
    osRtxPostProcess                         0x00005111   Thumb Code    50  rtx_system.o(i.osRtxPostProcess)
    osRtxSemaphorePostProcess                0x0000514d   Thumb Code    50  rtx_semaphore.o(i.osRtxSemaphorePostProcess)
    osRtxThreadBlock                         0x00005181   Thumb Code    42  rtx_thread.o(i.osRtxThreadBlock)
    osRtxThreadDelayInsert                   0x000051b1   Thumb Code   100  rtx_thread.o(i.osRtxThreadDelayInsert)
    osRtxThreadDelayRemove                   0x00005219   Thumb Code   116  rtx_thread.o(i.osRtxThreadDelayRemove)
    osRtxThreadDelayTick                     0x00005291   Thumb Code   216  rtx_thread.o(i.osRtxThreadDelayTick)
    osRtxThreadDispatch                      0x0000536d   Thumb Code   102  rtx_thread.o(i.osRtxThreadDispatch)
    osRtxThreadListGet                       0x00005445   Thumb Code    24  rtx_thread.o(i.osRtxThreadListGet)
    osRtxThreadListPut                       0x0000545d   Thumb Code    46  rtx_thread.o(i.osRtxThreadListPut)
    osRtxThreadListRemove                    0x0000548b   Thumb Code    26  rtx_thread.o(i.osRtxThreadListRemove)
    osRtxThreadListRoot                      0x000054a5   Thumb Code    14  rtx_thread.o(i.osRtxThreadListRoot)
    osRtxThreadListSort                      0x000054b3   Thumb Code    40  rtx_thread.o(i.osRtxThreadListSort)
    osRtxThreadPostProcess                   0x000054db   Thumb Code    64  rtx_thread.o(i.osRtxThreadPostProcess)
    osRtxThreadReadyPut                      0x0000551d   Thumb Code    18  rtx_thread.o(i.osRtxThreadReadyPut)
    osRtxThreadRegPtr                        0x00005535   Thumb Code     8  rtx_thread.o(i.osRtxThreadRegPtr)
    osRtxThreadStackCheck                    0x00005549   Thumb Code    38  rtx_thread.o(i.osRtxThreadStackCheck)
    osRtxThreadSwitch                        0x00005575   Thumb Code    24  rtx_thread.o(i.osRtxThreadSwitch)
    osRtxThreadWaitEnter                     0x00005591   Thumb Code    84  rtx_thread.o(i.osRtxThreadWaitEnter)
    osRtxThreadWaitExit                      0x000055e9   Thumb Code    54  rtx_thread.o(i.osRtxThreadWaitExit)
    osRtxTick_Handler                        0x00005621   Thumb Code   146  rtx_system.o(i.osRtxTick_Handler)
    osRtxTimerThread                         0x000056b9   Thumb Code    74  rtx_timer.o(i.osRtxTimerThread)
    osRtxTimerTick                           0x00005711   Thumb Code    88  rtx_timer.o(i.osRtxTimerTick)
    osSemaphoreAcquire                       0x0000576d   Thumb Code   138  rtx_semaphore.o(i.osSemaphoreAcquire)
    osSemaphoreNew                           0x000057fd   Thumb Code   110  rtx_semaphore.o(i.osSemaphoreNew)
    osSemaphoreRelease                       0x00005871   Thumb Code   132  rtx_semaphore.o(i.osSemaphoreRelease)
    osThreadExit                             0x000058f9   Thumb Code    28  rtx_thread.o(i.osThreadExit)
    osThreadGetId                            0x00005919   Thumb Code    42  rtx_thread.o(i.osThreadGetId)
    osThreadNew                              0x00005949   Thumb Code   110  rtx_thread.o(i.osThreadNew)
    svcRtxDelay                              0x000059e1   Thumb Code    22  rtx_delay.o(i.svcRtxDelay)
    svcRtxKernelGetState                     0x000059f9   Thumb Code    16  rtx_kernel.o(i.svcRtxKernelGetState)
    svcRtxKernelInitialize                   0x00005a0d   Thumb Code   660  rtx_kernel.o(i.svcRtxKernelInitialize)
    svcRtxKernelStart                        0x00005cad   Thumb Code   228  rtx_kernel.o(i.svcRtxKernelStart)
    svcRtxMessageQueueGet                    0x00005da5   Thumb Code   300  rtx_msgqueue.o(i.svcRtxMessageQueueGet)
    svcRtxMessageQueueNew                    0x00005ed5   Thumb Code   408  rtx_msgqueue.o(i.svcRtxMessageQueueNew)
    svcRtxMessageQueuePut                    0x00006075   Thumb Code   276  rtx_msgqueue.o(i.svcRtxMessageQueuePut)
    svcRtxMutexAcquire                       0x0000618d   Thumb Code   258  rtx_mutex.o(i.svcRtxMutexAcquire)
    svcRtxMutexDelete                        0x00006295   Thumb Code   240  rtx_mutex.o(i.svcRtxMutexDelete)
    svcRtxMutexNew                           0x00006389   Thumb Code   172  rtx_mutex.o(i.svcRtxMutexNew)
    svcRtxMutexRelease                       0x00006439   Thumb Code   272  rtx_mutex.o(i.svcRtxMutexRelease)
    svcRtxSemaphoreAcquire                   0x0000654d   Thumb Code   126  rtx_semaphore.o(i.svcRtxSemaphoreAcquire)
    svcRtxSemaphoreNew                       0x000065d1   Thumb Code   204  rtx_semaphore.o(i.svcRtxSemaphoreNew)
    svcRtxSemaphoreRelease                   0x000066a5   Thumb Code   120  rtx_semaphore.o(i.svcRtxSemaphoreRelease)
    svcRtxThreadExit                         0x0000671d   Thumb Code   142  rtx_thread.o(i.svcRtxThreadExit)
    svcRtxThreadGetId                        0x000067b1   Thumb Code    18  rtx_thread.o(i.svcRtxThreadGetId)
    svcRtxThreadNew                          0x000067c5   Thumb Code   598  rtx_thread.o(i.svcRtxThreadNew)
    _get_lc_ctype                            0x00006a31   Thumb Code    44  lc_ctype_c.o(locale$$code)
    __aeabi_fadd                             0x00006a5d   Thumb Code     0  faddsub_clz.o(x$fpl$fadd)
    _fadd                                    0x00006a5d   Thumb Code   196  faddsub_clz.o(x$fpl$fadd)
    __aeabi_fdiv                             0x00006b21   Thumb Code     0  fdiv.o(x$fpl$fdiv)
    _fdiv                                    0x00006b21   Thumb Code   384  fdiv.o(x$fpl$fdiv)
    __aeabi_f2uiz                            0x00006ca5   Thumb Code     0  ffixu.o(x$fpl$ffixu)
    _ffixu                                   0x00006ca5   Thumb Code    62  ffixu.o(x$fpl$ffixu)
    __aeabi_i2f                              0x00006ce5   Thumb Code     0  fflt_clz.o(x$fpl$fflt)
    _fflt                                    0x00006ce5   Thumb Code    48  fflt_clz.o(x$fpl$fflt)
    __aeabi_fmul                             0x00006d15   Thumb Code     0  fmul.o(x$fpl$fmul)
    _fmul                                    0x00006d15   Thumb Code   258  fmul.o(x$fpl$fmul)
    __fpl_fnaninf                            0x00006e17   Thumb Code   140  fnaninf.o(x$fpl$fnaninf)
    __fpl_fretinf                            0x00006ea3   Thumb Code    10  fretinf.o(x$fpl$fretinf)
    __aeabi_fsub                             0x00006ead   Thumb Code     0  faddsub_clz.o(x$fpl$fsub)
    _fsub                                    0x00006ead   Thumb Code   234  faddsub_clz.o(x$fpl$fsub)
    __I$use$fp                               0x00006f96   Number         0  usenofp.o(x$fpl$usenofp)
    irqRtxLib                                0x00006f9c   Data           1  irq_cm3.o(.constdata)
    osRtxUserSVC                             0x00007000   Data           4  rtx_lib.o(.constdata)
    Driver_I2C1                              0x00007038   Data          48  i2c_lpc17xx.o(.constdata)
    Driver_USART0                            0x00007274   Data          56  uart_lpc17xx.o(.constdata)
    Driver_USART1                            0x000072ac   Data          56  uart_lpc17xx.o(.constdata)
    osRtxConfig                              0x000072f0   Data         104  rtx_lib.o(.rodata)
    Region$$Table$$Base                      0x00007358   Number         0  anon$$obj.o(Region$$Table)
    Region$$Table$$Limit                     0x00007378   Number         0  anon$$obj.o(Region$$Table)
    __ctype                                  0x00007385   Data           0  lc_ctype_c.o(locale$$data)
    SHT$$INIT_ARRAY$$Base                    0x00007488   Number         0  main.o(.init_array)
    SHT$$INIT_ARRAY$$Limit                   0x0000748c   Number         0  init_aeabi.o(.init_array)
    Driver_USART1_STATUS                     0x100017f0   Data           4  main.o(.data)
    semaphoreTransmitId                      0x100017f4   Data           4  main.o(.data)
    semaphoreReceiveId                       0x100017f8   Data           4  main.o(.data)
    semaphoreDataReadyId                     0x100017fc   Data           4  main.o(.data)
    semaphoreUartDataReadyId                 0x10001800   Data           4  main.o(.data)
    eulerAngle                               0x10001804   Data           6  main.o(.data)
    eulerAngleX                              0x1000180a   Data           2  main.o(.data)
    eulerAngleY                              0x1000180c   Data           2  main.o(.data)
    eulerAngleZ                              0x1000180e   Data           2  main.o(.data)
    timeDiff                                 0x10001810   Data           4  main.o(.data)
    errorPitch                               0x10001814   Data           4  main.o(.data)
    errorRoll                                0x10001818   Data           4  main.o(.data)
    errorPitchD                              0x1000181c   Data           4  main.o(.data)
    errorRollD                               0x10001820   Data           4  main.o(.data)
    errorPitchI                              0x10001824   Data           4  main.o(.data)
    errorRollI                               0x10001828   Data           4  main.o(.data)
    errorPitchPrev                           0x1000182c   Data           4  main.o(.data)
    errorRollPrev                            0x10001830   Data           4  main.o(.data)
    pitchAngle                               0x10001834   Data           2  main.o(.data)
    rollAngle                                0x10001836   Data           2  main.o(.data)
    pidPitch                                 0x10001838   Data           4  main.o(.data)
    pidRoll                                  0x1000183c   Data           4  main.o(.data)
    throttle                                 0x10001840   Data           4  main.o(.data)
    pData                                    0x10001844   Data           1  main.o(.data)
    irqRtxLibRef                             0x1000184c   Data           4  rtx_lib.o(.data)
    I2C1_PIN                                 0x10001852   Data           4  i2c_lpc17xx.o(.data)
    SystemCoreClock                          0x10001868   Data           4  system_lpc17xx.o(.data)
    osRtxInfo                                0x1000186c   Data         164  rtx_kernel.o(.data.os)
    Driver_USART1_INFO                       0x10001910   Data          32  main.o(.bss)
    semaphoreTransmitAttr                    0x10001930   Data          16  main.o(.bss)
    semaphoreReceiveAttr                     0x10001940   Data          16  main.o(.bss)
    semaphoreDataReadyAttr                   0x10001950   Data          16  main.o(.bss)
    semaphoreUartDataReadyAttr               0x10001960   Data          16  main.o(.bss)
    readout                                  0x10001970   Data          34  main.o(.bss)
    ringBuffer                               0x10001994   Data          84  main.o(.bss)
    __libspace_start                         0x10001b14   Data          96  libspace.o(.bss)
    __temporary_stack_top$libspace           0x10001b74   Data           0  libspace.o(.bss)



==============================================================================

Memory Map of the image

  Image Entry point : 0x000000cd

  Load Region LR_IROM1 (Base: 0x00000000, Size: 0x00008d9c, Max: 0x00080000, ABSOLUTE, COMPRESSED[0x000074dc])

    Execution Region ER_IROM1 (Base: 0x00000000, Size: 0x0000748c, Max: 0x00080000, ABSOLUTE)

    Base Addr    Size         Type   Attr      Idx    E Section Name        Object

    0x00000000   0x000000cc   Data   RO         4119    RESET               startup_lpc17xx.o
    0x000000cc   0x00000008   Code   RO         4209  * !!!main             c_w.l(__main.o)
    0x000000d4   0x00000034   Code   RO         4447    !!!scatter          c_w.l(__scatter.o)
    0x00000108   0x0000003a   Code   RO         4445    !!dczerorl          c_w.l(__dczerorl.o)
    0x00000142   0x00000002   PAD
    0x00000144   0x0000001c   Code   RO         4449    !!handler_zi        c_w.l(__scatter_zi.o)
    0x00000160   0x00000002   Code   RO         4369    .ARM.Collect$$libinit$$00000000  c_w.l(libinit.o)
    0x00000162   0x00000000   Code   RO         4263    .ARM.Collect$$libinit$$00000002  c_w.l(libinit2.o)
    0x00000162   0x00000000   Code   RO         4265    .ARM.Collect$$libinit$$00000004  c_w.l(libinit2.o)
    0x00000162   0x00000000   Code   RO         4268    .ARM.Collect$$libinit$$0000000A  c_w.l(libinit2.o)
    0x00000162   0x00000000   Code   RO         4270    .ARM.Collect$$libinit$$0000000C  c_w.l(libinit2.o)
    0x00000162   0x00000000   Code   RO         4272    .ARM.Collect$$libinit$$0000000E  c_w.l(libinit2.o)
    0x00000162   0x00000006   Code   RO         4273    .ARM.Collect$$libinit$$0000000F  c_w.l(libinit2.o)
    0x00000168   0x00000000   Code   RO         4275    .ARM.Collect$$libinit$$00000011  c_w.l(libinit2.o)
    0x00000168   0x0000000c   Code   RO         4276    .ARM.Collect$$libinit$$00000012  c_w.l(libinit2.o)
    0x00000174   0x00000000   Code   RO         4277    .ARM.Collect$$libinit$$00000013  c_w.l(libinit2.o)
    0x00000174   0x00000000   Code   RO         4279    .ARM.Collect$$libinit$$00000015  c_w.l(libinit2.o)
    0x00000174   0x00000000   Code   RO         4281    .ARM.Collect$$libinit$$00000017  c_w.l(libinit2.o)
    0x00000174   0x00000000   Code   RO         4283    .ARM.Collect$$libinit$$00000019  c_w.l(libinit2.o)
    0x00000174   0x00000000   Code   RO         4285    .ARM.Collect$$libinit$$0000001B  c_w.l(libinit2.o)
    0x00000174   0x00000000   Code   RO         4287    .ARM.Collect$$libinit$$0000001D  c_w.l(libinit2.o)
    0x00000174   0x00000000   Code   RO         4289    .ARM.Collect$$libinit$$0000001F  c_w.l(libinit2.o)
    0x00000174   0x00000000   Code   RO         4291    .ARM.Collect$$libinit$$00000021  c_w.l(libinit2.o)
    0x00000174   0x00000000   Code   RO         4293    .ARM.Collect$$libinit$$00000023  c_w.l(libinit2.o)
    0x00000174   0x00000000   Code   RO         4295    .ARM.Collect$$libinit$$00000025  c_w.l(libinit2.o)
    0x00000174   0x00000000   Code   RO         4299    .ARM.Collect$$libinit$$0000002C  c_w.l(libinit2.o)
    0x00000174   0x00000000   Code   RO         4301    .ARM.Collect$$libinit$$0000002E  c_w.l(libinit2.o)
    0x00000174   0x00000000   Code   RO         4303    .ARM.Collect$$libinit$$00000030  c_w.l(libinit2.o)
    0x00000174   0x00000004   Code   RO         4304    .ARM.Collect$$libinit$$00000031  c_w.l(libinit2.o)
    0x00000178   0x00000000   Code   RO         4305    .ARM.Collect$$libinit$$00000032  c_w.l(libinit2.o)
    0x00000178   0x00000002   Code   RO         4306    .ARM.Collect$$libinit$$00000033  c_w.l(libinit2.o)
    0x0000017a   0x00000002   Code   RO         4412    .ARM.Collect$$libshutdown$$00000000  c_w.l(libshutdown.o)
    0x0000017c   0x00000000   Code   RO         4428    .ARM.Collect$$libshutdown$$00000002  c_w.l(libshutdown2.o)
    0x0000017c   0x00000000   Code   RO         4430    .ARM.Collect$$libshutdown$$00000004  c_w.l(libshutdown2.o)
    0x0000017c   0x00000000   Code   RO         4433    .ARM.Collect$$libshutdown$$00000007  c_w.l(libshutdown2.o)
    0x0000017c   0x00000000   Code   RO         4436    .ARM.Collect$$libshutdown$$0000000A  c_w.l(libshutdown2.o)
    0x0000017c   0x00000000   Code   RO         4438    .ARM.Collect$$libshutdown$$0000000C  c_w.l(libshutdown2.o)
    0x0000017c   0x00000000   Code   RO         4441    .ARM.Collect$$libshutdown$$0000000F  c_w.l(libshutdown2.o)
    0x0000017c   0x00000002   Code   RO         4442    .ARM.Collect$$libshutdown$$00000010  c_w.l(libshutdown2.o)
    0x0000017e   0x00000000   Code   RO         4239    .ARM.Collect$$rtentry$$00000000  c_w.l(__rtentry.o)
    0x0000017e   0x00000000   Code   RO         4316    .ARM.Collect$$rtentry$$00000002  c_w.l(__rtentry2.o)
    0x0000017e   0x00000006   Code   RO         4328    .ARM.Collect$$rtentry$$00000004  c_w.l(__rtentry4.o)
    0x00000184   0x00000008   Code   RO         4317    .ARM.Collect$$rtentry$$00000008  c_w.l(__rtentry2.o)
    0x0000018c   0x00000004   Code   RO         4319    .ARM.Collect$$rtentry$$0000000A  c_w.l(__rtentry2.o)
    0x00000190   0x00000000   Code   RO         4321    .ARM.Collect$$rtentry$$0000000C  c_w.l(__rtentry2.o)
    0x00000190   0x00000008   Code   RO         4322    .ARM.Collect$$rtentry$$0000000D  c_w.l(__rtentry2.o)
    0x00000198   0x00000002   Code   RO         4372    .ARM.Collect$$rtexit$$00000000  c_w.l(rtexit.o)
    0x0000019a   0x00000000   Code   RO         4394    .ARM.Collect$$rtexit$$00000002  c_w.l(rtexit2.o)
    0x0000019a   0x00000004   Code   RO         4395    .ARM.Collect$$rtexit$$00000003  c_w.l(rtexit2.o)
    0x0000019e   0x00000006   Code   RO         4396    .ARM.Collect$$rtexit$$00000004  c_w.l(rtexit2.o)
    0x000001a4   0x00000154   Code   RO         2096    .emb_text           rtx_mempool.o
    0x000002f8   0x00000004   Code   RO         4249    .text               c_w.l(rt_errno_addr_twolibspace.o)
    0x000002fc   0x00000004   Code   RO         4120    .ARM.__at_0x02FC    startup_lpc17xx.o
    0x00000300   0x00000154   Code   RO         2270    .emb_text           rtx_msgqueue.o
    0x00000454   0x00000154   Code   RO         2576    .emb_text           rtx_semaphore.o
    0x000005a8   0x00000154   Code   RO         2701    .emb_text           rtx_system.o
    0x000006fc   0x00000154   Code   RO         2757    .emb_text           rtx_thread.o
    0x00000850   0x00000088   Code   RO          463    .text               irq_cm3.o
    0x000008d8   0x00000040   Code   RO         4121    .text               startup_lpc17xx.o
    0x00000918   0x000000ee   Code   RO         4165    .text               c_w.l(lludivv7m.o)
    0x00000a06   0x0000001a   Code   RO         4197    .text               c_w.l(atoi.o)
    0x00000a20   0x00000096   Code   RO         4199    .text               c_w.l(strncmp.o)
    0x00000ab6   0x0000008a   Code   RO         4201    .text               c_w.l(rt_memcpy_v6.o)
    0x00000b40   0x00000044   Code   RO         4203    .text               c_w.l(rt_memclr.o)
    0x00000b84   0x0000004e   Code   RO         4205    .text               c_w.l(rt_memclr_w.o)
    0x00000bd2   0x00000006   Code   RO         4207    .text               c_w.l(heapauxi.o)
    0x00000bd8   0x00000024   Code   RO         4214    .text               c_w.l(init_aeabi.o)
    0x00000bfc   0x00000070   Code   RO         4258    .text               c_w.l(strtol.o)
    0x00000c6c   0x00000064   Code   RO         4260    .text               c_w.l(rt_memcpy_w.o)
    0x00000cd0   0x00000008   Code   RO         4312    .text               c_w.l(libspace.o)
    0x00000cd8   0x00000010   Code   RO         4330    .text               c_w.l(rt_ctype_table.o)
    0x00000ce8   0x0000009e   Code   RO         4336    .text               c_w.l(_strtoul.o)
    0x00000d86   0x0000004a   Code   RO         4342    .text               c_w.l(sys_stackheap_outer.o)
    0x00000dd0   0x0000000a   Code   RO         4349    .text               c_w.l(rt_locale_twolibspace.o)
    0x00000dda   0x0000001c   Code   RO         4351    .text               c_w.l(_chval.o)
    0x00000df6   0x00000012   Code   RO         4356    .text               c_w.l(exit.o)
    0x00000e08   0x00000080   Code   RO         4386    .text               c_w.l(strcmpv7m.o)
    0x00000e88   0x0000000c   Code   RO         4388    .text               c_w.l(sys_exit.o)
    0x00000e94   0x00000002   Code   RO         4390    .text               c_w.l(use_no_semi.o)
    0x00000e96   0x00000000   Code   RO         4392    .text               c_w.l(indicate_semi.o)
    0x00000e96   0x00000002   PAD
    0x00000e98   0x00000020   Code   RO         3937    i.Clear_Channel_active_flag  gpdma_lpc17xx.o
    0x00000eb8   0x00000180   Code   RO         3938    i.DMA_IRQHandler    gpdma_lpc17xx.o
    0x00001038   0x00000002   Code   RO          748    i.EvrRtxEventFlagsWaitTimeout  rtx_evr.o
    0x0000103a   0x00000002   Code   RO          749    i.EvrRtxKernelError  rtx_evr.o
    0x0000103c   0x00000002   Code   RO          751    i.EvrRtxKernelGetState  rtx_evr.o
    0x0000103e   0x00000002   Code   RO          757    i.EvrRtxKernelInitialize  rtx_evr.o
    0x00001040   0x00000002   Code   RO          758    i.EvrRtxKernelInitializeCompleted  rtx_evr.o
    0x00001042   0x00000002   Code   RO          765    i.EvrRtxKernelStart  rtx_evr.o
    0x00001044   0x00000002   Code   RO          766    i.EvrRtxKernelStarted  rtx_evr.o
    0x00001046   0x00000002   Code   RO          771    i.EvrRtxMemoryAlloc  rtx_evr.o
    0x00001048   0x00000002   Code   RO          772    i.EvrRtxMemoryBlockAlloc  rtx_evr.o
    0x0000104a   0x00000002   Code   RO          773    i.EvrRtxMemoryBlockFree  rtx_evr.o
    0x0000104c   0x00000002   Code   RO          774    i.EvrRtxMemoryBlockInit  rtx_evr.o
    0x0000104e   0x00000002   Code   RO          775    i.EvrRtxMemoryFree  rtx_evr.o
    0x00001050   0x00000002   Code   RO          776    i.EvrRtxMemoryInit  rtx_evr.o
    0x00001052   0x00000002   Code   RO          780    i.EvrRtxMemoryPoolAllocTimeout  rtx_evr.o
    0x00001054   0x00000002   Code   RO          795    i.EvrRtxMessageQueueCreated  rtx_evr.o
    0x00001056   0x00000002   Code   RO          798    i.EvrRtxMessageQueueError  rtx_evr.o
    0x00001058   0x00000002   Code   RO          799    i.EvrRtxMessageQueueGet  rtx_evr.o
    0x0000105a   0x00000002   Code   RO          804    i.EvrRtxMessageQueueGetPending  rtx_evr.o
    0x0000105c   0x00000002   Code   RO          806    i.EvrRtxMessageQueueGetTimeout  rtx_evr.o
    0x0000105e   0x00000002   Code   RO          807    i.EvrRtxMessageQueueInsertPending  rtx_evr.o
    0x00001060   0x00000002   Code   RO          808    i.EvrRtxMessageQueueInserted  rtx_evr.o
    0x00001062   0x00000002   Code   RO          809    i.EvrRtxMessageQueueNew  rtx_evr.o
    0x00001064   0x00000002   Code   RO          810    i.EvrRtxMessageQueueNotInserted  rtx_evr.o
    0x00001066   0x00000002   Code   RO          811    i.EvrRtxMessageQueueNotRetrieved  rtx_evr.o
    0x00001068   0x00000002   Code   RO          812    i.EvrRtxMessageQueuePut  rtx_evr.o
    0x0000106a   0x00000002   Code   RO          813    i.EvrRtxMessageQueuePutPending  rtx_evr.o
    0x0000106c   0x00000002   Code   RO          814    i.EvrRtxMessageQueuePutTimeout  rtx_evr.o
    0x0000106e   0x00000002   Code   RO          817    i.EvrRtxMessageQueueRetrieved  rtx_evr.o
    0x00001070   0x00000002   Code   RO          818    i.EvrRtxMutexAcquire  rtx_evr.o
    0x00001072   0x00000002   Code   RO          819    i.EvrRtxMutexAcquirePending  rtx_evr.o
    0x00001074   0x00000002   Code   RO          820    i.EvrRtxMutexAcquireTimeout  rtx_evr.o
    0x00001076   0x00000002   Code   RO          821    i.EvrRtxMutexAcquired  rtx_evr.o
    0x00001078   0x00000002   Code   RO          822    i.EvrRtxMutexCreated  rtx_evr.o
    0x0000107a   0x00000002   Code   RO          823    i.EvrRtxMutexDelete  rtx_evr.o
    0x0000107c   0x00000002   Code   RO          824    i.EvrRtxMutexDestroyed  rtx_evr.o
    0x0000107e   0x00000002   Code   RO          825    i.EvrRtxMutexError  rtx_evr.o
    0x00001080   0x00000002   Code   RO          828    i.EvrRtxMutexNew    rtx_evr.o
    0x00001082   0x00000002   Code   RO          829    i.EvrRtxMutexNotAcquired  rtx_evr.o
    0x00001084   0x00000002   Code   RO          830    i.EvrRtxMutexRelease  rtx_evr.o
    0x00001086   0x00000002   Code   RO          831    i.EvrRtxMutexReleased  rtx_evr.o
    0x00001088   0x00000002   Code   RO          832    i.EvrRtxSemaphoreAcquire  rtx_evr.o
    0x0000108a   0x00000002   Code   RO          833    i.EvrRtxSemaphoreAcquirePending  rtx_evr.o
    0x0000108c   0x00000002   Code   RO          834    i.EvrRtxSemaphoreAcquireTimeout  rtx_evr.o
    0x0000108e   0x00000002   Code   RO          835    i.EvrRtxSemaphoreAcquired  rtx_evr.o
    0x00001090   0x00000002   Code   RO          836    i.EvrRtxSemaphoreCreated  rtx_evr.o
    0x00001092   0x00000002   Code   RO          839    i.EvrRtxSemaphoreError  rtx_evr.o
    0x00001094   0x00000002   Code   RO          842    i.EvrRtxSemaphoreNew  rtx_evr.o
    0x00001096   0x00000002   Code   RO          843    i.EvrRtxSemaphoreNotAcquired  rtx_evr.o
    0x00001098   0x00000002   Code   RO          844    i.EvrRtxSemaphoreRelease  rtx_evr.o
    0x0000109a   0x00000002   Code   RO          845    i.EvrRtxSemaphoreReleased  rtx_evr.o
    0x0000109c   0x00000002   Code   RO          846    i.EvrRtxThreadBlocked  rtx_evr.o
    0x0000109e   0x00000002   Code   RO          847    i.EvrRtxThreadCreated  rtx_evr.o
    0x000010a0   0x00000002   Code   RO          848    i.EvrRtxThreadDelay  rtx_evr.o
    0x000010a2   0x00000002   Code   RO          849    i.EvrRtxThreadDelayCompleted  rtx_evr.o
    0x000010a4   0x00000002   Code   RO          851    i.EvrRtxThreadDestroyed  rtx_evr.o
    0x000010a6   0x00000002   Code   RO          855    i.EvrRtxThreadError  rtx_evr.o
    0x000010a8   0x00000002   Code   RO          856    i.EvrRtxThreadExit  rtx_evr.o
    0x000010aa   0x00000002   Code   RO          863    i.EvrRtxThreadFlagsWaitCompleted  rtx_evr.o
    0x000010ac   0x00000002   Code   RO          866    i.EvrRtxThreadFlagsWaitTimeout  rtx_evr.o
    0x000010ae   0x00000002   Code   RO          868    i.EvrRtxThreadGetId  rtx_evr.o
    0x000010b0   0x00000002   Code   RO          876    i.EvrRtxThreadJoined  rtx_evr.o
    0x000010b2   0x00000002   Code   RO          877    i.EvrRtxThreadNew   rtx_evr.o
    0x000010b4   0x00000002   Code   RO          883    i.EvrRtxThreadSwitch  rtx_evr.o
    0x000010b6   0x00000002   Code   RO          885    i.EvrRtxThreadUnblocked  rtx_evr.o
    0x000010b8   0x00000002   Code   RO          887    i.EvrRtxTimerCallback  rtx_evr.o
    0x000010ba   0x00000002   PAD
    0x000010bc   0x000000f4   Code   RO         3939    i.GPDMA_ChannelConfigure  gpdma_lpc17xx.o
    0x000011b0   0x00000030   Code   RO         3940    i.GPDMA_ChannelDisable  gpdma_lpc17xx.o
    0x000011e0   0x00000030   Code   RO         3942    i.GPDMA_ChannelGetCount  gpdma_lpc17xx.o
    0x00001210   0x000000a8   Code   RO         3944    i.GPDMA_Initialize  gpdma_lpc17xx.o
    0x000012b8   0x00000044   Code   RO         3945    i.GPDMA_PeripheralSelect  gpdma_lpc17xx.o
    0x000012fc   0x00000080   Code   RO         3946    i.GPDMA_Uninitialize  gpdma_lpc17xx.o
    0x0000137c   0x00000028   Code   RO         4028    i.GPIO_PinWrite     gpio_lpc17xx.o
    0x000013a4   0x00000038   Code   RO         4032    i.GPIO_SetDir       gpio_lpc17xx.o
    0x000013dc   0x00000040   Code   RO         3436    i.GetI2CClockFreq   i2c_lpc17xx.o
    0x0000141c   0x00000044   Code   RO         3629    i.GetUsartClockFreq  uart_lpc17xx.o
    0x00001460   0x00000018   Code   RO         3437    i.I2C1_Control      i2c_lpc17xx.o
    0x00001478   0x00000010   Code   RO         3438    i.I2C1_GetDataCount  i2c_lpc17xx.o
    0x00001488   0x00000010   Code   RO         3439    i.I2C1_GetStatus    i2c_lpc17xx.o
    0x00001498   0x00000010   Code   RO         3440    i.I2C1_IRQHandler   i2c_lpc17xx.o
    0x000014a8   0x00000014   Code   RO         3441    i.I2C1_Initialize   i2c_lpc17xx.o
    0x000014bc   0x00000020   Code   RO         3442    i.I2C1_MasterReceive  i2c_lpc17xx.o
    0x000014dc   0x00000020   Code   RO         3443    i.I2C1_MasterTransmit  i2c_lpc17xx.o
    0x000014fc   0x00000014   Code   RO         3444    i.I2C1_PowerControl  i2c_lpc17xx.o
    0x00001510   0x00000018   Code   RO         3445    i.I2C1_SlaveReceive  i2c_lpc17xx.o
    0x00001528   0x00000018   Code   RO         3446    i.I2C1_SlaveTransmit  i2c_lpc17xx.o
    0x00001540   0x00000010   Code   RO         3447    i.I2C1_Uninitialize  i2c_lpc17xx.o
    0x00001550   0x0000000c   Code   RO         3448    i.I2C_GetCapabilities  i2c_lpc17xx.o
    0x0000155c   0x00000010   Code   RO         3449    i.I2C_GetVersion    i2c_lpc17xx.o
    0x0000156c   0x0000018c   Code   RO         3450    i.I2Cx_Control      i2c_lpc17xx.o
    0x000016f8   0x00000008   Code   RO         3451    i.I2Cx_GetDataCount  i2c_lpc17xx.o
    0x00001700   0x00000008   Code   RO         3452    i.I2Cx_GetStatus    i2c_lpc17xx.o
    0x00001708   0x00000030   Code   RO         3453    i.I2Cx_IRQHandler   i2c_lpc17xx.o
    0x00001738   0x0000004e   Code   RO         3454    i.I2Cx_Initialize   i2c_lpc17xx.o
    0x00001786   0x000001ce   Code   RO         3455    i.I2Cx_MasterHandler  i2c_lpc17xx.o
    0x00001954   0x000000ce   Code   RO         3456    i.I2Cx_MasterReceive  i2c_lpc17xx.o
    0x00001a22   0x000000cc   Code   RO         3457    i.I2Cx_MasterTransmit  i2c_lpc17xx.o
    0x00001aee   0x00000140   Code   RO         3458    i.I2Cx_PowerControl  i2c_lpc17xx.o
    0x00001c2e   0x000001d4   Code   RO         3459    i.I2Cx_SlaveHandler  i2c_lpc17xx.o
    0x00001e02   0x00000074   Code   RO         3460    i.I2Cx_SlaveReceive  i2c_lpc17xx.o
    0x00001e76   0x00000074   Code   RO         3461    i.I2Cx_SlaveTransmit  i2c_lpc17xx.o
    0x00001eea   0x00000030   Code   RO         3462    i.I2Cx_Uninitialize  i2c_lpc17xx.o
    0x00001f1a   0x00000036   Code   RO         2271    i.MessageQueueGet   rtx_msgqueue.o
    0x00001f50   0x0000004c   Code   RO         2272    i.MessageQueuePut   rtx_msgqueue.o
    0x00001f9c   0x00000022   Code   RO         2273    i.MessageQueueRemove  rtx_msgqueue.o
    0x00001fbe   0x0000000a   Code   RO         3328    i.OS_Tick_AcknowledgeIRQ  os_systick.o
    0x00001fc8   0x00000030   Code   RO         3330    i.OS_Tick_Enable    os_systick.o
    0x00001ff8   0x00000006   Code   RO         3333    i.OS_Tick_GetIRQn   os_systick.o
    0x00001ffe   0x00000002   PAD
    0x00002000   0x00000070   Code   RO         3336    i.OS_Tick_Setup     os_systick.o
    0x00002070   0x000000fc   Code   RO         4084    i.PIN_Configure     pin_lpc17xx.o
    0x0000216c   0x00000020   Code   RO         4085    i.PIN_ConfigureI2C0Pins  pin_lpc17xx.o
    0x0000218c   0x00000018   Code   RO         2577    i.SemaphoreTokenDecrement  rtx_semaphore.o
    0x000021a4   0x0000001e   Code   RO         2578    i.SemaphoreTokenIncrement  rtx_semaphore.o
    0x000021c2   0x00000002   PAD
    0x000021c4   0x00000038   Code   RO         3947    i.Set_Channel_active_flag  gpdma_lpc17xx.o
    0x000021fc   0x000001a8   Code   RO         4130    i.SystemCoreClockUpdate  system_lpc17xx.o
    0x000023a4   0x00000140   Code   RO         4131    i.SystemInit        system_lpc17xx.o
    0x000024e4   0x00000056   Code   RO         2758    i.ThreadFlagsCheck  rtx_thread.o
    0x0000253a   0x00000002   PAD
    0x0000253c   0x00000040   Code   RO         3193    i.TimerInsert       rtx_timer.o
    0x0000257c   0x00000018   Code   RO         3195    i.TimerUnlink       rtx_timer.o
    0x00002594   0x00000010   Code   RO         3630    i.UART0_IRQHandler  uart_lpc17xx.o
    0x000025a4   0x00000010   Code   RO         3631    i.UART1_IRQHandler  uart_lpc17xx.o
    0x000025b4   0x00000018   Code   RO         3632    i.USART0_Control    uart_lpc17xx.o
    0x000025cc   0x00000014   Code   RO         3633    i.USART0_GPDMA_Rx_Event  uart_lpc17xx.o
    0x000025e0   0x00000014   Code   RO         3634    i.USART0_GPDMA_Tx_Event  uart_lpc17xx.o
    0x000025f4   0x00000010   Code   RO         3635    i.USART0_GetCapabilities  uart_lpc17xx.o
    0x00002604   0x00000010   Code   RO         3636    i.USART0_GetModemStatus  uart_lpc17xx.o
    0x00002614   0x00000010   Code   RO         3637    i.USART0_GetRxCount  uart_lpc17xx.o
    0x00002624   0x00000010   Code   RO         3638    i.USART0_GetStatus  uart_lpc17xx.o
    0x00002634   0x00000010   Code   RO         3639    i.USART0_GetTxCount  uart_lpc17xx.o
    0x00002644   0x00000014   Code   RO         3640    i.USART0_Initialize  uart_lpc17xx.o
    0x00002658   0x00000014   Code   RO         3641    i.USART0_PowerControl  uart_lpc17xx.o
    0x0000266c   0x00000018   Code   RO         3642    i.USART0_Receive    uart_lpc17xx.o
    0x00002684   0x00000018   Code   RO         3643    i.USART0_Send       uart_lpc17xx.o
    0x0000269c   0x00000014   Code   RO         3644    i.USART0_SetModemControl  uart_lpc17xx.o
    0x000026b0   0x0000001c   Code   RO         3645    i.USART0_Transfer   uart_lpc17xx.o
    0x000026cc   0x00000010   Code   RO         3646    i.USART0_Uninitialize  uart_lpc17xx.o
    0x000026dc   0x00000018   Code   RO         3647    i.USART1_Control    uart_lpc17xx.o
    0x000026f4   0x00000014   Code   RO         3648    i.USART1_GPDMA_Rx_Event  uart_lpc17xx.o
    0x00002708   0x00000014   Code   RO         3649    i.USART1_GPDMA_Tx_Event  uart_lpc17xx.o
    0x0000271c   0x00000010   Code   RO         3650    i.USART1_GetCapabilities  uart_lpc17xx.o
    0x0000272c   0x00000010   Code   RO         3651    i.USART1_GetModemStatus  uart_lpc17xx.o
    0x0000273c   0x00000010   Code   RO         3652    i.USART1_GetRxCount  uart_lpc17xx.o
    0x0000274c   0x00000010   Code   RO         3653    i.USART1_GetStatus  uart_lpc17xx.o
    0x0000275c   0x00000010   Code   RO         3654    i.USART1_GetTxCount  uart_lpc17xx.o
    0x0000276c   0x00000014   Code   RO         3655    i.USART1_Initialize  uart_lpc17xx.o
    0x00002780   0x00000014   Code   RO         3656    i.USART1_PowerControl  uart_lpc17xx.o
    0x00002794   0x00000018   Code   RO         3657    i.USART1_Receive    uart_lpc17xx.o
    0x000027ac   0x00000018   Code   RO         3658    i.USART1_Send       uart_lpc17xx.o
    0x000027c4   0x00000014   Code   RO         3659    i.USART1_SetModemControl  uart_lpc17xx.o
    0x000027d8   0x0000001c   Code   RO         3660    i.USART1_Transfer   uart_lpc17xx.o
    0x000027f4   0x00000010   Code   RO         3661    i.USART1_Uninitialize  uart_lpc17xx.o
    0x00002804   0x00000670   Code   RO         3662    i.USART_Control     uart_lpc17xx.o
    0x00002e74   0x00000086   Code   RO         3663    i.USART_GPDMA_Rx_Event  uart_lpc17xx.o
    0x00002efa   0x0000004a   Code   RO         3664    i.USART_GPDMA_Tx_Event  uart_lpc17xx.o
    0x00002f44   0x00000006   Code   RO         3665    i.USART_GetCapabilities  uart_lpc17xx.o
    0x00002f4a   0x000000ec   Code   RO         3666    i.USART_GetModemStatus  uart_lpc17xx.o
    0x00003036   0x0000001c   Code   RO         3667    i.USART_GetRxCount  uart_lpc17xx.o
    0x00003052   0x000000bc   Code   RO         3668    i.USART_GetStatus   uart_lpc17xx.o
    0x0000310e   0x0000001c   Code   RO         3669    i.USART_GetTxCount  uart_lpc17xx.o
    0x0000312a   0x0000026c   Code   RO         3670    i.USART_IRQHandler  uart_lpc17xx.o
    0x00003396   0x000000fe   Code   RO         3671    i.USART_Initialize  uart_lpc17xx.o
    0x00003494   0x0000024c   Code   RO         3672    i.USART_PowerControl  uart_lpc17xx.o
    0x000036e0   0x00000110   Code   RO         3673    i.USART_Receive     uart_lpc17xx.o
    0x000037f0   0x00000068   Code   RO         3674    i.USART_RxLineIntHandler  uart_lpc17xx.o
    0x00003858   0x0000019c   Code   RO         3675    i.USART_Send        uart_lpc17xx.o
    0x000039f4   0x00000134   Code   RO         3676    i.USART_SetBaudrate  uart_lpc17xx.o
    0x00003b28   0x000000a0   Code   RO         3677    i.USART_SetModemControl  uart_lpc17xx.o
    0x00003bc8   0x0000007a   Code   RO         3678    i.USART_Transfer    uart_lpc17xx.o
    0x00003c42   0x000000e2   Code   RO         3679    i.USART_Uninitialize  uart_lpc17xx.o
    0x00003d24   0x00000010   Code   RO         3680    i.USARTx_GetVersion  uart_lpc17xx.o
    0x00003d34   0x000000b8   Code   RO            4    i._Z10imuUpdaterPv  main.o
    0x00003dec   0x00000048   Code   RO          389    i._Z10itmPrintlnPc  itm_arm.o
    0x00003e34   0x000000b0   Code   RO            5    i._Z11uart0ThreadPv  main.o
    0x00003ee4   0x00000040   Code   RO            6    i._Z12I2C_callbackj  main.o
    0x00003f24   0x0000025c   Code   RO            7    i._Z13computeEnginePv  main.o
    0x00004180   0x0000000e   Code   RO            8    i._Z13ledInitializev  main.o
    0x0000418e   0x00000002   PAD
    0x00004190   0x00000068   Code   RO            9    i._Z14USART_callbackj  main.o
    0x000041f8   0x00000030   Code   RO           10    i._Z14i2c1Initializev  main.o
    0x00004228   0x00000026   Code   RO           11    i._Z15heartBeatThreadPv  main.o
    0x0000424e   0x00000002   PAD
    0x00004250   0x0000004c   Code   RO           12    i._Z15uart0Initializev  main.o
    0x0000429c   0x0000001a   Code   RO           14    i._Z16__NVIC_EnableIRQ4IRQn  main.o
    0x000042b6   0x00000020   Code   RO          392    i._Z8itmPrintPc     itm_arm.o
    0x000042d6   0x00000002   PAD
    0x000042d8   0x00000064   Code   RO           17    i._Z9configI2Cv     main.o
    0x0000433c   0x00000030   Code   RO           18    i._Z9configPWMv     main.o
    0x0000436c   0x00000034   Code   RO          427    i._ZN10RingBuffer15ringBufferWriteEc  ringbuffer.o
    0x000043a0   0x0000004a   Code   RO          428    i._ZN10RingBuffer20ringBufferStringReadEPc  ringbuffer.o
    0x000043ea   0x00000002   PAD
    0x000043ec   0x0000001c   Code   RO         3463    i.__NVIC_ClearPendingIRQ  i2c_lpc17xx.o
    0x00004408   0x0000001c   Code   RO         3681    i.__NVIC_ClearPendingIRQ  uart_lpc17xx.o
    0x00004424   0x0000001c   Code   RO         3948    i.__NVIC_ClearPendingIRQ  gpdma_lpc17xx.o
    0x00004440   0x0000003c   Code   RO         3464    i.__NVIC_DisableIRQ  i2c_lpc17xx.o
    0x0000447c   0x0000001a   Code   RO         3465    i.__NVIC_EnableIRQ  i2c_lpc17xx.o
    0x00004496   0x00000006   Code   RO         1753    i.__get_BASEPRI     rtx_kernel.o
    0x0000449c   0x00000006   Code   RO         2274    i.__get_BASEPRI     rtx_msgqueue.o
    0x000044a2   0x00000006   Code   RO         2462    i.__get_BASEPRI     rtx_mutex.o
    0x000044a8   0x00000006   Code   RO         2579    i.__get_BASEPRI     rtx_semaphore.o
    0x000044ae   0x00000006   Code   RO         2761    i.__get_BASEPRI     rtx_thread.o
    0x000044b4   0x00000006   Code   RO         1754    i.__get_CONTROL     rtx_kernel.o
    0x000044ba   0x00000006   Code   RO         1755    i.__get_IPSR        rtx_kernel.o
    0x000044c0   0x00000006   Code   RO         2275    i.__get_IPSR        rtx_msgqueue.o
    0x000044c6   0x00000006   Code   RO         2463    i.__get_IPSR        rtx_mutex.o
    0x000044cc   0x00000006   Code   RO         2580    i.__get_IPSR        rtx_semaphore.o
    0x000044d2   0x00000006   Code   RO         2762    i.__get_IPSR        rtx_thread.o
    0x000044d8   0x00000006   Code   RO         1756    i.__get_PRIMASK     rtx_kernel.o
    0x000044de   0x00000006   Code   RO         2276    i.__get_PRIMASK     rtx_msgqueue.o
    0x000044e4   0x00000006   Code   RO         2464    i.__get_PRIMASK     rtx_mutex.o
    0x000044ea   0x00000006   Code   RO         2581    i.__get_PRIMASK     rtx_semaphore.o
    0x000044f0   0x00000006   Code   RO         2763    i.__get_PRIMASK     rtx_thread.o
    0x000044f6   0x00000002   PAD
    0x000044f8   0x00000018   Code   RO           19    i.__sti___8_Main_cpp_timeDiff  main.o
    0x00004510   0x00000070   Code   RO         1979    i.__user_perthread_libspace  rtx_lib.o
    0x00004580   0x00000016   Code   RO         1980    i._mutex_acquire    rtx_lib.o
    0x00004596   0x0000000c   Code   RO         1981    i._mutex_free       rtx_lib.o
    0x000045a2   0x00000020   Code   RO         1982    i._mutex_initialize  rtx_lib.o
    0x000045c2   0x00000012   Code   RO         1983    i._mutex_release    rtx_lib.o
    0x000045d4   0x00000008   Code   RO         1984    i._platform_post_stackheap_init  rtx_lib.o
    0x000045dc   0x00000090   Code   RO         2277    i.isrRtxMessageQueueGet  rtx_msgqueue.o
    0x0000466c   0x0000009e   Code   RO         2278    i.isrRtxMessageQueuePut  rtx_msgqueue.o
    0x0000470a   0x00000002   PAD
    0x0000470c   0x00000030   Code   RO         2702    i.isr_queue_get     rtx_system.o
    0x0000473c   0x0000003c   Code   RO         2703    i.isr_queue_put     rtx_system.o
    0x00004778   0x000001f4   Code   RO           20    i.main              main.o
    0x0000496c   0x00000044   Code   RO          471    i.osDelay           rtx_delay.o
    0x000049b0   0x00000044   Code   RO         1758    i.osKernelGetState  rtx_kernel.o
    0x000049f4   0x00000058   Code   RO         1763    i.osKernelInitialize  rtx_kernel.o
    0x00004a4c   0x00000058   Code   RO         1767    i.osKernelStart     rtx_kernel.o
    0x00004aa4   0x00000054   Code   RO         2280    i.osMessageQueueGet  rtx_msgqueue.o
    0x00004af8   0x00000074   Code   RO         2286    i.osMessageQueueNew  rtx_msgqueue.o
    0x00004b6c   0x00000054   Code   RO         2287    i.osMessageQueuePut  rtx_msgqueue.o
    0x00004bc0   0x00000044   Code   RO         2465    i.osMutexAcquire    rtx_mutex.o
    0x00004c04   0x00000040   Code   RO         2466    i.osMutexDelete     rtx_mutex.o
    0x00004c44   0x00000060   Code   RO         2469    i.osMutexNew        rtx_mutex.o
    0x00004ca4   0x00000040   Code   RO         2470    i.osMutexRelease    rtx_mutex.o
    0x00004ce4   0x00000020   Code   RO         3406    i.osRtxErrorNotify  rtx_config.o
    0x00004d04   0x00000004   Code   RO         3407    i.osRtxIdleThread   rtx_config.o
    0x00004d08   0x0000000c   Code   RO         2764    i.osRtxKernelGetState  rtx_thread.o
    0x00004d14   0x000000a2   Code   RO         2057    i.osRtxMemoryAlloc  rtx_memory.o
    0x00004db6   0x00000066   Code   RO         2058    i.osRtxMemoryFree   rtx_memory.o
    0x00004e1c   0x00000052   Code   RO         2059    i.osRtxMemoryInit   rtx_memory.o
    0x00004e6e   0x0000003a   Code   RO         2110    i.osRtxMemoryPoolAlloc  rtx_mempool.o
    0x00004ea8   0x0000004e   Code   RO         2111    i.osRtxMemoryPoolFree  rtx_mempool.o
    0x00004ef6   0x00000050   Code   RO         2112    i.osRtxMemoryPoolInit  rtx_mempool.o
    0x00004f46   0x00000112   Code   RO         2289    i.osRtxMessageQueuePostProcess  rtx_msgqueue.o
    0x00005058   0x00000054   Code   RO         2471    i.osRtxMutexOwnerRelease  rtx_mutex.o
    0x000050ac   0x00000064   Code   RO         2704    i.osRtxPendSV_Handler  rtx_system.o
    0x00005110   0x0000003c   Code   RO         2705    i.osRtxPostProcess  rtx_system.o
    0x0000514c   0x00000032   Code   RO         2582    i.osRtxSemaphorePostProcess  rtx_semaphore.o
    0x0000517e   0x00000002   PAD
    0x00005180   0x00000030   Code   RO         2765    i.osRtxThreadBlock  rtx_thread.o
    0x000051b0   0x00000068   Code   RO         2766    i.osRtxThreadDelayInsert  rtx_thread.o
    0x00005218   0x00000078   Code   RO         2767    i.osRtxThreadDelayRemove  rtx_thread.o
    0x00005290   0x000000dc   Code   RO         2768    i.osRtxThreadDelayTick  rtx_thread.o
    0x0000536c   0x0000006c   Code   RO         2769    i.osRtxThreadDispatch  rtx_thread.o
    0x000053d8   0x00000060   Code   RO         2770    i.osRtxThreadFree   rtx_thread.o
    0x00005438   0x0000000c   Code   RO         2771    i.osRtxThreadGetRunning  rtx_thread.o
    0x00005444   0x00000018   Code   RO         2772    i.osRtxThreadListGet  rtx_thread.o
    0x0000545c   0x0000002e   Code   RO         2773    i.osRtxThreadListPut  rtx_thread.o
    0x0000548a   0x0000001a   Code   RO         2774    i.osRtxThreadListRemove  rtx_thread.o
    0x000054a4   0x0000000e   Code   RO         2775    i.osRtxThreadListRoot  rtx_thread.o
    0x000054b2   0x00000028   Code   RO         2776    i.osRtxThreadListSort  rtx_thread.o
    0x000054da   0x00000040   Code   RO         2778    i.osRtxThreadPostProcess  rtx_thread.o
    0x0000551a   0x00000002   PAD
    0x0000551c   0x00000018   Code   RO         2779    i.osRtxThreadReadyPut  rtx_thread.o
    0x00005534   0x00000008   Code   RO         2780    i.osRtxThreadRegPtr  rtx_thread.o
    0x0000553c   0x0000000c   Code   RO         2781    i.osRtxThreadSetRunning  rtx_thread.o
    0x00005548   0x0000002c   Code   RO         2782    i.osRtxThreadStackCheck  rtx_thread.o
    0x00005574   0x0000001c   Code   RO         2783    i.osRtxThreadSwitch  rtx_thread.o
    0x00005590   0x00000058   Code   RO         2784    i.osRtxThreadWaitEnter  rtx_thread.o
    0x000055e8   0x00000036   Code   RO         2785    i.osRtxThreadWaitExit  rtx_thread.o
    0x0000561e   0x00000002   PAD
    0x00005620   0x00000098   Code   RO         2706    i.osRtxTick_Handler  rtx_system.o
    0x000056b8   0x00000058   Code   RO         3199    i.osRtxTimerThread  rtx_timer.o
    0x00005710   0x0000005c   Code   RO         3200    i.osRtxTimerTick    rtx_timer.o
    0x0000576c   0x00000090   Code   RO         2583    i.osSemaphoreAcquire  rtx_semaphore.o
    0x000057fc   0x00000074   Code   RO         2587    i.osSemaphoreNew    rtx_semaphore.o
    0x00005870   0x00000088   Code   RO         2588    i.osSemaphoreRelease  rtx_semaphore.o
    0x000058f8   0x00000020   Code   RO         2788    i.osThreadExit      rtx_thread.o
    0x00005918   0x00000030   Code   RO         2794    i.osThreadGetId     rtx_thread.o
    0x00005948   0x00000074   Code   RO         2801    i.osThreadNew       rtx_thread.o
    0x000059bc   0x00000024   Code   RO         1985    i.os_kernel_is_active  rtx_lib.o
    0x000059e0   0x00000016   Code   RO          473    i.svcRtxDelay       rtx_delay.o
    0x000059f6   0x00000002   PAD
    0x000059f8   0x00000014   Code   RO         1771    i.svcRtxKernelGetState  rtx_kernel.o
    0x00005a0c   0x000002a0   Code   RO         1776    i.svcRtxKernelInitialize  rtx_kernel.o
    0x00005cac   0x000000f8   Code   RO         1780    i.svcRtxKernelStart  rtx_kernel.o
    0x00005da4   0x00000130   Code   RO         2291    i.svcRtxMessageQueueGet  rtx_msgqueue.o
    0x00005ed4   0x000001a0   Code   RO         2297    i.svcRtxMessageQueueNew  rtx_msgqueue.o
    0x00006074   0x00000118   Code   RO         2298    i.svcRtxMessageQueuePut  rtx_msgqueue.o
    0x0000618c   0x00000108   Code   RO         2472    i.svcRtxMutexAcquire  rtx_mutex.o
    0x00006294   0x000000f4   Code   RO         2473    i.svcRtxMutexDelete  rtx_mutex.o
    0x00006388   0x000000b0   Code   RO         2476    i.svcRtxMutexNew    rtx_mutex.o
    0x00006438   0x00000114   Code   RO         2477    i.svcRtxMutexRelease  rtx_mutex.o
    0x0000654c   0x00000084   Code   RO         2589    i.svcRtxSemaphoreAcquire  rtx_semaphore.o
    0x000065d0   0x000000d4   Code   RO         2593    i.svcRtxSemaphoreNew  rtx_semaphore.o
    0x000066a4   0x00000078   Code   RO         2594    i.svcRtxSemaphoreRelease  rtx_semaphore.o
    0x0000671c   0x00000094   Code   RO         2809    i.svcRtxThreadExit  rtx_thread.o
    0x000067b0   0x00000012   Code   RO         2815    i.svcRtxThreadGetId  rtx_thread.o
    0x000067c2   0x00000002   PAD
    0x000067c4   0x0000026c   Code   RO         2822    i.svcRtxThreadNew   rtx_thread.o
    0x00006a30   0x0000002c   Code   RO         4354    locale$$code        c_w.l(lc_ctype_c.o)
    0x00006a5c   0x000000c4   Code   RO         4217    x$fpl$fadd          fz_ws.l(faddsub_clz.o)
    0x00006b20   0x00000184   Code   RO         4224    x$fpl$fdiv          fz_ws.l(fdiv.o)
    0x00006ca4   0x0000003e   Code   RO         4227    x$fpl$ffixu         fz_ws.l(ffixu.o)
    0x00006ce2   0x00000002   PAD
    0x00006ce4   0x00000030   Code   RO         4232    x$fpl$fflt          fz_ws.l(fflt_clz.o)
    0x00006d14   0x00000102   Code   RO         4237    x$fpl$fmul          fz_ws.l(fmul.o)
    0x00006e16   0x0000008c   Code   RO         4307    x$fpl$fnaninf       fz_ws.l(fnaninf.o)
    0x00006ea2   0x0000000a   Code   RO         4309    x$fpl$fretinf       fz_ws.l(fretinf.o)
    0x00006eac   0x000000ea   Code   RO         4219    x$fpl$fsub          fz_ws.l(faddsub_clz.o)
    0x00006f96   0x00000000   Code   RO         4311    x$fpl$usenofp       fz_ws.l(usenofp.o)
    0x00006f96   0x00000004   Data   RO           39    .constdata          main.o
    0x00006f9a   0x00000002   PAD
    0x00006f9c   0x00000001   Data   RO          462    .constdata          irq_cm3.o
    0x00006f9d   0x00000003   PAD
    0x00006fa0   0x00000064   Data   RO         1991    .constdata          rtx_lib.o
    0x00007004   0x00000064   Data   RO         3467    .constdata          i2c_lpc17xx.o
    0x00007068   0x0000027c   Data   RO         3683    .constdata          uart_lpc17xx.o
    0x000072e4   0x0000000b   Data   RO         1783    .conststrlit        rtx_kernel.o
    0x000072ef   0x00000001   PAD
    0x000072f0   0x00000068   Data   RO         1993    .rodata             rtx_lib.o
    0x00007358   0x00000020   Data   RO         4443    Region$$Table       anon$$obj.o
    0x00007378   0x00000110   Data   RO         4353    locale$$data        c_w.l(lc_ctype_c.o)
    0x00007488   0x00000004   Data   RO           41    .init_array         main.o
    0x0000748c   0x00000000   Data   RO         4212    .init_array         c_w.l(init_aeabi.o)


    Execution Region RW_IRAM1 (Base: 0x10000000, Size: 0x00002078, Max: 0x00008000, ABSOLUTE, COMPRESSED[0x00000050])

    Base Addr    Size         Type   Attr      Idx    E Section Name        Object

    0x10000000   0x00001230   Data   RW         1986    .bss.os             rtx_lib.o
    0x10001230   0x00000034   Data   RW         1987    .bss.os.msgqueue.cb  rtx_lib.o
    0x10001264   0x00000050   Data   RW         1988    .bss.os.msgqueue.mem  rtx_lib.o
    0x100012b4   0x00000088   Data   RW         1989    .bss.os.thread.cb   rtx_lib.o
    0x1000133c   0x00000004   PAD
    0x10001340   0x000004b0   Data   RW         1990    .bss.os.thread.stack  rtx_lib.o
    0x100017f0   0x0000005c   Data   RW           40    .data               main.o
    0x1000184c   0x00000005   Data   RW         1992    .data               rtx_lib.o
    0x10001851   0x00000001   Data   RW         3337    .data               os_systick.o
    0x10001852   0x00000004   Data   RW         3468    .data               i2c_lpc17xx.o
    0x10001856   0x00000008   Data   RW         3684    .data               uart_lpc17xx.o
    0x1000185e   0x00000002   PAD
    0x10001860   0x00000008   Data   RW         3950    .data               gpdma_lpc17xx.o
    0x10001868   0x00000004   Data   RW         4132    .data               system_lpc17xx.o
    0x1000186c   0x000000a4   Data   RW         1784    .data.os            rtx_kernel.o
    0x10001910   0x000000d8   Zero   RW           38    .bss                main.o
    0x100019e8   0x00000024   Zero   RW         3466    .bss                i2c_lpc17xx.o
    0x10001a0c   0x00000068   Zero   RW         3682    .bss                uart_lpc17xx.o
    0x10001a74   0x000000a0   Zero   RW         3949    .bss                gpdma_lpc17xx.o
    0x10001b14   0x00000060   Zero   RW         4313    .bss                c_w.l(libspace.o)
    0x10001b74   0x00000004   PAD
    0x10001b78   0x00000200   Zero   RW         4118    HEAP                startup_lpc17xx.o
    0x10001d78   0x00000300   Zero   RW         4117    STACK               startup_lpc17xx.o


==============================================================================

Image component sizes


      Code (inc. data)   RO Data    RW Data    ZI Data      Debug   Object Name

      1204         94          0          8        160       8074   gpdma_lpc17xx.o
        96          8          0          0          0       1202   gpio_lpc17xx.o
      2924        132        100          4         36      51932   i2c_lpc17xx.o
       136         10          1          0          0        548   irq_cm3.o
       104          0          0          0          0        880   itm_arm.o
      2006        454          8         92        216      81344   main.o
       176         24          0          1          0      29135   os_systick.o
       284         10          0          0          0       1464   pin_lpc17xx.o
       126          0          0          0          0       3036   ringbuffer.o
        36          6          0          0          0        925   rtx_config.o
        90          4          0          0          0      37388   rtx_delay.o
         0          0          0          0          0       4504   rtx_evflags.o
       130          0          0          0          0      35189   rtx_evr.o
      1208         54         11        164          0      21602   rtx_kernel.o
       240         18        204       6129          0      12060   rtx_lib.o
       346          0          0          0          0       3107   rtx_memory.o
       556          0          0          0          0       3795   rtx_mempool.o
      2382         34          0          0          0      18991   rtx_msgqueue.o
      1354         40          0          0          0       9579   rtx_mutex.o
      1322         30          0          0          0      11110   rtx_semaphore.o
       760         36          0          0          0       9641   rtx_system.o
      2618        110          0          0          0      24082   rtx_thread.o
       268         30          0          0          0       2372   rtx_timer.o
        68         30        204          0       1280        972   startup_lpc17xx.o
       744         34          0          4          0       1315   system_lpc17xx.o
      6144        240        636          8        104      77859   uart_lpc17xx.o

    ----------------------------------------------------------------------
     25352       1398       1202       6416       1796     452106   Object Totals
         0          0         32          0          0          0   (incl. Generated)
        30          0          6          6          0          0   (incl. Padding)

    ----------------------------------------------------------------------

      Code (inc. data)   RO Data    RW Data    ZI Data      Debug   Library Member Name

        58          0          0          0          0          0   __dczerorl.o
         8          0          0          0          0         68   __main.o
         0          0          0          0          0          0   __rtentry.o
        20          0          0          0          0          0   __rtentry2.o
         6          0          0          0          0          0   __rtentry4.o
        52          8          0          0          0          0   __scatter.o
        28          0          0          0          0          0   __scatter_zi.o
        28          0          0          0          0         68   _chval.o
       158          0          0          0          0         92   _strtoul.o
        26          0          0          0          0         80   atoi.o
        18          0          0          0          0         80   exit.o
         6          0          0          0          0        152   heapauxi.o
         0          0          0          0          0          0   indicate_semi.o
        36         10          0          0          0         80   init_aeabi.o
        44         10        272          0          0         76   lc_ctype_c.o
         2          0          0          0          0          0   libinit.o
        24          0          0          0          0          0   libinit2.o
         2          0          0          0          0          0   libshutdown.o
         2          0          0          0          0          0   libshutdown2.o
         8          4          0          0         96         68   libspace.o
       238          0          0          0          0        100   lludivv7m.o
        16          4          0          0          0         76   rt_ctype_table.o
         4          0          0          0          0         68   rt_errno_addr_twolibspace.o
        10          0          0          0          0         76   rt_locale_twolibspace.o
        68          0          0          0          0         68   rt_memclr.o
        78          0          0          0          0         80   rt_memclr_w.o
       138          0          0          0          0         68   rt_memcpy_v6.o
       100          0          0          0          0         80   rt_memcpy_w.o
         2          0          0          0          0          0   rtexit.o
        10          0          0          0          0          0   rtexit2.o
       128          0          0          0          0         68   strcmpv7m.o
       150          0          0          0          0         80   strncmp.o
       112          0          0          0          0         88   strtol.o
        12          4          0          0          0         68   sys_exit.o
        74          0          0          0          0         80   sys_stackheap_outer.o
         2          0          0          0          0         68   use_no_semi.o
       430          8          0          0          0        168   faddsub_clz.o
       388         76          0          0          0         96   fdiv.o
        62          4          0          0          0         84   ffixu.o
        48          0          0          0          0         68   fflt_clz.o
       258          4          0          0          0         84   fmul.o
       140          4          0          0          0         84   fnaninf.o
        10          0          0          0          0         68   fretinf.o
         0          0          0          0          0          0   usenofp.o

    ----------------------------------------------------------------------
      3010        136        272          0        100       2484   Library Totals
         6          0          0          0          4          0   (incl. Padding)

    ----------------------------------------------------------------------

      Code (inc. data)   RO Data    RW Data    ZI Data      Debug   Library Name

      1668         40        272          0         96       1832   c_w.l
      1336         96          0          0          0        652   fz_ws.l

    ----------------------------------------------------------------------
      3010        136        272          0        100       2484   Library Totals

    ----------------------------------------------------------------------

==============================================================================


      Code (inc. data)   RO Data    RW Data    ZI Data      Debug   

     28362       1534       1474       6416       1896     437842   Grand Totals
     28362       1534       1474         80       1896     437842   ELF Image Totals (compressed)
     28362       1534       1474         80          0          0   ROM Totals

==============================================================================

    Total RO  Size (Code + RO Data)                29836 (  29.14kB)
    Total RW  Size (RW Data + ZI Data)              8312 (   8.12kB)
    Total ROM Size (Code + RO Data + RW Data)      29916 (  29.21kB)

==============================================================================

