Component: ARM Compiler 5.06 update 3 (build 300) Tool: armlink [4d35c9]

==============================================================================

Section Cross References

    main.o(i._Z12I2C_callbackj) refers to rtx_semaphore.o(.text.osSemaphoreRelease) for osSemaphoreRelease
    main.o(i._Z12I2C_callbackj) refers to i2c_lpc17xx.o(.constdata) for Driver_I2C1
    main.o(i._Z12I2C_callbackj) refers to main.o(.data) for semaphoreTransmitId
    main.o(i._Z13ledInitializev) refers to gpio_lpc17xx.o(i.GPIO_SetDir) for GPIO_SetDir
    main.o(i._Z14i2c1Initializev) refers to i2c_lpc17xx.o(.constdata) for Driver_I2C1
    main.o(i._Z14i2c1Initializev) refers to main.o(i._Z12I2C_callbackj) for I2C_callback(unsigned)
    main.o(i._Z15heartBeatThreadPv) refers to gpio_lpc17xx.o(i.GPIO_PinWrite) for GPIO_PinWrite
    main.o(i._Z15heartBeatThreadPv) refers to rtx_delay.o(.text.osDelay) for osDelay
    main.o(i._Z15uart0Initializev) refers to main.o(i._Z16__NVIC_EnableIRQ4IRQn) for __NVIC_EnableIRQ(IRQn)
    main.o(i._Z15uart0Initializev) refers to uart_lpc17xx.o(.constdata) for Driver_USART0
    main.o(i._Z15uart0Initializev) refers to main.o(i._Z14USART_callbackj) for USART_callback(unsigned)
    main.o(i._Z15uart1Initializev) refers to main.o(i._Z16__NVIC_EnableIRQ4IRQn) for __NVIC_EnableIRQ(IRQn)
    main.o(i._Z15uart1Initializev) refers to uart_lpc17xx.o(.constdata) for Driver_USART1
    main.o(i._Z15uart1Initializev) refers to main.o(i._Z14USART_callbackj) for USART_callback(unsigned)
    main.o(i._Z17uart0UnInitializev) refers to uart_lpc17xx.o(.constdata) for Driver_USART0
    main.o(i._Z17uart1UnInitializev) refers to uart_lpc17xx.o(.constdata) for Driver_USART1
    main.o(i._Z9configI2CPv) refers to rtx_semaphore.o(.text.osSemaphoreAcquire) for osSemaphoreAcquire
    main.o(i._Z9configI2CPv) refers to i2c_lpc17xx.o(.constdata) for Driver_I2C1
    main.o(i._Z9configI2CPv) refers to main.o(.constdata) for WHOAMI
    main.o(i._Z9configI2CPv) refers to main.o(.data) for semaphoreTransmitId
    main.o(i._Z9pwmRunnerPKv) refers to main.o(i._Z9configPWMv) for configPWM()
    main.o(i.main) refers to system_lpc17xx.o(i.SystemCoreClockUpdate) for SystemCoreClockUpdate
    main.o(i.main) refers to rtx_kernel.o(.text.osKernelInitialize) for osKernelInitialize
    main.o(i.main) refers to main.o(i._Z13ledInitializev) for ledInitialize()
    main.o(i.main) refers to main.o(i._Z14i2c1Initializev) for i2c1Initialize()
    main.o(i.main) refers to rtx_semaphore.o(.text.osSemaphoreNew) for osSemaphoreNew
    main.o(i.main) refers to rtx_thread.o(.text.osThreadNew) for osThreadNew
    main.o(i.main) refers to rtx_kernel.o(.text.osKernelStart) for osKernelStart
    main.o(i.main) refers to system_lpc17xx.o(.data) for SystemCoreClock
    main.o(i.main) refers to main.o(.bss) for semaphoreTransmitAttr
    main.o(i.main) refers to main.o(.data) for semaphoreTransmitId
    main.o(i.main) refers to main.o(i._Z15heartBeatThreadPv) for heartBeatThread(void*)
    main.o(i.main) refers to main.o(i._Z9configI2CPv) for configI2C(void*)
    main.o(.ARM.exidx) refers to main.o(i._Z14USART_callbackj) for i._Z14USART_callbackj
    main.o(.ARM.exidx) refers to main.o(i._Z12I2C_callbackj) for i._Z12I2C_callbackj
    main.o(.ARM.exidx) refers to main.o(i._Z15uart0Initializev) for i._Z15uart0Initializev
    main.o(.ARM.exidx) refers to main.o(i._Z17uart0UnInitializev) for i._Z17uart0UnInitializev
    main.o(.ARM.exidx) refers to main.o(i._Z15uart1Initializev) for i._Z15uart1Initializev
    main.o(.ARM.exidx) refers to main.o(i._Z14i2c1Initializev) for i._Z14i2c1Initializev
    main.o(.ARM.exidx) refers to main.o(i._Z17uart1UnInitializev) for i._Z17uart1UnInitializev
    main.o(.ARM.exidx) refers to main.o(i._Z13ledInitializev) for i._Z13ledInitializev
    main.o(.ARM.exidx) refers to main.o(i._Z9configPWMv) for i._Z9configPWMv
    main.o(.ARM.exidx) refers to main.o(i._Z9pwmRunnerPKv) for i._Z9pwmRunnerPKv
    main.o(.ARM.exidx) refers to main.o(i._Z15heartBeatThreadPv) for i._Z15heartBeatThreadPv
    main.o(.ARM.exidx) refers to main.o(i._Z9configI2CPv) for i._Z9configI2CPv
    main.o(.ARM.exidx) refers to main.o(i.main) for i.main
    main.o(.ARM.exidx) refers to main.o(i._Z16__NVIC_EnableIRQ4IRQn) for i._Z16__NVIC_EnableIRQ4IRQn
    itm_arm.o(i._Z11itmPrintInti) refers to _printf_percent.o(.ARM.Collect$$_printf_percent$$00000000) for _printf_percent
    itm_arm.o(i._Z11itmPrintInti) refers to _printf_d.o(.ARM.Collect$$_printf_percent$$00000009) for _printf_d
    itm_arm.o(i._Z11itmPrintInti) refers to _printf_dec.o(.text) for _printf_int_dec
    itm_arm.o(i._Z11itmPrintInti) refers to noretval__2sprintf.o(.text) for __2sprintf
    itm_arm.o(i._Z11itmPrintInti) refers to itm_arm.o(i._Z8itmPrintPc) for itmPrint(char*)
    itm_arm.o(i._Z13itmPrintlnInti) refers to _printf_percent.o(.ARM.Collect$$_printf_percent$$00000000) for _printf_percent
[...]
    [Anonymous Symbol]                       0x0000179c   Section        0  rtx_msgqueue.o(.text.svcRtxMessageQueueNew)
    __arm_cp.3_0                             0x000018c4   Number         4  rtx_msgqueue.o(.text.svcRtxMessageQueueNew)
    __arm_cp.3_1                             0x000018c8   Number         4  rtx_msgqueue.o(.text.svcRtxMessageQueueNew)
    [Anonymous Symbol]                       0x000018cc   Section        0  rtx_msgqueue.o(.text.svcRtxMessageQueuePut)
    __arm_cp.5_0                             0x00001990   Number         4  rtx_msgqueue.o(.text.svcRtxMessageQueuePut)
    [Anonymous Symbol]                       0x00001994   Section        0  rtx_mutex.o(.text.svcRtxMutexAcquire)
    __arm_cp.3_0                             0x00001a24   Number         4  rtx_mutex.o(.text.svcRtxMutexAcquire)
    [Anonymous Symbol]                       0x00001a28   Section        0  rtx_mutex.o(.text.svcRtxMutexDelete)
    __arm_cp.6_0                             0x00001af8   Number         4  rtx_mutex.o(.text.svcRtxMutexDelete)
    [Anonymous Symbol]                       0x00001afc   Section        0  rtx_mutex.o(.text.svcRtxMutexNew)
    __arm_cp.1_0                             0x00001b64   Number         4  rtx_mutex.o(.text.svcRtxMutexNew)
    [Anonymous Symbol]                       0x00001b68   Section        0  rtx_mutex.o(.text.svcRtxMutexRelease)
    __arm_cp.4_0                             0x00001c20   Number         4  rtx_mutex.o(.text.svcRtxMutexRelease)
    [Anonymous Symbol]                       0x00001c24   Section        0  rtx_semaphore.o(.text.svcRtxSemaphoreAcquire)
    __arm_cp.3_0                             0x00001c80   Number         4  rtx_semaphore.o(.text.svcRtxSemaphoreAcquire)
    [Anonymous Symbol]                       0x00001c84   Section        0  rtx_semaphore.o(.text.svcRtxSemaphoreNew)
    __arm_cp.1_0                             0x00001cfc   Number         4  rtx_semaphore.o(.text.svcRtxSemaphoreNew)
    __arm_cp.1_1                             0x00001d00   Number         4  rtx_semaphore.o(.text.svcRtxSemaphoreNew)
    [Anonymous Symbol]                       0x00001d04   Section        0  rtx_semaphore.o(.text.svcRtxSemaphoreRelease)
    [Anonymous Symbol]                       0x00001d5c   Section        0  rtx_thread.o(.text.svcRtxThreadExit)
    __arm_cp.34_0                            0x00001dc8   Number         4  rtx_thread.o(.text.svcRtxThreadExit)
    [Anonymous Symbol]                       0x00001dcc   Section        0  rtx_thread.o(.text.svcRtxThreadNew)
    __arm_cp.19_0                            0x00001fb0   Number         4  rtx_thread.o(.text.svcRtxThreadNew)
    __arm_cp.19_1                            0x00001fb4   Number         4  rtx_thread.o(.text.svcRtxThreadNew)
    __arm_cp.19_2                            0x00001fb8   Number         4  rtx_thread.o(.text.svcRtxThreadNew)
    __arm_cp.19_3                            0x00001fbc   Number         4  rtx_thread.o(.text.svcRtxThreadNew)
    __arm_cp.19_4                            0x00001fc0   Number         4  rtx_thread.o(.text.svcRtxThreadNew)
    i.Clear_Channel_active_flag              0x00001fc4   Section        0  gpdma_lpc17xx.o(i.Clear_Channel_active_flag)
    Clear_Channel_active_flag                0x00001fc5   Thumb Code    28  gpdma_lpc17xx.o(i.Clear_Channel_active_flag)
    i.DMA_IRQHandler                         0x00001fe4   Section        0  gpdma_lpc17xx.o(i.DMA_IRQHandler)
    i.GPDMA_ChannelConfigure                 0x00002164   Section        0  gpdma_lpc17xx.o(i.GPDMA_ChannelConfigure)
    i.GPDMA_ChannelDisable                   0x00002258   Section        0  gpdma_lpc17xx.o(i.GPDMA_ChannelDisable)
    i.GPDMA_ChannelGetCount                  0x00002288   Section        0  gpdma_lpc17xx.o(i.GPDMA_ChannelGetCount)
    i.GPDMA_Initialize                       0x000022b8   Section        0  gpdma_lpc17xx.o(i.GPDMA_Initialize)
    i.GPDMA_PeripheralSelect                 0x00002360   Section        0  gpdma_lpc17xx.o(i.GPDMA_PeripheralSelect)
    i.GPDMA_Uninitialize                     0x000023a4   Section        0  gpdma_lpc17xx.o(i.GPDMA_Uninitialize)
    i.GPIO_PinWrite                          0x00002424   Section        0  gpio_lpc17xx.o(i.GPIO_PinWrite)
    i.GPIO_SetDir                            0x0000244c   Section        0  gpio_lpc17xx.o(i.GPIO_SetDir)
    i.GetI2CClockFreq                        0x00002484   Section        0  i2c_lpc17xx.o(i.GetI2CClockFreq)
    GetI2CClockFreq                          0x00002485   Thumb Code    60  i2c_lpc17xx.o(i.GetI2CClockFreq)
    i.GetUsartClockFreq                      0x000024c4   Section        0  uart_lpc17xx.o(i.GetUsartClockFreq)
    GetUsartClockFreq                        0x000024c5   Thumb Code    62  uart_lpc17xx.o(i.GetUsartClockFreq)
    i.I2C1_Control                           0x00002508   Section        0  i2c_lpc17xx.o(i.I2C1_Control)
    I2C1_Control                             0x00002509   Thumb Code    18  i2c_lpc17xx.o(i.I2C1_Control)
    i.I2C1_GetDataCount                      0x00002520   Section        0  i2c_lpc17xx.o(i.I2C1_GetDataCount)
    I2C1_GetDataCount                        0x00002521   Thumb Code    10  i2c_lpc17xx.o(i.I2C1_GetDataCount)
    i.I2C1_GetStatus                         0x00002530   Section        0  i2c_lpc17xx.o(i.I2C1_GetStatus)
    I2C1_GetStatus                           0x00002531   Thumb Code    12  i2c_lpc17xx.o(i.I2C1_GetStatus)
    i.I2C1_IRQHandler                        0x00002540   Section        0  i2c_lpc17xx.o(i.I2C1_IRQHandler)
    i.I2C1_Initialize                        0x00002550   Section        0  i2c_lpc17xx.o(i.I2C1_Initialize)
    I2C1_Initialize                          0x00002551   Thumb Code    14  i2c_lpc17xx.o(i.I2C1_Initialize)
    i.I2C1_MasterReceive                     0x00002564   Section        0  i2c_lpc17xx.o(i.I2C1_MasterReceive)
    I2C1_MasterReceive                       0x00002565   Thumb Code    28  i2c_lpc17xx.o(i.I2C1_MasterReceive)
    i.I2C1_MasterTransmit                    0x00002584   Section        0  i2c_lpc17xx.o(i.I2C1_MasterTransmit)
    I2C1_MasterTransmit                      0x00002585   Thumb Code    28  i2c_lpc17xx.o(i.I2C1_MasterTransmit)
    i.I2C1_PowerControl                      0x000025a4   Section        0  i2c_lpc17xx.o(i.I2C1_PowerControl)
    I2C1_PowerControl                        0x000025a5   Thumb Code    14  i2c_lpc17xx.o(i.I2C1_PowerControl)
    i.I2C1_SlaveReceive                      0x000025b8   Section        0  i2c_lpc17xx.o(i.I2C1_SlaveReceive)
    I2C1_SlaveReceive                        0x000025b9   Thumb Code    18  i2c_lpc17xx.o(i.I2C1_SlaveReceive)
    i.I2C1_SlaveTransmit                     0x000025d0   Section        0  i2c_lpc17xx.o(i.I2C1_SlaveTransmit)
    I2C1_SlaveTransmit                       0x000025d1   Thumb Code    18  i2c_lpc17xx.o(i.I2C1_SlaveTransmit)
    i.I2C1_Uninitialize                      0x000025e8   Section        0  i2c_lpc17xx.o(i.I2C1_Uninitialize)
    I2C1_Uninitialize                        0x000025e9   Thumb Code    10  i2c_lpc17xx.o(i.I2C1_Uninitialize)
    i.I2C_GetCapabilities                    0x000025f8   Section        0  i2c_lpc17xx.o(i.I2C_GetCapabilities)
    I2C_GetCapabilities                      0x000025f9   Thumb Code     6  i2c_lpc17xx.o(i.I2C_GetCapabilities)
    i.I2C_GetVersion                         0x00002604   Section        0  i2c_lpc17xx.o(i.I2C_GetVersion)
    I2C_GetVersion                           0x00002605   Thumb Code    10  i2c_lpc17xx.o(i.I2C_GetVersion)
    i.I2Cx_Control                           0x00002614   Section        0  i2c_lpc17xx.o(i.I2Cx_Control)
    I2Cx_Control                             0x00002615   Thumb Code   378  i2c_lpc17xx.o(i.I2Cx_Control)
    i.I2Cx_GetDataCount                      0x000027a0   Section        0  i2c_lpc17xx.o(i.I2Cx_GetDataCount)
    I2Cx_GetDataCount                        0x000027a1   Thumb Code     8  i2c_lpc17xx.o(i.I2Cx_GetDataCount)
    i.I2Cx_GetStatus                         0x000027a8   Section        0  i2c_lpc17xx.o(i.I2Cx_GetStatus)
    I2Cx_GetStatus                           0x000027a9   Thumb Code     8  i2c_lpc17xx.o(i.I2Cx_GetStatus)
    i.I2Cx_IRQHandler                        0x000027b0   Section        0  i2c_lpc17xx.o(i.I2Cx_IRQHandler)
    I2Cx_IRQHandler                          0x000027b1   Thumb Code    48  i2c_lpc17xx.o(i.I2Cx_IRQHandler)
    i.I2Cx_Initialize                        0x000027e0   Section        0  i2c_lpc17xx.o(i.I2Cx_Initialize)
    I2Cx_Initialize                          0x000027e1   Thumb Code    78  i2c_lpc17xx.o(i.I2Cx_Initialize)
    i.I2Cx_MasterHandler                     0x0000282e   Section        0  i2c_lpc17xx.o(i.I2Cx_MasterHandler)
    I2Cx_MasterHandler                       0x0000282f   Thumb Code   462  i2c_lpc17xx.o(i.I2Cx_MasterHandler)
    i.I2Cx_MasterReceive                     0x000029fc   Section        0  i2c_lpc17xx.o(i.I2Cx_MasterReceive)
    I2Cx_MasterReceive                       0x000029fd   Thumb Code   206  i2c_lpc17xx.o(i.I2Cx_MasterReceive)
    i.I2Cx_MasterTransmit                    0x00002aca   Section        0  i2c_lpc17xx.o(i.I2Cx_MasterTransmit)
    I2Cx_MasterTransmit                      0x00002acb   Thumb Code   204  i2c_lpc17xx.o(i.I2Cx_MasterTransmit)
    i.I2Cx_PowerControl                      0x00002b96   Section        0  i2c_lpc17xx.o(i.I2Cx_PowerControl)
    I2Cx_PowerControl                        0x00002b97   Thumb Code   320  i2c_lpc17xx.o(i.I2Cx_PowerControl)
    i.I2Cx_SlaveHandler                      0x00002cd6   Section        0  i2c_lpc17xx.o(i.I2Cx_SlaveHandler)
    I2Cx_SlaveHandler                        0x00002cd7   Thumb Code   468  i2c_lpc17xx.o(i.I2Cx_SlaveHandler)
    i.I2Cx_SlaveReceive                      0x00002eaa   Section        0  i2c_lpc17xx.o(i.I2Cx_SlaveReceive)
    I2Cx_SlaveReceive                        0x00002eab   Thumb Code   116  i2c_lpc17xx.o(i.I2Cx_SlaveReceive)
    i.I2Cx_SlaveTransmit                     0x00002f1e   Section        0  i2c_lpc17xx.o(i.I2Cx_SlaveTransmit)
    I2Cx_SlaveTransmit                       0x00002f1f   Thumb Code   116  i2c_lpc17xx.o(i.I2Cx_SlaveTransmit)
    i.I2Cx_Uninitialize                      0x00002f92   Section        0  i2c_lpc17xx.o(i.I2Cx_Uninitialize)
    I2Cx_Uninitialize                        0x00002f93   Thumb Code    48  i2c_lpc17xx.o(i.I2Cx_Uninitialize)
    i.PIN_Configure                          0x00002fc4   Section        0  pin_lpc17xx.o(i.PIN_Configure)
    i.PIN_ConfigureI2C0Pins                  0x000030c0   Section        0  pin_lpc17xx.o(i.PIN_ConfigureI2C0Pins)
    i.Set_Channel_active_flag                0x000030e0   Section        0  gpdma_lpc17xx.o(i.Set_Channel_active_flag)
    Set_Channel_active_flag                  0x000030e1   Thumb Code    50  gpdma_lpc17xx.o(i.Set_Channel_active_flag)
    i.SystemCoreClockUpdate                  0x00003118   Section        0  system_lpc17xx.o(i.SystemCoreClockUpdate)
    i.SystemInit                             0x000032c0   Section        0  system_lpc17xx.o(i.SystemInit)
    i.UART0_IRQHandler                       0x00003400   Section        0  uart_lpc17xx.o(i.UART0_IRQHandler)
    i.UART1_IRQHandler                       0x00003410   Section        0  uart_lpc17xx.o(i.UART1_IRQHandler)
    i.USART0_Control                         0x00003420   Section        0  uart_lpc17xx.o(i.USART0_Control)
    USART0_Control                           0x00003421   Thumb Code    18  uart_lpc17xx.o(i.USART0_Control)
    i.USART0_GPDMA_Rx_Event                  0x00003438   Section        0  uart_lpc17xx.o(i.USART0_GPDMA_Rx_Event)
    i.USART0_GPDMA_Tx_Event                  0x0000344c   Section        0  uart_lpc17xx.o(i.USART0_GPDMA_Tx_Event)
    i.USART0_GetCapabilities                 0x00003460   Section        0  uart_lpc17xx.o(i.USART0_GetCapabilities)
    USART0_GetCapabilities                   0x00003461   Thumb Code    12  uart_lpc17xx.o(i.USART0_GetCapabilities)
    i.USART0_GetModemStatus                  0x00003470   Section        0  uart_lpc17xx.o(i.USART0_GetModemStatus)
    USART0_GetModemStatus                    0x00003471   Thumb Code    12  uart_lpc17xx.o(i.USART0_GetModemStatus)
    i.USART0_GetRxCount                      0x00003480   Section        0  uart_lpc17xx.o(i.USART0_GetRxCount)
    USART0_GetRxCount                        0x00003481   Thumb Code    10  uart_lpc17xx.o(i.USART0_GetRxCount)
    i.USART0_GetStatus                       0x00003490   Section        0  uart_lpc17xx.o(i.USART0_GetStatus)
    USART0_GetStatus                         0x00003491   Thumb Code    12  uart_lpc17xx.o(i.USART0_GetStatus)
    i.USART0_GetTxCount                      0x000034a0   Section        0  uart_lpc17xx.o(i.USART0_GetTxCount)
    USART0_GetTxCount                        0x000034a1   Thumb Code    10  uart_lpc17xx.o(i.USART0_GetTxCount)
    i.USART0_Initialize                      0x000034b0   Section        0  uart_lpc17xx.o(i.USART0_Initialize)
    USART0_Initialize                        0x000034b1   Thumb Code    14  uart_lpc17xx.o(i.USART0_Initialize)
    i.USART0_PowerControl                    0x000034c4   Section        0  uart_lpc17xx.o(i.USART0_PowerControl)
    USART0_PowerControl                      0x000034c5   Thumb Code    14  uart_lpc17xx.o(i.USART0_PowerControl)
    i.USART0_Receive                         0x000034d8   Section        0  uart_lpc17xx.o(i.USART0_Receive)
    USART0_Receive                           0x000034d9   Thumb Code    18  uart_lpc17xx.o(i.USART0_Receive)
    i.USART0_Send                            0x000034f0   Section        0  uart_lpc17xx.o(i.USART0_Send)
    USART0_Send                              0x000034f1   Thumb Code    18  uart_lpc17xx.o(i.USART0_Send)
    i.USART0_SetModemControl                 0x00003508   Section        0  uart_lpc17xx.o(i.USART0_SetModemControl)
    USART0_SetModemControl                   0x00003509   Thumb Code    14  uart_lpc17xx.o(i.USART0_SetModemControl)
    i.USART0_Transfer                        0x0000351c   Section        0  uart_lpc17xx.o(i.USART0_Transfer)
    USART0_Transfer                          0x0000351d   Thumb Code    22  uart_lpc17xx.o(i.USART0_Transfer)
    i.USART0_Uninitialize                    0x00003538   Section        0  uart_lpc17xx.o(i.USART0_Uninitialize)
    USART0_Uninitialize                      0x00003539   Thumb Code    10  uart_lpc17xx.o(i.USART0_Uninitialize)
    i.USART1_Control                         0x00003548   Section        0  uart_lpc17xx.o(i.USART1_Control)
    USART1_Control                           0x00003549   Thumb Code    18  uart_lpc17xx.o(i.USART1_Control)
    i.USART1_GPDMA_Rx_Event                  0x00003560   Section        0  uart_lpc17xx.o(i.USART1_GPDMA_Rx_Event)
    i.USART1_GPDMA_Tx_Event                  0x00003574   Section        0  uart_lpc17xx.o(i.USART1_GPDMA_Tx_Event)
    i.USART1_GetCapabilities                 0x00003588   Section        0  uart_lpc17xx.o(i.USART1_GetCapabilities)
    USART1_GetCapabilities                   0x00003589   Thumb Code    12  uart_lpc17xx.o(i.USART1_GetCapabilities)
    i.USART1_GetModemStatus                  0x00003598   Section        0  uart_lpc17xx.o(i.USART1_GetModemStatus)
    USART1_GetModemStatus                    0x00003599   Thumb Code    12  uart_lpc17xx.o(i.USART1_GetModemStatus)
    i.USART1_GetRxCount                      0x000035a8   Section        0  uart_lpc17xx.o(i.USART1_GetRxCount)
    USART1_GetRxCount                        0x000035a9   Thumb Code    10  uart_lpc17xx.o(i.USART1_GetRxCount)
    i.USART1_GetStatus                       0x000035b8   Section        0  uart_lpc17xx.o(i.USART1_GetStatus)
    USART1_GetStatus                         0x000035b9   Thumb Code    12  uart_lpc17xx.o(i.USART1_GetStatus)
    i.USART1_GetTxCount                      0x000035c8   Section        0  uart_lpc17xx.o(i.USART1_GetTxCount)
    USART1_GetTxCount                        0x000035c9   Thumb Code    10  uart_lpc17xx.o(i.USART1_GetTxCount)
    i.USART1_Initialize                      0x000035d8   Section        0  uart_lpc17xx.o(i.USART1_Initialize)
    USART1_Initialize                        0x000035d9   Thumb Code    14  uart_lpc17xx.o(i.USART1_Initialize)
    i.USART1_PowerControl                    0x000035ec   Section        0  uart_lpc17xx.o(i.USART1_PowerControl)
    USART1_PowerControl                      0x000035ed   Thumb Code    14  uart_lpc17xx.o(i.USART1_PowerControl)
    i.USART1_Receive                         0x00003600   Section        0  uart_lpc17xx.o(i.USART1_Receive)
    USART1_Receive                           0x00003601   Thumb Code    18  uart_lpc17xx.o(i.USART1_Receive)
    i.USART1_Send                            0x00003618   Section        0  uart_lpc17xx.o(i.USART1_Send)
    USART1_Send                              0x00003619   Thumb Code    18  uart_lpc17xx.o(i.USART1_Send)
    i.USART1_SetModemControl                 0x00003630   Section        0  uart_lpc17xx.o(i.USART1_SetModemControl)
    USART1_SetModemControl                   0x00003631   Thumb Code    14  uart_lpc17xx.o(i.USART1_SetModemControl)
    i.USART1_Transfer                        0x00003644   Section        0  uart_lpc17xx.o(i.USART1_Transfer)
    USART1_Transfer                          0x00003645   Thumb Code    22  uart_lpc17xx.o(i.USART1_Transfer)
    i.USART1_Uninitialize                    0x00003660   Section        0  uart_lpc17xx.o(i.USART1_Uninitialize)
    USART1_Uninitialize                      0x00003661   Thumb Code    10  uart_lpc17xx.o(i.USART1_Uninitialize)
    i.USART_Control                          0x00003670   Section        0  uart_lpc17xx.o(i.USART_Control)
    USART_Control                            0x00003671   Thumb Code  1642  uart_lpc17xx.o(i.USART_Control)
    i.USART_GPDMA_Rx_Event                   0x00003ce0   Section        0  uart_lpc17xx.o(i.USART_GPDMA_Rx_Event)
    USART_GPDMA_Rx_Event                     0x00003ce1   Thumb Code   134  uart_lpc17xx.o(i.USART_GPDMA_Rx_Event)
    i.USART_GPDMA_Tx_Event                   0x00003d66   Section        0  uart_lpc17xx.o(i.USART_GPDMA_Tx_Event)
    USART_GPDMA_Tx_Event                     0x00003d67   Thumb Code    74  uart_lpc17xx.o(i.USART_GPDMA_Tx_Event)
    i.USART_GetCapabilities                  0x00003db0   Section        0  uart_lpc17xx.o(i.USART_GetCapabilities)
    USART_GetCapabilities                    0x00003db1   Thumb Code     6  uart_lpc17xx.o(i.USART_GetCapabilities)
    i.USART_GetModemStatus                   0x00003db6   Section        0  uart_lpc17xx.o(i.USART_GetModemStatus)
    USART_GetModemStatus                     0x00003db7   Thumb Code   236  uart_lpc17xx.o(i.USART_GetModemStatus)
    i.USART_GetRxCount                       0x00003ea2   Section        0  uart_lpc17xx.o(i.USART_GetRxCount)
    USART_GetRxCount                         0x00003ea3   Thumb Code    28  uart_lpc17xx.o(i.USART_GetRxCount)
    i.USART_GetStatus                        0x00003ebe   Section        0  uart_lpc17xx.o(i.USART_GetStatus)
    USART_GetStatus                          0x00003ebf   Thumb Code   188  uart_lpc17xx.o(i.USART_GetStatus)
    i.USART_GetTxCount                       0x00003f7a   Section        0  uart_lpc17xx.o(i.USART_GetTxCount)
    USART_GetTxCount                         0x00003f7b   Thumb Code    28  uart_lpc17xx.o(i.USART_GetTxCount)
    i.USART_IRQHandler                       0x00003f96   Section        0  uart_lpc17xx.o(i.USART_IRQHandler)
    USART_IRQHandler                         0x00003f97   Thumb Code   620  uart_lpc17xx.o(i.USART_IRQHandler)
    i.USART_Initialize                       0x00004202   Section        0  uart_lpc17xx.o(i.USART_Initialize)
    USART_Initialize                         0x00004203   Thumb Code   254  uart_lpc17xx.o(i.USART_Initialize)
    i.USART_PowerControl                     0x00004300   Section        0  uart_lpc17xx.o(i.USART_PowerControl)
    USART_PowerControl                       0x00004301   Thumb Code   584  uart_lpc17xx.o(i.USART_PowerControl)
    i.USART_Receive                          0x0000454c   Section        0  uart_lpc17xx.o(i.USART_Receive)
    USART_Receive                            0x0000454d   Thumb Code   272  uart_lpc17xx.o(i.USART_Receive)
    i.USART_RxLineIntHandler                 0x0000465c   Section        0  uart_lpc17xx.o(i.USART_RxLineIntHandler)
    USART_RxLineIntHandler                   0x0000465d   Thumb Code   104  uart_lpc17xx.o(i.USART_RxLineIntHandler)
    i.USART_Send                             0x000046c4   Section        0  uart_lpc17xx.o(i.USART_Send)
    USART_Send                               0x000046c5   Thumb Code   412  uart_lpc17xx.o(i.USART_Send)
    i.USART_SetBaudrate                      0x00004860   Section        0  uart_lpc17xx.o(i.USART_SetBaudrate)
    i.USART_SetModemControl                  0x00004994   Section        0  uart_lpc17xx.o(i.USART_SetModemControl)
    USART_SetModemControl                    0x00004995   Thumb Code   160  uart_lpc17xx.o(i.USART_SetModemControl)
    i.USART_Transfer                         0x00004a34   Section        0  uart_lpc17xx.o(i.USART_Transfer)
    USART_Transfer                           0x00004a35   Thumb Code   122  uart_lpc17xx.o(i.USART_Transfer)
    i.USART_Uninitialize                     0x00004aae   Section        0  uart_lpc17xx.o(i.USART_Uninitialize)
    USART_Uninitialize                       0x00004aaf   Thumb Code   226  uart_lpc17xx.o(i.USART_Uninitialize)
    i.USARTx_GetVersion                      0x00004b90   Section        0  uart_lpc17xx.o(i.USARTx_GetVersion)
    USARTx_GetVersion                        0x00004b91   Thumb Code    10  uart_lpc17xx.o(i.USARTx_GetVersion)
    i._Z12I2C_callbackj                      0x00004ba0   Section        0  main.o(i._Z12I2C_callbackj)
    i._Z13ledInitializev                     0x00004be0   Section        0  main.o(i._Z13ledInitializev)
    i._Z14i2c1Initializev                    0x00004bf0   Section        0  main.o(i._Z14i2c1Initializev)
    i._Z15heartBeatThreadPv                  0x00004c20   Section        0  main.o(i._Z15heartBeatThreadPv)
    i._Z9configI2CPv                         0x00004c48   Section        0  main.o(i._Z9configI2CPv)
    i.__NVIC_ClearPendingIRQ                 0x00004c98   Section        0  i2c_lpc17xx.o(i.__NVIC_ClearPendingIRQ)
    __NVIC_ClearPendingIRQ                   0x00004c99   Thumb Code    22  i2c_lpc17xx.o(i.__NVIC_ClearPendingIRQ)
    i.__NVIC_ClearPendingIRQ                 0x00004cb4   Section        0  uart_lpc17xx.o(i.__NVIC_ClearPendingIRQ)
    __NVIC_ClearPendingIRQ                   0x00004cb5   Thumb Code    22  uart_lpc17xx.o(i.__NVIC_ClearPendingIRQ)
    i.__NVIC_ClearPendingIRQ                 0x00004cd0   Section        0  gpdma_lpc17xx.o(i.__NVIC_ClearPendingIRQ)
    __NVIC_ClearPendingIRQ                   0x00004cd1   Thumb Code    22  gpdma_lpc17xx.o(i.__NVIC_ClearPendingIRQ)
    i.__NVIC_DisableIRQ                      0x00004cec   Section        0  i2c_lpc17xx.o(i.__NVIC_DisableIRQ)
    __NVIC_DisableIRQ                        0x00004ced   Thumb Code    54  i2c_lpc17xx.o(i.__NVIC_DisableIRQ)
    i.__NVIC_EnableIRQ                       0x00004d28   Section        0  i2c_lpc17xx.o(i.__NVIC_EnableIRQ)
    __NVIC_EnableIRQ                         0x00004d29   Thumb Code    26  i2c_lpc17xx.o(i.__NVIC_EnableIRQ)
    i._mutex_acquire                         0x00004d42   Section        0  rtx_lib.o(i._mutex_acquire)
    __tagsym$$used                           0x00004d43   Number         0  rtx_lib.o(i._mutex_acquire)
    i._mutex_free                            0x00004d58   Section        0  rtx_lib.o(i._mutex_free)
    __tagsym$$used                           0x00004d59   Number         0  rtx_lib.o(i._mutex_free)
    i._mutex_initialize                      0x00004d64   Section        0  rtx_lib.o(i._mutex_initialize)
    __tagsym$$used                           0x00004d65   Number         0  rtx_lib.o(i._mutex_initialize)
    i._mutex_release                         0x00004d84   Section        0  rtx_lib.o(i._mutex_release)
    __tagsym$$used                           0x00004d85   Number         0  rtx_lib.o(i._mutex_release)
    i._platform_post_stackheap_init          0x00004d96   Section        0  rtx_lib.o(i._platform_post_stackheap_init)
    i.main                                   0x00004da0   Section        0  main.o(i.main)
    i.osRtxErrorNotify                       0x00004e90   Section        0  rtx_config.o(i.osRtxErrorNotify)
    i.os_kernel_is_active                    0x00004eb0   Section        0  rtx_lib.o(i.os_kernel_is_active)
    os_kernel_is_active                      0x00004eb1   Thumb Code    32  rtx_lib.o(i.os_kernel_is_active)
    .constdata                               0x00004ed4   Section        1  main.o(.constdata)
    WHOAMI                                   0x00004ed4   Data           1  main.o(.constdata)
    .constdata                               0x00004ed8   Section      100  rtx_lib.o(.constdata)
    os_idle_thread_attr                      0x00004ed8   Data          36  rtx_lib.o(.constdata)
    os_timer_thread_attr                     0x00004efc   Data          36  rtx_lib.o(.constdata)
    os_timer_mq_attr                         0x00004f20   Data          24  rtx_lib.o(.constdata)
    .constdata                               0x00004f3c   Section      100  i2c_lpc17xx.o(.constdata)
    DriverVersion                            0x00004f3c   Data           4  i2c_lpc17xx.o(.constdata)
    DriverCapabilities                       0x00004f40   Data           4  i2c_lpc17xx.o(.constdata)
    I2C1_Resources                           0x00004f44   Data          44  i2c_lpc17xx.o(.constdata)
    .constdata                               0x00004fa0   Section      636  uart_lpc17xx.o(.constdata)
    usart_driver_version                     0x00004fa0   Data           4  uart_lpc17xx.o(.constdata)
    fract_div_lookup_table                   0x00004fa4   Data         288  uart_lpc17xx.o(.constdata)
    UART0_DMA_Tx                             0x000050c4   Data           8  uart_lpc17xx.o(.constdata)
    UART0_DMA_Rx                             0x000050cc   Data           8  uart_lpc17xx.o(.constdata)
    USART0_Resources                         0x000050d4   Data         100  uart_lpc17xx.o(.constdata)
    USART1_DMA_Tx                            0x00005138   Data           8  uart_lpc17xx.o(.constdata)
    USART1_DMA_Rx                            0x00005140   Data           8  uart_lpc17xx.o(.constdata)
    USART1_Resources                         0x00005148   Data         100  uart_lpc17xx.o(.constdata)
    .constdata                               0x0000521c   Section        1  irq_cm3.o(.constdata)
    .rodata                                  0x00005220   Section      104  rtx_lib.o(.rodata)
    __tagsym$$used                           0x00005220   Number         0  rtx_lib.o(.rodata)
    [Anonymous Symbol]                       0x00005288   Section        0  rtx_kernel.o(.rodata.str1.4)
    .L.str                                   0x00005288   Data          11  rtx_kernel.o(.rodata.str1.4)
    .bss.os                                  0x10000000   Section     4656  rtx_lib.o(.bss.os)
    os_mem                                   0x10000000   Data        4096  rtx_lib.o(.bss.os)
    os_isr_queue                             0x10001000   Data          64  rtx_lib.o(.bss.os)
    os_libspace                              0x10001040   Data         480  rtx_lib.o(.bss.os)
    os_libspace_id                           0x10001220   Data          16  rtx_lib.o(.bss.os)
    .bss.os.msgqueue.cb                      0x10001230   Section       52  rtx_lib.o(.bss.os.msgqueue.cb)
    os_timer_mq_cb                           0x10001230   Data          52  rtx_lib.o(.bss.os.msgqueue.cb)
    .bss.os.msgqueue.mem                     0x10001264   Section       80  rtx_lib.o(.bss.os.msgqueue.mem)
    os_timer_mq_data                         0x10001264   Data          80  rtx_lib.o(.bss.os.msgqueue.mem)
    .bss.os.thread.cb                        0x100012b4   Section      136  rtx_lib.o(.bss.os.thread.cb)
    os_idle_thread_cb                        0x100012b4   Data          68  rtx_lib.o(.bss.os.thread.cb)
    os_timer_thread_cb                       0x100012f8   Data          68  rtx_lib.o(.bss.os.thread.cb)
    .bss.os.thread.stack                     0x10001340   Section      400  rtx_lib.o(.bss.os.thread.stack)
    os_idle_thread_stack                     0x10001340   Data         200  rtx_lib.o(.bss.os.thread.stack)
    os_timer_thread_stack                    0x10001408   Data         200  rtx_lib.o(.bss.os.thread.stack)
    .data                                    0x100014d0   Section       12  main.o(.data)
    .data                                    0x100014dc   Section        5  rtx_lib.o(.data)
    os_kernel_active                         0x100014e0   Data           1  rtx_lib.o(.data)
    .data                                    0x100014e1   Section        4  i2c_lpc17xx.o(.data)
    .data                                    0x100014e5   Section        8  uart_lpc17xx.o(.data)
    USART0_pin_tx                            0x100014e5   Data           2  uart_lpc17xx.o(.data)
    USART0_pin_rx                            0x100014e7   Data           2  uart_lpc17xx.o(.data)
    USART1_pin_tx                            0x100014e9   Data           2  uart_lpc17xx.o(.data)
    USART1_pin_rx                            0x100014eb   Data           2  uart_lpc17xx.o(.data)
    .data                                    0x100014f0   Section        4  system_lpc17xx.o(.data)
    .data                                    0x100014f4   Section        8  gpdma_lpc17xx.o(.data)
    Channel_active                           0x100014f4   Data           4  gpdma_lpc17xx.o(.data)
    Init_cnt                                 0x100014f8   Data           4  gpdma_lpc17xx.o(.data)
    .bss                                     0x100015a0   Section       96  main.o(.bss)
    .bss                                     0x10001600   Section       36  i2c_lpc17xx.o(.bss)
    I2C1_Ctrl                                0x10001600   Data          36  i2c_lpc17xx.o(.bss)
    .bss                                     0x10001624   Section      104  uart_lpc17xx.o(.bss)
    USART0_Info                              0x10001624   Data          52  uart_lpc17xx.o(.bss)
    USART1_Info                              0x10001658   Data          52  uart_lpc17xx.o(.bss)
    .bss                                     0x1000168c   Section      160  gpdma_lpc17xx.o(.bss)
    Channel_info                             0x1000168c   Data         160  gpdma_lpc17xx.o(.bss)
    .bss                                     0x1000172c   Section       96  libspace.o(.bss)
    [Anonymous Symbol]                       0x1000178c   Section        0  os_systick.o(.bss.PendST)
    PendST                                   0x1000178c   Data           1  os_systick.o(.bss.PendST)
    HEAP                                     0x10001790   Section      512  startup_lpc17xx.o(HEAP)
    Heap_Mem                                 0x10001790   Data         512  startup_lpc17xx.o(HEAP)
    STACK                                    0x10001990   Section      768  startup_lpc17xx.o(STACK)
    Stack_Mem                                0x10001990   Data         768  startup_lpc17xx.o(STACK)
    __initial_sp                             0x10001c90   Data           0  startup_lpc17xx.o(STACK)

    Global Symbols

    Symbol Name                              Value     Ov Type        Size  Object(Section)

    BuildAttributes$$THM_ISAv4$P$D$K$B$S$PE$A:L22UL41UL21$X:L11$S22US41US21$IEEE1$IW$~IW$USESV6$~STKCKD$USESV7$~SHL$OSPACE$ROPI$EBA8$UX$STANDARDLIB$REQ8$PRES8$EABIv2 0x00000000   Number         0  anon$$obj.o ABSOLUTE
    __ARM_use_no_argv                        0x00000000   Number         0  main.o ABSOLUTE
    __Vectors                                0x00000000   Data           4  startup_lpc17xx.o(RESET)
    __ARM_exceptions_init                     - Undefined Weak Reference
    __alloca_initialize                       - Undefined Weak Reference
    __arm_preinit_                            - Undefined Weak Reference
    __cpp_initialize__aeabi_                  - Undefined Weak Reference
    __cxa_finalize                            - Undefined Weak Reference
    __rt_locale                               - Undefined Weak Reference
    __sigvec_lookup                           - Undefined Weak Reference
    _atexit_init                              - Undefined Weak Reference
    _call_atexit_fns                          - Undefined Weak Reference
    _clock_init                               - Undefined Weak Reference
    _fp_trap_init                             - Undefined Weak Reference
    _fp_trap_shutdown                         - Undefined Weak Reference
    _get_lc_collate                           - Undefined Weak Reference
    _get_lc_ctype                             - Undefined Weak Reference
    _get_lc_monetary                          - Undefined Weak Reference
    _get_lc_numeric                           - Undefined Weak Reference
    _get_lc_time                              - Undefined Weak Reference
    _getenv_init                              - Undefined Weak Reference
    _handle_redirection                       - Undefined Weak Reference
    _init_alloc                               - Undefined Weak Reference
    _init_user_alloc                          - Undefined Weak Reference
    _initio                                   - Undefined Weak Reference
    _printf_post_padding                      - Undefined Weak Reference
    _printf_pre_padding                       - Undefined Weak Reference
    _printf_truncate_signed                   - Undefined Weak Reference
    _printf_truncate_unsigned                 - Undefined Weak Reference
    _rand_init                                - Undefined Weak Reference
    _signal_finish                            - Undefined Weak Reference
    _signal_init                              - Undefined Weak Reference
    _terminate_alloc                          - Undefined Weak Reference
    _terminate_user_alloc                     - Undefined Weak Reference
    _terminateio                              - Undefined Weak Reference
    __main                                   0x000000cd   Thumb Code     8  __main.o(!!!main)
    __scatterload                            0x000000d5   Thumb Code     0  __scatter.o(!!!scatter)
    __scatterload_rt2                        0x000000d5   Thumb Code    44  __scatter.o(!!!scatter)
    __scatterload_rt2_thumb_only             0x000000d5   Thumb Code     0  __scatter.o(!!!scatter)
    __scatterload_null                       0x000000e3   Thumb Code     0  __scatter.o(!!!scatter)
    __decompress                             0x00000109   Thumb Code    90  __dczerorl2.o(!!dczerorl2)
    __decompress1                            0x00000109   Thumb Code     0  __dczerorl2.o(!!dczerorl2)
    __scatterload_zeroinit                   0x00000165   Thumb Code    28  __scatter_zi.o(!!handler_zi)
    __rt_lib_init                            0x00000181   Thumb Code     0  libinit.o(.ARM.Collect$$libinit$$00000000)
    __rt_lib_init_alloca_1                   0x00000183   Thumb Code     0  libinit2.o(.ARM.Collect$$libinit$$0000002E)
    __rt_lib_init_argv_1                     0x00000183   Thumb Code     0  libinit2.o(.ARM.Collect$$libinit$$0000002C)
    __rt_lib_init_atexit_1                   0x00000183   Thumb Code     0  libinit2.o(.ARM.Collect$$libinit$$0000001B)
    __rt_lib_init_clock_1                    0x00000183   Thumb Code     0  libinit2.o(.ARM.Collect$$libinit$$00000021)
    __rt_lib_init_cpp_1                      0x00000183   Thumb Code     0  libinit2.o(.ARM.Collect$$libinit$$00000032)
    __rt_lib_init_exceptions_1               0x00000183   Thumb Code     0  libinit2.o(.ARM.Collect$$libinit$$00000030)
    __rt_lib_init_fp_1                       0x00000183   Thumb Code     0  libinit2.o(.ARM.Collect$$libinit$$00000002)
    __rt_lib_init_fp_trap_1                  0x00000183   Thumb Code     0  libinit2.o(.ARM.Collect$$libinit$$0000001F)
    __rt_lib_init_getenv_1                   0x00000183   Thumb Code     0  libinit2.o(.ARM.Collect$$libinit$$00000023)
    __rt_lib_init_heap_1                     0x00000183   Thumb Code     0  libinit2.o(.ARM.Collect$$libinit$$0000000A)
    __rt_lib_init_lc_collate_1               0x00000183   Thumb Code     0  libinit2.o(.ARM.Collect$$libinit$$00000011)
    __rt_lib_init_lc_ctype_1                 0x00000183   Thumb Code     0  libinit2.o(.ARM.Collect$$libinit$$00000013)
    __rt_lib_init_lc_monetary_1              0x00000183   Thumb Code     0  libinit2.o(.ARM.Collect$$libinit$$00000015)
    __rt_lib_init_lc_numeric_1               0x00000183   Thumb Code     0  libinit2.o(.ARM.Collect$$libinit$$00000017)
    __rt_lib_init_lc_time_1                  0x00000183   Thumb Code     0  libinit2.o(.ARM.Collect$$libinit$$00000019)
    __rt_lib_init_preinit_1                  0x00000183   Thumb Code     0  libinit2.o(.ARM.Collect$$libinit$$00000004)
    __rt_lib_init_rand_1                     0x00000183   Thumb Code     0  libinit2.o(.ARM.Collect$$libinit$$0000000E)
    __rt_lib_init_return                     0x00000183   Thumb Code     0  libinit2.o(.ARM.Collect$$libinit$$00000033)
    __rt_lib_init_signal_1                   0x00000183   Thumb Code     0  libinit2.o(.ARM.Collect$$libinit$$0000001D)
    __rt_lib_init_stdio_1                    0x00000183   Thumb Code     0  libinit2.o(.ARM.Collect$$libinit$$00000025)
    __rt_lib_init_user_alloc_1               0x00000183   Thumb Code     0  libinit2.o(.ARM.Collect$$libinit$$0000000C)
    __rt_lib_shutdown                        0x00000185   Thumb Code     0  libshutdown.o(.ARM.Collect$$libshutdown$$00000000)
    __rt_lib_shutdown_cpp_1                  0x00000187   Thumb Code     0  libshutdown2.o(.ARM.Collect$$libshutdown$$00000002)
    __rt_lib_shutdown_fp_trap_1              0x00000187   Thumb Code     0  libshutdown2.o(.ARM.Collect$$libshutdown$$00000007)
    __rt_lib_shutdown_heap_1                 0x00000187   Thumb Code     0  libshutdown2.o(.ARM.Collect$$libshutdown$$0000000F)
    __rt_lib_shutdown_return                 0x00000187   Thumb Code     0  libshutdown2.o(.ARM.Collect$$libshutdown$$00000010)
    __rt_lib_shutdown_signal_1               0x00000187   Thumb Code     0  libshutdown2.o(.ARM.Collect$$libshutdown$$0000000A)
    __rt_lib_shutdown_stdio_1                0x00000187   Thumb Code     0  libshutdown2.o(.ARM.Collect$$libshutdown$$00000004)
    __rt_lib_shutdown_user_alloc_1           0x00000187   Thumb Code     0  libshutdown2.o(.ARM.Collect$$libshutdown$$0000000C)
    __rt_entry                               0x00000189   Thumb Code     0  __rtentry.o(.ARM.Collect$$rtentry$$00000000)
    __rt_entry_presh_1                       0x00000189   Thumb Code     0  __rtentry2.o(.ARM.Collect$$rtentry$$00000002)
    __rt_entry_sh                            0x00000189   Thumb Code     0  __rtentry4.o(.ARM.Collect$$rtentry$$00000004)
    __rt_entry_postsh_1                      0x0000018f   Thumb Code     0  __rtentry2.o(.ARM.Collect$$rtentry$$00000008)
    __rt_entry_li                            0x00000197   Thumb Code     0  __rtentry2.o(.ARM.Collect$$rtentry$$0000000A)
    __rt_entry_main                          0x0000019b   Thumb Code     0  __rtentry2.o(.ARM.Collect$$rtentry$$0000000D)
    __rt_entry_postli_1                      0x0000019b   Thumb Code     0  __rtentry2.o(.ARM.Collect$$rtentry$$0000000C)
    __rt_exit                                0x000001a3   Thumb Code     0  rtexit.o(.ARM.Collect$$rtexit$$00000000)
    __rt_exit_ls                             0x000001a5   Thumb Code     0  rtexit2.o(.ARM.Collect$$rtexit$$00000003)
    __rt_exit_prels_1                        0x000001a5   Thumb Code     0  rtexit2.o(.ARM.Collect$$rtexit$$00000002)
    __rt_exit_exit                           0x000001a9   Thumb Code     0  rtexit2.o(.ARM.Collect$$rtexit$$00000004)
    Reset_Handler                            0x000001b1   Thumb Code     8  startup_lpc17xx.o(.text)
    NMI_Handler                              0x000001b9   Thumb Code     2  startup_lpc17xx.o(.text)
    HardFault_Handler                        0x000001bb   Thumb Code     2  startup_lpc17xx.o(.text)
    MemManage_Handler                        0x000001bd   Thumb Code     2  startup_lpc17xx.o(.text)
    BusFault_Handler                         0x000001bf   Thumb Code     2  startup_lpc17xx.o(.text)
    UsageFault_Handler                       0x000001c1   Thumb Code     2  startup_lpc17xx.o(.text)
    DebugMon_Handler                         0x000001c5   Thumb Code     2  startup_lpc17xx.o(.text)
    ADC_IRQHandler                           0x000001cb   Thumb Code     0  startup_lpc17xx.o(.text)
    BOD_IRQHandler                           0x000001cb   Thumb Code     0  startup_lpc17xx.o(.text)
    CANActivity_IRQHandler                   0x000001cb   Thumb Code     0  startup_lpc17xx.o(.text)
    CAN_IRQHandler                           0x000001cb   Thumb Code     0  startup_lpc17xx.o(.text)
    EINT0_IRQHandler                         0x000001cb   Thumb Code     0  startup_lpc17xx.o(.text)
    EINT1_IRQHandler                         0x000001cb   Thumb Code     0  startup_lpc17xx.o(.text)
    EINT2_IRQHandler                         0x000001cb   Thumb Code     0  startup_lpc17xx.o(.text)
    EINT3_IRQHandler                         0x000001cb   Thumb Code     0  startup_lpc17xx.o(.text)
    ENET_IRQHandler                          0x000001cb   Thumb Code     0  startup_lpc17xx.o(.text)
    I2C0_IRQHandler                          0x000001cb   Thumb Code     0  startup_lpc17xx.o(.text)
    I2C2_IRQHandler                          0x000001cb   Thumb Code     0  startup_lpc17xx.o(.text)
    I2S_IRQHandler                           0x000001cb   Thumb Code     0  startup_lpc17xx.o(.text)
    MCPWM_IRQHandler                         0x000001cb   Thumb Code     0  startup_lpc17xx.o(.text)
    PLL0_IRQHandler                          0x000001cb   Thumb Code     0  startup_lpc17xx.o(.text)
    PLL1_IRQHandler                          0x000001cb   Thumb Code     0  startup_lpc17xx.o(.text)
    PWM1_IRQHandler                          0x000001cb   Thumb Code     0  startup_lpc17xx.o(.text)
    QEI_IRQHandler                           0x000001cb   Thumb Code     0  startup_lpc17xx.o(.text)
    RIT_IRQHandler                           0x000001cb   Thumb Code     0  startup_lpc17xx.o(.text)
    RTC_IRQHandler                           0x000001cb   Thumb Code     0  startup_lpc17xx.o(.text)
    SPI_IRQHandler                           0x000001cb   Thumb Code     0  startup_lpc17xx.o(.text)
    SSP0_IRQHandler                          0x000001cb   Thumb Code     0  startup_lpc17xx.o(.text)
    SSP1_IRQHandler                          0x000001cb   Thumb Code     0  startup_lpc17xx.o(.text)
    TIMER0_IRQHandler                        0x000001cb   Thumb Code     0  startup_lpc17xx.o(.text)
    TIMER1_IRQHandler                        0x000001cb   Thumb Code     0  startup_lpc17xx.o(.text)
    TIMER2_IRQHandler                        0x000001cb   Thumb Code     0  startup_lpc17xx.o(.text)
    TIMER3_IRQHandler                        0x000001cb   Thumb Code     0  startup_lpc17xx.o(.text)
    UART2_IRQHandler                         0x000001cb   Thumb Code     0  startup_lpc17xx.o(.text)
    UART3_IRQHandler                         0x000001cb   Thumb Code     0  startup_lpc17xx.o(.text)
    USBActivity_IRQHandler                   0x000001cb   Thumb Code     0  startup_lpc17xx.o(.text)
    USB_IRQHandler                           0x000001cb   Thumb Code     0  startup_lpc17xx.o(.text)
    WDT_IRQHandler                           0x000001cb   Thumb Code     0  startup_lpc17xx.o(.text)
    __user_initial_stackheap                 0x000001cd   Thumb Code     0  startup_lpc17xx.o(.text)
    SVC_Handler                              0x000001f1   Thumb Code    96  irq_cm3.o(.text)
    PendSV_Handler                           0x00000251   Thumb Code    16  irq_cm3.o(.text)
    SysTick_Handler                          0x00000261   Thumb Code    16  irq_cm3.o(.text)
    __aeabi_memclr                           0x00000279   Thumb Code     0  rt_memclr.o(.text)
    __rt_memclr                              0x00000279   Thumb Code    68  rt_memclr.o(.text)
    _memset                                  0x0000027d   Thumb Code     0  rt_memclr.o(.text)
    __use_two_region_memory                  0x000002bd   Thumb Code     2  heapauxi.o(.text)
    __rt_heap_escrow$2region                 0x000002bf   Thumb Code     2  heapauxi.o(.text)
    __rt_heap_expand$2region                 0x000002c1   Thumb Code     2  heapauxi.o(.text)
    exit                                     0x000002c3   Thumb Code    18  exit.o(.text)
    __user_libspace                          0x000002d5   Thumb Code     8  libspace.o(.text)
    __user_perproc_libspace                  0x000002d5   Thumb Code     0  libspace.o(.text)
    _sys_exit                                0x000002dd   Thumb Code     8  sys_exit.o(.text)
    __I$use$semihosting                      0x000002e9   Thumb Code     0  use_no_semi.o(.text)
    __use_no_semihosting_swi                 0x000002e9   Thumb Code     2  use_no_semi.o(.text)
    __semihosting_library_function           0x000002eb   Thumb Code     0  indicate_semi.o(.text)
    OS_Tick_AcknowledgeIRQ                   0x000002ed   Thumb Code    12  os_systick.o(.text.OS_Tick_AcknowledgeIRQ)
    osRtxIdleThread                          0x000002f9   Thumb Code     4  rtx_config.o(i.osRtxIdleThread)
    __aeabi_uldivmod                         0x00000301   Thumb Code     0  lludivv7m.o(.text)
    _ll_udiv                                 0x00000301   Thumb Code   238  lludivv7m.o(.text)
    __aeabi_memcpy                           0x000003ef   Thumb Code     0  rt_memcpy_v6.o(.text)
    __rt_memcpy                              0x000003ef   Thumb Code   138  rt_memcpy_v6.o(.text)
    _memcpy_lastbytes                        0x00000455   Thumb Code     0  rt_memcpy_v6.o(.text)
    __aeabi_memclr4                          0x00000479   Thumb Code     0  rt_memclr_w.o(.text)
    __aeabi_memclr8                          0x00000479   Thumb Code     0  rt_memclr_w.o(.text)
    __rt_memclr_w                            0x00000479   Thumb Code    78  rt_memclr_w.o(.text)
    _memset_w                                0x0000047d   Thumb Code     0  rt_memclr_w.o(.text)
    __aeabi_memcpy4                          0x000004c7   Thumb Code     0  rt_memcpy_w.o(.text)
    __aeabi_memcpy8                          0x000004c7   Thumb Code     0  rt_memcpy_w.o(.text)
    __rt_memcpy_w                            0x000004c7   Thumb Code   100  rt_memcpy_w.o(.text)
    _memcpy_lastbytes_aligned                0x0000050f   Thumb Code     0  rt_memcpy_w.o(.text)
    __user_setup_stackheap                   0x0000052b   Thumb Code    74  sys_stackheap_outer.o(.text)
    OS_Tick_Enable                           0x00000645   Thumb Code    48  os_systick.o(.text.OS_Tick_Enable)
    OS_Tick_GetIRQn                          0x00000675   Thumb Code     6  os_systick.o(.text.OS_Tick_GetIRQn)
    OS_Tick_Setup                            0x0000067d   Thumb Code    64  os_systick.o(.text.OS_Tick_Setup)
    osDelay                                  0x0000077d   Thumb Code    36  rtx_delay.o(.text.osDelay)
    osKernelGetState                         0x000007a1   Thumb Code    56  rtx_kernel.o(.text.osKernelGetState)
    osKernelInitialize                       0x000007d9   Thumb Code    60  rtx_kernel.o(.text.osKernelInitialize)
    osKernelStart                            0x00000815   Thumb Code    60  rtx_kernel.o(.text.osKernelStart)
    osMessageQueueGet                        0x00000851   Thumb Code   112  rtx_msgqueue.o(.text.osMessageQueueGet)
    osMessageQueueNew                        0x000008c1   Thumb Code    60  rtx_msgqueue.o(.text.osMessageQueueNew)
    osMessageQueuePut                        0x000008fd   Thumb Code   132  rtx_msgqueue.o(.text.osMessageQueuePut)
    osMutexAcquire                           0x00000981   Thumb Code    36  rtx_mutex.o(.text.osMutexAcquire)
    osMutexDelete                            0x000009a5   Thumb Code    36  rtx_mutex.o(.text.osMutexDelete)
    osMutexNew                               0x000009c9   Thumb Code    60  rtx_mutex.o(.text.osMutexNew)
    osMutexRelease                           0x00000a05   Thumb Code    36  rtx_mutex.o(.text.osMutexRelease)
    osRtxMemoryAlloc                         0x00000a29   Thumb Code   100  rtx_memory.o(.text.osRtxMemoryAlloc)
    osRtxMemoryFree                          0x00000a8d   Thumb Code    74  rtx_memory.o(.text.osRtxMemoryFree)
    osRtxMemoryInit                          0x00000ad7   Thumb Code    50  rtx_memory.o(.text.osRtxMemoryInit)
    osRtxMemoryPoolAlloc                     0x00000b09   Thumb Code    74  rtx_mempool.o(.text.osRtxMemoryPoolAlloc)
    osRtxMemoryPoolFree                      0x00000b53   Thumb Code    86  rtx_mempool.o(.text.osRtxMemoryPoolFree)
    osRtxMemoryPoolInit                      0x00000ba9   Thumb Code    84  rtx_mempool.o(.text.osRtxMemoryPoolInit)
    osRtxMessageQueuePostProcess             0x00000bfd   Thumb Code   214  rtx_msgqueue.o(.text.osRtxMessageQueuePostProcess)
    osRtxMutexOwnerRelease                   0x00000cd3   Thumb Code    68  rtx_mutex.o(.text.osRtxMutexOwnerRelease)
    osRtxPendSV_Handler                      0x00000d19   Thumb Code   144  rtx_system.o(.text.osRtxPendSV_Handler)
    osRtxPostProcess                         0x00000da9   Thumb Code   116  rtx_system.o(.text.osRtxPostProcess)
    osRtxSemaphorePostProcess                0x00000e1d   Thumb Code    62  rtx_semaphore.o(.text.osRtxSemaphorePostProcess)
    osRtxThreadBlock                         0x00000e5d   Thumb Code    72  rtx_thread.o(.text.osRtxThreadBlock)
    osRtxThreadDelayInsert                   0x00000ea5   Thumb Code   148  rtx_thread.o(.text.osRtxThreadDelayInsert)
    osRtxThreadDelayRemove                   0x00000f39   Thumb Code   108  rtx_thread.o(.text.osRtxThreadDelayRemove)
    osRtxThreadDelayTick                     0x00000fa5   Thumb Code    56  rtx_thread.o(.text.osRtxThreadDelayTick)
    osRtxThreadDispatch                      0x00000fdd   Thumb Code   128  rtx_thread.o(.text.osRtxThreadDispatch)
    osRtxThreadListGet                       0x000010b5   Thumb Code    22  rtx_thread.o(.text.osRtxThreadListGet)
    osRtxThreadListPut                       0x000010cb   Thumb Code    52  rtx_thread.o(.text.osRtxThreadListPut)
    osRtxThreadListRemove                    0x000010ff   Thumb Code    20  rtx_thread.o(.text.osRtxThreadListRemove)
    osRtxThreadListSort                      0x00001113   Thumb Code    38  rtx_thread.o(.text.osRtxThreadListSort)
    osRtxThreadPostProcess                   0x00001139   Thumb Code    42  rtx_thread.o(.text.osRtxThreadPostProcess)
    osRtxThreadReadyPut                      0x00001165   Thumb Code    20  rtx_thread.o(.text.osRtxThreadReadyPut)
    osRtxThreadRegPtr                        0x00001179   Thumb Code     6  rtx_thread.o(.text.osRtxThreadRegPtr)
    osRtxThreadStackCheck                    0x00001181   Thumb Code    40  rtx_thread.o(.text.osRtxThreadStackCheck)
    osRtxThreadSwitch                        0x000011a9   Thumb Code    16  rtx_thread.o(.text.osRtxThreadSwitch)
    osRtxThreadWaitEnter                     0x000011b9   Thumb Code    60  rtx_thread.o(.text.osRtxThreadWaitEnter)
    osRtxThreadWaitExit                      0x000011f5   Thumb Code    38  rtx_thread.o(.text.osRtxThreadWaitExit)
    osRtxTick_Handler                        0x0000121d   Thumb Code   112  rtx_system.o(.text.osRtxTick_Handler)
    osRtxTimerThread                         0x0000128d   Thumb Code    68  rtx_timer.o(.text.osRtxTimerThread)
    osRtxTimerTick                           0x000012d1   Thumb Code    88  rtx_timer.o(.text.osRtxTimerTick)
    osSemaphoreAcquire                       0x00001329   Thumb Code    96  rtx_semaphore.o(.text.osSemaphoreAcquire)
    osSemaphoreNew                           0x00001389   Thumb Code    60  rtx_semaphore.o(.text.osSemaphoreNew)
    osSemaphoreRelease                       0x000013c5   Thumb Code   104  rtx_semaphore.o(.text.osSemaphoreRelease)
    osThreadExit                             0x0000142d   Thumb Code    12  rtx_thread.o(.text.osThreadExit)
    osThreadNew                              0x00001439   Thumb Code    60  rtx_thread.o(.text.osThreadNew)
    svcRtxDelay                              0x00001475   Thumb Code    20  rtx_delay.o(.text.svcRtxDelay)
    svcRtxKernelGetState                     0x00001489   Thumb Code    12  rtx_kernel.o(.text.svcRtxKernelGetState)
    svcRtxKernelInitialize                   0x00001495   Thumb Code   396  rtx_kernel.o(.text.svcRtxKernelInitialize)
    svcRtxKernelStart                        0x00001621   Thumb Code   144  rtx_kernel.o(.text.svcRtxKernelStart)
    svcRtxMessageQueueGet                    0x000016b1   Thumb Code   236  rtx_msgqueue.o(.text.svcRtxMessageQueueGet)
    svcRtxMessageQueueNew                    0x0000179d   Thumb Code   304  rtx_msgqueue.o(.text.svcRtxMessageQueueNew)
    svcRtxMessageQueuePut                    0x000018cd   Thumb Code   200  rtx_msgqueue.o(.text.svcRtxMessageQueuePut)
    svcRtxMutexAcquire                       0x00001995   Thumb Code   148  rtx_mutex.o(.text.svcRtxMutexAcquire)
    svcRtxMutexDelete                        0x00001a29   Thumb Code   212  rtx_mutex.o(.text.svcRtxMutexDelete)
    svcRtxMutexNew                           0x00001afd   Thumb Code   108  rtx_mutex.o(.text.svcRtxMutexNew)
    svcRtxMutexRelease                       0x00001b69   Thumb Code   188  rtx_mutex.o(.text.svcRtxMutexRelease)
    svcRtxSemaphoreAcquire                   0x00001c25   Thumb Code    96  rtx_semaphore.o(.text.svcRtxSemaphoreAcquire)
    svcRtxSemaphoreNew                       0x00001c85   Thumb Code   128  rtx_semaphore.o(.text.svcRtxSemaphoreNew)
    svcRtxSemaphoreRelease                   0x00001d05   Thumb Code    86  rtx_semaphore.o(.text.svcRtxSemaphoreRelease)
    svcRtxThreadExit                         0x00001d5d   Thumb Code   112  rtx_thread.o(.text.svcRtxThreadExit)
    svcRtxThreadNew                          0x00001dcd   Thumb Code   504  rtx_thread.o(.text.svcRtxThreadNew)
    DMA_IRQHandler                           0x00001fe5   Thumb Code   372  gpdma_lpc17xx.o(i.DMA_IRQHandler)
    GPDMA_ChannelConfigure                   0x00002165   Thumb Code   232  gpdma_lpc17xx.o(i.GPDMA_ChannelConfigure)
    GPDMA_ChannelDisable                     0x00002259   Thumb Code    44  gpdma_lpc17xx.o(i.GPDMA_ChannelDisable)
    GPDMA_ChannelGetCount                    0x00002289   Thumb Code    38  gpdma_lpc17xx.o(i.GPDMA_ChannelGetCount)
    GPDMA_Initialize                         0x000022b9   Thumb Code   146  gpdma_lpc17xx.o(i.GPDMA_Initialize)
    GPDMA_PeripheralSelect                   0x00002361   Thumb Code    62  gpdma_lpc17xx.o(i.GPDMA_PeripheralSelect)
    GPDMA_Uninitialize                       0x000023a5   Thumb Code   116  gpdma_lpc17xx.o(i.GPDMA_Uninitialize)
    GPIO_PinWrite                            0x00002425   Thumb Code    36  gpio_lpc17xx.o(i.GPIO_PinWrite)
    GPIO_SetDir                              0x0000244d   Thumb Code    52  gpio_lpc17xx.o(i.GPIO_SetDir)
    I2C1_IRQHandler                          0x00002541   Thumb Code    10  i2c_lpc17xx.o(i.I2C1_IRQHandler)
    PIN_Configure                            0x00002fc5   Thumb Code   246  pin_lpc17xx.o(i.PIN_Configure)
    PIN_ConfigureI2C0Pins                    0x000030c1   Thumb Code    28  pin_lpc17xx.o(i.PIN_ConfigureI2C0Pins)
    SystemCoreClockUpdate                    0x00003119   Thumb Code   408  system_lpc17xx.o(i.SystemCoreClockUpdate)
    SystemInit                               0x000032c1   Thumb Code   302  system_lpc17xx.o(i.SystemInit)
    UART0_IRQHandler                         0x00003401   Thumb Code    10  uart_lpc17xx.o(i.UART0_IRQHandler)
    UART1_IRQHandler                         0x00003411   Thumb Code    10  uart_lpc17xx.o(i.UART1_IRQHandler)
    USART0_GPDMA_Rx_Event                    0x00003439   Thumb Code    14  uart_lpc17xx.o(i.USART0_GPDMA_Rx_Event)
    USART0_GPDMA_Tx_Event                    0x0000344d   Thumb Code    14  uart_lpc17xx.o(i.USART0_GPDMA_Tx_Event)
    USART1_GPDMA_Rx_Event                    0x00003561   Thumb Code    14  uart_lpc17xx.o(i.USART1_GPDMA_Rx_Event)
    USART1_GPDMA_Tx_Event                    0x00003575   Thumb Code    14  uart_lpc17xx.o(i.USART1_GPDMA_Tx_Event)
    USART_SetBaudrate                        0x00004861   Thumb Code   302  uart_lpc17xx.o(i.USART_SetBaudrate)
    I2C_callback(unsigned)                   0x00004ba1   Thumb Code    52  main.o(i._Z12I2C_callbackj)
    ledInitialize()                          0x00004be1   Thumb Code    14  main.o(i._Z13ledInitializev)
    i2c1Initialize()                         0x00004bf1   Thumb Code    40  main.o(i._Z14i2c1Initializev)
    heartBeatThread(void*)                   0x00004c21   Thumb Code    38  main.o(i._Z15heartBeatThreadPv)
    configI2C(void*)                         0x00004c49   Thumb Code    62  main.o(i._Z9configI2CPv)
    _mutex_acquire                           0x00004d43   Thumb Code    22  rtx_lib.o(i._mutex_acquire)
    _mutex_free                              0x00004d59   Thumb Code    12  rtx_lib.o(i._mutex_free)
    _mutex_initialize                        0x00004d65   Thumb Code    32  rtx_lib.o(i._mutex_initialize)
    _mutex_release                           0x00004d85   Thumb Code    18  rtx_lib.o(i._mutex_release)
    _platform_post_stackheap_init            0x00004d97   Thumb Code     8  rtx_lib.o(i._platform_post_stackheap_init)
    main                                     0x00004da1   Thumb Code   164  main.o(i.main)
    osRtxErrorNotify                         0x00004e91   Thumb Code    32  rtx_config.o(i.osRtxErrorNotify)
    osRtxUserSVC                             0x00004f38   Data           4  rtx_lib.o(.constdata)
    Driver_I2C1                              0x00004f70   Data          48  i2c_lpc17xx.o(.constdata)
    Driver_USART0                            0x000051ac   Data          56  uart_lpc17xx.o(.constdata)
    Driver_USART1                            0x000051e4   Data          56  uart_lpc17xx.o(.constdata)
    irqRtxLib                                0x0000521c   Data           1  irq_cm3.o(.constdata)
    osRtxConfig                              0x00005220   Data         104  rtx_lib.o(.rodata)
    Region$$Table$$Base                      0x00005294   Number         0  anon$$obj.o(Region$$Table)
    Region$$Table$$Limit                     0x000052b4   Number         0  anon$$obj.o(Region$$Table)
    Driver_USART1_STATUS                     0x100014d0   Data           4  main.o(.data)
    semaphoreTransmitId                      0x100014d4   Data           4  main.o(.data)
    semaphoreReceiveId                       0x100014d8   Data           4  main.o(.data)
    irqRtxLibRef                             0x100014dc   Data           4  rtx_lib.o(.data)
    I2C1_PIN                                 0x100014e1   Data           4  i2c_lpc17xx.o(.data)
    SystemCoreClock                          0x100014f0   Data           4  system_lpc17xx.o(.data)
    osRtxInfo                                0x100014fc   Data         164  rtx_kernel.o(.data.os)
    Driver_USART1_INFO                       0x100015a0   Data          32  main.o(.bss)
    semaphoreTransmitAttr                    0x100015c0   Data          16  main.o(.bss)
    semaphoreReceiveAttr                     0x100015d0   Data          16  main.o(.bss)
    tempwhat                                 0x100015e0   Data          32  main.o(.bss)
    __libspace_start                         0x1000172c   Data          96  libspace.o(.bss)
    __temporary_stack_top$libspace           0x1000178c   Data           0  libspace.o(.bss)



==============================================================================

Memory Map of the image

  Image Entry point : 0x000000cd

  Load Region LR_IROM1 (Base: 0x00000000, Size: 0x00006854, Max: 0x00080000, ABSOLUTE, COMPRESSED[0x000052f8])

    Execution Region ER_IROM1 (Base: 0x00000000, Size: 0x000052b4, Max: 0x00080000, ABSOLUTE)

    Base Addr    Size         Type   Attr      Idx    E Section Name        Object

    0x00000000   0x000000cc   Data   RO          922    RESET               startup_lpc17xx.o
    0x000000cc   0x00000008   Code   RO         1714  * !!!main             c_w.l(__main.o)
    0x000000d4   0x00000034   Code   RO         1892    !!!scatter          c_w.l(__scatter.o)
    0x00000108   0x0000005a   Code   RO         1890    !!dczerorl2         c_w.l(__dczerorl2.o)
    0x00000162   0x00000002   PAD
    0x00000164   0x0000001c   Code   RO         1894    !!handler_zi        c_w.l(__scatter_zi.o)
    0x00000180   0x00000002   Code   RO         1760    .ARM.Collect$$libinit$$00000000  c_w.l(libinit.o)
    0x00000182   0x00000000   Code   RO         1773    .ARM.Collect$$libinit$$00000002  c_w.l(libinit2.o)
    0x00000182   0x00000000   Code   RO         1775    .ARM.Collect$$libinit$$00000004  c_w.l(libinit2.o)
    0x00000182   0x00000000   Code   RO         1778    .ARM.Collect$$libinit$$0000000A  c_w.l(libinit2.o)
    0x00000182   0x00000000   Code   RO         1780    .ARM.Collect$$libinit$$0000000C  c_w.l(libinit2.o)
    0x00000182   0x00000000   Code   RO         1782    .ARM.Collect$$libinit$$0000000E  c_w.l(libinit2.o)
    0x00000182   0x00000000   Code   RO         1785    .ARM.Collect$$libinit$$00000011  c_w.l(libinit2.o)
    0x00000182   0x00000000   Code   RO         1787    .ARM.Collect$$libinit$$00000013  c_w.l(libinit2.o)
    0x00000182   0x00000000   Code   RO         1789    .ARM.Collect$$libinit$$00000015  c_w.l(libinit2.o)
    0x00000182   0x00000000   Code   RO         1791    .ARM.Collect$$libinit$$00000017  c_w.l(libinit2.o)
    0x00000182   0x00000000   Code   RO         1793    .ARM.Collect$$libinit$$00000019  c_w.l(libinit2.o)
    0x00000182   0x00000000   Code   RO         1795    .ARM.Collect$$libinit$$0000001B  c_w.l(libinit2.o)
    0x00000182   0x00000000   Code   RO         1797    .ARM.Collect$$libinit$$0000001D  c_w.l(libinit2.o)
    0x00000182   0x00000000   Code   RO         1799    .ARM.Collect$$libinit$$0000001F  c_w.l(libinit2.o)
    0x00000182   0x00000000   Code   RO         1801    .ARM.Collect$$libinit$$00000021  c_w.l(libinit2.o)
    0x00000182   0x00000000   Code   RO         1803    .ARM.Collect$$libinit$$00000023  c_w.l(libinit2.o)
    0x00000182   0x00000000   Code   RO         1805    .ARM.Collect$$libinit$$00000025  c_w.l(libinit2.o)
    0x00000182   0x00000000   Code   RO         1809    .ARM.Collect$$libinit$$0000002C  c_w.l(libinit2.o)
    0x00000182   0x00000000   Code   RO         1811    .ARM.Collect$$libinit$$0000002E  c_w.l(libinit2.o)
    0x00000182   0x00000000   Code   RO         1813    .ARM.Collect$$libinit$$00000030  c_w.l(libinit2.o)
    0x00000182   0x00000000   Code   RO         1815    .ARM.Collect$$libinit$$00000032  c_w.l(libinit2.o)
    0x00000182   0x00000002   Code   RO         1816    .ARM.Collect$$libinit$$00000033  c_w.l(libinit2.o)
    0x00000184   0x00000002   Code   RO         1847    .ARM.Collect$$libshutdown$$00000000  c_w.l(libshutdown.o)
    0x00000186   0x00000000   Code   RO         1873    .ARM.Collect$$libshutdown$$00000002  c_w.l(libshutdown2.o)
    0x00000186   0x00000000   Code   RO         1875    .ARM.Collect$$libshutdown$$00000004  c_w.l(libshutdown2.o)
    0x00000186   0x00000000   Code   RO         1878    .ARM.Collect$$libshutdown$$00000007  c_w.l(libshutdown2.o)
    0x00000186   0x00000000   Code   RO         1881    .ARM.Collect$$libshutdown$$0000000A  c_w.l(libshutdown2.o)
    0x00000186   0x00000000   Code   RO         1883    .ARM.Collect$$libshutdown$$0000000C  c_w.l(libshutdown2.o)
    0x00000186   0x00000000   Code   RO         1886    .ARM.Collect$$libshutdown$$0000000F  c_w.l(libshutdown2.o)
    0x00000186   0x00000002   Code   RO         1887    .ARM.Collect$$libshutdown$$00000010  c_w.l(libshutdown2.o)
    0x00000188   0x00000000   Code   RO         1716    .ARM.Collect$$rtentry$$00000000  c_w.l(__rtentry.o)
    0x00000188   0x00000000   Code   RO         1731    .ARM.Collect$$rtentry$$00000002  c_w.l(__rtentry2.o)
    0x00000188   0x00000006   Code   RO         1743    .ARM.Collect$$rtentry$$00000004  c_w.l(__rtentry4.o)
    0x0000018e   0x00000008   Code   RO         1732    .ARM.Collect$$rtentry$$00000008  c_w.l(__rtentry2.o)
    0x00000196   0x00000004   Code   RO         1734    .ARM.Collect$$rtentry$$0000000A  c_w.l(__rtentry2.o)
    0x0000019a   0x00000000   Code   RO         1736    .ARM.Collect$$rtentry$$0000000C  c_w.l(__rtentry2.o)
    0x0000019a   0x00000008   Code   RO         1737    .ARM.Collect$$rtentry$$0000000D  c_w.l(__rtentry2.o)
    0x000001a2   0x00000002   Code   RO         1764    .ARM.Collect$$rtexit$$00000000  c_w.l(rtexit.o)
    0x000001a4   0x00000000   Code   RO         1820    .ARM.Collect$$rtexit$$00000002  c_w.l(rtexit2.o)
    0x000001a4   0x00000004   Code   RO         1821    .ARM.Collect$$rtexit$$00000003  c_w.l(rtexit2.o)
    0x000001a8   0x00000006   Code   RO         1822    .ARM.Collect$$rtexit$$00000004  c_w.l(rtexit2.o)
    0x000001ae   0x00000002   PAD
    0x000001b0   0x00000040   Code   RO          924    .text               startup_lpc17xx.o
    0x000001f0   0x00000088   Code   RO         1447    .text               RTX_CM3.lib(irq_cm3.o)
    0x00000278   0x00000044   Code   RO         1708    .text               c_w.l(rt_memclr.o)
    0x000002bc   0x00000006   Code   RO         1712    .text               c_w.l(heapauxi.o)
    0x000002c2   0x00000012   Code   RO         1751    .text               c_w.l(exit.o)
    0x000002d4   0x00000008   Code   RO         1761    .text               c_w.l(libspace.o)
    0x000002dc   0x0000000c   Code   RO         1817    .text               c_w.l(sys_exit.o)
    0x000002e8   0x00000002   Code   RO         1836    .text               c_w.l(use_no_semi.o)
    0x000002ea   0x00000000   Code   RO         1838    .text               c_w.l(indicate_semi.o)
    0x000002ea   0x00000002   PAD
    0x000002ec   0x0000000c   Code   RO         1590    .text.OS_Tick_AcknowledgeIRQ  RTX_CM3.lib(os_systick.o)
    0x000002f8   0x00000004   Code   RO          271    i.osRtxIdleThread   rtx_config.o
    0x000002fc   0x00000004   Code   RO          923    .ARM.__at_0x02FC    startup_lpc17xx.o
    0x00000300   0x000000ee   Code   RO         1674    .text               c_w.l(lludivv7m.o)
    0x000003ee   0x0000008a   Code   RO         1706    .text               c_w.l(rt_memcpy_v6.o)
    0x00000478   0x0000004e   Code   RO         1710    .text               c_w.l(rt_memclr_w.o)
    0x000004c6   0x00000064   Code   RO         1728    .text               c_w.l(rt_memcpy_w.o)
    0x0000052a   0x0000004a   Code   RO         1749    .text               c_w.l(sys_stackheap_outer.o)
    0x00000574   0x00000046   Code   RO         1628    .text.MessageQueueGet  RTX_CM3.lib(rtx_msgqueue.o)
    0x000005ba   0x00000064   Code   RO         1618    .text.MessageQueuePut  RTX_CM3.lib(rtx_msgqueue.o)
    0x0000061e   0x00000026   Code   RO         1616    .text.MessageQueueRemove  RTX_CM3.lib(rtx_msgqueue.o)
    0x00000644   0x00000030   Code   RO         1586    .text.OS_Tick_Enable  RTX_CM3.lib(os_systick.o)
    0x00000674   0x00000006   Code   RO         1592    .text.OS_Tick_GetIRQn  RTX_CM3.lib(os_systick.o)
    0x0000067a   0x00000002   PAD
    0x0000067c   0x00000040   Code   RO         1584    .text.OS_Tick_Setup  RTX_CM3.lib(os_systick.o)
    0x000006bc   0x00000070   Code   RO         1255    .text.ThreadFlagsCheck  RTX_CM3.lib(rtx_thread.o)
    0x0000072c   0x00000050   Code   RO         1454    .text.TimerInsert   RTX_CM3.lib(rtx_timer.o)
    0x0000077c   0x00000024   Code   RO         1358    .text.osDelay       RTX_CM3.lib(rtx_delay.o)
    0x000007a0   0x00000038   Code   RO         1184    .text.osKernelGetState  RTX_CM3.lib(rtx_kernel.o)
    0x000007d8   0x0000003c   Code   RO         1180    .text.osKernelInitialize  RTX_CM3.lib(rtx_kernel.o)
    0x00000814   0x0000003c   Code   RO         1186    .text.osKernelStart  RTX_CM3.lib(rtx_kernel.o)
    0x00000850   0x00000070   Code   RO         1648    .text.osMessageQueueGet  RTX_CM3.lib(rtx_msgqueue.o)
    0x000008c0   0x0000003c   Code   RO         1642    .text.osMessageQueueNew  RTX_CM3.lib(rtx_msgqueue.o)
    0x000008fc   0x00000084   Code   RO         1646    .text.osMessageQueuePut  RTX_CM3.lib(rtx_msgqueue.o)
    0x00000980   0x00000024   Code   RO         1391    .text.osMutexAcquire  RTX_CM3.lib(rtx_mutex.o)
    0x000009a4   0x00000024   Code   RO         1397    .text.osMutexDelete  RTX_CM3.lib(rtx_mutex.o)
    0x000009c8   0x0000003c   Code   RO         1387    .text.osMutexNew    RTX_CM3.lib(rtx_mutex.o)
    0x00000a04   0x00000024   Code   RO         1393    .text.osMutexRelease  RTX_CM3.lib(rtx_mutex.o)
    0x00000a28   0x00000064   Code   RO         1497    .text.osRtxMemoryAlloc  RTX_CM3.lib(rtx_memory.o)
    0x00000a8c   0x0000004a   Code   RO         1499    .text.osRtxMemoryFree  RTX_CM3.lib(rtx_memory.o)
    0x00000ad6   0x00000032   Code   RO         1495    .text.osRtxMemoryInit  RTX_CM3.lib(rtx_memory.o)
    0x00000b08   0x0000004a   Code   RO         1514    .text.osRtxMemoryPoolAlloc  RTX_CM3.lib(rtx_mempool.o)
    0x00000b52   0x00000056   Code   RO         1516    .text.osRtxMemoryPoolFree  RTX_CM3.lib(rtx_mempool.o)
    0x00000ba8   0x00000054   Code   RO         1512    .text.osRtxMemoryPoolInit  RTX_CM3.lib(rtx_mempool.o)
    0x00000bfc   0x000000d6   Code   RO         1614    .text.osRtxMessageQueuePostProcess  RTX_CM3.lib(rtx_msgqueue.o)
    0x00000cd2   0x00000044   Code   RO         1373    .text.osRtxMutexOwnerRelease  RTX_CM3.lib(rtx_mutex.o)
    0x00000d16   0x00000002   PAD
    0x00000d18   0x00000090   Code   RO         1569    .text.osRtxPendSV_Handler  RTX_CM3.lib(rtx_system.o)
    0x00000da8   0x00000074   Code   RO         1571    .text.osRtxPostProcess  RTX_CM3.lib(rtx_system.o)
    0x00000e1c   0x0000003e   Code   RO         1410    .text.osRtxSemaphorePostProcess  RTX_CM3.lib(rtx_semaphore.o)
    0x00000e5a   0x00000002   PAD
    0x00000e5c   0x00000048   Code   RO         1241    .text.osRtxThreadBlock  RTX_CM3.lib(rtx_thread.o)
    0x00000ea4   0x00000094   Code   RO         1233    .text.osRtxThreadDelayInsert  RTX_CM3.lib(rtx_thread.o)
    0x00000f38   0x0000006c   Code   RO         1235    .text.osRtxThreadDelayRemove  RTX_CM3.lib(rtx_thread.o)
    0x00000fa4   0x00000038   Code   RO         1237    .text.osRtxThreadDelayTick  RTX_CM3.lib(rtx_thread.o)
    0x00000fdc   0x00000080   Code   RO         1247    .text.osRtxThreadDispatch  RTX_CM3.lib(rtx_thread.o)
    0x0000105c   0x00000058   Code   RO         1283    .text.osRtxThreadFree  RTX_CM3.lib(rtx_thread.o)
    0x000010b4   0x00000016   Code   RO         1221    .text.osRtxThreadListGet  RTX_CM3.lib(rtx_thread.o)
    0x000010ca   0x00000034   Code   RO         1219    .text.osRtxThreadListPut  RTX_CM3.lib(rtx_thread.o)
    0x000010fe   0x00000014   Code   RO         1227    .text.osRtxThreadListRemove  RTX_CM3.lib(rtx_thread.o)
    0x00001112   0x00000026   Code   RO         1225    .text.osRtxThreadListSort  RTX_CM3.lib(rtx_thread.o)
    0x00001138   0x0000002a   Code   RO         1253    .text.osRtxThreadPostProcess  RTX_CM3.lib(rtx_thread.o)
    0x00001162   0x00000002   PAD
    0x00001164   0x00000014   Code   RO         1231    .text.osRtxThreadReadyPut  RTX_CM3.lib(rtx_thread.o)
    0x00001178   0x00000006   Code   RO         1239    .text.osRtxThreadRegPtr  RTX_CM3.lib(rtx_thread.o)
    0x0000117e   0x00000002   PAD
    0x00001180   0x00000028   Code   RO         1245    .text.osRtxThreadStackCheck  RTX_CM3.lib(rtx_thread.o)
    0x000011a8   0x00000010   Code   RO         1243    .text.osRtxThreadSwitch  RTX_CM3.lib(rtx_thread.o)
    0x000011b8   0x0000003c   Code   RO         1251    .text.osRtxThreadWaitEnter  RTX_CM3.lib(rtx_thread.o)
    0x000011f4   0x00000026   Code   RO         1249    .text.osRtxThreadWaitExit  RTX_CM3.lib(rtx_thread.o)
    0x0000121a   0x00000002   PAD
    0x0000121c   0x00000070   Code   RO         1567    .text.osRtxTick_Handler  RTX_CM3.lib(rtx_system.o)
    0x0000128c   0x00000044   Code   RO         1456    .text.osRtxTimerThread  RTX_CM3.lib(rtx_timer.o)
    0x000012d0   0x00000058   Code   RO         1452    .text.osRtxTimerTick  RTX_CM3.lib(rtx_timer.o)
    0x00001328   0x00000060   Code   RO         1428    .text.osSemaphoreAcquire  RTX_CM3.lib(rtx_semaphore.o)
    0x00001388   0x0000003c   Code   RO         1424    .text.osSemaphoreNew  RTX_CM3.lib(rtx_semaphore.o)
    0x000013c4   0x00000068   Code   RO         1430    .text.osSemaphoreRelease  RTX_CM3.lib(rtx_semaphore.o)
    0x0000142c   0x0000000c   Code   RO         1259    .text.osThreadExit  RTX_CM3.lib(rtx_thread.o)
    0x00001438   0x0000003c   Code   RO         1303    .text.osThreadNew   RTX_CM3.lib(rtx_thread.o)
    0x00001474   0x00000014   Code   RO         1354    .text.svcRtxDelay   RTX_CM3.lib(rtx_delay.o)
    0x00001488   0x0000000c   Code   RO         1158    .text.svcRtxKernelGetState  RTX_CM3.lib(rtx_kernel.o)
    0x00001494   0x0000018c   Code   RO         1154    .text.svcRtxKernelInitialize  RTX_CM3.lib(rtx_kernel.o)
    0x00001620   0x00000090   Code   RO         1160    .text.svcRtxKernelStart  RTX_CM3.lib(rtx_kernel.o)
    0x000016b0   0x000000ec   Code   RO         1626    .text.svcRtxMessageQueueGet  RTX_CM3.lib(rtx_msgqueue.o)
    0x0000179c   0x00000130   Code   RO         1620    .text.svcRtxMessageQueueNew  RTX_CM3.lib(rtx_msgqueue.o)
    0x000018cc   0x000000c8   Code   RO         1624    .text.svcRtxMessageQueuePut  RTX_CM3.lib(rtx_msgqueue.o)
    0x00001994   0x00000094   Code   RO         1379    .text.svcRtxMutexAcquire  RTX_CM3.lib(rtx_mutex.o)
    0x00001a28   0x000000d4   Code   RO         1385    .text.svcRtxMutexDelete  RTX_CM3.lib(rtx_mutex.o)
    0x00001afc   0x0000006c   Code   RO         1375    .text.svcRtxMutexNew  RTX_CM3.lib(rtx_mutex.o)
    0x00001b68   0x000000bc   Code   RO         1381    .text.svcRtxMutexRelease  RTX_CM3.lib(rtx_mutex.o)
    0x00001c24   0x00000060   Code   RO         1416    .text.svcRtxSemaphoreAcquire  RTX_CM3.lib(rtx_semaphore.o)
    0x00001c84   0x00000080   Code   RO         1412    .text.svcRtxSemaphoreNew  RTX_CM3.lib(rtx_semaphore.o)
    0x00001d04   0x00000056   Code   RO         1418    .text.svcRtxSemaphoreRelease  RTX_CM3.lib(rtx_semaphore.o)
    0x00001d5a   0x00000002   PAD
    0x00001d5c   0x00000070   Code   RO         1287    .text.svcRtxThreadExit  RTX_CM3.lib(rtx_thread.o)
    0x00001dcc   0x000001f8   Code   RO         1257    .text.svcRtxThreadNew  RTX_CM3.lib(rtx_thread.o)
    0x00001fc4   0x00000020   Code   RO          973    i.Clear_Channel_active_flag  gpdma_lpc17xx.o
    0x00001fe4   0x00000180   Code   RO          974    i.DMA_IRQHandler    gpdma_lpc17xx.o
    0x00002164   0x000000f4   Code   RO          975    i.GPDMA_ChannelConfigure  gpdma_lpc17xx.o
    0x00002258   0x00000030   Code   RO          976    i.GPDMA_ChannelDisable  gpdma_lpc17xx.o
    0x00002288   0x00000030   Code   RO          978    i.GPDMA_ChannelGetCount  gpdma_lpc17xx.o
    0x000022b8   0x000000a8   Code   RO          980    i.GPDMA_Initialize  gpdma_lpc17xx.o
    0x00002360   0x00000044   Code   RO          981    i.GPDMA_PeripheralSelect  gpdma_lpc17xx.o
    0x000023a4   0x00000080   Code   RO          982    i.GPDMA_Uninitialize  gpdma_lpc17xx.o
    0x00002424   0x00000028   Code   RO         1064    i.GPIO_PinWrite     gpio_lpc17xx.o
    0x0000244c   0x00000038   Code   RO         1068    i.GPIO_SetDir       gpio_lpc17xx.o
    0x00002484   0x00000040   Code   RO          397    i.GetI2CClockFreq   i2c_lpc17xx.o
    0x000024c4   0x00000044   Code   RO          615    i.GetUsartClockFreq  uart_lpc17xx.o
    0x00002508   0x00000018   Code   RO          398    i.I2C1_Control      i2c_lpc17xx.o
    0x00002520   0x00000010   Code   RO          399    i.I2C1_GetDataCount  i2c_lpc17xx.o
    0x00002530   0x00000010   Code   RO          400    i.I2C1_GetStatus    i2c_lpc17xx.o
    0x00002540   0x00000010   Code   RO          401    i.I2C1_IRQHandler   i2c_lpc17xx.o
    0x00002550   0x00000014   Code   RO          402    i.I2C1_Initialize   i2c_lpc17xx.o
    0x00002564   0x00000020   Code   RO          403    i.I2C1_MasterReceive  i2c_lpc17xx.o
    0x00002584   0x00000020   Code   RO          404    i.I2C1_MasterTransmit  i2c_lpc17xx.o
    0x000025a4   0x00000014   Code   RO          405    i.I2C1_PowerControl  i2c_lpc17xx.o
    0x000025b8   0x00000018   Code   RO          406    i.I2C1_SlaveReceive  i2c_lpc17xx.o
    0x000025d0   0x00000018   Code   RO          407    i.I2C1_SlaveTransmit  i2c_lpc17xx.o
    0x000025e8   0x00000010   Code   RO          408    i.I2C1_Uninitialize  i2c_lpc17xx.o
    0x000025f8   0x0000000c   Code   RO          409    i.I2C_GetCapabilities  i2c_lpc17xx.o
    0x00002604   0x00000010   Code   RO          410    i.I2C_GetVersion    i2c_lpc17xx.o
    0x00002614   0x0000018c   Code   RO          411    i.I2Cx_Control      i2c_lpc17xx.o
    0x000027a0   0x00000008   Code   RO          412    i.I2Cx_GetDataCount  i2c_lpc17xx.o
    0x000027a8   0x00000008   Code   RO          413    i.I2Cx_GetStatus    i2c_lpc17xx.o
    0x000027b0   0x00000030   Code   RO          414    i.I2Cx_IRQHandler   i2c_lpc17xx.o
    0x000027e0   0x0000004e   Code   RO          415    i.I2Cx_Initialize   i2c_lpc17xx.o
    0x0000282e   0x000001ce   Code   RO          416    i.I2Cx_MasterHandler  i2c_lpc17xx.o
    0x000029fc   0x000000ce   Code   RO          417    i.I2Cx_MasterReceive  i2c_lpc17xx.o
    0x00002aca   0x000000cc   Code   RO          418    i.I2Cx_MasterTransmit  i2c_lpc17xx.o
    0x00002b96   0x00000140   Code   RO          419    i.I2Cx_PowerControl  i2c_lpc17xx.o
    0x00002cd6   0x000001d4   Code   RO          420    i.I2Cx_SlaveHandler  i2c_lpc17xx.o
    0x00002eaa   0x00000074   Code   RO          421    i.I2Cx_SlaveReceive  i2c_lpc17xx.o
    0x00002f1e   0x00000074   Code   RO          422    i.I2Cx_SlaveTransmit  i2c_lpc17xx.o
    0x00002f92   0x00000030   Code   RO          423    i.I2Cx_Uninitialize  i2c_lpc17xx.o
    0x00002fc2   0x00000002   PAD
    0x00002fc4   0x000000fc   Code   RO         1120    i.PIN_Configure     pin_lpc17xx.o
    0x000030c0   0x00000020   Code   RO         1121    i.PIN_ConfigureI2C0Pins  pin_lpc17xx.o
    0x000030e0   0x00000038   Code   RO          983    i.Set_Channel_active_flag  gpdma_lpc17xx.o
    0x00003118   0x000001a8   Code   RO          933    i.SystemCoreClockUpdate  system_lpc17xx.o
    0x000032c0   0x00000140   Code   RO          934    i.SystemInit        system_lpc17xx.o
    0x00003400   0x00000010   Code   RO          616    i.UART0_IRQHandler  uart_lpc17xx.o
    0x00003410   0x00000010   Code   RO          617    i.UART1_IRQHandler  uart_lpc17xx.o
    0x00003420   0x00000018   Code   RO          618    i.USART0_Control    uart_lpc17xx.o
    0x00003438   0x00000014   Code   RO          619    i.USART0_GPDMA_Rx_Event  uart_lpc17xx.o
    0x0000344c   0x00000014   Code   RO          620    i.USART0_GPDMA_Tx_Event  uart_lpc17xx.o
    0x00003460   0x00000010   Code   RO          621    i.USART0_GetCapabilities  uart_lpc17xx.o
    0x00003470   0x00000010   Code   RO          622    i.USART0_GetModemStatus  uart_lpc17xx.o
    0x00003480   0x00000010   Code   RO          623    i.USART0_GetRxCount  uart_lpc17xx.o
    0x00003490   0x00000010   Code   RO          624    i.USART0_GetStatus  uart_lpc17xx.o
    0x000034a0   0x00000010   Code   RO          625    i.USART0_GetTxCount  uart_lpc17xx.o
    0x000034b0   0x00000014   Code   RO          626    i.USART0_Initialize  uart_lpc17xx.o
    0x000034c4   0x00000014   Code   RO          627    i.USART0_PowerControl  uart_lpc17xx.o
    0x000034d8   0x00000018   Code   RO          628    i.USART0_Receive    uart_lpc17xx.o
    0x000034f0   0x00000018   Code   RO          629    i.USART0_Send       uart_lpc17xx.o
    0x00003508   0x00000014   Code   RO          630    i.USART0_SetModemControl  uart_lpc17xx.o
    0x0000351c   0x0000001c   Code   RO          631    i.USART0_Transfer   uart_lpc17xx.o
    0x00003538   0x00000010   Code   RO          632    i.USART0_Uninitialize  uart_lpc17xx.o
    0x00003548   0x00000018   Code   RO          633    i.USART1_Control    uart_lpc17xx.o
    0x00003560   0x00000014   Code   RO          634    i.USART1_GPDMA_Rx_Event  uart_lpc17xx.o
    0x00003574   0x00000014   Code   RO          635    i.USART1_GPDMA_Tx_Event  uart_lpc17xx.o
    0x00003588   0x00000010   Code   RO          636    i.USART1_GetCapabilities  uart_lpc17xx.o
    0x00003598   0x00000010   Code   RO          637    i.USART1_GetModemStatus  uart_lpc17xx.o
    0x000035a8   0x00000010   Code   RO          638    i.USART1_GetRxCount  uart_lpc17xx.o
    0x000035b8   0x00000010   Code   RO          639    i.USART1_GetStatus  uart_lpc17xx.o
    0x000035c8   0x00000010   Code   RO          640    i.USART1_GetTxCount  uart_lpc17xx.o
    0x000035d8   0x00000014   Code   RO          641    i.USART1_Initialize  uart_lpc17xx.o
    0x000035ec   0x00000014   Code   RO          642    i.USART1_PowerControl  uart_lpc17xx.o
    0x00003600   0x00000018   Code   RO          643    i.USART1_Receive    uart_lpc17xx.o
    0x00003618   0x00000018   Code   RO          644    i.USART1_Send       uart_lpc17xx.o
    0x00003630   0x00000014   Code   RO          645    i.USART1_SetModemControl  uart_lpc17xx.o
    0x00003644   0x0000001c   Code   RO          646    i.USART1_Transfer   uart_lpc17xx.o
    0x00003660   0x00000010   Code   RO          647    i.USART1_Uninitialize  uart_lpc17xx.o
    0x00003670   0x00000670   Code   RO          648    i.USART_Control     uart_lpc17xx.o
    0x00003ce0   0x00000086   Code   RO          649    i.USART_GPDMA_Rx_Event  uart_lpc17xx.o
    0x00003d66   0x0000004a   Code   RO          650    i.USART_GPDMA_Tx_Event  uart_lpc17xx.o
    0x00003db0   0x00000006   Code   RO          651    i.USART_GetCapabilities  uart_lpc17xx.o
    0x00003db6   0x000000ec   Code   RO          652    i.USART_GetModemStatus  uart_lpc17xx.o
    0x00003ea2   0x0000001c   Code   RO          653    i.USART_GetRxCount  uart_lpc17xx.o
    0x00003ebe   0x000000bc   Code   RO          654    i.USART_GetStatus   uart_lpc17xx.o
    0x00003f7a   0x0000001c   Code   RO          655    i.USART_GetTxCount  uart_lpc17xx.o
    0x00003f96   0x0000026c   Code   RO          656    i.USART_IRQHandler  uart_lpc17xx.o
    0x00004202   0x000000fe   Code   RO          657    i.USART_Initialize  uart_lpc17xx.o
    0x00004300   0x0000024c   Code   RO          658    i.USART_PowerControl  uart_lpc17xx.o
    0x0000454c   0x00000110   Code   RO          659    i.USART_Receive     uart_lpc17xx.o
    0x0000465c   0x00000068   Code   RO          660    i.USART_RxLineIntHandler  uart_lpc17xx.o
    0x000046c4   0x0000019c   Code   RO          661    i.USART_Send        uart_lpc17xx.o
    0x00004860   0x00000134   Code   RO          662    i.USART_SetBaudrate  uart_lpc17xx.o
    0x00004994   0x000000a0   Code   RO          663    i.USART_SetModemControl  uart_lpc17xx.o
    0x00004a34   0x0000007a   Code   RO          664    i.USART_Transfer    uart_lpc17xx.o
    0x00004aae   0x000000e2   Code   RO          665    i.USART_Uninitialize  uart_lpc17xx.o
    0x00004b90   0x00000010   Code   RO          666    i.USARTx_GetVersion  uart_lpc17xx.o
    0x00004ba0   0x00000040   Code   RO            4    i._Z12I2C_callbackj  main.o
    0x00004be0   0x0000000e   Code   RO            5    i._Z13ledInitializev  main.o
    0x00004bee   0x00000002   PAD
    0x00004bf0   0x00000030   Code   RO            7    i._Z14i2c1Initializev  main.o
    0x00004c20   0x00000026   Code   RO            8    i._Z15heartBeatThreadPv  main.o
    0x00004c46   0x00000002   PAD
    0x00004c48   0x00000050   Code   RO           14    i._Z9configI2CPv    main.o
    0x00004c98   0x0000001c   Code   RO          424    i.__NVIC_ClearPendingIRQ  i2c_lpc17xx.o
    0x00004cb4   0x0000001c   Code   RO          667    i.__NVIC_ClearPendingIRQ  uart_lpc17xx.o
    0x00004cd0   0x0000001c   Code   RO          984    i.__NVIC_ClearPendingIRQ  gpdma_lpc17xx.o
    0x00004cec   0x0000003c   Code   RO          425    i.__NVIC_DisableIRQ  i2c_lpc17xx.o
    0x00004d28   0x0000001a   Code   RO          426    i.__NVIC_EnableIRQ  i2c_lpc17xx.o
    0x00004d42   0x00000016   Code   RO          321    i._mutex_acquire    rtx_lib.o
    0x00004d58   0x0000000c   Code   RO          322    i._mutex_free       rtx_lib.o
    0x00004d64   0x00000020   Code   RO          323    i._mutex_initialize  rtx_lib.o
    0x00004d84   0x00000012   Code   RO          324    i._mutex_release    rtx_lib.o
    0x00004d96   0x00000008   Code   RO          325    i._platform_post_stackheap_init  rtx_lib.o
    0x00004d9e   0x00000002   PAD
    0x00004da0   0x000000f0   Code   RO           17    i.main              main.o
    0x00004e90   0x00000020   Code   RO          270    i.osRtxErrorNotify  rtx_config.o
    0x00004eb0   0x00000024   Code   RO          326    i.os_kernel_is_active  rtx_lib.o
    0x00004ed4   0x00000001   Data   RO           33    .constdata          main.o
    0x00004ed5   0x00000003   PAD
    0x00004ed8   0x00000064   Data   RO          332    .constdata          rtx_lib.o
    0x00004f3c   0x00000064   Data   RO          428    .constdata          i2c_lpc17xx.o
    0x00004fa0   0x0000027c   Data   RO          669    .constdata          uart_lpc17xx.o
    0x0000521c   0x00000001   Data   RO         1446    .constdata          RTX_CM3.lib(irq_cm3.o)
    0x0000521d   0x00000003   PAD
    0x00005220   0x00000068   Data   RO          334    .rodata             rtx_lib.o
    0x00005288   0x0000000b   Data   RO         1206    .rodata.str1.4      RTX_CM3.lib(rtx_kernel.o)
    0x00005293   0x00000001   PAD
    0x00005294   0x00000020   Data   RO         1888    Region$$Table       anon$$obj.o


    Execution Region RW_IRAM1 (Base: 0x10000000, Size: 0x00001c90, Max: 0x00008000, ABSOLUTE, COMPRESSED[0x00000044])

    Base Addr    Size         Type   Attr      Idx    E Section Name        Object

    0x10000000   0x00001230   Data   RW          327    .bss.os             rtx_lib.o
    0x10001230   0x00000034   Data   RW          328    .bss.os.msgqueue.cb  rtx_lib.o
    0x10001264   0x00000050   Data   RW          329    .bss.os.msgqueue.mem  rtx_lib.o
    0x100012b4   0x00000088   Data   RW          330    .bss.os.thread.cb   rtx_lib.o
    0x1000133c   0x00000004   PAD
    0x10001340   0x00000190   Data   RW          331    .bss.os.thread.stack  rtx_lib.o
    0x100014d0   0x0000000c   Data   RW           34    .data               main.o
    0x100014dc   0x00000005   Data   RW          333    .data               rtx_lib.o
    0x100014e1   0x00000004   Data   RW          429    .data               i2c_lpc17xx.o
    0x100014e5   0x00000008   Data   RW          670    .data               uart_lpc17xx.o
    0x100014ed   0x00000003   PAD
    0x100014f0   0x00000004   Data   RW          935    .data               system_lpc17xx.o
    0x100014f4   0x00000008   Data   RW          986    .data               gpdma_lpc17xx.o
    0x100014fc   0x000000a4   Data   RW         1207    .data.os            RTX_CM3.lib(rtx_kernel.o)
    0x100015a0   0x00000060   Zero   RW           32    .bss                main.o
    0x10001600   0x00000024   Zero   RW          427    .bss                i2c_lpc17xx.o
    0x10001624   0x00000068   Zero   RW          668    .bss                uart_lpc17xx.o
    0x1000168c   0x000000a0   Zero   RW          985    .bss                gpdma_lpc17xx.o
    0x1000172c   0x00000060   Zero   RW         1762    .bss                c_w.l(libspace.o)
    0x1000178c   0x00000001   Zero   RW         1602    .bss.PendST         RTX_CM3.lib(os_systick.o)
    0x1000178d   0x00000003   PAD
    0x10001790   0x00000200   Zero   RW          921    HEAP                startup_lpc17xx.o
    0x10001990   0x00000300   Zero   RW          920    STACK               startup_lpc17xx.o


==============================================================================

Image component sizes


      Code (inc. data)   RO Data    RW Data    ZI Data      Debug   Object Name

      1204         94          0          8        160       8074   gpdma_lpc17xx.o
        96          8          0          0          0       1202   gpio_lpc17xx.o
      2924        132        100          4         36      68668   i2c_lpc17xx.o
       484        114          1         12         96      75243   main.o
       284         10          0          0          0       1464   pin_lpc17xx.o
        36          6          0          0          0       9077   rtx_config.o
       128          4        204       5329          0      11364   rtx_lib.o
        68         30        204          0       1280        972   startup_lpc17xx.o
       744         34          0          4          0       1315   system_lpc17xx.o
      6144        242        636          8        104      77855   uart_lpc17xx.o

    ----------------------------------------------------------------------
     12120        674       1180       5372       1676     255234   Object Totals
         0          0         32          0          0          0   (incl. Generated)
         8          0          3          7          0          0   (incl. Padding)

    ----------------------------------------------------------------------

      Code (inc. data)   RO Data    RW Data    ZI Data      Debug   Library Member Name

       136         10          1          0          0        488   irq_cm3.o
       130         32          0          0          1       3979   os_systick.o
        56          4          0          0          0       2689   rtx_delay.o
       728         56         11        164          0      17165   rtx_kernel.o
       224          0          0          0          0       1999   rtx_memory.o
       244          0          0          0          0      14574   rtx_mempool.o
      1466         28          0          0          0      17221   rtx_msgqueue.o
       892         32          0          0          0       9178   rtx_mutex.o
       632         24          0          0          0      10567   rtx_semaphore.o
       372         24          0          0          0       5637   rtx_system.o
      1754         76          0          0          0      31270   rtx_thread.o
       236         20          0          0          0       8541   rtx_timer.o
        90          0          0          0          0          0   __dczerorl2.o
         8          0          0          0          0         68   __main.o
         0          0          0          0          0          0   __rtentry.o
        20          0          0          0          0          0   __rtentry2.o
         6          0          0          0          0          0   __rtentry4.o
        52          8          0          0          0          0   __scatter.o
        28          0          0          0          0          0   __scatter_zi.o
        18          0          0          0          0         80   exit.o
         6          0          0          0          0        152   heapauxi.o
         0          0          0          0          0          0   indicate_semi.o
         2          0          0          0          0          0   libinit.o
         2          0          0          0          0          0   libinit2.o
         2          0          0          0          0          0   libshutdown.o
         2          0          0          0          0          0   libshutdown2.o
         8          4          0          0         96         68   libspace.o
       238          0          0          0          0        100   lludivv7m.o
        68          0          0          0          0         68   rt_memclr.o
        78          0          0          0          0         80   rt_memclr_w.o
       138          0          0          0          0         68   rt_memcpy_v6.o
       100          0          0          0          0         80   rt_memcpy_w.o
         2          0          0          0          0          0   rtexit.o
        10          0          0          0          0          0   rtexit2.o
        12          4          0          0          0         68   sys_exit.o
        74          0          0          0          0         80   sys_stackheap_outer.o
         2          0          0          0          0         68   use_no_semi.o

    ----------------------------------------------------------------------
      7856        322         16        164        100     124288   Library Totals
        20          0          4          0          3          0   (incl. Padding)

    ----------------------------------------------------------------------

      Code (inc. data)   RO Data    RW Data    ZI Data      Debug   Library Name

      6870        306         12        164          1     123308   RTX_CM3.lib
       966         16          0          0         96        980   c_w.l

    ----------------------------------------------------------------------
      7856        322         16        164        100     124288   Library Totals

    ----------------------------------------------------------------------

==============================================================================


      Code (inc. data)   RO Data    RW Data    ZI Data      Debug   

     19976        996       1196       5536       1776     373118   Grand Totals
     19976        996       1196         68       1776     373118   ELF Image Totals (compressed)
     19976        996       1196         68          0          0   ROM Totals

==============================================================================

    Total RO  Size (Code + RO Data)                21172 (  20.68kB)
    Total RW  Size (RW Data + ZI Data)              7312 (   7.14kB)
    Total ROM Size (Code + RO Data + RW Data)      21240 (  20.74kB)

==============================================================================

