Component: ARM Compiler 5.06 update 3 (build 300) Tool: armlink [4d35c9]

==============================================================================

Section Cross References

    main.o(i._Z10imuUpdaterPv) refers to rtx_delay.o(i.osDelay) for osDelay
    main.o(i._Z10imuUpdaterPv) refers to main.o(i._Z9configBNOv) for configBNO()
    main.o(i._Z10imuUpdaterPv) refers to main.o(i._Z9configPWMv) for configPWM()
    main.o(i._Z10imuUpdaterPv) refers to main.o(i._Z14calibrateMotorv) for calibrateMotor()
    main.o(i._Z10imuUpdaterPv) refers to rtx_semaphore.o(i.osSemaphoreAcquire) for osSemaphoreAcquire
    main.o(i._Z10imuUpdaterPv) refers to rtx_semaphore.o(i.osSemaphoreRelease) for osSemaphoreRelease
    main.o(i._Z10imuUpdaterPv) refers to i2c_lpc17xx.o(.constdata) for Driver_I2C1
    main.o(i._Z10imuUpdaterPv) refers to main.o(.constdata) for EULERANGLE
    main.o(i._Z10imuUpdaterPv) refers to main.o(.data) for semaphoreTransmitId
    main.o(i._Z11showReadingPv) refers to _printf_percent.o(.ARM.Collect$$_printf_percent$$00000000) for _printf_percent
    main.o(i._Z11showReadingPv) refers to _printf_d.o(.ARM.Collect$$_printf_percent$$00000009) for _printf_d
    main.o(i._Z11showReadingPv) refers to _printf_dec.o(.text) for _printf_int_dec
    main.o(i._Z11showReadingPv) refers to rt_memclr_w.o(.text) for __aeabi_memclr4
    main.o(i._Z11showReadingPv) refers to rtx_semaphore.o(i.osSemaphoreAcquire) for osSemaphoreAcquire
    main.o(i._Z11showReadingPv) refers to noretval__2sprintf.o(.text) for __2sprintf
    main.o(i._Z11showReadingPv) refers to rtx_delay.o(i.osDelay) for osDelay
    main.o(i._Z11showReadingPv) refers to main.o(.data) for semaphoreShowDataReadyId
    main.o(i._Z11showReadingPv) refers to main.o(.conststring) for .conststring
    main.o(i._Z11showReadingPv) refers to uart_lpc17xx.o(.constdata) for Driver_USART0
    main.o(i._Z11uart0ThreadPv) refers to _printf_percent.o(.ARM.Collect$$_printf_percent$$00000000) for _printf_percent
    main.o(i._Z11uart0ThreadPv) refers to _printf_d.o(.ARM.Collect$$_printf_percent$$00000009) for _printf_d
    main.o(i._Z11uart0ThreadPv) refers to _printf_dec.o(.text) for _printf_int_dec
    main.o(i._Z11uart0ThreadPv) refers to rtx_semaphore.o(i.osSemaphoreAcquire) for osSemaphoreAcquire
    main.o(i._Z11uart0ThreadPv) refers to ringbuffer.o(i._ZN10RingBuffer20ringBufferStringReadEPc) for RingBuffer::ringBufferStringRead(char*)
    main.o(i._Z11uart0ThreadPv) refers to strncmp.o(.text) for strncmp
    main.o(i._Z11uart0ThreadPv) refers to atoi.o(.text) for atoi
    main.o(i._Z11uart0ThreadPv) refers to rt_memclr_w.o(.text) for __aeabi_memclr4
    main.o(i._Z11uart0ThreadPv) refers to noretval__2sprintf.o(.text) for __2sprintf
    main.o(i._Z11uart0ThreadPv) refers to fflt_clz.o(x$fpl$fflt) for __aeabi_i2f
    main.o(i._Z11uart0ThreadPv) refers to ffix.o(x$fpl$ffix) for __aeabi_f2iz
    main.o(i._Z11uart0ThreadPv) refers to uart_lpc17xx.o(.constdata) for Driver_USART0
    main.o(i._Z11uart0ThreadPv) refers to main.o(.data) for pData
    main.o(i._Z11uart0ThreadPv) refers to main.o(.bss) for readout
    main.o(i._Z12I2C_callbackj) refers to rtx_semaphore.o(i.osSemaphoreRelease) for osSemaphoreRelease
    main.o(i._Z12I2C_callbackj) refers to i2c_lpc17xx.o(.constdata) for Driver_I2C1
    main.o(i._Z12I2C_callbackj) refers to main.o(.data) for semaphoreTransmitId
    main.o(i._Z13computeEnginePv) refers to rtx_semaphore.o(i.osSemaphoreAcquire) for osSemaphoreAcquire
    main.o(i._Z13computeEnginePv) refers to fflt_clz.o(x$fpl$fflt) for __aeabi_i2f
    main.o(i._Z13computeEnginePv) refers to faddsub_clz.o(x$fpl$fsub) for __aeabi_fsub
    main.o(i._Z13computeEnginePv) refers to fdiv.o(x$fpl$fdiv) for __aeabi_fdiv
    main.o(i._Z13computeEnginePv) refers to fmul.o(x$fpl$fmul) for __aeabi_fmul
    main.o(i._Z13computeEnginePv) refers to faddsub_clz.o(x$fpl$fadd) for __aeabi_fadd
    main.o(i._Z13computeEnginePv) refers to ffix.o(x$fpl$ffix) for __aeabi_f2iz
    main.o(i._Z13computeEnginePv) refers to rtx_semaphore.o(i.osSemaphoreRelease) for osSemaphoreRelease
    main.o(i._Z13computeEnginePv) refers to rtx_delay.o(i.osDelay) for osDelay
    main.o(i._Z13computeEnginePv) refers to main.o(.data) for throttle
    main.o(i._Z13ledInitializev) refers to gpio_lpc17xx.o(i.GPIO_SetDir) for GPIO_SetDir
    main.o(i._Z14USART_callbackj) refers to ringbuffer.o(i._ZN10RingBuffer15ringBufferWriteEc) for RingBuffer::ringBufferWrite(char)
    main.o(i._Z14USART_callbackj) refers to rtx_semaphore.o(i.osSemaphoreRelease) for osSemaphoreRelease
    main.o(i._Z14USART_callbackj) refers to main.o(.data) for pData
    main.o(i._Z14USART_callbackj) refers to main.o(.bss) for ringBuffer
    main.o(i._Z14calibrateMotorv) refers to rtx_delay.o(i.osDelay) for osDelay
    main.o(i._Z14i2c1Initializev) refers to i2c_lpc17xx.o(.constdata) for Driver_I2C1
    main.o(i._Z14i2c1Initializev) refers to main.o(i._Z12I2C_callbackj) for I2C_callback(unsigned)
[...]
    __rt_lib_shutdown_stdio_1                0x000001a7   Thumb Code     0  libshutdown2.o(.ARM.Collect$$libshutdown$$00000004)
    __rt_lib_shutdown_user_alloc_1           0x000001a7   Thumb Code     0  libshutdown2.o(.ARM.Collect$$libshutdown$$0000000C)
    __rt_entry                               0x000001a9   Thumb Code     0  __rtentry.o(.ARM.Collect$$rtentry$$00000000)
    __rt_entry_presh_1                       0x000001a9   Thumb Code     0  __rtentry2.o(.ARM.Collect$$rtentry$$00000002)
    __rt_entry_sh                            0x000001a9   Thumb Code     0  __rtentry4.o(.ARM.Collect$$rtentry$$00000004)
    __rt_entry_postsh_1                      0x000001af   Thumb Code     0  __rtentry2.o(.ARM.Collect$$rtentry$$00000008)
    __rt_entry_li                            0x000001b7   Thumb Code     0  __rtentry2.o(.ARM.Collect$$rtentry$$0000000A)
    __rt_entry_main                          0x000001bb   Thumb Code     0  __rtentry2.o(.ARM.Collect$$rtentry$$0000000D)
    __rt_entry_postli_1                      0x000001bb   Thumb Code     0  __rtentry2.o(.ARM.Collect$$rtentry$$0000000C)
    __rt_exit                                0x000001c3   Thumb Code     0  rtexit.o(.ARM.Collect$$rtexit$$00000000)
    __rt_exit_ls                             0x000001c5   Thumb Code     0  rtexit2.o(.ARM.Collect$$rtexit$$00000003)
    __rt_exit_prels_1                        0x000001c5   Thumb Code     0  rtexit2.o(.ARM.Collect$$rtexit$$00000002)
    __rt_exit_exit                           0x000001c9   Thumb Code     0  rtexit2.o(.ARM.Collect$$rtexit$$00000004)
    SVC_Handler                              0x000001d1   Thumb Code    96  irq_cm3.o(.text)
    PendSV_Handler                           0x00000231   Thumb Code    16  irq_cm3.o(.text)
    SysTick_Handler                          0x00000241   Thumb Code    16  irq_cm3.o(.text)
    Reset_Handler                            0x00000259   Thumb Code     8  startup_lpc17xx.o(.text)
    NMI_Handler                              0x00000261   Thumb Code     2  startup_lpc17xx.o(.text)
    HardFault_Handler                        0x00000263   Thumb Code     2  startup_lpc17xx.o(.text)
    MemManage_Handler                        0x00000265   Thumb Code     2  startup_lpc17xx.o(.text)
    BusFault_Handler                         0x00000267   Thumb Code     2  startup_lpc17xx.o(.text)
    UsageFault_Handler                       0x00000269   Thumb Code     2  startup_lpc17xx.o(.text)
    DebugMon_Handler                         0x0000026d   Thumb Code     2  startup_lpc17xx.o(.text)
    ADC_IRQHandler                           0x00000273   Thumb Code     0  startup_lpc17xx.o(.text)
    BOD_IRQHandler                           0x00000273   Thumb Code     0  startup_lpc17xx.o(.text)
    CANActivity_IRQHandler                   0x00000273   Thumb Code     0  startup_lpc17xx.o(.text)
    CAN_IRQHandler                           0x00000273   Thumb Code     0  startup_lpc17xx.o(.text)
    EINT0_IRQHandler                         0x00000273   Thumb Code     0  startup_lpc17xx.o(.text)
    EINT1_IRQHandler                         0x00000273   Thumb Code     0  startup_lpc17xx.o(.text)
    EINT2_IRQHandler                         0x00000273   Thumb Code     0  startup_lpc17xx.o(.text)
    EINT3_IRQHandler                         0x00000273   Thumb Code     0  startup_lpc17xx.o(.text)
    ENET_IRQHandler                          0x00000273   Thumb Code     0  startup_lpc17xx.o(.text)
    I2C0_IRQHandler                          0x00000273   Thumb Code     0  startup_lpc17xx.o(.text)
    I2C2_IRQHandler                          0x00000273   Thumb Code     0  startup_lpc17xx.o(.text)
    I2S_IRQHandler                           0x00000273   Thumb Code     0  startup_lpc17xx.o(.text)
    MCPWM_IRQHandler                         0x00000273   Thumb Code     0  startup_lpc17xx.o(.text)
    PLL0_IRQHandler                          0x00000273   Thumb Code     0  startup_lpc17xx.o(.text)
    PLL1_IRQHandler                          0x00000273   Thumb Code     0  startup_lpc17xx.o(.text)
    PWM1_IRQHandler                          0x00000273   Thumb Code     0  startup_lpc17xx.o(.text)
    QEI_IRQHandler                           0x00000273   Thumb Code     0  startup_lpc17xx.o(.text)
    RIT_IRQHandler                           0x00000273   Thumb Code     0  startup_lpc17xx.o(.text)
    RTC_IRQHandler                           0x00000273   Thumb Code     0  startup_lpc17xx.o(.text)
    SPI_IRQHandler                           0x00000273   Thumb Code     0  startup_lpc17xx.o(.text)
    SSP0_IRQHandler                          0x00000273   Thumb Code     0  startup_lpc17xx.o(.text)
    SSP1_IRQHandler                          0x00000273   Thumb Code     0  startup_lpc17xx.o(.text)
    TIMER0_IRQHandler                        0x00000273   Thumb Code     0  startup_lpc17xx.o(.text)
    TIMER1_IRQHandler                        0x00000273   Thumb Code     0  startup_lpc17xx.o(.text)
    TIMER2_IRQHandler                        0x00000273   Thumb Code     0  startup_lpc17xx.o(.text)
    TIMER3_IRQHandler                        0x00000273   Thumb Code     0  startup_lpc17xx.o(.text)
    UART2_IRQHandler                         0x00000273   Thumb Code     0  startup_lpc17xx.o(.text)
    UART3_IRQHandler                         0x00000273   Thumb Code     0  startup_lpc17xx.o(.text)
    USBActivity_IRQHandler                   0x00000273   Thumb Code     0  startup_lpc17xx.o(.text)
    USB_IRQHandler                           0x00000273   Thumb Code     0  startup_lpc17xx.o(.text)
    WDT_IRQHandler                           0x00000273   Thumb Code     0  startup_lpc17xx.o(.text)
    __user_initial_stackheap                 0x00000275   Thumb Code     0  startup_lpc17xx.o(.text)
    __2sprintf                               0x00000299   Thumb Code    34  noretval__2sprintf.o(.text)
    atoi                                     0x000002c1   Thumb Code    26  atoi.o(.text)
    __use_two_region_memory                  0x000002db   Thumb Code     2  heapauxi.o(.text)
    __rt_heap_escrow$2region                 0x000002dd   Thumb Code     2  heapauxi.o(.text)
    __rt_heap_expand$2region                 0x000002df   Thumb Code     2  heapauxi.o(.text)
    __aeabi_errno_addr                       0x000002e1   Thumb Code     4  rt_errno_addr_twolibspace.o(.text)
    __errno$twolibspace                      0x000002e1   Thumb Code     0  rt_errno_addr_twolibspace.o(.text)
    __rt_errno_addr$twolibspace              0x000002e1   Thumb Code     0  rt_errno_addr_twolibspace.o(.text)
    _sputc                                   0x000002e5   Thumb Code    10  _sputc.o(.text)
    __user_libspace                          0x000002f1   Thumb Code     8  libspace.o(.text)
    __user_perproc_libspace                  0x000002f1   Thumb Code     0  libspace.o(.text)
    __I$use$semihosting                      0x000002f9   Thumb Code     0  use_no_semi.o(.text)
    __use_no_semihosting_swi                 0x000002f9   Thumb Code     2  use_no_semi.o(.text)
    EvrRtxEventFlagsWaitTimeout              0x000002fb   Thumb Code     2  rtx_evr.o(i.EvrRtxEventFlagsWaitTimeout)
    __semihosting_library_function           0x000002fb   Thumb Code     0  indicate_semi.o(.text)
    __asm___13_rtx_mempool_c_7914b4c7__atomic_wr8 0x00000301   Thumb Code    16  rtx_mempool.o(.emb_text)
    __asm___13_rtx_mempool_c_7914b4c7__atomic_set32 0x00000311   Thumb Code    20  rtx_mempool.o(.emb_text)
    __asm___13_rtx_mempool_c_7914b4c7__atomic_clr32 0x00000325   Thumb Code    22  rtx_mempool.o(.emb_text)
    __asm___13_rtx_mempool_c_7914b4c7__atomic_chk32_all 0x0000033b   Thumb Code    38  rtx_mempool.o(.emb_text)
    __asm___13_rtx_mempool_c_7914b4c7__atomic_chk32_any 0x00000361   Thumb Code    34  rtx_mempool.o(.emb_text)
    __asm___13_rtx_mempool_c_7914b4c7__atomic_inc32 0x00000383   Thumb Code    18  rtx_mempool.o(.emb_text)
    __asm___13_rtx_mempool_c_7914b4c7__atomic_inc32_lt 0x00000395   Thumb Code    30  rtx_mempool.o(.emb_text)
    __asm___13_rtx_mempool_c_7914b4c7__atomic_inc16_lt 0x000003b3   Thumb Code    30  rtx_mempool.o(.emb_text)
    __asm___13_rtx_mempool_c_7914b4c7__atomic_inc16_lim 0x000003d1   Thumb Code    26  rtx_mempool.o(.emb_text)
    __asm___13_rtx_mempool_c_7914b4c7__atomic_dec32_nz 0x000003eb   Thumb Code    26  rtx_mempool.o(.emb_text)
    __asm___13_rtx_mempool_c_7914b4c7__atomic_dec16_nz 0x00000405   Thumb Code    26  rtx_mempool.o(.emb_text)
    __asm___13_rtx_mempool_c_7914b4c7__atomic_link_get 0x0000041f   Thumb Code    26  rtx_mempool.o(.emb_text)
    __asm___13_rtx_mempool_c_7914b4c7__atomic_link_put 0x00000439   Thumb Code    28  rtx_mempool.o(.emb_text)
    __asm___14_rtx_msgqueue_c_3fd3b50e__atomic_wr8 0x00000455   Thumb Code    16  rtx_msgqueue.o(.emb_text)
    __asm___14_rtx_msgqueue_c_3fd3b50e__atomic_set32 0x00000465   Thumb Code    20  rtx_msgqueue.o(.emb_text)
    __asm___14_rtx_msgqueue_c_3fd3b50e__atomic_clr32 0x00000479   Thumb Code    22  rtx_msgqueue.o(.emb_text)
    __asm___14_rtx_msgqueue_c_3fd3b50e__atomic_chk32_all 0x0000048f   Thumb Code    38  rtx_msgqueue.o(.emb_text)
    __asm___14_rtx_msgqueue_c_3fd3b50e__atomic_chk32_any 0x000004b5   Thumb Code    34  rtx_msgqueue.o(.emb_text)
    __asm___14_rtx_msgqueue_c_3fd3b50e__atomic_inc32 0x000004d7   Thumb Code    18  rtx_msgqueue.o(.emb_text)
    __asm___14_rtx_msgqueue_c_3fd3b50e__atomic_inc32_lt 0x000004e9   Thumb Code    30  rtx_msgqueue.o(.emb_text)
    __asm___14_rtx_msgqueue_c_3fd3b50e__atomic_inc16_lt 0x00000507   Thumb Code    30  rtx_msgqueue.o(.emb_text)
    __asm___14_rtx_msgqueue_c_3fd3b50e__atomic_inc16_lim 0x00000525   Thumb Code    26  rtx_msgqueue.o(.emb_text)
    __asm___14_rtx_msgqueue_c_3fd3b50e__atomic_dec32_nz 0x0000053f   Thumb Code    26  rtx_msgqueue.o(.emb_text)
    __asm___14_rtx_msgqueue_c_3fd3b50e__atomic_dec16_nz 0x00000559   Thumb Code    26  rtx_msgqueue.o(.emb_text)
    __asm___14_rtx_msgqueue_c_3fd3b50e__atomic_link_get 0x00000573   Thumb Code    26  rtx_msgqueue.o(.emb_text)
    __asm___14_rtx_msgqueue_c_3fd3b50e__atomic_link_put 0x0000058d   Thumb Code    28  rtx_msgqueue.o(.emb_text)
    __asm___15_rtx_semaphore_c_eca73427__atomic_wr8 0x000005a9   Thumb Code    16  rtx_semaphore.o(.emb_text)
    __asm___15_rtx_semaphore_c_eca73427__atomic_set32 0x000005b9   Thumb Code    20  rtx_semaphore.o(.emb_text)
    __asm___15_rtx_semaphore_c_eca73427__atomic_clr32 0x000005cd   Thumb Code    22  rtx_semaphore.o(.emb_text)
    __asm___15_rtx_semaphore_c_eca73427__atomic_chk32_all 0x000005e3   Thumb Code    38  rtx_semaphore.o(.emb_text)
    __asm___15_rtx_semaphore_c_eca73427__atomic_chk32_any 0x00000609   Thumb Code    34  rtx_semaphore.o(.emb_text)
    __asm___15_rtx_semaphore_c_eca73427__atomic_inc32 0x0000062b   Thumb Code    18  rtx_semaphore.o(.emb_text)
    __asm___15_rtx_semaphore_c_eca73427__atomic_inc32_lt 0x0000063d   Thumb Code    30  rtx_semaphore.o(.emb_text)
    __asm___15_rtx_semaphore_c_eca73427__atomic_inc16_lt 0x0000065b   Thumb Code    30  rtx_semaphore.o(.emb_text)
    __asm___15_rtx_semaphore_c_eca73427__atomic_inc16_lim 0x00000679   Thumb Code    26  rtx_semaphore.o(.emb_text)
    __asm___15_rtx_semaphore_c_eca73427__atomic_dec32_nz 0x00000693   Thumb Code    26  rtx_semaphore.o(.emb_text)
    __asm___15_rtx_semaphore_c_eca73427__atomic_dec16_nz 0x000006ad   Thumb Code    26  rtx_semaphore.o(.emb_text)
    __asm___15_rtx_semaphore_c_eca73427__atomic_link_get 0x000006c7   Thumb Code    26  rtx_semaphore.o(.emb_text)
    __asm___15_rtx_semaphore_c_eca73427__atomic_link_put 0x000006e1   Thumb Code    28  rtx_semaphore.o(.emb_text)
    __asm___12_rtx_system_c_024f2f18__atomic_wr8 0x000006fd   Thumb Code    16  rtx_system.o(.emb_text)
    __asm___12_rtx_system_c_024f2f18__atomic_set32 0x0000070d   Thumb Code    20  rtx_system.o(.emb_text)
    __asm___12_rtx_system_c_024f2f18__atomic_clr32 0x00000721   Thumb Code    22  rtx_system.o(.emb_text)
    __asm___12_rtx_system_c_024f2f18__atomic_chk32_all 0x00000737   Thumb Code    38  rtx_system.o(.emb_text)
    __asm___12_rtx_system_c_024f2f18__atomic_chk32_any 0x0000075d   Thumb Code    34  rtx_system.o(.emb_text)
    __asm___12_rtx_system_c_024f2f18__atomic_inc32 0x0000077f   Thumb Code    18  rtx_system.o(.emb_text)
    __asm___12_rtx_system_c_024f2f18__atomic_inc32_lt 0x00000791   Thumb Code    30  rtx_system.o(.emb_text)
    __asm___12_rtx_system_c_024f2f18__atomic_inc16_lt 0x000007af   Thumb Code    30  rtx_system.o(.emb_text)
    __asm___12_rtx_system_c_024f2f18__atomic_inc16_lim 0x000007cd   Thumb Code    26  rtx_system.o(.emb_text)
    __asm___12_rtx_system_c_024f2f18__atomic_dec32_nz 0x000007e7   Thumb Code    26  rtx_system.o(.emb_text)
    __asm___12_rtx_system_c_024f2f18__atomic_dec16_nz 0x00000801   Thumb Code    26  rtx_system.o(.emb_text)
    __asm___12_rtx_system_c_024f2f18__atomic_link_get 0x0000081b   Thumb Code    26  rtx_system.o(.emb_text)
    __asm___12_rtx_system_c_024f2f18__atomic_link_put 0x00000835   Thumb Code    28  rtx_system.o(.emb_text)
    __asm___12_rtx_thread_c_add96be5__atomic_wr8 0x00000851   Thumb Code    16  rtx_thread.o(.emb_text)
    __asm___12_rtx_thread_c_add96be5__atomic_set32 0x00000861   Thumb Code    20  rtx_thread.o(.emb_text)
    __asm___12_rtx_thread_c_add96be5__atomic_clr32 0x00000875   Thumb Code    22  rtx_thread.o(.emb_text)
    __asm___12_rtx_thread_c_add96be5__atomic_chk32_all 0x0000088b   Thumb Code    38  rtx_thread.o(.emb_text)
    __asm___12_rtx_thread_c_add96be5__atomic_chk32_any 0x000008b1   Thumb Code    34  rtx_thread.o(.emb_text)
    __asm___12_rtx_thread_c_add96be5__atomic_inc32 0x000008d3   Thumb Code    18  rtx_thread.o(.emb_text)
    __asm___12_rtx_thread_c_add96be5__atomic_inc32_lt 0x000008e5   Thumb Code    30  rtx_thread.o(.emb_text)
    __asm___12_rtx_thread_c_add96be5__atomic_inc16_lt 0x00000903   Thumb Code    30  rtx_thread.o(.emb_text)
    __asm___12_rtx_thread_c_add96be5__atomic_inc16_lim 0x00000921   Thumb Code    26  rtx_thread.o(.emb_text)
    __asm___12_rtx_thread_c_add96be5__atomic_dec32_nz 0x0000093b   Thumb Code    26  rtx_thread.o(.emb_text)
    __asm___12_rtx_thread_c_add96be5__atomic_dec16_nz 0x00000955   Thumb Code    26  rtx_thread.o(.emb_text)
    __asm___12_rtx_thread_c_add96be5__atomic_link_get 0x0000096f   Thumb Code    26  rtx_thread.o(.emb_text)
    __asm___12_rtx_thread_c_add96be5__atomic_link_put 0x00000989   Thumb Code    28  rtx_thread.o(.emb_text)
    __aeabi_uldivmod                         0x000009a5   Thumb Code     0  lludivv7m.o(.text)
    _ll_udiv                                 0x000009a5   Thumb Code   238  lludivv7m.o(.text)
    __printf                                 0x00000a93   Thumb Code   104  __printf.o(.text)
    _printf_int_dec                          0x00000afd   Thumb Code   104  _printf_dec.o(.text)
    strncmp                                  0x00000b75   Thumb Code   150  strncmp.o(.text)
    __aeabi_memcpy                           0x00000c0b   Thumb Code     0  rt_memcpy_v6.o(.text)
    __rt_memcpy                              0x00000c0b   Thumb Code   138  rt_memcpy_v6.o(.text)
    _memcpy_lastbytes                        0x00000c71   Thumb Code     0  rt_memcpy_v6.o(.text)
    __aeabi_memclr                           0x00000c95   Thumb Code     0  rt_memclr.o(.text)
    __rt_memclr                              0x00000c95   Thumb Code    68  rt_memclr.o(.text)
    _memset                                  0x00000c99   Thumb Code     0  rt_memclr.o(.text)
    __aeabi_memclr4                          0x00000cd9   Thumb Code     0  rt_memclr_w.o(.text)
    __aeabi_memclr8                          0x00000cd9   Thumb Code     0  rt_memclr_w.o(.text)
    __rt_memclr_w                            0x00000cd9   Thumb Code    78  rt_memclr_w.o(.text)
    _memset_w                                0x00000cdd   Thumb Code     0  rt_memclr_w.o(.text)
    __cpp_initialize__aeabi_                 0x00000d29   Thumb Code    26  init_aeabi.o(.text)
    _printf_int_common                       0x00000d4d   Thumb Code   178  _printf_intcommon.o(.text)
    _printf_char_common                      0x00000e0b   Thumb Code    32  _printf_char_common.o(.text)
    strtol                                   0x00000e31   Thumb Code   112  strtol.o(.text)
    __aeabi_memcpy4                          0x00000ea1   Thumb Code     0  rt_memcpy_w.o(.text)
    __aeabi_memcpy8                          0x00000ea1   Thumb Code     0  rt_memcpy_w.o(.text)
    __rt_memcpy_w                            0x00000ea1   Thumb Code   100  rt_memcpy_w.o(.text)
    _memcpy_lastbytes_aligned                0x00000ee9   Thumb Code     0  rt_memcpy_w.o(.text)
    __rt_ctype_table                         0x00000f05   Thumb Code    16  rt_ctype_table.o(.text)
    _strtoul                                 0x00000f15   Thumb Code   158  _strtoul.o(.text)
    __user_setup_stackheap                   0x00000fb3   Thumb Code    74  sys_stackheap_outer.o(.text)
    __rt_locale                              0x00000ffd   Thumb Code    10  rt_locale_twolibspace.o(.text)
    _chval                                   0x00001007   Thumb Code    28  _chval.o(.text)
    exit                                     0x00001023   Thumb Code    18  exit.o(.text)
    strcmp                                   0x00001035   Thumb Code   128  strcmpv7m.o(.text)
    _sys_exit                                0x000010b5   Thumb Code     8  sys_exit.o(.text)
    DMA_IRQHandler                           0x000010e1   Thumb Code   372  gpdma_lpc17xx.o(i.DMA_IRQHandler)
    EvrRtxKernelError                        0x00001261   Thumb Code     2  rtx_evr.o(i.EvrRtxKernelError)
    EvrRtxKernelGetState                     0x00001263   Thumb Code     2  rtx_evr.o(i.EvrRtxKernelGetState)
    EvrRtxKernelInitialize                   0x00001265   Thumb Code     2  rtx_evr.o(i.EvrRtxKernelInitialize)
    EvrRtxKernelInitializeCompleted          0x00001267   Thumb Code     2  rtx_evr.o(i.EvrRtxKernelInitializeCompleted)
    EvrRtxKernelStart                        0x00001269   Thumb Code     2  rtx_evr.o(i.EvrRtxKernelStart)
    EvrRtxKernelStarted                      0x0000126b   Thumb Code     2  rtx_evr.o(i.EvrRtxKernelStarted)
    EvrRtxMemoryAlloc                        0x0000126d   Thumb Code     2  rtx_evr.o(i.EvrRtxMemoryAlloc)
    EvrRtxMemoryBlockAlloc                   0x0000126f   Thumb Code     2  rtx_evr.o(i.EvrRtxMemoryBlockAlloc)
    EvrRtxMemoryBlockFree                    0x00001271   Thumb Code     2  rtx_evr.o(i.EvrRtxMemoryBlockFree)
    EvrRtxMemoryBlockInit                    0x00001273   Thumb Code     2  rtx_evr.o(i.EvrRtxMemoryBlockInit)
    EvrRtxMemoryFree                         0x00001275   Thumb Code     2  rtx_evr.o(i.EvrRtxMemoryFree)
    EvrRtxMemoryInit                         0x00001277   Thumb Code     2  rtx_evr.o(i.EvrRtxMemoryInit)
    EvrRtxMemoryPoolAllocTimeout             0x00001279   Thumb Code     2  rtx_evr.o(i.EvrRtxMemoryPoolAllocTimeout)
    EvrRtxMessageQueueCreated                0x0000127b   Thumb Code     2  rtx_evr.o(i.EvrRtxMessageQueueCreated)
    EvrRtxMessageQueueError                  0x0000127d   Thumb Code     2  rtx_evr.o(i.EvrRtxMessageQueueError)
    EvrRtxMessageQueueGet                    0x0000127f   Thumb Code     2  rtx_evr.o(i.EvrRtxMessageQueueGet)
    EvrRtxMessageQueueGetPending             0x00001281   Thumb Code     2  rtx_evr.o(i.EvrRtxMessageQueueGetPending)
    EvrRtxMessageQueueGetTimeout             0x00001283   Thumb Code     2  rtx_evr.o(i.EvrRtxMessageQueueGetTimeout)
    EvrRtxMessageQueueInsertPending          0x00001285   Thumb Code     2  rtx_evr.o(i.EvrRtxMessageQueueInsertPending)
    EvrRtxMessageQueueInserted               0x00001287   Thumb Code     2  rtx_evr.o(i.EvrRtxMessageQueueInserted)
    EvrRtxMessageQueueNew                    0x00001289   Thumb Code     2  rtx_evr.o(i.EvrRtxMessageQueueNew)
    EvrRtxMessageQueueNotInserted            0x0000128b   Thumb Code     2  rtx_evr.o(i.EvrRtxMessageQueueNotInserted)
    EvrRtxMessageQueueNotRetrieved           0x0000128d   Thumb Code     2  rtx_evr.o(i.EvrRtxMessageQueueNotRetrieved)
    EvrRtxMessageQueuePut                    0x0000128f   Thumb Code     2  rtx_evr.o(i.EvrRtxMessageQueuePut)
    EvrRtxMessageQueuePutPending             0x00001291   Thumb Code     2  rtx_evr.o(i.EvrRtxMessageQueuePutPending)
    EvrRtxMessageQueuePutTimeout             0x00001293   Thumb Code     2  rtx_evr.o(i.EvrRtxMessageQueuePutTimeout)
    EvrRtxMessageQueueRetrieved              0x00001295   Thumb Code     2  rtx_evr.o(i.EvrRtxMessageQueueRetrieved)
    EvrRtxMutexAcquire                       0x00001297   Thumb Code     2  rtx_evr.o(i.EvrRtxMutexAcquire)
    EvrRtxMutexAcquirePending                0x00001299   Thumb Code     2  rtx_evr.o(i.EvrRtxMutexAcquirePending)
    EvrRtxMutexAcquireTimeout                0x0000129b   Thumb Code     2  rtx_evr.o(i.EvrRtxMutexAcquireTimeout)
    EvrRtxMutexAcquired                      0x0000129d   Thumb Code     2  rtx_evr.o(i.EvrRtxMutexAcquired)
    EvrRtxMutexCreated                       0x0000129f   Thumb Code     2  rtx_evr.o(i.EvrRtxMutexCreated)
    EvrRtxMutexDelete                        0x000012a1   Thumb Code     2  rtx_evr.o(i.EvrRtxMutexDelete)
    EvrRtxMutexDestroyed                     0x000012a3   Thumb Code     2  rtx_evr.o(i.EvrRtxMutexDestroyed)
    EvrRtxMutexError                         0x000012a5   Thumb Code     2  rtx_evr.o(i.EvrRtxMutexError)
    EvrRtxMutexNew                           0x000012a7   Thumb Code     2  rtx_evr.o(i.EvrRtxMutexNew)
    EvrRtxMutexNotAcquired                   0x000012a9   Thumb Code     2  rtx_evr.o(i.EvrRtxMutexNotAcquired)
    EvrRtxMutexRelease                       0x000012ab   Thumb Code     2  rtx_evr.o(i.EvrRtxMutexRelease)
    EvrRtxMutexReleased                      0x000012ad   Thumb Code     2  rtx_evr.o(i.EvrRtxMutexReleased)
    EvrRtxSemaphoreAcquire                   0x000012af   Thumb Code     2  rtx_evr.o(i.EvrRtxSemaphoreAcquire)
    EvrRtxSemaphoreAcquirePending            0x000012b1   Thumb Code     2  rtx_evr.o(i.EvrRtxSemaphoreAcquirePending)
    EvrRtxSemaphoreAcquireTimeout            0x000012b3   Thumb Code     2  rtx_evr.o(i.EvrRtxSemaphoreAcquireTimeout)
    EvrRtxSemaphoreAcquired                  0x000012b5   Thumb Code     2  rtx_evr.o(i.EvrRtxSemaphoreAcquired)
    EvrRtxSemaphoreCreated                   0x000012b7   Thumb Code     2  rtx_evr.o(i.EvrRtxSemaphoreCreated)
    EvrRtxSemaphoreError                     0x000012b9   Thumb Code     2  rtx_evr.o(i.EvrRtxSemaphoreError)
    EvrRtxSemaphoreNew                       0x000012bb   Thumb Code     2  rtx_evr.o(i.EvrRtxSemaphoreNew)
    EvrRtxSemaphoreNotAcquired               0x000012bd   Thumb Code     2  rtx_evr.o(i.EvrRtxSemaphoreNotAcquired)
    EvrRtxSemaphoreRelease                   0x000012bf   Thumb Code     2  rtx_evr.o(i.EvrRtxSemaphoreRelease)
    EvrRtxSemaphoreReleased                  0x000012c1   Thumb Code     2  rtx_evr.o(i.EvrRtxSemaphoreReleased)
    EvrRtxThreadBlocked                      0x000012c3   Thumb Code     2  rtx_evr.o(i.EvrRtxThreadBlocked)
    EvrRtxThreadCreated                      0x000012c5   Thumb Code     2  rtx_evr.o(i.EvrRtxThreadCreated)
    EvrRtxThreadDelay                        0x000012c7   Thumb Code     2  rtx_evr.o(i.EvrRtxThreadDelay)
    EvrRtxThreadDelayCompleted               0x000012c9   Thumb Code     2  rtx_evr.o(i.EvrRtxThreadDelayCompleted)
    EvrRtxThreadDestroyed                    0x000012cb   Thumb Code     2  rtx_evr.o(i.EvrRtxThreadDestroyed)
    EvrRtxThreadError                        0x000012cd   Thumb Code     2  rtx_evr.o(i.EvrRtxThreadError)
    EvrRtxThreadExit                         0x000012cf   Thumb Code     2  rtx_evr.o(i.EvrRtxThreadExit)
    EvrRtxThreadFlagsWaitCompleted           0x000012d1   Thumb Code     2  rtx_evr.o(i.EvrRtxThreadFlagsWaitCompleted)
    EvrRtxThreadFlagsWaitTimeout             0x000012d3   Thumb Code     2  rtx_evr.o(i.EvrRtxThreadFlagsWaitTimeout)
    EvrRtxThreadGetId                        0x000012d5   Thumb Code     2  rtx_evr.o(i.EvrRtxThreadGetId)
    EvrRtxThreadJoined                       0x000012d7   Thumb Code     2  rtx_evr.o(i.EvrRtxThreadJoined)
    EvrRtxThreadNew                          0x000012d9   Thumb Code     2  rtx_evr.o(i.EvrRtxThreadNew)
    EvrRtxThreadSwitch                       0x000012db   Thumb Code     2  rtx_evr.o(i.EvrRtxThreadSwitch)
    EvrRtxThreadUnblocked                    0x000012dd   Thumb Code     2  rtx_evr.o(i.EvrRtxThreadUnblocked)
    EvrRtxTimerCallback                      0x000012df   Thumb Code     2  rtx_evr.o(i.EvrRtxTimerCallback)
    GPDMA_ChannelConfigure                   0x000012e1   Thumb Code   232  gpdma_lpc17xx.o(i.GPDMA_ChannelConfigure)
    GPDMA_ChannelDisable                     0x000013d5   Thumb Code    44  gpdma_lpc17xx.o(i.GPDMA_ChannelDisable)
    GPDMA_ChannelGetCount                    0x00001405   Thumb Code    38  gpdma_lpc17xx.o(i.GPDMA_ChannelGetCount)
    GPDMA_Initialize                         0x00001435   Thumb Code   146  gpdma_lpc17xx.o(i.GPDMA_Initialize)
    GPDMA_PeripheralSelect                   0x000014dd   Thumb Code    62  gpdma_lpc17xx.o(i.GPDMA_PeripheralSelect)
    GPDMA_Uninitialize                       0x00001521   Thumb Code   116  gpdma_lpc17xx.o(i.GPDMA_Uninitialize)
    GPIO_PinWrite                            0x000015a1   Thumb Code    36  gpio_lpc17xx.o(i.GPIO_PinWrite)
    GPIO_SetDir                              0x000015c9   Thumb Code    52  gpio_lpc17xx.o(i.GPIO_SetDir)
    I2C1_IRQHandler                          0x000016bd   Thumb Code    10  i2c_lpc17xx.o(i.I2C1_IRQHandler)
    OS_Tick_AcknowledgeIRQ                   0x000021e3   Thumb Code    10  os_systick.o(i.OS_Tick_AcknowledgeIRQ)
    OS_Tick_Enable                           0x000021ed   Thumb Code    40  os_systick.o(i.OS_Tick_Enable)
    OS_Tick_GetIRQn                          0x0000221d   Thumb Code     6  os_systick.o(i.OS_Tick_GetIRQn)
    OS_Tick_Setup                            0x00002225   Thumb Code    96  os_systick.o(i.OS_Tick_Setup)
    PIN_Configure                            0x00002295   Thumb Code   246  pin_lpc17xx.o(i.PIN_Configure)
    PIN_ConfigureI2C0Pins                    0x00002391   Thumb Code    28  pin_lpc17xx.o(i.PIN_ConfigureI2C0Pins)
    SystemCoreClockUpdate                    0x00002421   Thumb Code   408  system_lpc17xx.o(i.SystemCoreClockUpdate)
    SystemInit                               0x000025c9   Thumb Code   302  system_lpc17xx.o(i.SystemInit)
    UART0_IRQHandler                         0x000027b9   Thumb Code    10  uart_lpc17xx.o(i.UART0_IRQHandler)
    UART1_IRQHandler                         0x000027c9   Thumb Code    10  uart_lpc17xx.o(i.UART1_IRQHandler)
    USART0_GPDMA_Rx_Event                    0x000027f1   Thumb Code    14  uart_lpc17xx.o(i.USART0_GPDMA_Rx_Event)
    USART0_GPDMA_Tx_Event                    0x00002805   Thumb Code    14  uart_lpc17xx.o(i.USART0_GPDMA_Tx_Event)
    USART1_GPDMA_Rx_Event                    0x00002919   Thumb Code    14  uart_lpc17xx.o(i.USART1_GPDMA_Rx_Event)
    USART1_GPDMA_Tx_Event                    0x0000292d   Thumb Code    14  uart_lpc17xx.o(i.USART1_GPDMA_Tx_Event)
    USART_SetBaudrate                        0x00003c19   Thumb Code   302  uart_lpc17xx.o(i.USART_SetBaudrate)
    imuUpdater(void*)                        0x00003f59   Thumb Code   182  main.o(i._Z10imuUpdaterPv)
    showReading(void*)                       0x00004035   Thumb Code   104  main.o(i._Z11showReadingPv)
    uart0Thread(void*)                       0x000040c5   Thumb Code   726  main.o(i._Z11uart0ThreadPv)
    I2C_callback(unsigned)                   0x00004459   Thumb Code    52  main.o(i._Z12I2C_callbackj)
    computeEngine(void*)                     0x00004499   Thumb Code   786  main.o(i._Z13computeEnginePv)
    ledInitialize()                          0x0000484d   Thumb Code    24  main.o(i._Z13ledInitializev)
    USART_callback(unsigned)                 0x00004865   Thumb Code    86  main.o(i._Z14USART_callbackj)
    calibrateMotor()                         0x000048cd   Thumb Code    42  main.o(i._Z14calibrateMotorv)
    i2c1Initialize()                         0x000048fd   Thumb Code    40  main.o(i._Z14i2c1Initializev)
    heartBeatThread(void*)                   0x0000492d   Thumb Code    38  main.o(i._Z15heartBeatThreadPv)
    uart0Initialize()                        0x00004955   Thumb Code    64  main.o(i._Z15uart0Initializev)
    configBNO()                              0x000049bd   Thumb Code    92  main.o(i._Z9configBNOv)
    configPWM()                              0x00004a2d   Thumb Code    52  main.o(i._Z9configPWMv)
    RingBuffer::ringBufferWrite(char)        0x00004a69   Thumb Code    52  ringbuffer.o(i._ZN10RingBuffer15ringBufferWriteEc)
    RingBuffer::ringBufferStringRead(char*)  0x00004a9d   Thumb Code    74  ringbuffer.o(i._ZN10RingBuffer20ringBufferStringReadEPc)
    __user_perthread_libspace                0x00004c0d   Thumb Code    98  rtx_lib.o(i.__user_perthread_libspace)
    _mutex_acquire                           0x00004c7d   Thumb Code    22  rtx_lib.o(i._mutex_acquire)
    _mutex_free                              0x00004c93   Thumb Code    12  rtx_lib.o(i._mutex_free)
    _mutex_initialize                        0x00004c9f   Thumb Code    32  rtx_lib.o(i._mutex_initialize)
    _mutex_release                           0x00004cbf   Thumb Code    18  rtx_lib.o(i._mutex_release)
    _platform_post_stackheap_init            0x00004cd1   Thumb Code     8  rtx_lib.o(i._platform_post_stackheap_init)
    main                                     0x00004e75   Thumb Code   366  main.o(i.main)
    osDelay                                  0x000050d9   Thumb Code    64  rtx_delay.o(i.osDelay)
    osKernelGetState                         0x0000511d   Thumb Code    62  rtx_kernel.o(i.osKernelGetState)
    osKernelInitialize                       0x00005161   Thumb Code    82  rtx_kernel.o(i.osKernelInitialize)
    osKernelStart                            0x000051b9   Thumb Code    82  rtx_kernel.o(i.osKernelStart)
    osMessageQueueGet                        0x00005211   Thumb Code    78  rtx_msgqueue.o(i.osMessageQueueGet)
    osMessageQueueNew                        0x00005265   Thumb Code   110  rtx_msgqueue.o(i.osMessageQueueNew)
    osMessageQueuePut                        0x000052d9   Thumb Code    78  rtx_msgqueue.o(i.osMessageQueuePut)
    osMutexAcquire                           0x0000532d   Thumb Code    64  rtx_mutex.o(i.osMutexAcquire)
    osMutexDelete                            0x00005371   Thumb Code    58  rtx_mutex.o(i.osMutexDelete)
    osMutexNew                               0x000053b1   Thumb Code    90  rtx_mutex.o(i.osMutexNew)
    osMutexRelease                           0x00005411   Thumb Code    58  rtx_mutex.o(i.osMutexRelease)
    osRtxErrorNotify                         0x00005451   Thumb Code    32  rtx_config.o(i.osRtxErrorNotify)
    osRtxIdleThread                          0x00005471   Thumb Code     4  rtx_config.o(i.osRtxIdleThread)
    osRtxMemoryAlloc                         0x00005481   Thumb Code   162  rtx_memory.o(i.osRtxMemoryAlloc)
    osRtxMemoryFree                          0x00005523   Thumb Code   102  rtx_memory.o(i.osRtxMemoryFree)
    osRtxMemoryInit                          0x00005589   Thumb Code    82  rtx_memory.o(i.osRtxMemoryInit)
    osRtxMemoryPoolAlloc                     0x000055db   Thumb Code    58  rtx_mempool.o(i.osRtxMemoryPoolAlloc)
    osRtxMemoryPoolFree                      0x00005615   Thumb Code    78  rtx_mempool.o(i.osRtxMemoryPoolFree)
    osRtxMemoryPoolInit                      0x00005663   Thumb Code    80  rtx_mempool.o(i.osRtxMemoryPoolInit)
    osRtxMessageQueuePostProcess             0x000056b3   Thumb Code   274  rtx_msgqueue.o(i.osRtxMessageQueuePostProcess)
    osRtxMutexOwnerRelease                   0x000057c5   Thumb Code    84  rtx_mutex.o(i.osRtxMutexOwnerRelease)
    osRtxPendSV_Handler                      0x00005819   Thumb Code    96  rtx_system.o(i.osRtxPendSV_Handler)
    osRtxPostProcess                         0x0000587d   Thumb Code    50  rtx_system.o(i.osRtxPostProcess)
    osRtxSemaphorePostProcess                0x000058b9   Thumb Code    50  rtx_semaphore.o(i.osRtxSemaphorePostProcess)
    osRtxThreadBlock                         0x000058ed   Thumb Code    42  rtx_thread.o(i.osRtxThreadBlock)
    osRtxThreadDelayInsert                   0x0000591d   Thumb Code   100  rtx_thread.o(i.osRtxThreadDelayInsert)
    osRtxThreadDelayRemove                   0x00005985   Thumb Code   116  rtx_thread.o(i.osRtxThreadDelayRemove)
    osRtxThreadDelayTick                     0x000059fd   Thumb Code   216  rtx_thread.o(i.osRtxThreadDelayTick)
    osRtxThreadDispatch                      0x00005ad9   Thumb Code   102  rtx_thread.o(i.osRtxThreadDispatch)
    osRtxThreadListGet                       0x00005bb1   Thumb Code    24  rtx_thread.o(i.osRtxThreadListGet)
    osRtxThreadListPut                       0x00005bc9   Thumb Code    46  rtx_thread.o(i.osRtxThreadListPut)
    osRtxThreadListRemove                    0x00005bf7   Thumb Code    26  rtx_thread.o(i.osRtxThreadListRemove)
    osRtxThreadListRoot                      0x00005c11   Thumb Code    14  rtx_thread.o(i.osRtxThreadListRoot)
    osRtxThreadListSort                      0x00005c1f   Thumb Code    40  rtx_thread.o(i.osRtxThreadListSort)
    osRtxThreadPostProcess                   0x00005c47   Thumb Code    64  rtx_thread.o(i.osRtxThreadPostProcess)
    osRtxThreadReadyPut                      0x00005c89   Thumb Code    18  rtx_thread.o(i.osRtxThreadReadyPut)
    osRtxThreadRegPtr                        0x00005ca1   Thumb Code     8  rtx_thread.o(i.osRtxThreadRegPtr)
    osRtxThreadStackCheck                    0x00005cb5   Thumb Code    38  rtx_thread.o(i.osRtxThreadStackCheck)
    osRtxThreadSwitch                        0x00005ce1   Thumb Code    24  rtx_thread.o(i.osRtxThreadSwitch)
    osRtxThreadWaitEnter                     0x00005cfd   Thumb Code    84  rtx_thread.o(i.osRtxThreadWaitEnter)
    osRtxThreadWaitExit                      0x00005d55   Thumb Code    54  rtx_thread.o(i.osRtxThreadWaitExit)
    osRtxTick_Handler                        0x00005d8d   Thumb Code   146  rtx_system.o(i.osRtxTick_Handler)
    osRtxTimerThread                         0x00005e25   Thumb Code    74  rtx_timer.o(i.osRtxTimerThread)
    osRtxTimerTick                           0x00005e7d   Thumb Code    88  rtx_timer.o(i.osRtxTimerTick)
    osSemaphoreAcquire                       0x00005ed9   Thumb Code   138  rtx_semaphore.o(i.osSemaphoreAcquire)
    osSemaphoreNew                           0x00005f69   Thumb Code   110  rtx_semaphore.o(i.osSemaphoreNew)
    osSemaphoreRelease                       0x00005fdd   Thumb Code   132  rtx_semaphore.o(i.osSemaphoreRelease)
    osThreadExit                             0x00006065   Thumb Code    28  rtx_thread.o(i.osThreadExit)
    osThreadGetId                            0x00006085   Thumb Code    42  rtx_thread.o(i.osThreadGetId)
    osThreadNew                              0x000060b5   Thumb Code   110  rtx_thread.o(i.osThreadNew)
    svcRtxDelay                              0x0000614d   Thumb Code    22  rtx_delay.o(i.svcRtxDelay)
    svcRtxKernelGetState                     0x00006165   Thumb Code    16  rtx_kernel.o(i.svcRtxKernelGetState)
    svcRtxKernelInitialize                   0x00006179   Thumb Code   660  rtx_kernel.o(i.svcRtxKernelInitialize)
    svcRtxKernelStart                        0x00006419   Thumb Code   228  rtx_kernel.o(i.svcRtxKernelStart)
    svcRtxMessageQueueGet                    0x00006511   Thumb Code   300  rtx_msgqueue.o(i.svcRtxMessageQueueGet)
    svcRtxMessageQueueNew                    0x00006641   Thumb Code   408  rtx_msgqueue.o(i.svcRtxMessageQueueNew)
    svcRtxMessageQueuePut                    0x000067e1   Thumb Code   276  rtx_msgqueue.o(i.svcRtxMessageQueuePut)
    svcRtxMutexAcquire                       0x000068f9   Thumb Code   258  rtx_mutex.o(i.svcRtxMutexAcquire)
    svcRtxMutexDelete                        0x00006a01   Thumb Code   240  rtx_mutex.o(i.svcRtxMutexDelete)
    svcRtxMutexNew                           0x00006af5   Thumb Code   172  rtx_mutex.o(i.svcRtxMutexNew)
    svcRtxMutexRelease                       0x00006ba5   Thumb Code   272  rtx_mutex.o(i.svcRtxMutexRelease)
    svcRtxSemaphoreAcquire                   0x00006cb9   Thumb Code   126  rtx_semaphore.o(i.svcRtxSemaphoreAcquire)
    svcRtxSemaphoreNew                       0x00006d3d   Thumb Code   204  rtx_semaphore.o(i.svcRtxSemaphoreNew)
    svcRtxSemaphoreRelease                   0x00006e11   Thumb Code   120  rtx_semaphore.o(i.svcRtxSemaphoreRelease)
    svcRtxThreadExit                         0x00006e89   Thumb Code   142  rtx_thread.o(i.svcRtxThreadExit)
    svcRtxThreadGetId                        0x00006f1d   Thumb Code    18  rtx_thread.o(i.svcRtxThreadGetId)
    svcRtxThreadNew                          0x00006f31   Thumb Code   598  rtx_thread.o(i.svcRtxThreadNew)
    _get_lc_ctype                            0x0000719d   Thumb Code    44  lc_ctype_c.o(locale$$code)
    __aeabi_fadd                             0x000071c9   Thumb Code     0  faddsub_clz.o(x$fpl$fadd)
    _fadd                                    0x000071c9   Thumb Code   196  faddsub_clz.o(x$fpl$fadd)
    __aeabi_fdiv                             0x0000728d   Thumb Code     0  fdiv.o(x$fpl$fdiv)
    _fdiv                                    0x0000728d   Thumb Code   384  fdiv.o(x$fpl$fdiv)
    __aeabi_f2iz                             0x00007411   Thumb Code     0  ffix.o(x$fpl$ffix)
    _ffix                                    0x00007411   Thumb Code    54  ffix.o(x$fpl$ffix)
    __aeabi_i2f                              0x00007449   Thumb Code     0  fflt_clz.o(x$fpl$fflt)
    _fflt                                    0x00007449   Thumb Code    48  fflt_clz.o(x$fpl$fflt)
    __aeabi_fmul                             0x00007479   Thumb Code     0  fmul.o(x$fpl$fmul)
    _fmul                                    0x00007479   Thumb Code   258  fmul.o(x$fpl$fmul)
    __fpl_fnaninf                            0x0000757b   Thumb Code   140  fnaninf.o(x$fpl$fnaninf)
    __fpl_fretinf                            0x00007607   Thumb Code    10  fretinf.o(x$fpl$fretinf)
    __aeabi_fsub                             0x00007611   Thumb Code     0  faddsub_clz.o(x$fpl$fsub)
    _fsub                                    0x00007611   Thumb Code   234  faddsub_clz.o(x$fpl$fsub)
    __I$use$fp                               0x000076fa   Number         0  usenofp.o(x$fpl$usenofp)
    irqRtxLib                                0x00007700   Data           1  irq_cm3.o(.constdata)
    osRtxUserSVC                             0x00007764   Data           4  rtx_lib.o(.constdata)
    Driver_I2C1                              0x0000779c   Data          48  i2c_lpc17xx.o(.constdata)
    Driver_USART0                            0x000079d8   Data          56  uart_lpc17xx.o(.constdata)
    Driver_USART1                            0x00007a10   Data          56  uart_lpc17xx.o(.constdata)
    osRtxConfig                              0x00007abc   Data         104  rtx_lib.o(.rodata)
    Region$$Table$$Base                      0x00007b24   Number         0  anon$$obj.o(Region$$Table)
    Region$$Table$$Limit                     0x00007b44   Number         0  anon$$obj.o(Region$$Table)
    __ctype                                  0x00007b51   Data           0  lc_ctype_c.o(locale$$data)
    SHT$$INIT_ARRAY$$Base                    0x00007c54   Number         0  main.o(.init_array)
    SHT$$INIT_ARRAY$$Limit                   0x00007c58   Number         0  init_aeabi.o(.init_array)
    Driver_USART1_STATUS                     0x100017f0   Data           4  main.o(.data)
    semaphoreTransmitId                      0x100017f4   Data           4  main.o(.data)
    semaphoreReceiveId                       0x100017f8   Data           4  main.o(.data)
    semaphoreDataReadyId                     0x100017fc   Data           4  main.o(.data)
    semaphoreUartDataReadyId                 0x10001800   Data           4  main.o(.data)
    semaphoreShowDataReadyId                 0x10001804   Data           4  main.o(.data)
    eulerAngle                               0x10001808   Data           6  main.o(.data)
    eulerAngleX                              0x1000180e   Data           2  main.o(.data)
    eulerAngleY                              0x10001810   Data           2  main.o(.data)
    eulerAngleZ                              0x10001812   Data           2  main.o(.data)
    timeDiff                                 0x10001814   Data           4  main.o(.data)
    errorPitch                               0x10001818   Data           4  main.o(.data)
    errorRoll                                0x1000181c   Data           4  main.o(.data)
    errorYaw                                 0x10001820   Data           4  main.o(.data)
    errorPitchD                              0x10001824   Data           4  main.o(.data)
    errorRollD                               0x10001828   Data           4  main.o(.data)
    errorYawD                                0x1000182c   Data           4  main.o(.data)
    errorPitchI                              0x10001830   Data           4  main.o(.data)
    errorRollI                               0x10001834   Data           4  main.o(.data)
    errorYawI                                0x10001838   Data           4  main.o(.data)
    errorPitchPrev                           0x1000183c   Data           4  main.o(.data)
    errorRollPrev                            0x10001840   Data           4  main.o(.data)
    errorYawPrev                             0x10001844   Data           4  main.o(.data)
    pitchAngle                               0x10001848   Data           2  main.o(.data)
    rollAngle                                0x1000184a   Data           2  main.o(.data)
    yawAngle                                 0x1000184c   Data           2  main.o(.data)
    pidPitch                                 0x10001850   Data           4  main.o(.data)
    pidRoll                                  0x10001854   Data           4  main.o(.data)
    pidYaw                                   0x10001858   Data           4  main.o(.data)
    pidPitchP                                0x1000185c   Data           4  main.o(.data)
    pidPitchI                                0x10001860   Data           4  main.o(.data)
    pidPitchD                                0x10001864   Data           4  main.o(.data)
    pidRollP                                 0x10001868   Data           4  main.o(.data)
    pidRollI                                 0x1000186c   Data           4  main.o(.data)
    pidRollD                                 0x10001870   Data           4  main.o(.data)
    pidYawP                                  0x10001874   Data           4  main.o(.data)
    pidYawI                                  0x10001878   Data           4  main.o(.data)
    pidYawD                                  0x1000187c   Data           4  main.o(.data)
    motor1                                   0x10001880   Data           4  main.o(.data)
    motor2                                   0x10001884   Data           4  main.o(.data)
    motor3                                   0x10001888   Data           4  main.o(.data)
    motor4                                   0x1000188c   Data           4  main.o(.data)
    throttle                                 0x10001890   Data           4  main.o(.data)
    pData                                    0x10001894   Data           1  main.o(.data)
    irqRtxLibRef                             0x1000189c   Data           4  rtx_lib.o(.data)
    I2C1_PIN                                 0x100018a2   Data           4  i2c_lpc17xx.o(.data)
    SystemCoreClock                          0x100018b8   Data           4  system_lpc17xx.o(.data)
    osRtxInfo                                0x100018bc   Data         164  rtx_kernel.o(.data.os)
    Driver_USART1_INFO                       0x10001960   Data          32  main.o(.bss)
    semaphoreTransmitAttr                    0x10001980   Data          16  main.o(.bss)
    semaphoreReceiveAttr                     0x10001990   Data          16  main.o(.bss)
    semaphoreDataReadyAttr                   0x100019a0   Data          16  main.o(.bss)
    semaphoreUartDataReadyAttr               0x100019b0   Data          16  main.o(.bss)
    semaphoreShowDataReadyAttr               0x100019c0   Data          16  main.o(.bss)
    readout                                  0x100019d0   Data          34  main.o(.bss)
    ringBuffer                               0x100019f4   Data          84  main.o(.bss)
    __libspace_start                         0x10001b74   Data          96  libspace.o(.bss)
    __temporary_stack_top$libspace           0x10001bd4   Data           0  libspace.o(.bss)



==============================================================================

Memory Map of the image

  Image Entry point : 0x000000cd

  Load Region LR_IROM1 (Base: 0x00000000, Size: 0x000095b8, Max: 0x00080000, ABSOLUTE, COMPRESSED[0x00007cbc])

    Execution Region ER_IROM1 (Base: 0x00000000, Size: 0x00007c58, Max: 0x00080000, ABSOLUTE)

    Base Addr    Size         Type   Attr      Idx    E Section Name        Object

    0x00000000   0x000000cc   Data   RO         4134    RESET               startup_lpc17xx.o
    0x000000cc   0x00000008   Code   RO         4224  * !!!main             c_w.l(__main.o)
    0x000000d4   0x00000034   Code   RO         4462    !!!scatter          c_w.l(__scatter.o)
    0x00000108   0x0000005a   Code   RO         4460    !!dczerorl2         c_w.l(__dczerorl2.o)
    0x00000162   0x00000002   PAD
    0x00000164   0x0000001c   Code   RO         4464    !!handler_zi        c_w.l(__scatter_zi.o)
    0x00000180   0x00000000   Code   RO         4211    .ARM.Collect$$_printf_percent$$00000000  c_w.l(_printf_percent.o)
    0x00000180   0x00000006   Code   RO         4210    .ARM.Collect$$_printf_percent$$00000009  c_w.l(_printf_d.o)
    0x00000186   0x00000004   Code   RO         4272    .ARM.Collect$$_printf_percent$$00000017  c_w.l(_printf_percent_end.o)
    0x0000018a   0x00000002   Code   RO         4384    .ARM.Collect$$libinit$$00000000  c_w.l(libinit.o)
    0x0000018c   0x00000000   Code   RO         4278    .ARM.Collect$$libinit$$00000002  c_w.l(libinit2.o)
    0x0000018c   0x00000000   Code   RO         4280    .ARM.Collect$$libinit$$00000004  c_w.l(libinit2.o)
    0x0000018c   0x00000000   Code   RO         4283    .ARM.Collect$$libinit$$0000000A  c_w.l(libinit2.o)
    0x0000018c   0x00000000   Code   RO         4285    .ARM.Collect$$libinit$$0000000C  c_w.l(libinit2.o)
    0x0000018c   0x00000000   Code   RO         4287    .ARM.Collect$$libinit$$0000000E  c_w.l(libinit2.o)
    0x0000018c   0x00000006   Code   RO         4288    .ARM.Collect$$libinit$$0000000F  c_w.l(libinit2.o)
    0x00000192   0x00000000   Code   RO         4290    .ARM.Collect$$libinit$$00000011  c_w.l(libinit2.o)
    0x00000192   0x0000000c   Code   RO         4291    .ARM.Collect$$libinit$$00000012  c_w.l(libinit2.o)
    0x0000019e   0x00000000   Code   RO         4292    .ARM.Collect$$libinit$$00000013  c_w.l(libinit2.o)
    0x0000019e   0x00000000   Code   RO         4294    .ARM.Collect$$libinit$$00000015  c_w.l(libinit2.o)
    0x0000019e   0x00000000   Code   RO         4296    .ARM.Collect$$libinit$$00000017  c_w.l(libinit2.o)
    0x0000019e   0x00000000   Code   RO         4298    .ARM.Collect$$libinit$$00000019  c_w.l(libinit2.o)
    0x0000019e   0x00000000   Code   RO         4300    .ARM.Collect$$libinit$$0000001B  c_w.l(libinit2.o)
    0x0000019e   0x00000000   Code   RO         4302    .ARM.Collect$$libinit$$0000001D  c_w.l(libinit2.o)
    0x0000019e   0x00000000   Code   RO         4304    .ARM.Collect$$libinit$$0000001F  c_w.l(libinit2.o)
    0x0000019e   0x00000000   Code   RO         4306    .ARM.Collect$$libinit$$00000021  c_w.l(libinit2.o)
    0x0000019e   0x00000000   Code   RO         4308    .ARM.Collect$$libinit$$00000023  c_w.l(libinit2.o)
    0x0000019e   0x00000000   Code   RO         4310    .ARM.Collect$$libinit$$00000025  c_w.l(libinit2.o)
    0x0000019e   0x00000000   Code   RO         4314    .ARM.Collect$$libinit$$0000002C  c_w.l(libinit2.o)
    0x0000019e   0x00000000   Code   RO         4316    .ARM.Collect$$libinit$$0000002E  c_w.l(libinit2.o)
    0x0000019e   0x00000000   Code   RO         4318    .ARM.Collect$$libinit$$00000030  c_w.l(libinit2.o)
    0x0000019e   0x00000004   Code   RO         4319    .ARM.Collect$$libinit$$00000031  c_w.l(libinit2.o)
    0x000001a2   0x00000000   Code   RO         4320    .ARM.Collect$$libinit$$00000032  c_w.l(libinit2.o)
    0x000001a2   0x00000002   Code   RO         4321    .ARM.Collect$$libinit$$00000033  c_w.l(libinit2.o)
    0x000001a4   0x00000002   Code   RO         4427    .ARM.Collect$$libshutdown$$00000000  c_w.l(libshutdown.o)
    0x000001a6   0x00000000   Code   RO         4443    .ARM.Collect$$libshutdown$$00000002  c_w.l(libshutdown2.o)
    0x000001a6   0x00000000   Code   RO         4445    .ARM.Collect$$libshutdown$$00000004  c_w.l(libshutdown2.o)
    0x000001a6   0x00000000   Code   RO         4448    .ARM.Collect$$libshutdown$$00000007  c_w.l(libshutdown2.o)
    0x000001a6   0x00000000   Code   RO         4451    .ARM.Collect$$libshutdown$$0000000A  c_w.l(libshutdown2.o)
    0x000001a6   0x00000000   Code   RO         4453    .ARM.Collect$$libshutdown$$0000000C  c_w.l(libshutdown2.o)
    0x000001a6   0x00000000   Code   RO         4456    .ARM.Collect$$libshutdown$$0000000F  c_w.l(libshutdown2.o)
    0x000001a6   0x00000002   Code   RO         4457    .ARM.Collect$$libshutdown$$00000010  c_w.l(libshutdown2.o)
    0x000001a8   0x00000000   Code   RO         4254    .ARM.Collect$$rtentry$$00000000  c_w.l(__rtentry.o)
    0x000001a8   0x00000000   Code   RO         4331    .ARM.Collect$$rtentry$$00000002  c_w.l(__rtentry2.o)
    0x000001a8   0x00000006   Code   RO         4343    .ARM.Collect$$rtentry$$00000004  c_w.l(__rtentry4.o)
    0x000001ae   0x00000008   Code   RO         4332    .ARM.Collect$$rtentry$$00000008  c_w.l(__rtentry2.o)
    0x000001b6   0x00000004   Code   RO         4334    .ARM.Collect$$rtentry$$0000000A  c_w.l(__rtentry2.o)
    0x000001ba   0x00000000   Code   RO         4336    .ARM.Collect$$rtentry$$0000000C  c_w.l(__rtentry2.o)
    0x000001ba   0x00000008   Code   RO         4337    .ARM.Collect$$rtentry$$0000000D  c_w.l(__rtentry2.o)
    0x000001c2   0x00000002   Code   RO         4387    .ARM.Collect$$rtexit$$00000000  c_w.l(rtexit.o)
    0x000001c4   0x00000000   Code   RO         4409    .ARM.Collect$$rtexit$$00000002  c_w.l(rtexit2.o)
    0x000001c4   0x00000004   Code   RO         4410    .ARM.Collect$$rtexit$$00000003  c_w.l(rtexit2.o)
    0x000001c8   0x00000006   Code   RO         4411    .ARM.Collect$$rtexit$$00000004  c_w.l(rtexit2.o)
    0x000001ce   0x00000002   PAD
    0x000001d0   0x00000088   Code   RO          478    .text               irq_cm3.o
    0x00000258   0x00000040   Code   RO         4136    .text               startup_lpc17xx.o
    0x00000298   0x00000028   Code   RO         4184    .text               c_w.l(noretval__2sprintf.o)
    0x000002c0   0x0000001a   Code   RO         4212    .text               c_w.l(atoi.o)
    0x000002da   0x00000006   Code   RO         4222    .text               c_w.l(heapauxi.o)
    0x000002e0   0x00000004   Code   RO         4264    .text               c_w.l(rt_errno_addr_twolibspace.o)
    0x000002e4   0x0000000a   Code   RO         4270    .text               c_w.l(_sputc.o)
    0x000002ee   0x00000002   PAD
    0x000002f0   0x00000008   Code   RO         4327    .text               c_w.l(libspace.o)
    0x000002f8   0x00000002   Code   RO         4405    .text               c_w.l(use_no_semi.o)
    0x000002fa   0x00000000   Code   RO         4407    .text               c_w.l(indicate_semi.o)
    0x000002fa   0x00000002   Code   RO          763    i.EvrRtxEventFlagsWaitTimeout  rtx_evr.o
    0x000002fc   0x00000004   Code   RO         4135    .ARM.__at_0x02FC    startup_lpc17xx.o
    0x00000300   0x00000154   Code   RO         2111    .emb_text           rtx_mempool.o
    0x00000454   0x00000154   Code   RO         2285    .emb_text           rtx_msgqueue.o
    0x000005a8   0x00000154   Code   RO         2591    .emb_text           rtx_semaphore.o
    0x000006fc   0x00000154   Code   RO         2716    .emb_text           rtx_system.o
    0x00000850   0x00000154   Code   RO         2772    .emb_text           rtx_thread.o
    0x000009a4   0x000000ee   Code   RO         4180    .text               c_w.l(lludivv7m.o)
    0x00000a92   0x00000068   Code   RO         4186    .text               c_w.l(__printf.o)
    0x00000afa   0x00000002   PAD
    0x00000afc   0x00000078   Code   RO         4188    .text               c_w.l(_printf_dec.o)
    0x00000b74   0x00000096   Code   RO         4214    .text               c_w.l(strncmp.o)
    0x00000c0a   0x0000008a   Code   RO         4216    .text               c_w.l(rt_memcpy_v6.o)
    0x00000c94   0x00000044   Code   RO         4218    .text               c_w.l(rt_memclr.o)
    0x00000cd8   0x0000004e   Code   RO         4220    .text               c_w.l(rt_memclr_w.o)
    0x00000d26   0x00000002   PAD
    0x00000d28   0x00000024   Code   RO         4229    .text               c_w.l(init_aeabi.o)
    0x00000d4c   0x000000b2   Code   RO         4266    .text               c_w.l(_printf_intcommon.o)
    0x00000dfe   0x00000002   PAD
    0x00000e00   0x00000030   Code   RO         4268    .text               c_w.l(_printf_char_common.o)
    0x00000e30   0x00000070   Code   RO         4273    .text               c_w.l(strtol.o)
    0x00000ea0   0x00000064   Code   RO         4275    .text               c_w.l(rt_memcpy_w.o)
    0x00000f04   0x00000010   Code   RO         4345    .text               c_w.l(rt_ctype_table.o)
    0x00000f14   0x0000009e   Code   RO         4351    .text               c_w.l(_strtoul.o)
    0x00000fb2   0x0000004a   Code   RO         4357    .text               c_w.l(sys_stackheap_outer.o)
    0x00000ffc   0x0000000a   Code   RO         4364    .text               c_w.l(rt_locale_twolibspace.o)
    0x00001006   0x0000001c   Code   RO         4366    .text               c_w.l(_chval.o)
    0x00001022   0x00000012   Code   RO         4371    .text               c_w.l(exit.o)
    0x00001034   0x00000080   Code   RO         4401    .text               c_w.l(strcmpv7m.o)
    0x000010b4   0x0000000c   Code   RO         4403    .text               c_w.l(sys_exit.o)
    0x000010c0   0x00000020   Code   RO         3952    i.Clear_Channel_active_flag  gpdma_lpc17xx.o
    0x000010e0   0x00000180   Code   RO         3953    i.DMA_IRQHandler    gpdma_lpc17xx.o
    0x00001260   0x00000002   Code   RO          764    i.EvrRtxKernelError  rtx_evr.o
    0x00001262   0x00000002   Code   RO          766    i.EvrRtxKernelGetState  rtx_evr.o
    0x00001264   0x00000002   Code   RO          772    i.EvrRtxKernelInitialize  rtx_evr.o
    0x00001266   0x00000002   Code   RO          773    i.EvrRtxKernelInitializeCompleted  rtx_evr.o
    0x00001268   0x00000002   Code   RO          780    i.EvrRtxKernelStart  rtx_evr.o
    0x0000126a   0x00000002   Code   RO          781    i.EvrRtxKernelStarted  rtx_evr.o
    0x0000126c   0x00000002   Code   RO          786    i.EvrRtxMemoryAlloc  rtx_evr.o
    0x0000126e   0x00000002   Code   RO          787    i.EvrRtxMemoryBlockAlloc  rtx_evr.o
    0x00001270   0x00000002   Code   RO          788    i.EvrRtxMemoryBlockFree  rtx_evr.o
    0x00001272   0x00000002   Code   RO          789    i.EvrRtxMemoryBlockInit  rtx_evr.o
    0x00001274   0x00000002   Code   RO          790    i.EvrRtxMemoryFree  rtx_evr.o
    0x00001276   0x00000002   Code   RO          791    i.EvrRtxMemoryInit  rtx_evr.o
    0x00001278   0x00000002   Code   RO          795    i.EvrRtxMemoryPoolAllocTimeout  rtx_evr.o
    0x0000127a   0x00000002   Code   RO          810    i.EvrRtxMessageQueueCreated  rtx_evr.o
    0x0000127c   0x00000002   Code   RO          813    i.EvrRtxMessageQueueError  rtx_evr.o
    0x0000127e   0x00000002   Code   RO          814    i.EvrRtxMessageQueueGet  rtx_evr.o
    0x00001280   0x00000002   Code   RO          819    i.EvrRtxMessageQueueGetPending  rtx_evr.o
    0x00001282   0x00000002   Code   RO          821    i.EvrRtxMessageQueueGetTimeout  rtx_evr.o
    0x00001284   0x00000002   Code   RO          822    i.EvrRtxMessageQueueInsertPending  rtx_evr.o
    0x00001286   0x00000002   Code   RO          823    i.EvrRtxMessageQueueInserted  rtx_evr.o
    0x00001288   0x00000002   Code   RO          824    i.EvrRtxMessageQueueNew  rtx_evr.o
    0x0000128a   0x00000002   Code   RO          825    i.EvrRtxMessageQueueNotInserted  rtx_evr.o
    0x0000128c   0x00000002   Code   RO          826    i.EvrRtxMessageQueueNotRetrieved  rtx_evr.o
    0x0000128e   0x00000002   Code   RO          827    i.EvrRtxMessageQueuePut  rtx_evr.o
    0x00001290   0x00000002   Code   RO          828    i.EvrRtxMessageQueuePutPending  rtx_evr.o
    0x00001292   0x00000002   Code   RO          829    i.EvrRtxMessageQueuePutTimeout  rtx_evr.o
    0x00001294   0x00000002   Code   RO          832    i.EvrRtxMessageQueueRetrieved  rtx_evr.o
    0x00001296   0x00000002   Code   RO          833    i.EvrRtxMutexAcquire  rtx_evr.o
    0x00001298   0x00000002   Code   RO          834    i.EvrRtxMutexAcquirePending  rtx_evr.o
    0x0000129a   0x00000002   Code   RO          835    i.EvrRtxMutexAcquireTimeout  rtx_evr.o
    0x0000129c   0x00000002   Code   RO          836    i.EvrRtxMutexAcquired  rtx_evr.o
    0x0000129e   0x00000002   Code   RO          837    i.EvrRtxMutexCreated  rtx_evr.o
    0x000012a0   0x00000002   Code   RO          838    i.EvrRtxMutexDelete  rtx_evr.o
    0x000012a2   0x00000002   Code   RO          839    i.EvrRtxMutexDestroyed  rtx_evr.o
    0x000012a4   0x00000002   Code   RO          840    i.EvrRtxMutexError  rtx_evr.o
    0x000012a6   0x00000002   Code   RO          843    i.EvrRtxMutexNew    rtx_evr.o
    0x000012a8   0x00000002   Code   RO          844    i.EvrRtxMutexNotAcquired  rtx_evr.o
    0x000012aa   0x00000002   Code   RO          845    i.EvrRtxMutexRelease  rtx_evr.o
    0x000012ac   0x00000002   Code   RO          846    i.EvrRtxMutexReleased  rtx_evr.o
    0x000012ae   0x00000002   Code   RO          847    i.EvrRtxSemaphoreAcquire  rtx_evr.o
    0x000012b0   0x00000002   Code   RO          848    i.EvrRtxSemaphoreAcquirePending  rtx_evr.o
    0x000012b2   0x00000002   Code   RO          849    i.EvrRtxSemaphoreAcquireTimeout  rtx_evr.o
    0x000012b4   0x00000002   Code   RO          850    i.EvrRtxSemaphoreAcquired  rtx_evr.o
    0x000012b6   0x00000002   Code   RO          851    i.EvrRtxSemaphoreCreated  rtx_evr.o
    0x000012b8   0x00000002   Code   RO          854    i.EvrRtxSemaphoreError  rtx_evr.o
    0x000012ba   0x00000002   Code   RO          857    i.EvrRtxSemaphoreNew  rtx_evr.o
    0x000012bc   0x00000002   Code   RO          858    i.EvrRtxSemaphoreNotAcquired  rtx_evr.o
    0x000012be   0x00000002   Code   RO          859    i.EvrRtxSemaphoreRelease  rtx_evr.o
    0x000012c0   0x00000002   Code   RO          860    i.EvrRtxSemaphoreReleased  rtx_evr.o
    0x000012c2   0x00000002   Code   RO          861    i.EvrRtxThreadBlocked  rtx_evr.o
    0x000012c4   0x00000002   Code   RO          862    i.EvrRtxThreadCreated  rtx_evr.o
    0x000012c6   0x00000002   Code   RO          863    i.EvrRtxThreadDelay  rtx_evr.o
    0x000012c8   0x00000002   Code   RO          864    i.EvrRtxThreadDelayCompleted  rtx_evr.o
    0x000012ca   0x00000002   Code   RO          866    i.EvrRtxThreadDestroyed  rtx_evr.o
    0x000012cc   0x00000002   Code   RO          870    i.EvrRtxThreadError  rtx_evr.o
    0x000012ce   0x00000002   Code   RO          871    i.EvrRtxThreadExit  rtx_evr.o
    0x000012d0   0x00000002   Code   RO          878    i.EvrRtxThreadFlagsWaitCompleted  rtx_evr.o
    0x000012d2   0x00000002   Code   RO          881    i.EvrRtxThreadFlagsWaitTimeout  rtx_evr.o
    0x000012d4   0x00000002   Code   RO          883    i.EvrRtxThreadGetId  rtx_evr.o
    0x000012d6   0x00000002   Code   RO          891    i.EvrRtxThreadJoined  rtx_evr.o
    0x000012d8   0x00000002   Code   RO          892    i.EvrRtxThreadNew   rtx_evr.o
    0x000012da   0x00000002   Code   RO          898    i.EvrRtxThreadSwitch  rtx_evr.o
    0x000012dc   0x00000002   Code   RO          900    i.EvrRtxThreadUnblocked  rtx_evr.o
    0x000012de   0x00000002   Code   RO          902    i.EvrRtxTimerCallback  rtx_evr.o
    0x000012e0   0x000000f4   Code   RO         3954    i.GPDMA_ChannelConfigure  gpdma_lpc17xx.o
    0x000013d4   0x00000030   Code   RO         3955    i.GPDMA_ChannelDisable  gpdma_lpc17xx.o
    0x00001404   0x00000030   Code   RO         3957    i.GPDMA_ChannelGetCount  gpdma_lpc17xx.o
    0x00001434   0x000000a8   Code   RO         3959    i.GPDMA_Initialize  gpdma_lpc17xx.o
    0x000014dc   0x00000044   Code   RO         3960    i.GPDMA_PeripheralSelect  gpdma_lpc17xx.o
    0x00001520   0x00000080   Code   RO         3961    i.GPDMA_Uninitialize  gpdma_lpc17xx.o
    0x000015a0   0x00000028   Code   RO         4043    i.GPIO_PinWrite     gpio_lpc17xx.o
    0x000015c8   0x00000038   Code   RO         4047    i.GPIO_SetDir       gpio_lpc17xx.o
    0x00001600   0x00000040   Code   RO         3451    i.GetI2CClockFreq   i2c_lpc17xx.o
    0x00001640   0x00000044   Code   RO         3644    i.GetUsartClockFreq  uart_lpc17xx.o
    0x00001684   0x00000018   Code   RO         3452    i.I2C1_Control      i2c_lpc17xx.o
    0x0000169c   0x00000010   Code   RO         3453    i.I2C1_GetDataCount  i2c_lpc17xx.o
    0x000016ac   0x00000010   Code   RO         3454    i.I2C1_GetStatus    i2c_lpc17xx.o
    0x000016bc   0x00000010   Code   RO         3455    i.I2C1_IRQHandler   i2c_lpc17xx.o
    0x000016cc   0x00000014   Code   RO         3456    i.I2C1_Initialize   i2c_lpc17xx.o
    0x000016e0   0x00000020   Code   RO         3457    i.I2C1_MasterReceive  i2c_lpc17xx.o
    0x00001700   0x00000020   Code   RO         3458    i.I2C1_MasterTransmit  i2c_lpc17xx.o
    0x00001720   0x00000014   Code   RO         3459    i.I2C1_PowerControl  i2c_lpc17xx.o
    0x00001734   0x00000018   Code   RO         3460    i.I2C1_SlaveReceive  i2c_lpc17xx.o
    0x0000174c   0x00000018   Code   RO         3461    i.I2C1_SlaveTransmit  i2c_lpc17xx.o
    0x00001764   0x00000010   Code   RO         3462    i.I2C1_Uninitialize  i2c_lpc17xx.o
    0x00001774   0x0000000c   Code   RO         3463    i.I2C_GetCapabilities  i2c_lpc17xx.o
    0x00001780   0x00000010   Code   RO         3464    i.I2C_GetVersion    i2c_lpc17xx.o
    0x00001790   0x0000018c   Code   RO         3465    i.I2Cx_Control      i2c_lpc17xx.o
    0x0000191c   0x00000008   Code   RO         3466    i.I2Cx_GetDataCount  i2c_lpc17xx.o
    0x00001924   0x00000008   Code   RO         3467    i.I2Cx_GetStatus    i2c_lpc17xx.o
    0x0000192c   0x00000030   Code   RO         3468    i.I2Cx_IRQHandler   i2c_lpc17xx.o
    0x0000195c   0x0000004e   Code   RO         3469    i.I2Cx_Initialize   i2c_lpc17xx.o
    0x000019aa   0x000001ce   Code   RO         3470    i.I2Cx_MasterHandler  i2c_lpc17xx.o
    0x00001b78   0x000000ce   Code   RO         3471    i.I2Cx_MasterReceive  i2c_lpc17xx.o
    0x00001c46   0x000000cc   Code   RO         3472    i.I2Cx_MasterTransmit  i2c_lpc17xx.o
    0x00001d12   0x00000140   Code   RO         3473    i.I2Cx_PowerControl  i2c_lpc17xx.o
    0x00001e52   0x000001d4   Code   RO         3474    i.I2Cx_SlaveHandler  i2c_lpc17xx.o
    0x00002026   0x00000074   Code   RO         3475    i.I2Cx_SlaveReceive  i2c_lpc17xx.o
    0x0000209a   0x00000074   Code   RO         3476    i.I2Cx_SlaveTransmit  i2c_lpc17xx.o
    0x0000210e   0x00000030   Code   RO         3477    i.I2Cx_Uninitialize  i2c_lpc17xx.o
    0x0000213e   0x00000036   Code   RO         2286    i.MessageQueueGet   rtx_msgqueue.o
    0x00002174   0x0000004c   Code   RO         2287    i.MessageQueuePut   rtx_msgqueue.o
    0x000021c0   0x00000022   Code   RO         2288    i.MessageQueueRemove  rtx_msgqueue.o
    0x000021e2   0x0000000a   Code   RO         3343    i.OS_Tick_AcknowledgeIRQ  os_systick.o
    0x000021ec   0x00000030   Code   RO         3345    i.OS_Tick_Enable    os_systick.o
    0x0000221c   0x00000006   Code   RO         3348    i.OS_Tick_GetIRQn   os_systick.o
    0x00002222   0x00000002   PAD
    0x00002224   0x00000070   Code   RO         3351    i.OS_Tick_Setup     os_systick.o
    0x00002294   0x000000fc   Code   RO         4099    i.PIN_Configure     pin_lpc17xx.o
    0x00002390   0x00000020   Code   RO         4100    i.PIN_ConfigureI2C0Pins  pin_lpc17xx.o
    0x000023b0   0x00000018   Code   RO         2592    i.SemaphoreTokenDecrement  rtx_semaphore.o
    0x000023c8   0x0000001e   Code   RO         2593    i.SemaphoreTokenIncrement  rtx_semaphore.o
    0x000023e6   0x00000002   PAD
    0x000023e8   0x00000038   Code   RO         3962    i.Set_Channel_active_flag  gpdma_lpc17xx.o
    0x00002420   0x000001a8   Code   RO         4145    i.SystemCoreClockUpdate  system_lpc17xx.o
    0x000025c8   0x00000140   Code   RO         4146    i.SystemInit        system_lpc17xx.o
    0x00002708   0x00000056   Code   RO         2773    i.ThreadFlagsCheck  rtx_thread.o
    0x0000275e   0x00000002   PAD
    0x00002760   0x00000040   Code   RO         3208    i.TimerInsert       rtx_timer.o
    0x000027a0   0x00000018   Code   RO         3210    i.TimerUnlink       rtx_timer.o
    0x000027b8   0x00000010   Code   RO         3645    i.UART0_IRQHandler  uart_lpc17xx.o
    0x000027c8   0x00000010   Code   RO         3646    i.UART1_IRQHandler  uart_lpc17xx.o
    0x000027d8   0x00000018   Code   RO         3647    i.USART0_Control    uart_lpc17xx.o
    0x000027f0   0x00000014   Code   RO         3648    i.USART0_GPDMA_Rx_Event  uart_lpc17xx.o
    0x00002804   0x00000014   Code   RO         3649    i.USART0_GPDMA_Tx_Event  uart_lpc17xx.o
    0x00002818   0x00000010   Code   RO         3650    i.USART0_GetCapabilities  uart_lpc17xx.o
    0x00002828   0x00000010   Code   RO         3651    i.USART0_GetModemStatus  uart_lpc17xx.o
    0x00002838   0x00000010   Code   RO         3652    i.USART0_GetRxCount  uart_lpc17xx.o
    0x00002848   0x00000010   Code   RO         3653    i.USART0_GetStatus  uart_lpc17xx.o
    0x00002858   0x00000010   Code   RO         3654    i.USART0_GetTxCount  uart_lpc17xx.o
    0x00002868   0x00000014   Code   RO         3655    i.USART0_Initialize  uart_lpc17xx.o
    0x0000287c   0x00000014   Code   RO         3656    i.USART0_PowerControl  uart_lpc17xx.o
    0x00002890   0x00000018   Code   RO         3657    i.USART0_Receive    uart_lpc17xx.o
    0x000028a8   0x00000018   Code   RO         3658    i.USART0_Send       uart_lpc17xx.o
    0x000028c0   0x00000014   Code   RO         3659    i.USART0_SetModemControl  uart_lpc17xx.o
    0x000028d4   0x0000001c   Code   RO         3660    i.USART0_Transfer   uart_lpc17xx.o
    0x000028f0   0x00000010   Code   RO         3661    i.USART0_Uninitialize  uart_lpc17xx.o
    0x00002900   0x00000018   Code   RO         3662    i.USART1_Control    uart_lpc17xx.o
    0x00002918   0x00000014   Code   RO         3663    i.USART1_GPDMA_Rx_Event  uart_lpc17xx.o
    0x0000292c   0x00000014   Code   RO         3664    i.USART1_GPDMA_Tx_Event  uart_lpc17xx.o
    0x00002940   0x00000010   Code   RO         3665    i.USART1_GetCapabilities  uart_lpc17xx.o
    0x00002950   0x00000010   Code   RO         3666    i.USART1_GetModemStatus  uart_lpc17xx.o
    0x00002960   0x00000010   Code   RO         3667    i.USART1_GetRxCount  uart_lpc17xx.o
    0x00002970   0x00000010   Code   RO         3668    i.USART1_GetStatus  uart_lpc17xx.o
    0x00002980   0x00000010   Code   RO         3669    i.USART1_GetTxCount  uart_lpc17xx.o
    0x00002990   0x00000014   Code   RO         3670    i.USART1_Initialize  uart_lpc17xx.o
    0x000029a4   0x00000014   Code   RO         3671    i.USART1_PowerControl  uart_lpc17xx.o
    0x000029b8   0x00000018   Code   RO         3672    i.USART1_Receive    uart_lpc17xx.o
    0x000029d0   0x00000018   Code   RO         3673    i.USART1_Send       uart_lpc17xx.o
    0x000029e8   0x00000014   Code   RO         3674    i.USART1_SetModemControl  uart_lpc17xx.o
    0x000029fc   0x0000001c   Code   RO         3675    i.USART1_Transfer   uart_lpc17xx.o
    0x00002a18   0x00000010   Code   RO         3676    i.USART1_Uninitialize  uart_lpc17xx.o
    0x00002a28   0x00000670   Code   RO         3677    i.USART_Control     uart_lpc17xx.o
    0x00003098   0x00000086   Code   RO         3678    i.USART_GPDMA_Rx_Event  uart_lpc17xx.o
    0x0000311e   0x0000004a   Code   RO         3679    i.USART_GPDMA_Tx_Event  uart_lpc17xx.o
    0x00003168   0x00000006   Code   RO         3680    i.USART_GetCapabilities  uart_lpc17xx.o
    0x0000316e   0x000000ec   Code   RO         3681    i.USART_GetModemStatus  uart_lpc17xx.o
    0x0000325a   0x0000001c   Code   RO         3682    i.USART_GetRxCount  uart_lpc17xx.o
    0x00003276   0x000000bc   Code   RO         3683    i.USART_GetStatus   uart_lpc17xx.o
    0x00003332   0x0000001c   Code   RO         3684    i.USART_GetTxCount  uart_lpc17xx.o
    0x0000334e   0x0000026c   Code   RO         3685    i.USART_IRQHandler  uart_lpc17xx.o
    0x000035ba   0x000000fe   Code   RO         3686    i.USART_Initialize  uart_lpc17xx.o
    0x000036b8   0x0000024c   Code   RO         3687    i.USART_PowerControl  uart_lpc17xx.o
    0x00003904   0x00000110   Code   RO         3688    i.USART_Receive     uart_lpc17xx.o
    0x00003a14   0x00000068   Code   RO         3689    i.USART_RxLineIntHandler  uart_lpc17xx.o
    0x00003a7c   0x0000019c   Code   RO         3690    i.USART_Send        uart_lpc17xx.o
    0x00003c18   0x00000134   Code   RO         3691    i.USART_SetBaudrate  uart_lpc17xx.o
    0x00003d4c   0x000000a0   Code   RO         3692    i.USART_SetModemControl  uart_lpc17xx.o
    0x00003dec   0x0000007a   Code   RO         3693    i.USART_Transfer    uart_lpc17xx.o
    0x00003e66   0x000000e2   Code   RO         3694    i.USART_Uninitialize  uart_lpc17xx.o
    0x00003f48   0x00000010   Code   RO         3695    i.USARTx_GetVersion  uart_lpc17xx.o
    0x00003f58   0x000000dc   Code   RO            4    i._Z10imuUpdaterPv  main.o
    0x00004034   0x00000090   Code   RO            5    i._Z11showReadingPv  main.o
    0x000040c4   0x00000394   Code   RO            6    i._Z11uart0ThreadPv  main.o
    0x00004458   0x00000040   Code   RO            7    i._Z12I2C_callbackj  main.o
    0x00004498   0x000003b4   Code   RO            8    i._Z13computeEnginePv  main.o
    0x0000484c   0x00000018   Code   RO            9    i._Z13ledInitializev  main.o
    0x00004864   0x00000068   Code   RO           10    i._Z14USART_callbackj  main.o
    0x000048cc   0x00000030   Code   RO           11    i._Z14calibrateMotorv  main.o
    0x000048fc   0x00000030   Code   RO           12    i._Z14i2c1Initializev  main.o
    0x0000492c   0x00000026   Code   RO           13    i._Z15heartBeatThreadPv  main.o
    0x00004952   0x00000002   PAD
    0x00004954   0x0000004c   Code   RO           14    i._Z15uart0Initializev  main.o
    0x000049a0   0x0000001a   Code   RO           16    i._Z16__NVIC_EnableIRQ4IRQn  main.o
    0x000049ba   0x00000002   PAD
    0x000049bc   0x00000070   Code   RO           19    i._Z9configBNOv     main.o
    0x00004a2c   0x0000003c   Code   RO           20    i._Z9configPWMv     main.o
    0x00004a68   0x00000034   Code   RO          442    i._ZN10RingBuffer15ringBufferWriteEc  ringbuffer.o
    0x00004a9c   0x0000004a   Code   RO          443    i._ZN10RingBuffer20ringBufferStringReadEPc  ringbuffer.o
    0x00004ae6   0x00000002   PAD
    0x00004ae8   0x0000001c   Code   RO         3478    i.__NVIC_ClearPendingIRQ  i2c_lpc17xx.o
    0x00004b04   0x0000001c   Code   RO         3696    i.__NVIC_ClearPendingIRQ  uart_lpc17xx.o
    0x00004b20   0x0000001c   Code   RO         3963    i.__NVIC_ClearPendingIRQ  gpdma_lpc17xx.o
    0x00004b3c   0x0000003c   Code   RO         3479    i.__NVIC_DisableIRQ  i2c_lpc17xx.o
    0x00004b78   0x0000001a   Code   RO         3480    i.__NVIC_EnableIRQ  i2c_lpc17xx.o
    0x00004b92   0x00000006   Code   RO         1768    i.__get_BASEPRI     rtx_kernel.o
    0x00004b98   0x00000006   Code   RO         2289    i.__get_BASEPRI     rtx_msgqueue.o
    0x00004b9e   0x00000006   Code   RO         2477    i.__get_BASEPRI     rtx_mutex.o
    0x00004ba4   0x00000006   Code   RO         2594    i.__get_BASEPRI     rtx_semaphore.o
    0x00004baa   0x00000006   Code   RO         2776    i.__get_BASEPRI     rtx_thread.o
    0x00004bb0   0x00000006   Code   RO         1769    i.__get_CONTROL     rtx_kernel.o
    0x00004bb6   0x00000006   Code   RO         1770    i.__get_IPSR        rtx_kernel.o
    0x00004bbc   0x00000006   Code   RO         2290    i.__get_IPSR        rtx_msgqueue.o
    0x00004bc2   0x00000006   Code   RO         2478    i.__get_IPSR        rtx_mutex.o
    0x00004bc8   0x00000006   Code   RO         2595    i.__get_IPSR        rtx_semaphore.o
    0x00004bce   0x00000006   Code   RO         2777    i.__get_IPSR        rtx_thread.o
    0x00004bd4   0x00000006   Code   RO         1771    i.__get_PRIMASK     rtx_kernel.o
    0x00004bda   0x00000006   Code   RO         2291    i.__get_PRIMASK     rtx_msgqueue.o
    0x00004be0   0x00000006   Code   RO         2479    i.__get_PRIMASK     rtx_mutex.o
    0x00004be6   0x00000006   Code   RO         2596    i.__get_PRIMASK     rtx_semaphore.o
    0x00004bec   0x00000006   Code   RO         2778    i.__get_PRIMASK     rtx_thread.o
    0x00004bf2   0x00000002   PAD
    0x00004bf4   0x00000018   Code   RO           21    i.__sti___8_Main_cpp_timeDiff  main.o
    0x00004c0c   0x00000070   Code   RO         1994    i.__user_perthread_libspace  rtx_lib.o
    0x00004c7c   0x00000016   Code   RO         1995    i._mutex_acquire    rtx_lib.o
    0x00004c92   0x0000000c   Code   RO         1996    i._mutex_free       rtx_lib.o
    0x00004c9e   0x00000020   Code   RO         1997    i._mutex_initialize  rtx_lib.o
    0x00004cbe   0x00000012   Code   RO         1998    i._mutex_release    rtx_lib.o
    0x00004cd0   0x00000008   Code   RO         1999    i._platform_post_stackheap_init  rtx_lib.o
    0x00004cd8   0x00000090   Code   RO         2292    i.isrRtxMessageQueueGet  rtx_msgqueue.o
    0x00004d68   0x0000009e   Code   RO         2293    i.isrRtxMessageQueuePut  rtx_msgqueue.o
    0x00004e06   0x00000002   PAD
    0x00004e08   0x00000030   Code   RO         2717    i.isr_queue_get     rtx_system.o
    0x00004e38   0x0000003c   Code   RO         2718    i.isr_queue_put     rtx_system.o
    0x00004e74   0x00000264   Code   RO           22    i.main              main.o
    0x000050d8   0x00000044   Code   RO          486    i.osDelay           rtx_delay.o
    0x0000511c   0x00000044   Code   RO         1773    i.osKernelGetState  rtx_kernel.o
    0x00005160   0x00000058   Code   RO         1778    i.osKernelInitialize  rtx_kernel.o
    0x000051b8   0x00000058   Code   RO         1782    i.osKernelStart     rtx_kernel.o
    0x00005210   0x00000054   Code   RO         2295    i.osMessageQueueGet  rtx_msgqueue.o
    0x00005264   0x00000074   Code   RO         2301    i.osMessageQueueNew  rtx_msgqueue.o
    0x000052d8   0x00000054   Code   RO         2302    i.osMessageQueuePut  rtx_msgqueue.o
    0x0000532c   0x00000044   Code   RO         2480    i.osMutexAcquire    rtx_mutex.o
    0x00005370   0x00000040   Code   RO         2481    i.osMutexDelete     rtx_mutex.o
    0x000053b0   0x00000060   Code   RO         2484    i.osMutexNew        rtx_mutex.o
    0x00005410   0x00000040   Code   RO         2485    i.osMutexRelease    rtx_mutex.o
    0x00005450   0x00000020   Code   RO         3421    i.osRtxErrorNotify  rtx_config.o
    0x00005470   0x00000004   Code   RO         3422    i.osRtxIdleThread   rtx_config.o
    0x00005474   0x0000000c   Code   RO         2779    i.osRtxKernelGetState  rtx_thread.o
    0x00005480   0x000000a2   Code   RO         2072    i.osRtxMemoryAlloc  rtx_memory.o
    0x00005522   0x00000066   Code   RO         2073    i.osRtxMemoryFree   rtx_memory.o
    0x00005588   0x00000052   Code   RO         2074    i.osRtxMemoryInit   rtx_memory.o
    0x000055da   0x0000003a   Code   RO         2125    i.osRtxMemoryPoolAlloc  rtx_mempool.o
    0x00005614   0x0000004e   Code   RO         2126    i.osRtxMemoryPoolFree  rtx_mempool.o
    0x00005662   0x00000050   Code   RO         2127    i.osRtxMemoryPoolInit  rtx_mempool.o
    0x000056b2   0x00000112   Code   RO         2304    i.osRtxMessageQueuePostProcess  rtx_msgqueue.o
    0x000057c4   0x00000054   Code   RO         2486    i.osRtxMutexOwnerRelease  rtx_mutex.o
    0x00005818   0x00000064   Code   RO         2719    i.osRtxPendSV_Handler  rtx_system.o
    0x0000587c   0x0000003c   Code   RO         2720    i.osRtxPostProcess  rtx_system.o
    0x000058b8   0x00000032   Code   RO         2597    i.osRtxSemaphorePostProcess  rtx_semaphore.o
    0x000058ea   0x00000002   PAD
    0x000058ec   0x00000030   Code   RO         2780    i.osRtxThreadBlock  rtx_thread.o
    0x0000591c   0x00000068   Code   RO         2781    i.osRtxThreadDelayInsert  rtx_thread.o
    0x00005984   0x00000078   Code   RO         2782    i.osRtxThreadDelayRemove  rtx_thread.o
    0x000059fc   0x000000dc   Code   RO         2783    i.osRtxThreadDelayTick  rtx_thread.o
    0x00005ad8   0x0000006c   Code   RO         2784    i.osRtxThreadDispatch  rtx_thread.o
    0x00005b44   0x00000060   Code   RO         2785    i.osRtxThreadFree   rtx_thread.o
    0x00005ba4   0x0000000c   Code   RO         2786    i.osRtxThreadGetRunning  rtx_thread.o
    0x00005bb0   0x00000018   Code   RO         2787    i.osRtxThreadListGet  rtx_thread.o
    0x00005bc8   0x0000002e   Code   RO         2788    i.osRtxThreadListPut  rtx_thread.o
    0x00005bf6   0x0000001a   Code   RO         2789    i.osRtxThreadListRemove  rtx_thread.o
    0x00005c10   0x0000000e   Code   RO         2790    i.osRtxThreadListRoot  rtx_thread.o
    0x00005c1e   0x00000028   Code   RO         2791    i.osRtxThreadListSort  rtx_thread.o
    0x00005c46   0x00000040   Code   RO         2793    i.osRtxThreadPostProcess  rtx_thread.o
    0x00005c86   0x00000002   PAD
    0x00005c88   0x00000018   Code   RO         2794    i.osRtxThreadReadyPut  rtx_thread.o
    0x00005ca0   0x00000008   Code   RO         2795    i.osRtxThreadRegPtr  rtx_thread.o
    0x00005ca8   0x0000000c   Code   RO         2796    i.osRtxThreadSetRunning  rtx_thread.o
    0x00005cb4   0x0000002c   Code   RO         2797    i.osRtxThreadStackCheck  rtx_thread.o
    0x00005ce0   0x0000001c   Code   RO         2798    i.osRtxThreadSwitch  rtx_thread.o
    0x00005cfc   0x00000058   Code   RO         2799    i.osRtxThreadWaitEnter  rtx_thread.o
    0x00005d54   0x00000036   Code   RO         2800    i.osRtxThreadWaitExit  rtx_thread.o
    0x00005d8a   0x00000002   PAD
    0x00005d8c   0x00000098   Code   RO         2721    i.osRtxTick_Handler  rtx_system.o
    0x00005e24   0x00000058   Code   RO         3214    i.osRtxTimerThread  rtx_timer.o
    0x00005e7c   0x0000005c   Code   RO         3215    i.osRtxTimerTick    rtx_timer.o
    0x00005ed8   0x00000090   Code   RO         2598    i.osSemaphoreAcquire  rtx_semaphore.o
    0x00005f68   0x00000074   Code   RO         2602    i.osSemaphoreNew    rtx_semaphore.o
    0x00005fdc   0x00000088   Code   RO         2603    i.osSemaphoreRelease  rtx_semaphore.o
    0x00006064   0x00000020   Code   RO         2803    i.osThreadExit      rtx_thread.o
    0x00006084   0x00000030   Code   RO         2809    i.osThreadGetId     rtx_thread.o
    0x000060b4   0x00000074   Code   RO         2816    i.osThreadNew       rtx_thread.o
    0x00006128   0x00000024   Code   RO         2000    i.os_kernel_is_active  rtx_lib.o
    0x0000614c   0x00000016   Code   RO          488    i.svcRtxDelay       rtx_delay.o
    0x00006162   0x00000002   PAD
    0x00006164   0x00000014   Code   RO         1786    i.svcRtxKernelGetState  rtx_kernel.o
    0x00006178   0x000002a0   Code   RO         1791    i.svcRtxKernelInitialize  rtx_kernel.o
    0x00006418   0x000000f8   Code   RO         1795    i.svcRtxKernelStart  rtx_kernel.o
    0x00006510   0x00000130   Code   RO         2306    i.svcRtxMessageQueueGet  rtx_msgqueue.o
    0x00006640   0x000001a0   Code   RO         2312    i.svcRtxMessageQueueNew  rtx_msgqueue.o
    0x000067e0   0x00000118   Code   RO         2313    i.svcRtxMessageQueuePut  rtx_msgqueue.o
    0x000068f8   0x00000108   Code   RO         2487    i.svcRtxMutexAcquire  rtx_mutex.o
    0x00006a00   0x000000f4   Code   RO         2488    i.svcRtxMutexDelete  rtx_mutex.o
    0x00006af4   0x000000b0   Code   RO         2491    i.svcRtxMutexNew    rtx_mutex.o
    0x00006ba4   0x00000114   Code   RO         2492    i.svcRtxMutexRelease  rtx_mutex.o
    0x00006cb8   0x00000084   Code   RO         2604    i.svcRtxSemaphoreAcquire  rtx_semaphore.o
    0x00006d3c   0x000000d4   Code   RO         2608    i.svcRtxSemaphoreNew  rtx_semaphore.o
    0x00006e10   0x00000078   Code   RO         2609    i.svcRtxSemaphoreRelease  rtx_semaphore.o
    0x00006e88   0x00000094   Code   RO         2824    i.svcRtxThreadExit  rtx_thread.o
    0x00006f1c   0x00000012   Code   RO         2830    i.svcRtxThreadGetId  rtx_thread.o
    0x00006f2e   0x00000002   PAD
    0x00006f30   0x0000026c   Code   RO         2837    i.svcRtxThreadNew   rtx_thread.o
    0x0000719c   0x0000002c   Code   RO         4369    locale$$code        c_w.l(lc_ctype_c.o)
    0x000071c8   0x000000c4   Code   RO         4232    x$fpl$fadd          fz_ws.l(faddsub_clz.o)
    0x0000728c   0x00000184   Code   RO         4239    x$fpl$fdiv          fz_ws.l(fdiv.o)
    0x00007410   0x00000036   Code   RO         4242    x$fpl$ffix          fz_ws.l(ffix.o)
    0x00007446   0x00000002   PAD
    0x00007448   0x00000030   Code   RO         4247    x$fpl$fflt          fz_ws.l(fflt_clz.o)
    0x00007478   0x00000102   Code   RO         4252    x$fpl$fmul          fz_ws.l(fmul.o)
    0x0000757a   0x0000008c   Code   RO         4322    x$fpl$fnaninf       fz_ws.l(fnaninf.o)
    0x00007606   0x0000000a   Code   RO         4324    x$fpl$fretinf       fz_ws.l(fretinf.o)
    0x00007610   0x000000ea   Code   RO         4234    x$fpl$fsub          fz_ws.l(faddsub_clz.o)
    0x000076fa   0x00000000   Code   RO         4326    x$fpl$usenofp       fz_ws.l(usenofp.o)
    0x000076fa   0x00000004   Data   RO           43    .constdata          main.o
    0x000076fe   0x00000002   PAD
    0x00007700   0x00000001   Data   RO          477    .constdata          irq_cm3.o
    0x00007701   0x00000003   PAD
    0x00007704   0x00000064   Data   RO         2006    .constdata          rtx_lib.o
    0x00007768   0x00000064   Data   RO         3482    .constdata          i2c_lpc17xx.o
    0x000077cc   0x0000027c   Data   RO         3698    .constdata          uart_lpc17xx.o
    0x00007a48   0x00000067   Data   RO           44    .conststring        main.o
    0x00007aaf   0x00000001   PAD
    0x00007ab0   0x0000000b   Data   RO         1798    .conststrlit        rtx_kernel.o
    0x00007abb   0x00000001   PAD
    0x00007abc   0x00000068   Data   RO         2008    .rodata             rtx_lib.o
    0x00007b24   0x00000020   Data   RO         4458    Region$$Table       anon$$obj.o
    0x00007b44   0x00000110   Data   RO         4368    locale$$data        c_w.l(lc_ctype_c.o)
    0x00007c54   0x00000004   Data   RO           46    .init_array         main.o
    0x00007c58   0x00000000   Data   RO         4227    .init_array         c_w.l(init_aeabi.o)


    Execution Region RW_IRAM1 (Base: 0x10000000, Size: 0x000020d8, Max: 0x00008000, ABSOLUTE, COMPRESSED[0x00000064])

    Base Addr    Size         Type   Attr      Idx    E Section Name        Object

    0x10000000   0x00001230   Data   RW         2001    .bss.os             rtx_lib.o
    0x10001230   0x00000034   Data   RW         2002    .bss.os.msgqueue.cb  rtx_lib.o
    0x10001264   0x00000050   Data   RW         2003    .bss.os.msgqueue.mem  rtx_lib.o
    0x100012b4   0x00000088   Data   RW         2004    .bss.os.thread.cb   rtx_lib.o
    0x1000133c   0x00000004   PAD
    0x10001340   0x000004b0   Data   RW         2005    .bss.os.thread.stack  rtx_lib.o
    0x100017f0   0x000000ac   Data   RW           45    .data               main.o
    0x1000189c   0x00000005   Data   RW         2007    .data               rtx_lib.o
    0x100018a1   0x00000001   Data   RW         3352    .data               os_systick.o
    0x100018a2   0x00000004   Data   RW         3483    .data               i2c_lpc17xx.o
    0x100018a6   0x00000008   Data   RW         3699    .data               uart_lpc17xx.o
    0x100018ae   0x00000002   PAD
    0x100018b0   0x00000008   Data   RW         3965    .data               gpdma_lpc17xx.o
    0x100018b8   0x00000004   Data   RW         4147    .data               system_lpc17xx.o
    0x100018bc   0x000000a4   Data   RW         1799    .data.os            rtx_kernel.o
    0x10001960   0x000000e8   Zero   RW           42    .bss                main.o
    0x10001a48   0x00000024   Zero   RW         3481    .bss                i2c_lpc17xx.o
    0x10001a6c   0x00000068   Zero   RW         3697    .bss                uart_lpc17xx.o
    0x10001ad4   0x000000a0   Zero   RW         3964    .bss                gpdma_lpc17xx.o
    0x10001b74   0x00000060   Zero   RW         4328    .bss                c_w.l(libspace.o)
    0x10001bd4   0x00000004   PAD
    0x10001bd8   0x00000200   Zero   RW         4133    HEAP                startup_lpc17xx.o
    0x10001dd8   0x00000300   Zero   RW         4132    STACK               startup_lpc17xx.o


==============================================================================

Image component sizes


      Code (inc. data)   RO Data    RW Data    ZI Data      Debug   Object Name

      1204         94          0          8        160       8074   gpdma_lpc17xx.o
        96          8          0          0          0       1202   gpio_lpc17xx.o
      2924        132        100          4         36      51932   i2c_lpc17xx.o
       136         10          1          0          0        548   irq_cm3.o
      3464        766        111        172        232      83330   main.o
       176         24          0          1          0      29135   os_systick.o
       284         10          0          0          0       1464   pin_lpc17xx.o
       126          0          0          0          0       3036   ringbuffer.o
        36          6          0          0          0        925   rtx_config.o
        90          4          0          0          0      37388   rtx_delay.o
         0          0          0          0          0       4504   rtx_evflags.o
       130          0          0          0          0      35189   rtx_evr.o
      1208         54         11        164          0      21602   rtx_kernel.o
       240         18        204       6129          0      12060   rtx_lib.o
       346          0          0          0          0       3107   rtx_memory.o
       556          0          0          0          0       3795   rtx_mempool.o
      2382         34          0          0          0      18991   rtx_msgqueue.o
      1354         40          0          0          0       9579   rtx_mutex.o
      1322         30          0          0          0      11110   rtx_semaphore.o
       760         36          0          0          0       9641   rtx_system.o
      2618        110          0          0          0      24082   rtx_thread.o
       268         30          0          0          0       2372   rtx_timer.o
        68         30        204          0       1280        972   startup_lpc17xx.o
       744         34          0          4          0       1315   system_lpc17xx.o
      6144        240        636          8        104      77859   uart_lpc17xx.o

    ----------------------------------------------------------------------
     26702       1710       1306       6496       1812     453212   Object Totals
         0          0         32          0          0          0   (incl. Generated)
        26          0          7          6          0          0   (incl. Padding)

    ----------------------------------------------------------------------

      Code (inc. data)   RO Data    RW Data    ZI Data      Debug   Library Member Name

        90          0          0          0          0          0   __dczerorl2.o
         8          0          0          0          0         68   __main.o
       104          0          0          0          0         84   __printf.o
         0          0          0          0          0          0   __rtentry.o
        20          0          0          0          0          0   __rtentry2.o
         6          0          0          0          0          0   __rtentry4.o
        52          8          0          0          0          0   __scatter.o
        28          0          0          0          0          0   __scatter_zi.o
        28          0          0          0          0         68   _chval.o
        48          6          0          0          0         96   _printf_char_common.o
         6          0          0          0          0          0   _printf_d.o
       120         16          0          0          0         92   _printf_dec.o
       178          0          0          0          0         88   _printf_intcommon.o
         0          0          0          0          0          0   _printf_percent.o
         4          0          0          0          0          0   _printf_percent_end.o
        10          0          0          0          0         68   _sputc.o
       158          0          0          0          0         92   _strtoul.o
        26          0          0          0          0         80   atoi.o
        18          0          0          0          0         80   exit.o
         6          0          0          0          0        152   heapauxi.o
         0          0          0          0          0          0   indicate_semi.o
        36         10          0          0          0         80   init_aeabi.o
        44         10        272          0          0         76   lc_ctype_c.o
         2          0          0          0          0          0   libinit.o
        24          0          0          0          0          0   libinit2.o
         2          0          0          0          0          0   libshutdown.o
         2          0          0          0          0          0   libshutdown2.o
         8          4          0          0         96         68   libspace.o
       238          0          0          0          0        100   lludivv7m.o
        40          6          0          0          0         84   noretval__2sprintf.o
        16          4          0          0          0         76   rt_ctype_table.o
         4          0          0          0          0         68   rt_errno_addr_twolibspace.o
        10          0          0          0          0         76   rt_locale_twolibspace.o
        68          0          0          0          0         68   rt_memclr.o
        78          0          0          0          0         80   rt_memclr_w.o
       138          0          0          0          0         68   rt_memcpy_v6.o
       100          0          0          0          0         80   rt_memcpy_w.o
         2          0          0          0          0          0   rtexit.o
        10          0          0          0          0          0   rtexit2.o
       128          0          0          0          0         68   strcmpv7m.o
       150          0          0          0          0         80   strncmp.o
       112          0          0          0          0         88   strtol.o
        12          4          0          0          0         68   sys_exit.o
        74          0          0          0          0         80   sys_stackheap_outer.o
         2          0          0          0          0         68   use_no_semi.o
       430          8          0          0          0        168   faddsub_clz.o
       388         76          0          0          0         96   fdiv.o
        54          4          0          0          0         84   ffix.o
        48          0          0          0          0         68   fflt_clz.o
       258          4          0          0          0         84   fmul.o
       140          4          0          0          0         84   fnaninf.o
        10          0          0          0          0         68   fretinf.o
         0          0          0          0          0          0   usenofp.o

    ----------------------------------------------------------------------
      3552        164        272          0        100       2996   Library Totals
        14          0          0          0          4          0   (incl. Padding)

    ----------------------------------------------------------------------

      Code (inc. data)   RO Data    RW Data    ZI Data      Debug   Library Name

      2210         68        272          0         96       2344   c_w.l
      1328         96          0          0          0        652   fz_ws.l

    ----------------------------------------------------------------------
      3552        164        272          0        100       2996   Library Totals

    ----------------------------------------------------------------------

==============================================================================


      Code (inc. data)   RO Data    RW Data    ZI Data      Debug   

     30254       1874       1578       6496       1912     439148   Grand Totals
     30254       1874       1578        100       1912     439148   ELF Image Totals (compressed)
     30254       1874       1578        100          0          0   ROM Totals

==============================================================================

    Total RO  Size (Code + RO Data)                31832 (  31.09kB)
    Total RW  Size (RW Data + ZI Data)              8408 (   8.21kB)
    Total ROM Size (Code + RO Data + RW Data)      31932 (  31.18kB)

==============================================================================

