Component: ARM Compiler 5.06 update 2 (build 183) Tool: armlink [4d35b7]

==============================================================================

Section Cross References

    main.o(i._Z10imuUpdaterPv) refers to main.o(i._Z9configI2Cv) for configI2C()
    main.o(i._Z10imuUpdaterPv) refers to main.o(i._Z9configPWMv) for configPWM()
    main.o(i._Z10imuUpdaterPv) refers to rtx_delay.o(i.osDelay) for osDelay
    main.o(i._Z10imuUpdaterPv) refers to rtx_semaphore.o(i.osSemaphoreAcquire) for osSemaphoreAcquire
    main.o(i._Z10imuUpdaterPv) refers to rtx_semaphore.o(i.osSemaphoreRelease) for osSemaphoreRelease
    main.o(i._Z10imuUpdaterPv) refers to i2c_lpc17xx.o(.constdata) for Driver_I2C1
    main.o(i._Z10imuUpdaterPv) refers to main.o(.constdata) for EULERANGLE
    main.o(i._Z10imuUpdaterPv) refers to main.o(.data) for semaphoreTransmitId
    main.o(i._Z11uart0ThreadPv) refers to rtx_semaphore.o(i.osSemaphoreAcquire) for osSemaphoreAcquire
    main.o(i._Z11uart0ThreadPv) refers to uart_lpc17xx.o(.constdata) for Driver_USART0
    main.o(i._Z11uart0ThreadPv) refers to main.o(.data) for pData
    main.o(i._Z12I2C_callbackj) refers to rtx_semaphore.o(i.osSemaphoreRelease) for osSemaphoreRelease
    main.o(i._Z12I2C_callbackj) refers to i2c_lpc17xx.o(.constdata) for Driver_I2C1
    main.o(i._Z12I2C_callbackj) refers to main.o(.data) for semaphoreTransmitId
    main.o(i._Z13computeEnginePv) refers to rtx_semaphore.o(i.osSemaphoreAcquire) for osSemaphoreAcquire
    main.o(i._Z13computeEnginePv) refers to fflt_clz.o(x$fpl$fflt) for __aeabi_i2f
    main.o(i._Z13computeEnginePv) refers to faddsub_clz.o(x$fpl$fsub) for __aeabi_fsub
    main.o(i._Z13computeEnginePv) refers to fdiv.o(x$fpl$fdiv) for __aeabi_fdiv
    main.o(i._Z13computeEnginePv) refers to fmul.o(x$fpl$fmul) for __aeabi_fmul
    main.o(i._Z13computeEnginePv) refers to faddsub_clz.o(x$fpl$fadd) for __aeabi_fadd
    main.o(i._Z13computeEnginePv) refers to ffixu.o(x$fpl$ffixu) for __aeabi_f2uiz
    main.o(i._Z13computeEnginePv) refers to rtx_delay.o(i.osDelay) for osDelay
    main.o(i._Z13computeEnginePv) refers to main.o(.data) for throttle
    main.o(i._Z13ledInitializev) refers to gpio_lpc17xx.o(i.GPIO_SetDir) for GPIO_SetDir
    main.o(i._Z14USART_callbackj) refers to rtx_semaphore.o(i.osSemaphoreRelease) for osSemaphoreRelease
    main.o(i._Z14USART_callbackj) refers to ringbuffer.o(i._ZN10RingBuffer15ringBufferWriteEc) for RingBuffer::ringBufferWrite(char)
    main.o(i._Z14USART_callbackj) refers to ringbuffer.o(i._ZN10RingBuffer20ringBufferStringReadEPc) for RingBuffer::ringBufferStringRead(char*)
    main.o(i._Z14USART_callbackj) refers to itm_arm.o(i._Z8itmPrintPc) for itmPrint(char*)
    main.o(i._Z14USART_callbackj) refers to itm_arm.o(i._Z10itmPrintlnPc) for itmPrintln(char*)
    main.o(i._Z14USART_callbackj) refers to main.o(.data) for pData
    main.o(i._Z14USART_callbackj) refers to main.o(.bss) for ringBuffer
    main.o(i._Z14i2c1Initializev) refers to i2c_lpc17xx.o(.constdata) for Driver_I2C1
    main.o(i._Z14i2c1Initializev) refers to main.o(i._Z12I2C_callbackj) for I2C_callback(unsigned)
    main.o(i._Z15heartBeatThreadPv) refers to gpio_lpc17xx.o(i.GPIO_PinWrite) for GPIO_PinWrite
    main.o(i._Z15heartBeatThreadPv) refers to rtx_delay.o(i.osDelay) for osDelay
    main.o(i._Z15uart0Initializev) refers to main.o(i._Z16__NVIC_EnableIRQ4IRQn) for __NVIC_EnableIRQ(IRQn)
    main.o(i._Z15uart0Initializev) refers to uart_lpc17xx.o(.constdata) for Driver_USART0
    main.o(i._Z15uart0Initializev) refers to main.o(i._Z14USART_callbackj) for USART_callback(unsigned)
    main.o(i._Z15uart1Initializev) refers to main.o(i._Z16__NVIC_EnableIRQ4IRQn) for __NVIC_EnableIRQ(IRQn)
    main.o(i._Z15uart1Initializev) refers to uart_lpc17xx.o(.constdata) for Driver_USART1
    main.o(i._Z15uart1Initializev) refers to main.o(i._Z14USART_callbackj) for USART_callback(unsigned)
    main.o(i._Z17uart0UnInitializev) refers to uart_lpc17xx.o(.constdata) for Driver_USART0
    main.o(i._Z17uart1UnInitializev) refers to uart_lpc17xx.o(.constdata) for Driver_USART1
    main.o(i._Z9configI2Cv) refers to rtx_semaphore.o(i.osSemaphoreAcquire) for osSemaphoreAcquire
    main.o(i._Z9configI2Cv) refers to i2c_lpc17xx.o(.constdata) for Driver_I2C1
    main.o(i._Z9configI2Cv) refers to main.o(.constdata) for WHOAMI
    main.o(i._Z9configI2Cv) refers to main.o(.data) for semaphoreTransmitId
    main.o(i.__sti___8_Main_cpp_timeDiff) refers to main.o(.bss) for ringBuffer
    main.o(i.main) refers to system_lpc17xx.o(i.SystemCoreClockUpdate) for SystemCoreClockUpdate
    main.o(i.main) refers to rtx_kernel.o(i.osKernelInitialize) for osKernelInitialize
    main.o(i.main) refers to main.o(i._Z15uart0Initializev) for uart0Initialize()
    main.o(i.main) refers to main.o(i._Z13ledInitializev) for ledInitialize()
    main.o(i.main) refers to main.o(i._Z14i2c1Initializev) for i2c1Initialize()
    main.o(i.main) refers to rtx_semaphore.o(i.osSemaphoreNew) for osSemaphoreNew
[...]
    .bss                                     0x10001910   Section      216  main.o(.bss)
    .bss                                     0x100019e8   Section       36  i2c_lpc17xx.o(.bss)
    I2C1_Ctrl                                0x100019e8   Data          36  i2c_lpc17xx.o(.bss)
    .bss                                     0x10001a0c   Section      104  uart_lpc17xx.o(.bss)
    USART0_Info                              0x10001a0c   Data          52  uart_lpc17xx.o(.bss)
    USART1_Info                              0x10001a40   Data          52  uart_lpc17xx.o(.bss)
    .bss                                     0x10001a74   Section      160  gpdma_lpc17xx.o(.bss)
    Channel_info                             0x10001a74   Data         160  gpdma_lpc17xx.o(.bss)
    .bss                                     0x10001b14   Section       96  libspace.o(.bss)
    HEAP                                     0x10001b78   Section      512  startup_lpc17xx.o(HEAP)
    Heap_Mem                                 0x10001b78   Data         512  startup_lpc17xx.o(HEAP)
    STACK                                    0x10001d78   Section      768  startup_lpc17xx.o(STACK)
    Stack_Mem                                0x10001d78   Data         768  startup_lpc17xx.o(STACK)
    __initial_sp                             0x10002078   Data           0  startup_lpc17xx.o(STACK)

    Global Symbols

    Symbol Name                              Value     Ov Type        Size  Object(Section)

    BuildAttributes$$THM_ISAv4$P$D$K$B$S$PE$A:L22UL41UL21$X:L11$S22US41US21$IEEE1$IW$USESV6$~STKCKD$USESV7$~SHL$OSPACE$ROPI$EBA8$UX$STANDARDLIB$REQ8$PRES8$EABIv2 0x00000000   Number         0  anon$$obj.o ABSOLUTE
    __ARM_use_no_argv                        0x00000000   Number         0  main.o ABSOLUTE
    __Vectors                                0x00000000   Data           4  startup_lpc17xx.o(RESET)
    __ARM_exceptions_init                     - Undefined Weak Reference
    __alloca_initialize                       - Undefined Weak Reference
    __arm_preinit_                            - Undefined Weak Reference
    __cxa_finalize                            - Undefined Weak Reference
    __rt_locale                               - Undefined Weak Reference
    __sigvec_lookup                           - Undefined Weak Reference
    _atexit_init                              - Undefined Weak Reference
    _call_atexit_fns                          - Undefined Weak Reference
    _clock_init                               - Undefined Weak Reference
    _fp_trap_init                             - Undefined Weak Reference
    _fp_trap_shutdown                         - Undefined Weak Reference
    _get_lc_collate                           - Undefined Weak Reference
    _get_lc_ctype                             - Undefined Weak Reference
    _get_lc_monetary                          - Undefined Weak Reference
    _get_lc_numeric                           - Undefined Weak Reference
    _get_lc_time                              - Undefined Weak Reference
    _getenv_init                              - Undefined Weak Reference
    _handle_redirection                       - Undefined Weak Reference
    _init_alloc                               - Undefined Weak Reference
    _init_user_alloc                          - Undefined Weak Reference
    _initio                                   - Undefined Weak Reference
    _printf_post_padding                      - Undefined Weak Reference
    _printf_pre_padding                       - Undefined Weak Reference
    _printf_truncate_signed                   - Undefined Weak Reference
    _printf_truncate_unsigned                 - Undefined Weak Reference
    _rand_init                                - Undefined Weak Reference
    _signal_finish                            - Undefined Weak Reference
    _signal_init                              - Undefined Weak Reference
    _terminate_alloc                          - Undefined Weak Reference
    _terminate_user_alloc                     - Undefined Weak Reference
    _terminateio                              - Undefined Weak Reference
    __main                                   0x000000cd   Thumb Code     8  __main.o(!!!main)
    __scatterload                            0x000000d5   Thumb Code     0  __scatter.o(!!!scatter)
    __scatterload_rt2                        0x000000d5   Thumb Code    44  __scatter.o(!!!scatter)
    __scatterload_rt2_thumb_only             0x000000d5   Thumb Code     0  __scatter.o(!!!scatter)
    __scatterload_null                       0x000000e3   Thumb Code     0  __scatter.o(!!!scatter)
    __decompress                             0x00000109   Thumb Code    58  __dczerorl.o(!!dczerorl)
    __decompress0                            0x00000109   Thumb Code     0  __dczerorl.o(!!dczerorl)
    __scatterload_zeroinit                   0x00000145   Thumb Code    28  __scatter_zi.o(!!handler_zi)
    __rt_lib_init                            0x00000161   Thumb Code     0  libinit.o(.ARM.Collect$$libinit$$00000000)
    __rt_lib_init_alloca_1                   0x00000163   Thumb Code     0  libinit2.o(.ARM.Collect$$libinit$$0000002E)
    __rt_lib_init_argv_1                     0x00000163   Thumb Code     0  libinit2.o(.ARM.Collect$$libinit$$0000002C)
    __rt_lib_init_atexit_1                   0x00000163   Thumb Code     0  libinit2.o(.ARM.Collect$$libinit$$0000001B)
    __rt_lib_init_clock_1                    0x00000163   Thumb Code     0  libinit2.o(.ARM.Collect$$libinit$$00000021)
    __rt_lib_init_cpp_2                      0x00000163   Thumb Code     0  libinit2.o(.ARM.Collect$$libinit$$00000031)
    __rt_lib_init_exceptions_1               0x00000163   Thumb Code     0  libinit2.o(.ARM.Collect$$libinit$$00000030)
    __rt_lib_init_fp_1                       0x00000163   Thumb Code     0  libinit2.o(.ARM.Collect$$libinit$$00000002)
    __rt_lib_init_fp_trap_1                  0x00000163   Thumb Code     0  libinit2.o(.ARM.Collect$$libinit$$0000001F)
    __rt_lib_init_getenv_1                   0x00000163   Thumb Code     0  libinit2.o(.ARM.Collect$$libinit$$00000023)
    __rt_lib_init_heap_1                     0x00000163   Thumb Code     0  libinit2.o(.ARM.Collect$$libinit$$0000000A)
    __rt_lib_init_lc_collate_1               0x00000163   Thumb Code     0  libinit2.o(.ARM.Collect$$libinit$$00000011)
    __rt_lib_init_lc_ctype_1                 0x00000163   Thumb Code     0  libinit2.o(.ARM.Collect$$libinit$$00000013)
    __rt_lib_init_lc_monetary_1              0x00000163   Thumb Code     0  libinit2.o(.ARM.Collect$$libinit$$00000015)
    __rt_lib_init_lc_numeric_1               0x00000163   Thumb Code     0  libinit2.o(.ARM.Collect$$libinit$$00000017)
    __rt_lib_init_lc_time_1                  0x00000163   Thumb Code     0  libinit2.o(.ARM.Collect$$libinit$$00000019)
    __rt_lib_init_preinit_1                  0x00000163   Thumb Code     0  libinit2.o(.ARM.Collect$$libinit$$00000004)
    __rt_lib_init_rand_1                     0x00000163   Thumb Code     0  libinit2.o(.ARM.Collect$$libinit$$0000000E)
    __rt_lib_init_signal_1                   0x00000163   Thumb Code     0  libinit2.o(.ARM.Collect$$libinit$$0000001D)
    __rt_lib_init_stdio_1                    0x00000163   Thumb Code     0  libinit2.o(.ARM.Collect$$libinit$$00000025)
    __rt_lib_init_user_alloc_1               0x00000163   Thumb Code     0  libinit2.o(.ARM.Collect$$libinit$$0000000C)
    __rt_lib_init_cpp_1                      0x00000167   Thumb Code     0  libinit2.o(.ARM.Collect$$libinit$$00000032)
    __rt_lib_init_return                     0x00000167   Thumb Code     0  libinit2.o(.ARM.Collect$$libinit$$00000033)
    __rt_lib_shutdown                        0x00000169   Thumb Code     0  libshutdown.o(.ARM.Collect$$libshutdown$$00000000)
    __rt_lib_shutdown_cpp_1                  0x0000016b   Thumb Code     0  libshutdown2.o(.ARM.Collect$$libshutdown$$00000002)
    __rt_lib_shutdown_fp_trap_1              0x0000016b   Thumb Code     0  libshutdown2.o(.ARM.Collect$$libshutdown$$00000007)
    __rt_lib_shutdown_heap_1                 0x0000016b   Thumb Code     0  libshutdown2.o(.ARM.Collect$$libshutdown$$0000000F)
    __rt_lib_shutdown_return                 0x0000016b   Thumb Code     0  libshutdown2.o(.ARM.Collect$$libshutdown$$00000010)
    __rt_lib_shutdown_signal_1               0x0000016b   Thumb Code     0  libshutdown2.o(.ARM.Collect$$libshutdown$$0000000A)
    __rt_lib_shutdown_stdio_1                0x0000016b   Thumb Code     0  libshutdown2.o(.ARM.Collect$$libshutdown$$00000004)
    __rt_lib_shutdown_user_alloc_1           0x0000016b   Thumb Code     0  libshutdown2.o(.ARM.Collect$$libshutdown$$0000000C)
    __rt_entry                               0x0000016d   Thumb Code     0  __rtentry.o(.ARM.Collect$$rtentry$$00000000)
    __rt_entry_presh_1                       0x0000016d   Thumb Code     0  __rtentry2.o(.ARM.Collect$$rtentry$$00000002)
    __rt_entry_sh                            0x0000016d   Thumb Code     0  __rtentry4.o(.ARM.Collect$$rtentry$$00000004)
    __rt_entry_postsh_1                      0x00000173   Thumb Code     0  __rtentry2.o(.ARM.Collect$$rtentry$$00000008)
    __rt_entry_li                            0x0000017b   Thumb Code     0  __rtentry2.o(.ARM.Collect$$rtentry$$0000000A)
    __rt_entry_main                          0x0000017f   Thumb Code     0  __rtentry2.o(.ARM.Collect$$rtentry$$0000000D)
    __rt_entry_postli_1                      0x0000017f   Thumb Code     0  __rtentry2.o(.ARM.Collect$$rtentry$$0000000C)
    __rt_exit                                0x00000187   Thumb Code     0  rtexit.o(.ARM.Collect$$rtexit$$00000000)
    __rt_exit_ls                             0x00000189   Thumb Code     0  rtexit2.o(.ARM.Collect$$rtexit$$00000003)
    __rt_exit_prels_1                        0x00000189   Thumb Code     0  rtexit2.o(.ARM.Collect$$rtexit$$00000002)
    __rt_exit_exit                           0x0000018d   Thumb Code     0  rtexit2.o(.ARM.Collect$$rtexit$$00000004)
    __asm___13_rtx_mempool_c_7914b4c7__atomic_wr8 0x00000195   Thumb Code    16  rtx_mempool.o(.emb_text)
    __asm___13_rtx_mempool_c_7914b4c7__atomic_set32 0x000001a5   Thumb Code    20  rtx_mempool.o(.emb_text)
    __asm___13_rtx_mempool_c_7914b4c7__atomic_clr32 0x000001b9   Thumb Code    22  rtx_mempool.o(.emb_text)
    __asm___13_rtx_mempool_c_7914b4c7__atomic_chk32_all 0x000001cf   Thumb Code    38  rtx_mempool.o(.emb_text)
    __asm___13_rtx_mempool_c_7914b4c7__atomic_chk32_any 0x000001f5   Thumb Code    34  rtx_mempool.o(.emb_text)
    __asm___13_rtx_mempool_c_7914b4c7__atomic_inc32 0x00000217   Thumb Code    18  rtx_mempool.o(.emb_text)
    __asm___13_rtx_mempool_c_7914b4c7__atomic_inc32_lt 0x00000229   Thumb Code    30  rtx_mempool.o(.emb_text)
    __asm___13_rtx_mempool_c_7914b4c7__atomic_inc16_lt 0x00000247   Thumb Code    30  rtx_mempool.o(.emb_text)
    __asm___13_rtx_mempool_c_7914b4c7__atomic_inc16_lim 0x00000265   Thumb Code    26  rtx_mempool.o(.emb_text)
    __asm___13_rtx_mempool_c_7914b4c7__atomic_dec32_nz 0x0000027f   Thumb Code    26  rtx_mempool.o(.emb_text)
    __asm___13_rtx_mempool_c_7914b4c7__atomic_dec16_nz 0x00000299   Thumb Code    26  rtx_mempool.o(.emb_text)
    __asm___13_rtx_mempool_c_7914b4c7__atomic_link_get 0x000002b3   Thumb Code    26  rtx_mempool.o(.emb_text)
    __asm___13_rtx_mempool_c_7914b4c7__atomic_link_put 0x000002cd   Thumb Code    28  rtx_mempool.o(.emb_text)
    __use_two_region_memory                  0x000002e9   Thumb Code     2  heapauxi.o(.text)
    __rt_heap_escrow$2region                 0x000002eb   Thumb Code     2  heapauxi.o(.text)
    __rt_heap_expand$2region                 0x000002ed   Thumb Code     2  heapauxi.o(.text)
    __user_libspace                          0x000002f1   Thumb Code     8  libspace.o(.text)
    __user_perproc_libspace                  0x000002f1   Thumb Code     0  libspace.o(.text)
    __I$use$semihosting                      0x000002f9   Thumb Code     0  use_no_semi.o(.text)
    __use_no_semihosting_swi                 0x000002f9   Thumb Code     2  use_no_semi.o(.text)
    EvrRtxEventFlagsWaitTimeout              0x000002fb   Thumb Code     2  rtx_evr.o(i.EvrRtxEventFlagsWaitTimeout)
    __semihosting_library_function           0x000002fb   Thumb Code     0  indicate_semi.o(.text)
    __asm___14_rtx_msgqueue_c_3fd3b50e__atomic_wr8 0x00000301   Thumb Code    16  rtx_msgqueue.o(.emb_text)
    __asm___14_rtx_msgqueue_c_3fd3b50e__atomic_set32 0x00000311   Thumb Code    20  rtx_msgqueue.o(.emb_text)
    __asm___14_rtx_msgqueue_c_3fd3b50e__atomic_clr32 0x00000325   Thumb Code    22  rtx_msgqueue.o(.emb_text)
    __asm___14_rtx_msgqueue_c_3fd3b50e__atomic_chk32_all 0x0000033b   Thumb Code    38  rtx_msgqueue.o(.emb_text)
    __asm___14_rtx_msgqueue_c_3fd3b50e__atomic_chk32_any 0x00000361   Thumb Code    34  rtx_msgqueue.o(.emb_text)
    __asm___14_rtx_msgqueue_c_3fd3b50e__atomic_inc32 0x00000383   Thumb Code    18  rtx_msgqueue.o(.emb_text)
    __asm___14_rtx_msgqueue_c_3fd3b50e__atomic_inc32_lt 0x00000395   Thumb Code    30  rtx_msgqueue.o(.emb_text)
    __asm___14_rtx_msgqueue_c_3fd3b50e__atomic_inc16_lt 0x000003b3   Thumb Code    30  rtx_msgqueue.o(.emb_text)
    __asm___14_rtx_msgqueue_c_3fd3b50e__atomic_inc16_lim 0x000003d1   Thumb Code    26  rtx_msgqueue.o(.emb_text)
    __asm___14_rtx_msgqueue_c_3fd3b50e__atomic_dec32_nz 0x000003eb   Thumb Code    26  rtx_msgqueue.o(.emb_text)
    __asm___14_rtx_msgqueue_c_3fd3b50e__atomic_dec16_nz 0x00000405   Thumb Code    26  rtx_msgqueue.o(.emb_text)
    __asm___14_rtx_msgqueue_c_3fd3b50e__atomic_link_get 0x0000041f   Thumb Code    26  rtx_msgqueue.o(.emb_text)
    __asm___14_rtx_msgqueue_c_3fd3b50e__atomic_link_put 0x00000439   Thumb Code    28  rtx_msgqueue.o(.emb_text)
    __asm___15_rtx_semaphore_c_eca73427__atomic_wr8 0x00000455   Thumb Code    16  rtx_semaphore.o(.emb_text)
    __asm___15_rtx_semaphore_c_eca73427__atomic_set32 0x00000465   Thumb Code    20  rtx_semaphore.o(.emb_text)
    __asm___15_rtx_semaphore_c_eca73427__atomic_clr32 0x00000479   Thumb Code    22  rtx_semaphore.o(.emb_text)
    __asm___15_rtx_semaphore_c_eca73427__atomic_chk32_all 0x0000048f   Thumb Code    38  rtx_semaphore.o(.emb_text)
    __asm___15_rtx_semaphore_c_eca73427__atomic_chk32_any 0x000004b5   Thumb Code    34  rtx_semaphore.o(.emb_text)
    __asm___15_rtx_semaphore_c_eca73427__atomic_inc32 0x000004d7   Thumb Code    18  rtx_semaphore.o(.emb_text)
    __asm___15_rtx_semaphore_c_eca73427__atomic_inc32_lt 0x000004e9   Thumb Code    30  rtx_semaphore.o(.emb_text)
    __asm___15_rtx_semaphore_c_eca73427__atomic_inc16_lt 0x00000507   Thumb Code    30  rtx_semaphore.o(.emb_text)
    __asm___15_rtx_semaphore_c_eca73427__atomic_inc16_lim 0x00000525   Thumb Code    26  rtx_semaphore.o(.emb_text)
    __asm___15_rtx_semaphore_c_eca73427__atomic_dec32_nz 0x0000053f   Thumb Code    26  rtx_semaphore.o(.emb_text)
    __asm___15_rtx_semaphore_c_eca73427__atomic_dec16_nz 0x00000559   Thumb Code    26  rtx_semaphore.o(.emb_text)
    __asm___15_rtx_semaphore_c_eca73427__atomic_link_get 0x00000573   Thumb Code    26  rtx_semaphore.o(.emb_text)
    __asm___15_rtx_semaphore_c_eca73427__atomic_link_put 0x0000058d   Thumb Code    28  rtx_semaphore.o(.emb_text)
    __asm___12_rtx_system_c_024f2f18__atomic_wr8 0x000005a9   Thumb Code    16  rtx_system.o(.emb_text)
    __asm___12_rtx_system_c_024f2f18__atomic_set32 0x000005b9   Thumb Code    20  rtx_system.o(.emb_text)
    __asm___12_rtx_system_c_024f2f18__atomic_clr32 0x000005cd   Thumb Code    22  rtx_system.o(.emb_text)
    __asm___12_rtx_system_c_024f2f18__atomic_chk32_all 0x000005e3   Thumb Code    38  rtx_system.o(.emb_text)
    __asm___12_rtx_system_c_024f2f18__atomic_chk32_any 0x00000609   Thumb Code    34  rtx_system.o(.emb_text)
    __asm___12_rtx_system_c_024f2f18__atomic_inc32 0x0000062b   Thumb Code    18  rtx_system.o(.emb_text)
    __asm___12_rtx_system_c_024f2f18__atomic_inc32_lt 0x0000063d   Thumb Code    30  rtx_system.o(.emb_text)
    __asm___12_rtx_system_c_024f2f18__atomic_inc16_lt 0x0000065b   Thumb Code    30  rtx_system.o(.emb_text)
    __asm___12_rtx_system_c_024f2f18__atomic_inc16_lim 0x00000679   Thumb Code    26  rtx_system.o(.emb_text)
    __asm___12_rtx_system_c_024f2f18__atomic_dec32_nz 0x00000693   Thumb Code    26  rtx_system.o(.emb_text)
    __asm___12_rtx_system_c_024f2f18__atomic_dec16_nz 0x000006ad   Thumb Code    26  rtx_system.o(.emb_text)
    __asm___12_rtx_system_c_024f2f18__atomic_link_get 0x000006c7   Thumb Code    26  rtx_system.o(.emb_text)
    __asm___12_rtx_system_c_024f2f18__atomic_link_put 0x000006e1   Thumb Code    28  rtx_system.o(.emb_text)
    __asm___12_rtx_thread_c_add96be5__atomic_wr8 0x000006fd   Thumb Code    16  rtx_thread.o(.emb_text)
    __asm___12_rtx_thread_c_add96be5__atomic_set32 0x0000070d   Thumb Code    20  rtx_thread.o(.emb_text)
    __asm___12_rtx_thread_c_add96be5__atomic_clr32 0x00000721   Thumb Code    22  rtx_thread.o(.emb_text)
    __asm___12_rtx_thread_c_add96be5__atomic_chk32_all 0x00000737   Thumb Code    38  rtx_thread.o(.emb_text)
    __asm___12_rtx_thread_c_add96be5__atomic_chk32_any 0x0000075d   Thumb Code    34  rtx_thread.o(.emb_text)
    __asm___12_rtx_thread_c_add96be5__atomic_inc32 0x0000077f   Thumb Code    18  rtx_thread.o(.emb_text)
    __asm___12_rtx_thread_c_add96be5__atomic_inc32_lt 0x00000791   Thumb Code    30  rtx_thread.o(.emb_text)
    __asm___12_rtx_thread_c_add96be5__atomic_inc16_lt 0x000007af   Thumb Code    30  rtx_thread.o(.emb_text)
    __asm___12_rtx_thread_c_add96be5__atomic_inc16_lim 0x000007cd   Thumb Code    26  rtx_thread.o(.emb_text)
    __asm___12_rtx_thread_c_add96be5__atomic_dec32_nz 0x000007e7   Thumb Code    26  rtx_thread.o(.emb_text)
    __asm___12_rtx_thread_c_add96be5__atomic_dec16_nz 0x00000801   Thumb Code    26  rtx_thread.o(.emb_text)
    __asm___12_rtx_thread_c_add96be5__atomic_link_get 0x0000081b   Thumb Code    26  rtx_thread.o(.emb_text)
    __asm___12_rtx_thread_c_add96be5__atomic_link_put 0x00000835   Thumb Code    28  rtx_thread.o(.emb_text)
    SVC_Handler                              0x00000851   Thumb Code    96  irq_cm3.o(.text)
    PendSV_Handler                           0x000008b1   Thumb Code    16  irq_cm3.o(.text)
    SysTick_Handler                          0x000008c1   Thumb Code    16  irq_cm3.o(.text)
    Reset_Handler                            0x000008d9   Thumb Code     8  startup_lpc17xx.o(.text)
    NMI_Handler                              0x000008e1   Thumb Code     2  startup_lpc17xx.o(.text)
    HardFault_Handler                        0x000008e3   Thumb Code     2  startup_lpc17xx.o(.text)
    MemManage_Handler                        0x000008e5   Thumb Code     2  startup_lpc17xx.o(.text)
    BusFault_Handler                         0x000008e7   Thumb Code     2  startup_lpc17xx.o(.text)
    UsageFault_Handler                       0x000008e9   Thumb Code     2  startup_lpc17xx.o(.text)
    DebugMon_Handler                         0x000008ed   Thumb Code     2  startup_lpc17xx.o(.text)
    ADC_IRQHandler                           0x000008f3   Thumb Code     0  startup_lpc17xx.o(.text)
    BOD_IRQHandler                           0x000008f3   Thumb Code     0  startup_lpc17xx.o(.text)
    CANActivity_IRQHandler                   0x000008f3   Thumb Code     0  startup_lpc17xx.o(.text)
    CAN_IRQHandler                           0x000008f3   Thumb Code     0  startup_lpc17xx.o(.text)
    EINT0_IRQHandler                         0x000008f3   Thumb Code     0  startup_lpc17xx.o(.text)
    EINT1_IRQHandler                         0x000008f3   Thumb Code     0  startup_lpc17xx.o(.text)
    EINT2_IRQHandler                         0x000008f3   Thumb Code     0  startup_lpc17xx.o(.text)
    EINT3_IRQHandler                         0x000008f3   Thumb Code     0  startup_lpc17xx.o(.text)
    ENET_IRQHandler                          0x000008f3   Thumb Code     0  startup_lpc17xx.o(.text)
    I2C0_IRQHandler                          0x000008f3   Thumb Code     0  startup_lpc17xx.o(.text)
    I2C2_IRQHandler                          0x000008f3   Thumb Code     0  startup_lpc17xx.o(.text)
    I2S_IRQHandler                           0x000008f3   Thumb Code     0  startup_lpc17xx.o(.text)
    MCPWM_IRQHandler                         0x000008f3   Thumb Code     0  startup_lpc17xx.o(.text)
    PLL0_IRQHandler                          0x000008f3   Thumb Code     0  startup_lpc17xx.o(.text)
    PLL1_IRQHandler                          0x000008f3   Thumb Code     0  startup_lpc17xx.o(.text)
    PWM1_IRQHandler                          0x000008f3   Thumb Code     0  startup_lpc17xx.o(.text)
    QEI_IRQHandler                           0x000008f3   Thumb Code     0  startup_lpc17xx.o(.text)
    RIT_IRQHandler                           0x000008f3   Thumb Code     0  startup_lpc17xx.o(.text)
    RTC_IRQHandler                           0x000008f3   Thumb Code     0  startup_lpc17xx.o(.text)
    SPI_IRQHandler                           0x000008f3   Thumb Code     0  startup_lpc17xx.o(.text)
    SSP0_IRQHandler                          0x000008f3   Thumb Code     0  startup_lpc17xx.o(.text)
    SSP1_IRQHandler                          0x000008f3   Thumb Code     0  startup_lpc17xx.o(.text)
    TIMER0_IRQHandler                        0x000008f3   Thumb Code     0  startup_lpc17xx.o(.text)
    TIMER1_IRQHandler                        0x000008f3   Thumb Code     0  startup_lpc17xx.o(.text)
    TIMER2_IRQHandler                        0x000008f3   Thumb Code     0  startup_lpc17xx.o(.text)
    TIMER3_IRQHandler                        0x000008f3   Thumb Code     0  startup_lpc17xx.o(.text)
    UART2_IRQHandler                         0x000008f3   Thumb Code     0  startup_lpc17xx.o(.text)
    UART3_IRQHandler                         0x000008f3   Thumb Code     0  startup_lpc17xx.o(.text)
    USBActivity_IRQHandler                   0x000008f3   Thumb Code     0  startup_lpc17xx.o(.text)
    USB_IRQHandler                           0x000008f3   Thumb Code     0  startup_lpc17xx.o(.text)
    WDT_IRQHandler                           0x000008f3   Thumb Code     0  startup_lpc17xx.o(.text)
    __user_initial_stackheap                 0x000008f5   Thumb Code     0  startup_lpc17xx.o(.text)
    __aeabi_uldivmod                         0x00000919   Thumb Code     0  lludivv7m.o(.text)
    _ll_udiv                                 0x00000919   Thumb Code   238  lludivv7m.o(.text)
    __aeabi_memcpy                           0x00000a07   Thumb Code     0  rt_memcpy_v6.o(.text)
    __rt_memcpy                              0x00000a07   Thumb Code   138  rt_memcpy_v6.o(.text)
    _memcpy_lastbytes                        0x00000a6d   Thumb Code     0  rt_memcpy_v6.o(.text)
    __aeabi_memclr                           0x00000a91   Thumb Code     0  rt_memclr.o(.text)
    __rt_memclr                              0x00000a91   Thumb Code    68  rt_memclr.o(.text)
    _memset                                  0x00000a95   Thumb Code     0  rt_memclr.o(.text)
    __aeabi_memclr4                          0x00000ad5   Thumb Code     0  rt_memclr_w.o(.text)
    __aeabi_memclr8                          0x00000ad5   Thumb Code     0  rt_memclr_w.o(.text)
    __rt_memclr_w                            0x00000ad5   Thumb Code    78  rt_memclr_w.o(.text)
    _memset_w                                0x00000ad9   Thumb Code     0  rt_memclr_w.o(.text)
    __cpp_initialize__aeabi_                 0x00000b25   Thumb Code    26  init_aeabi.o(.text)
    __aeabi_memcpy4                          0x00000b49   Thumb Code     0  rt_memcpy_w.o(.text)
    __aeabi_memcpy8                          0x00000b49   Thumb Code     0  rt_memcpy_w.o(.text)
    __rt_memcpy_w                            0x00000b49   Thumb Code   100  rt_memcpy_w.o(.text)
    _memcpy_lastbytes_aligned                0x00000b91   Thumb Code     0  rt_memcpy_w.o(.text)
    __user_setup_stackheap                   0x00000bad   Thumb Code    74  sys_stackheap_outer.o(.text)
    exit                                     0x00000bf7   Thumb Code    18  exit.o(.text)
    _sys_exit                                0x00000c09   Thumb Code     8  sys_exit.o(.text)
    DMA_IRQHandler                           0x00000c35   Thumb Code   372  gpdma_lpc17xx.o(i.DMA_IRQHandler)
    EvrRtxKernelError                        0x00000db5   Thumb Code     2  rtx_evr.o(i.EvrRtxKernelError)
    EvrRtxKernelGetState                     0x00000db7   Thumb Code     2  rtx_evr.o(i.EvrRtxKernelGetState)
    EvrRtxKernelInitialize                   0x00000db9   Thumb Code     2  rtx_evr.o(i.EvrRtxKernelInitialize)
    EvrRtxKernelInitializeCompleted          0x00000dbb   Thumb Code     2  rtx_evr.o(i.EvrRtxKernelInitializeCompleted)
    EvrRtxKernelStart                        0x00000dbd   Thumb Code     2  rtx_evr.o(i.EvrRtxKernelStart)
    EvrRtxKernelStarted                      0x00000dbf   Thumb Code     2  rtx_evr.o(i.EvrRtxKernelStarted)
    EvrRtxMemoryAlloc                        0x00000dc1   Thumb Code     2  rtx_evr.o(i.EvrRtxMemoryAlloc)
    EvrRtxMemoryBlockAlloc                   0x00000dc3   Thumb Code     2  rtx_evr.o(i.EvrRtxMemoryBlockAlloc)
    EvrRtxMemoryBlockFree                    0x00000dc5   Thumb Code     2  rtx_evr.o(i.EvrRtxMemoryBlockFree)
    EvrRtxMemoryBlockInit                    0x00000dc7   Thumb Code     2  rtx_evr.o(i.EvrRtxMemoryBlockInit)
    EvrRtxMemoryFree                         0x00000dc9   Thumb Code     2  rtx_evr.o(i.EvrRtxMemoryFree)
    EvrRtxMemoryInit                         0x00000dcb   Thumb Code     2  rtx_evr.o(i.EvrRtxMemoryInit)
    EvrRtxMemoryPoolAllocTimeout             0x00000dcd   Thumb Code     2  rtx_evr.o(i.EvrRtxMemoryPoolAllocTimeout)
    EvrRtxMessageQueueCreated                0x00000dcf   Thumb Code     2  rtx_evr.o(i.EvrRtxMessageQueueCreated)
    EvrRtxMessageQueueError                  0x00000dd1   Thumb Code     2  rtx_evr.o(i.EvrRtxMessageQueueError)
    EvrRtxMessageQueueGet                    0x00000dd3   Thumb Code     2  rtx_evr.o(i.EvrRtxMessageQueueGet)
    EvrRtxMessageQueueGetPending             0x00000dd5   Thumb Code     2  rtx_evr.o(i.EvrRtxMessageQueueGetPending)
    EvrRtxMessageQueueGetTimeout             0x00000dd7   Thumb Code     2  rtx_evr.o(i.EvrRtxMessageQueueGetTimeout)
    EvrRtxMessageQueueInsertPending          0x00000dd9   Thumb Code     2  rtx_evr.o(i.EvrRtxMessageQueueInsertPending)
    EvrRtxMessageQueueInserted               0x00000ddb   Thumb Code     2  rtx_evr.o(i.EvrRtxMessageQueueInserted)
    EvrRtxMessageQueueNew                    0x00000ddd   Thumb Code     2  rtx_evr.o(i.EvrRtxMessageQueueNew)
    EvrRtxMessageQueueNotInserted            0x00000ddf   Thumb Code     2  rtx_evr.o(i.EvrRtxMessageQueueNotInserted)
    EvrRtxMessageQueueNotRetrieved           0x00000de1   Thumb Code     2  rtx_evr.o(i.EvrRtxMessageQueueNotRetrieved)
    EvrRtxMessageQueuePut                    0x00000de3   Thumb Code     2  rtx_evr.o(i.EvrRtxMessageQueuePut)
    EvrRtxMessageQueuePutPending             0x00000de5   Thumb Code     2  rtx_evr.o(i.EvrRtxMessageQueuePutPending)
    EvrRtxMessageQueuePutTimeout             0x00000de7   Thumb Code     2  rtx_evr.o(i.EvrRtxMessageQueuePutTimeout)
    EvrRtxMessageQueueRetrieved              0x00000de9   Thumb Code     2  rtx_evr.o(i.EvrRtxMessageQueueRetrieved)
    EvrRtxMutexAcquire                       0x00000deb   Thumb Code     2  rtx_evr.o(i.EvrRtxMutexAcquire)
    EvrRtxMutexAcquirePending                0x00000ded   Thumb Code     2  rtx_evr.o(i.EvrRtxMutexAcquirePending)
    EvrRtxMutexAcquireTimeout                0x00000def   Thumb Code     2  rtx_evr.o(i.EvrRtxMutexAcquireTimeout)
    EvrRtxMutexAcquired                      0x00000df1   Thumb Code     2  rtx_evr.o(i.EvrRtxMutexAcquired)
    EvrRtxMutexCreated                       0x00000df3   Thumb Code     2  rtx_evr.o(i.EvrRtxMutexCreated)
    EvrRtxMutexDelete                        0x00000df5   Thumb Code     2  rtx_evr.o(i.EvrRtxMutexDelete)
    EvrRtxMutexDestroyed                     0x00000df7   Thumb Code     2  rtx_evr.o(i.EvrRtxMutexDestroyed)
    EvrRtxMutexError                         0x00000df9   Thumb Code     2  rtx_evr.o(i.EvrRtxMutexError)
    EvrRtxMutexNew                           0x00000dfb   Thumb Code     2  rtx_evr.o(i.EvrRtxMutexNew)
    EvrRtxMutexNotAcquired                   0x00000dfd   Thumb Code     2  rtx_evr.o(i.EvrRtxMutexNotAcquired)
    EvrRtxMutexRelease                       0x00000dff   Thumb Code     2  rtx_evr.o(i.EvrRtxMutexRelease)
    EvrRtxMutexReleased                      0x00000e01   Thumb Code     2  rtx_evr.o(i.EvrRtxMutexReleased)
    EvrRtxSemaphoreAcquire                   0x00000e03   Thumb Code     2  rtx_evr.o(i.EvrRtxSemaphoreAcquire)
    EvrRtxSemaphoreAcquirePending            0x00000e05   Thumb Code     2  rtx_evr.o(i.EvrRtxSemaphoreAcquirePending)
    EvrRtxSemaphoreAcquireTimeout            0x00000e07   Thumb Code     2  rtx_evr.o(i.EvrRtxSemaphoreAcquireTimeout)
    EvrRtxSemaphoreAcquired                  0x00000e09   Thumb Code     2  rtx_evr.o(i.EvrRtxSemaphoreAcquired)
    EvrRtxSemaphoreCreated                   0x00000e0b   Thumb Code     2  rtx_evr.o(i.EvrRtxSemaphoreCreated)
    EvrRtxSemaphoreError                     0x00000e0d   Thumb Code     2  rtx_evr.o(i.EvrRtxSemaphoreError)
    EvrRtxSemaphoreNew                       0x00000e0f   Thumb Code     2  rtx_evr.o(i.EvrRtxSemaphoreNew)
    EvrRtxSemaphoreNotAcquired               0x00000e11   Thumb Code     2  rtx_evr.o(i.EvrRtxSemaphoreNotAcquired)
    EvrRtxSemaphoreRelease                   0x00000e13   Thumb Code     2  rtx_evr.o(i.EvrRtxSemaphoreRelease)
    EvrRtxSemaphoreReleased                  0x00000e15   Thumb Code     2  rtx_evr.o(i.EvrRtxSemaphoreReleased)
    EvrRtxThreadBlocked                      0x00000e17   Thumb Code     2  rtx_evr.o(i.EvrRtxThreadBlocked)
    EvrRtxThreadCreated                      0x00000e19   Thumb Code     2  rtx_evr.o(i.EvrRtxThreadCreated)
    EvrRtxThreadDelay                        0x00000e1b   Thumb Code     2  rtx_evr.o(i.EvrRtxThreadDelay)
    EvrRtxThreadDelayCompleted               0x00000e1d   Thumb Code     2  rtx_evr.o(i.EvrRtxThreadDelayCompleted)
    EvrRtxThreadDestroyed                    0x00000e1f   Thumb Code     2  rtx_evr.o(i.EvrRtxThreadDestroyed)
    EvrRtxThreadError                        0x00000e21   Thumb Code     2  rtx_evr.o(i.EvrRtxThreadError)
    EvrRtxThreadExit                         0x00000e23   Thumb Code     2  rtx_evr.o(i.EvrRtxThreadExit)
    EvrRtxThreadFlagsWaitCompleted           0x00000e25   Thumb Code     2  rtx_evr.o(i.EvrRtxThreadFlagsWaitCompleted)
    EvrRtxThreadFlagsWaitTimeout             0x00000e27   Thumb Code     2  rtx_evr.o(i.EvrRtxThreadFlagsWaitTimeout)
    EvrRtxThreadJoined                       0x00000e29   Thumb Code     2  rtx_evr.o(i.EvrRtxThreadJoined)
    EvrRtxThreadNew                          0x00000e2b   Thumb Code     2  rtx_evr.o(i.EvrRtxThreadNew)
    EvrRtxThreadSwitch                       0x00000e2d   Thumb Code     2  rtx_evr.o(i.EvrRtxThreadSwitch)
    EvrRtxThreadUnblocked                    0x00000e2f   Thumb Code     2  rtx_evr.o(i.EvrRtxThreadUnblocked)
    EvrRtxTimerCallback                      0x00000e31   Thumb Code     2  rtx_evr.o(i.EvrRtxTimerCallback)
    GPDMA_ChannelConfigure                   0x00000e35   Thumb Code   232  gpdma_lpc17xx.o(i.GPDMA_ChannelConfigure)
    GPDMA_ChannelDisable                     0x00000f29   Thumb Code    44  gpdma_lpc17xx.o(i.GPDMA_ChannelDisable)
    GPDMA_ChannelGetCount                    0x00000f59   Thumb Code    38  gpdma_lpc17xx.o(i.GPDMA_ChannelGetCount)
    GPDMA_Initialize                         0x00000f89   Thumb Code   146  gpdma_lpc17xx.o(i.GPDMA_Initialize)
    GPDMA_PeripheralSelect                   0x00001031   Thumb Code    62  gpdma_lpc17xx.o(i.GPDMA_PeripheralSelect)
    GPDMA_Uninitialize                       0x00001075   Thumb Code   116  gpdma_lpc17xx.o(i.GPDMA_Uninitialize)
    GPIO_PinWrite                            0x000010f5   Thumb Code    36  gpio_lpc17xx.o(i.GPIO_PinWrite)
    GPIO_SetDir                              0x0000111d   Thumb Code    52  gpio_lpc17xx.o(i.GPIO_SetDir)
    I2C1_IRQHandler                          0x00001211   Thumb Code    10  i2c_lpc17xx.o(i.I2C1_IRQHandler)
    OS_Tick_AcknowledgeIRQ                   0x00001d37   Thumb Code    10  os_systick.o(i.OS_Tick_AcknowledgeIRQ)
    OS_Tick_Enable                           0x00001d41   Thumb Code    40  os_systick.o(i.OS_Tick_Enable)
    OS_Tick_GetIRQn                          0x00001d71   Thumb Code     6  os_systick.o(i.OS_Tick_GetIRQn)
    OS_Tick_Setup                            0x00001d79   Thumb Code    96  os_systick.o(i.OS_Tick_Setup)
    PIN_Configure                            0x00001de9   Thumb Code   246  pin_lpc17xx.o(i.PIN_Configure)
    PIN_ConfigureI2C0Pins                    0x00001ee5   Thumb Code    28  pin_lpc17xx.o(i.PIN_ConfigureI2C0Pins)
    SystemCoreClockUpdate                    0x00001f75   Thumb Code   408  system_lpc17xx.o(i.SystemCoreClockUpdate)
    SystemInit                               0x0000211d   Thumb Code   302  system_lpc17xx.o(i.SystemInit)
    UART0_IRQHandler                         0x0000230d   Thumb Code    10  uart_lpc17xx.o(i.UART0_IRQHandler)
    UART1_IRQHandler                         0x0000231d   Thumb Code    10  uart_lpc17xx.o(i.UART1_IRQHandler)
    USART0_GPDMA_Rx_Event                    0x00002345   Thumb Code    14  uart_lpc17xx.o(i.USART0_GPDMA_Rx_Event)
    USART0_GPDMA_Tx_Event                    0x00002359   Thumb Code    14  uart_lpc17xx.o(i.USART0_GPDMA_Tx_Event)
    USART1_GPDMA_Rx_Event                    0x0000246d   Thumb Code    14  uart_lpc17xx.o(i.USART1_GPDMA_Rx_Event)
    USART1_GPDMA_Tx_Event                    0x00002481   Thumb Code    14  uart_lpc17xx.o(i.USART1_GPDMA_Tx_Event)
    USART_SetBaudrate                        0x0000376d   Thumb Code   302  uart_lpc17xx.o(i.USART_SetBaudrate)
    imuUpdater(void*)                        0x00003aad   Thumb Code   146  main.o(i._Z10imuUpdaterPv)
    itmPrintln(char*)                        0x00003b65   Thumb Code    72  itm_arm.o(i._Z10itmPrintlnPc)
    uart0Thread(void*)                       0x00003bad   Thumb Code    26  main.o(i._Z11uart0ThreadPv)
    I2C_callback(unsigned)                   0x00003bd5   Thumb Code    52  main.o(i._Z12I2C_callbackj)
    computeEngine(void*)                     0x00003c15   Thumb Code   514  main.o(i._Z13computeEnginePv)
    ledInitialize()                          0x00003e71   Thumb Code    14  main.o(i._Z13ledInitializev)
    USART_callback(unsigned)                 0x00003e81   Thumb Code   152  main.o(i._Z14USART_callbackj)
    i2c1Initialize()                         0x00003f85   Thumb Code    40  main.o(i._Z14i2c1Initializev)
    heartBeatThread(void*)                   0x00003fb5   Thumb Code    38  main.o(i._Z15heartBeatThreadPv)
    uart0Initialize()                        0x00003fdd   Thumb Code    64  main.o(i._Z15uart0Initializev)
    itmPrint(char*)                          0x00004043   Thumb Code    32  itm_arm.o(i._Z8itmPrintPc)
    configI2C()                              0x00004065   Thumb Code    80  main.o(i._Z9configI2Cv)
    configPWM()                              0x000040c9   Thumb Code    40  main.o(i._Z9configPWMv)
    RingBuffer::ringBufferWrite(char)        0x000040f9   Thumb Code    52  ringbuffer.o(i._ZN10RingBuffer15ringBufferWriteEc)
    RingBuffer::ringBufferStringRead(char*)  0x0000412d   Thumb Code    86  ringbuffer.o(i._ZN10RingBuffer20ringBufferStringReadEPc)
    _mutex_acquire                           0x000042a9   Thumb Code    22  rtx_lib.o(i._mutex_acquire)
    _mutex_free                              0x000042bf   Thumb Code    12  rtx_lib.o(i._mutex_free)
    _mutex_initialize                        0x000042cb   Thumb Code    32  rtx_lib.o(i._mutex_initialize)
    _mutex_release                           0x000042eb   Thumb Code    18  rtx_lib.o(i._mutex_release)
    _platform_post_stackheap_init            0x000042fd   Thumb Code     8  rtx_lib.o(i._platform_post_stackheap_init)
    main                                     0x000044a1   Thumb Code   312  main.o(i.main)
    osDelay                                  0x00004691   Thumb Code    64  rtx_delay.o(i.osDelay)
    osKernelGetState                         0x000046d5   Thumb Code    62  rtx_kernel.o(i.osKernelGetState)
    osKernelInitialize                       0x00004719   Thumb Code    82  rtx_kernel.o(i.osKernelInitialize)
    osKernelStart                            0x00004771   Thumb Code    82  rtx_kernel.o(i.osKernelStart)
    osMessageQueueGet                        0x000047c9   Thumb Code    78  rtx_msgqueue.o(i.osMessageQueueGet)
    osMessageQueueNew                        0x0000481d   Thumb Code   110  rtx_msgqueue.o(i.osMessageQueueNew)
    osMessageQueuePut                        0x00004891   Thumb Code    78  rtx_msgqueue.o(i.osMessageQueuePut)
    osMutexAcquire                           0x000048e5   Thumb Code    64  rtx_mutex.o(i.osMutexAcquire)
    osMutexDelete                            0x00004929   Thumb Code    58  rtx_mutex.o(i.osMutexDelete)
    osMutexNew                               0x00004969   Thumb Code    90  rtx_mutex.o(i.osMutexNew)
    osMutexRelease                           0x000049c9   Thumb Code    58  rtx_mutex.o(i.osMutexRelease)
    osRtxErrorNotify                         0x00004a09   Thumb Code    32  rtx_config.o(i.osRtxErrorNotify)
    osRtxIdleThread                          0x00004a29   Thumb Code     4  rtx_config.o(i.osRtxIdleThread)
    osRtxMemoryAlloc                         0x00004a39   Thumb Code   162  rtx_memory.o(i.osRtxMemoryAlloc)
    osRtxMemoryFree                          0x00004adb   Thumb Code   102  rtx_memory.o(i.osRtxMemoryFree)
    osRtxMemoryInit                          0x00004b41   Thumb Code    82  rtx_memory.o(i.osRtxMemoryInit)
    osRtxMemoryPoolAlloc                     0x00004b93   Thumb Code    58  rtx_mempool.o(i.osRtxMemoryPoolAlloc)
    osRtxMemoryPoolFree                      0x00004bcd   Thumb Code    78  rtx_mempool.o(i.osRtxMemoryPoolFree)
    osRtxMemoryPoolInit                      0x00004c1b   Thumb Code    80  rtx_mempool.o(i.osRtxMemoryPoolInit)
    osRtxMessageQueuePostProcess             0x00004c6b   Thumb Code   274  rtx_msgqueue.o(i.osRtxMessageQueuePostProcess)
    osRtxMutexOwnerRelease                   0x00004d7d   Thumb Code    84  rtx_mutex.o(i.osRtxMutexOwnerRelease)
    osRtxPendSV_Handler                      0x00004dd1   Thumb Code    96  rtx_system.o(i.osRtxPendSV_Handler)
    osRtxPostProcess                         0x00004e35   Thumb Code    50  rtx_system.o(i.osRtxPostProcess)
    osRtxSemaphorePostProcess                0x00004e71   Thumb Code    50  rtx_semaphore.o(i.osRtxSemaphorePostProcess)
    osRtxThreadBlock                         0x00004ea5   Thumb Code    42  rtx_thread.o(i.osRtxThreadBlock)
    osRtxThreadDelayInsert                   0x00004ed5   Thumb Code   100  rtx_thread.o(i.osRtxThreadDelayInsert)
    osRtxThreadDelayRemove                   0x00004f3d   Thumb Code   116  rtx_thread.o(i.osRtxThreadDelayRemove)
    osRtxThreadDelayTick                     0x00004fb5   Thumb Code   216  rtx_thread.o(i.osRtxThreadDelayTick)
    osRtxThreadDispatch                      0x00005091   Thumb Code   102  rtx_thread.o(i.osRtxThreadDispatch)
    osRtxThreadListGet                       0x00005169   Thumb Code    24  rtx_thread.o(i.osRtxThreadListGet)
    osRtxThreadListPut                       0x00005181   Thumb Code    46  rtx_thread.o(i.osRtxThreadListPut)
    osRtxThreadListRemove                    0x000051af   Thumb Code    26  rtx_thread.o(i.osRtxThreadListRemove)
    osRtxThreadListRoot                      0x000051c9   Thumb Code    14  rtx_thread.o(i.osRtxThreadListRoot)
    osRtxThreadListSort                      0x000051d7   Thumb Code    40  rtx_thread.o(i.osRtxThreadListSort)
    osRtxThreadPostProcess                   0x000051ff   Thumb Code    64  rtx_thread.o(i.osRtxThreadPostProcess)
    osRtxThreadReadyPut                      0x00005241   Thumb Code    18  rtx_thread.o(i.osRtxThreadReadyPut)
    osRtxThreadRegPtr                        0x00005259   Thumb Code     8  rtx_thread.o(i.osRtxThreadRegPtr)
    osRtxThreadStackCheck                    0x0000526d   Thumb Code    38  rtx_thread.o(i.osRtxThreadStackCheck)
    osRtxThreadSwitch                        0x00005299   Thumb Code    24  rtx_thread.o(i.osRtxThreadSwitch)
    osRtxThreadWaitEnter                     0x000052b5   Thumb Code    84  rtx_thread.o(i.osRtxThreadWaitEnter)
    osRtxThreadWaitExit                      0x0000530d   Thumb Code    54  rtx_thread.o(i.osRtxThreadWaitExit)
    osRtxTick_Handler                        0x00005345   Thumb Code   146  rtx_system.o(i.osRtxTick_Handler)
    osRtxTimerThread                         0x000053dd   Thumb Code    74  rtx_timer.o(i.osRtxTimerThread)
    osRtxTimerTick                           0x00005435   Thumb Code    88  rtx_timer.o(i.osRtxTimerTick)
    osSemaphoreAcquire                       0x00005491   Thumb Code   138  rtx_semaphore.o(i.osSemaphoreAcquire)
    osSemaphoreNew                           0x00005521   Thumb Code   110  rtx_semaphore.o(i.osSemaphoreNew)
    osSemaphoreRelease                       0x00005595   Thumb Code   132  rtx_semaphore.o(i.osSemaphoreRelease)
    osThreadExit                             0x0000561d   Thumb Code    28  rtx_thread.o(i.osThreadExit)
    osThreadNew                              0x0000563d   Thumb Code   110  rtx_thread.o(i.osThreadNew)
    svcRtxDelay                              0x000056d5   Thumb Code    22  rtx_delay.o(i.svcRtxDelay)
    svcRtxKernelGetState                     0x000056ed   Thumb Code    16  rtx_kernel.o(i.svcRtxKernelGetState)
    svcRtxKernelInitialize                   0x00005701   Thumb Code   660  rtx_kernel.o(i.svcRtxKernelInitialize)
    svcRtxKernelStart                        0x000059a1   Thumb Code   228  rtx_kernel.o(i.svcRtxKernelStart)
    svcRtxMessageQueueGet                    0x00005a99   Thumb Code   300  rtx_msgqueue.o(i.svcRtxMessageQueueGet)
    svcRtxMessageQueueNew                    0x00005bc9   Thumb Code   408  rtx_msgqueue.o(i.svcRtxMessageQueueNew)
    svcRtxMessageQueuePut                    0x00005d69   Thumb Code   276  rtx_msgqueue.o(i.svcRtxMessageQueuePut)
    svcRtxMutexAcquire                       0x00005e81   Thumb Code   258  rtx_mutex.o(i.svcRtxMutexAcquire)
    svcRtxMutexDelete                        0x00005f89   Thumb Code   240  rtx_mutex.o(i.svcRtxMutexDelete)
    svcRtxMutexNew                           0x0000607d   Thumb Code   172  rtx_mutex.o(i.svcRtxMutexNew)
    svcRtxMutexRelease                       0x0000612d   Thumb Code   272  rtx_mutex.o(i.svcRtxMutexRelease)
    svcRtxSemaphoreAcquire                   0x00006241   Thumb Code   126  rtx_semaphore.o(i.svcRtxSemaphoreAcquire)
    svcRtxSemaphoreNew                       0x000062c5   Thumb Code   204  rtx_semaphore.o(i.svcRtxSemaphoreNew)
    svcRtxSemaphoreRelease                   0x00006399   Thumb Code   120  rtx_semaphore.o(i.svcRtxSemaphoreRelease)
    svcRtxThreadExit                         0x00006411   Thumb Code   142  rtx_thread.o(i.svcRtxThreadExit)
    svcRtxThreadNew                          0x000064a5   Thumb Code   598  rtx_thread.o(i.svcRtxThreadNew)
    __aeabi_fadd                             0x00006711   Thumb Code     0  faddsub_clz.o(x$fpl$fadd)
    _fadd                                    0x00006711   Thumb Code   196  faddsub_clz.o(x$fpl$fadd)
    __aeabi_fdiv                             0x000067d5   Thumb Code     0  fdiv.o(x$fpl$fdiv)
    _fdiv                                    0x000067d5   Thumb Code   384  fdiv.o(x$fpl$fdiv)
    __aeabi_f2uiz                            0x00006959   Thumb Code     0  ffixu.o(x$fpl$ffixu)
    _ffixu                                   0x00006959   Thumb Code    62  ffixu.o(x$fpl$ffixu)
    __aeabi_i2f                              0x00006999   Thumb Code     0  fflt_clz.o(x$fpl$fflt)
    _fflt                                    0x00006999   Thumb Code    48  fflt_clz.o(x$fpl$fflt)
    __aeabi_fmul                             0x000069c9   Thumb Code     0  fmul.o(x$fpl$fmul)
    _fmul                                    0x000069c9   Thumb Code   258  fmul.o(x$fpl$fmul)
    __fpl_fnaninf                            0x00006acb   Thumb Code   140  fnaninf.o(x$fpl$fnaninf)
    __fpl_fretinf                            0x00006b57   Thumb Code    10  fretinf.o(x$fpl$fretinf)
    __aeabi_fsub                             0x00006b61   Thumb Code     0  faddsub_clz.o(x$fpl$fsub)
    _fsub                                    0x00006b61   Thumb Code   234  faddsub_clz.o(x$fpl$fsub)
    __I$use$fp                               0x00006c4a   Number         0  usenofp.o(x$fpl$usenofp)
    irqRtxLib                                0x00006c50   Data           1  irq_cm3.o(.constdata)
    osRtxUserSVC                             0x00006cb4   Data           4  rtx_lib.o(.constdata)
    Driver_I2C1                              0x00006cec   Data          48  i2c_lpc17xx.o(.constdata)
    Driver_USART0                            0x00006f28   Data          56  uart_lpc17xx.o(.constdata)
    Driver_USART1                            0x00006f60   Data          56  uart_lpc17xx.o(.constdata)
    osRtxConfig                              0x00006fa4   Data         104  rtx_lib.o(.rodata)
    Region$$Table$$Base                      0x0000700c   Number         0  anon$$obj.o(Region$$Table)
    Region$$Table$$Limit                     0x0000702c   Number         0  anon$$obj.o(Region$$Table)
    SHT$$INIT_ARRAY$$Base                    0x0000702c   Number         0  main.o(.init_array)
    SHT$$INIT_ARRAY$$Limit                   0x00007030   Number         0  init_aeabi.o(.init_array)
    Driver_USART1_STATUS                     0x100017f0   Data           4  main.o(.data)
    semaphoreTransmitId                      0x100017f4   Data           4  main.o(.data)
    semaphoreReceiveId                       0x100017f8   Data           4  main.o(.data)
    semaphoreDataReadyId                     0x100017fc   Data           4  main.o(.data)
    semaphoreUartDataReadyId                 0x10001800   Data           4  main.o(.data)
    eulerAngle                               0x10001804   Data           6  main.o(.data)
    eulerAngleX                              0x1000180a   Data           2  main.o(.data)
    eulerAngleY                              0x1000180c   Data           2  main.o(.data)
    eulerAngleZ                              0x1000180e   Data           2  main.o(.data)
    timeDiff                                 0x10001810   Data           4  main.o(.data)
    errorPitch                               0x10001814   Data           4  main.o(.data)
    errorRoll                                0x10001818   Data           4  main.o(.data)
    errorPitchD                              0x1000181c   Data           4  main.o(.data)
    errorRollD                               0x10001820   Data           4  main.o(.data)
    errorPitchI                              0x10001824   Data           4  main.o(.data)
    errorRollI                               0x10001828   Data           4  main.o(.data)
    errorPitchPrev                           0x1000182c   Data           4  main.o(.data)
    errorRollPrev                            0x10001830   Data           4  main.o(.data)
    pitchAngle                               0x10001834   Data           2  main.o(.data)
    rollAngle                                0x10001836   Data           2  main.o(.data)
    pidPitch                                 0x10001838   Data           4  main.o(.data)
    pidRoll                                  0x1000183c   Data           4  main.o(.data)
    throttle                                 0x10001840   Data           4  main.o(.data)
    pData                                    0x10001844   Data           1  main.o(.data)
    irqRtxLibRef                             0x1000184c   Data           4  rtx_lib.o(.data)
    I2C1_PIN                                 0x10001852   Data           4  i2c_lpc17xx.o(.data)
    SystemCoreClock                          0x10001868   Data           4  system_lpc17xx.o(.data)
    osRtxInfo                                0x1000186c   Data         164  rtx_kernel.o(.data.os)
    Driver_USART1_INFO                       0x10001910   Data          32  main.o(.bss)
    semaphoreTransmitAttr                    0x10001930   Data          16  main.o(.bss)
    semaphoreReceiveAttr                     0x10001940   Data          16  main.o(.bss)
    semaphoreDataReadyAttr                   0x10001950   Data          16  main.o(.bss)
    semaphoreUartDataReadyAttr               0x10001960   Data          16  main.o(.bss)
    readout                                  0x10001970   Data          34  main.o(.bss)
    ringBuffer                               0x10001994   Data          84  main.o(.bss)
    __libspace_start                         0x10001b14   Data          96  libspace.o(.bss)
    __temporary_stack_top$libspace           0x10001b74   Data           0  libspace.o(.bss)



==============================================================================

Memory Map of the image

  Image Entry point : 0x000000cd

  Load Region LR_IROM1 (Base: 0x00000000, Size: 0x00008940, Max: 0x00080000, ABSOLUTE, COMPRESSED[0x00007080])

    Execution Region ER_IROM1 (Base: 0x00000000, Size: 0x00007030, Max: 0x00080000, ABSOLUTE)

    Base Addr    Size         Type   Attr      Idx    E Section Name        Object

    0x00000000   0x000000cc   Data   RO         3947    RESET               startup_lpc17xx.o
    0x000000cc   0x00000008   Code   RO         4033  * !!!main             c_w.l(__main.o)
    0x000000d4   0x00000034   Code   RO         4244    !!!scatter          c_w.l(__scatter.o)
    0x00000108   0x0000003a   Code   RO         4242    !!dczerorl          c_w.l(__dczerorl.o)
    0x00000142   0x00000002   PAD
    0x00000144   0x0000001c   Code   RO         4246    !!handler_zi        c_w.l(__scatter_zi.o)
    0x00000160   0x00000002   Code   RO         4165    .ARM.Collect$$libinit$$00000000  c_w.l(libinit.o)
    0x00000162   0x00000000   Code   RO         4078    .ARM.Collect$$libinit$$00000002  c_w.l(libinit2.o)
    0x00000162   0x00000000   Code   RO         4080    .ARM.Collect$$libinit$$00000004  c_w.l(libinit2.o)
    0x00000162   0x00000000   Code   RO         4083    .ARM.Collect$$libinit$$0000000A  c_w.l(libinit2.o)
    0x00000162   0x00000000   Code   RO         4085    .ARM.Collect$$libinit$$0000000C  c_w.l(libinit2.o)
    0x00000162   0x00000000   Code   RO         4087    .ARM.Collect$$libinit$$0000000E  c_w.l(libinit2.o)
    0x00000162   0x00000000   Code   RO         4090    .ARM.Collect$$libinit$$00000011  c_w.l(libinit2.o)
    0x00000162   0x00000000   Code   RO         4092    .ARM.Collect$$libinit$$00000013  c_w.l(libinit2.o)
    0x00000162   0x00000000   Code   RO         4094    .ARM.Collect$$libinit$$00000015  c_w.l(libinit2.o)
    0x00000162   0x00000000   Code   RO         4096    .ARM.Collect$$libinit$$00000017  c_w.l(libinit2.o)
    0x00000162   0x00000000   Code   RO         4098    .ARM.Collect$$libinit$$00000019  c_w.l(libinit2.o)
    0x00000162   0x00000000   Code   RO         4100    .ARM.Collect$$libinit$$0000001B  c_w.l(libinit2.o)
    0x00000162   0x00000000   Code   RO         4102    .ARM.Collect$$libinit$$0000001D  c_w.l(libinit2.o)
    0x00000162   0x00000000   Code   RO         4104    .ARM.Collect$$libinit$$0000001F  c_w.l(libinit2.o)
    0x00000162   0x00000000   Code   RO         4106    .ARM.Collect$$libinit$$00000021  c_w.l(libinit2.o)
    0x00000162   0x00000000   Code   RO         4108    .ARM.Collect$$libinit$$00000023  c_w.l(libinit2.o)
    0x00000162   0x00000000   Code   RO         4110    .ARM.Collect$$libinit$$00000025  c_w.l(libinit2.o)
    0x00000162   0x00000000   Code   RO         4114    .ARM.Collect$$libinit$$0000002C  c_w.l(libinit2.o)
    0x00000162   0x00000000   Code   RO         4116    .ARM.Collect$$libinit$$0000002E  c_w.l(libinit2.o)
    0x00000162   0x00000000   Code   RO         4118    .ARM.Collect$$libinit$$00000030  c_w.l(libinit2.o)
    0x00000162   0x00000004   Code   RO         4119    .ARM.Collect$$libinit$$00000031  c_w.l(libinit2.o)
    0x00000166   0x00000000   Code   RO         4120    .ARM.Collect$$libinit$$00000032  c_w.l(libinit2.o)
    0x00000166   0x00000002   Code   RO         4121    .ARM.Collect$$libinit$$00000033  c_w.l(libinit2.o)
    0x00000168   0x00000002   Code   RO         4209    .ARM.Collect$$libshutdown$$00000000  c_w.l(libshutdown.o)
    0x0000016a   0x00000000   Code   RO         4225    .ARM.Collect$$libshutdown$$00000002  c_w.l(libshutdown2.o)
    0x0000016a   0x00000000   Code   RO         4227    .ARM.Collect$$libshutdown$$00000004  c_w.l(libshutdown2.o)
    0x0000016a   0x00000000   Code   RO         4230    .ARM.Collect$$libshutdown$$00000007  c_w.l(libshutdown2.o)
    0x0000016a   0x00000000   Code   RO         4233    .ARM.Collect$$libshutdown$$0000000A  c_w.l(libshutdown2.o)
    0x0000016a   0x00000000   Code   RO         4235    .ARM.Collect$$libshutdown$$0000000C  c_w.l(libshutdown2.o)
    0x0000016a   0x00000000   Code   RO         4238    .ARM.Collect$$libshutdown$$0000000F  c_w.l(libshutdown2.o)
    0x0000016a   0x00000002   Code   RO         4239    .ARM.Collect$$libshutdown$$00000010  c_w.l(libshutdown2.o)
    0x0000016c   0x00000000   Code   RO         4063    .ARM.Collect$$rtentry$$00000000  c_w.l(__rtentry.o)
    0x0000016c   0x00000000   Code   RO         4128    .ARM.Collect$$rtentry$$00000002  c_w.l(__rtentry2.o)
    0x0000016c   0x00000006   Code   RO         4140    .ARM.Collect$$rtentry$$00000004  c_w.l(__rtentry4.o)
    0x00000172   0x00000008   Code   RO         4129    .ARM.Collect$$rtentry$$00000008  c_w.l(__rtentry2.o)
    0x0000017a   0x00000004   Code   RO         4131    .ARM.Collect$$rtentry$$0000000A  c_w.l(__rtentry2.o)
    0x0000017e   0x00000000   Code   RO         4133    .ARM.Collect$$rtentry$$0000000C  c_w.l(__rtentry2.o)
    0x0000017e   0x00000008   Code   RO         4134    .ARM.Collect$$rtentry$$0000000D  c_w.l(__rtentry2.o)
    0x00000186   0x00000002   Code   RO         4171    .ARM.Collect$$rtexit$$00000000  c_w.l(rtexit.o)
    0x00000188   0x00000000   Code   RO         4191    .ARM.Collect$$rtexit$$00000002  c_w.l(rtexit2.o)
    0x00000188   0x00000004   Code   RO         4192    .ARM.Collect$$rtexit$$00000003  c_w.l(rtexit2.o)
    0x0000018c   0x00000006   Code   RO         4193    .ARM.Collect$$rtexit$$00000004  c_w.l(rtexit2.o)
    0x00000192   0x00000002   PAD
    0x00000194   0x00000154   Code   RO         1924    .emb_text           rtx_mempool.o
    0x000002e8   0x00000006   Code   RO         4031    .text               c_w.l(heapauxi.o)
    0x000002ee   0x00000002   PAD
    0x000002f0   0x00000008   Code   RO         4168    .text               c_w.l(libspace.o)
    0x000002f8   0x00000002   Code   RO         4187    .text               c_w.l(use_no_semi.o)
    0x000002fa   0x00000000   Code   RO         4189    .text               c_w.l(indicate_semi.o)
    0x000002fa   0x00000002   Code   RO          576    i.EvrRtxEventFlagsWaitTimeout  rtx_evr.o
    0x000002fc   0x00000004   Code   RO         3948    .ARM.__at_0x02FC    startup_lpc17xx.o
    0x00000300   0x00000154   Code   RO         2098    .emb_text           rtx_msgqueue.o
    0x00000454   0x00000154   Code   RO         2404    .emb_text           rtx_semaphore.o
    0x000005a8   0x00000154   Code   RO         2529    .emb_text           rtx_system.o
    0x000006fc   0x00000154   Code   RO         2585    .emb_text           rtx_thread.o
    0x00000850   0x00000088   Code   RO          291    .text               irq_cm3.o
    0x000008d8   0x00000040   Code   RO         3949    .text               startup_lpc17xx.o
    0x00000918   0x000000ee   Code   RO         3993    .text               c_w.l(lludivv7m.o)
    0x00000a06   0x0000008a   Code   RO         4025    .text               c_w.l(rt_memcpy_v6.o)
    0x00000a90   0x00000044   Code   RO         4027    .text               c_w.l(rt_memclr.o)
    0x00000ad4   0x0000004e   Code   RO         4029    .text               c_w.l(rt_memclr_w.o)
    0x00000b22   0x00000002   PAD
    0x00000b24   0x00000024   Code   RO         4038    .text               c_w.l(init_aeabi.o)
    0x00000b48   0x00000064   Code   RO         4075    .text               c_w.l(rt_memcpy_w.o)
    0x00000bac   0x0000004a   Code   RO         4150    .text               c_w.l(sys_stackheap_outer.o)
    0x00000bf6   0x00000012   Code   RO         4152    .text               c_w.l(exit.o)
    0x00000c08   0x0000000c   Code   RO         4185    .text               c_w.l(sys_exit.o)
    0x00000c14   0x00000020   Code   RO         3765    i.Clear_Channel_active_flag  gpdma_lpc17xx.o
    0x00000c34   0x00000180   Code   RO         3766    i.DMA_IRQHandler    gpdma_lpc17xx.o
    0x00000db4   0x00000002   Code   RO          577    i.EvrRtxKernelError  rtx_evr.o
    0x00000db6   0x00000002   Code   RO          579    i.EvrRtxKernelGetState  rtx_evr.o
    0x00000db8   0x00000002   Code   RO          585    i.EvrRtxKernelInitialize  rtx_evr.o
    0x00000dba   0x00000002   Code   RO          586    i.EvrRtxKernelInitializeCompleted  rtx_evr.o
    0x00000dbc   0x00000002   Code   RO          593    i.EvrRtxKernelStart  rtx_evr.o
    0x00000dbe   0x00000002   Code   RO          594    i.EvrRtxKernelStarted  rtx_evr.o
    0x00000dc0   0x00000002   Code   RO          599    i.EvrRtxMemoryAlloc  rtx_evr.o
    0x00000dc2   0x00000002   Code   RO          600    i.EvrRtxMemoryBlockAlloc  rtx_evr.o
    0x00000dc4   0x00000002   Code   RO          601    i.EvrRtxMemoryBlockFree  rtx_evr.o
    0x00000dc6   0x00000002   Code   RO          602    i.EvrRtxMemoryBlockInit  rtx_evr.o
    0x00000dc8   0x00000002   Code   RO          603    i.EvrRtxMemoryFree  rtx_evr.o
    0x00000dca   0x00000002   Code   RO          604    i.EvrRtxMemoryInit  rtx_evr.o
    0x00000dcc   0x00000002   Code   RO          608    i.EvrRtxMemoryPoolAllocTimeout  rtx_evr.o
    0x00000dce   0x00000002   Code   RO          623    i.EvrRtxMessageQueueCreated  rtx_evr.o
    0x00000dd0   0x00000002   Code   RO          626    i.EvrRtxMessageQueueError  rtx_evr.o
    0x00000dd2   0x00000002   Code   RO          627    i.EvrRtxMessageQueueGet  rtx_evr.o
    0x00000dd4   0x00000002   Code   RO          632    i.EvrRtxMessageQueueGetPending  rtx_evr.o
    0x00000dd6   0x00000002   Code   RO          634    i.EvrRtxMessageQueueGetTimeout  rtx_evr.o
    0x00000dd8   0x00000002   Code   RO          635    i.EvrRtxMessageQueueInsertPending  rtx_evr.o
    0x00000dda   0x00000002   Code   RO          636    i.EvrRtxMessageQueueInserted  rtx_evr.o
    0x00000ddc   0x00000002   Code   RO          637    i.EvrRtxMessageQueueNew  rtx_evr.o
    0x00000dde   0x00000002   Code   RO          638    i.EvrRtxMessageQueueNotInserted  rtx_evr.o
    0x00000de0   0x00000002   Code   RO          639    i.EvrRtxMessageQueueNotRetrieved  rtx_evr.o
    0x00000de2   0x00000002   Code   RO          640    i.EvrRtxMessageQueuePut  rtx_evr.o
    0x00000de4   0x00000002   Code   RO          641    i.EvrRtxMessageQueuePutPending  rtx_evr.o
    0x00000de6   0x00000002   Code   RO          642    i.EvrRtxMessageQueuePutTimeout  rtx_evr.o
    0x00000de8   0x00000002   Code   RO          645    i.EvrRtxMessageQueueRetrieved  rtx_evr.o
    0x00000dea   0x00000002   Code   RO          646    i.EvrRtxMutexAcquire  rtx_evr.o
    0x00000dec   0x00000002   Code   RO          647    i.EvrRtxMutexAcquirePending  rtx_evr.o
    0x00000dee   0x00000002   Code   RO          648    i.EvrRtxMutexAcquireTimeout  rtx_evr.o
    0x00000df0   0x00000002   Code   RO          649    i.EvrRtxMutexAcquired  rtx_evr.o
    0x00000df2   0x00000002   Code   RO          650    i.EvrRtxMutexCreated  rtx_evr.o
    0x00000df4   0x00000002   Code   RO          651    i.EvrRtxMutexDelete  rtx_evr.o
    0x00000df6   0x00000002   Code   RO          652    i.EvrRtxMutexDestroyed  rtx_evr.o
    0x00000df8   0x00000002   Code   RO          653    i.EvrRtxMutexError  rtx_evr.o
    0x00000dfa   0x00000002   Code   RO          656    i.EvrRtxMutexNew    rtx_evr.o
    0x00000dfc   0x00000002   Code   RO          657    i.EvrRtxMutexNotAcquired  rtx_evr.o
    0x00000dfe   0x00000002   Code   RO          658    i.EvrRtxMutexRelease  rtx_evr.o
    0x00000e00   0x00000002   Code   RO          659    i.EvrRtxMutexReleased  rtx_evr.o
    0x00000e02   0x00000002   Code   RO          660    i.EvrRtxSemaphoreAcquire  rtx_evr.o
    0x00000e04   0x00000002   Code   RO          661    i.EvrRtxSemaphoreAcquirePending  rtx_evr.o
    0x00000e06   0x00000002   Code   RO          662    i.EvrRtxSemaphoreAcquireTimeout  rtx_evr.o
    0x00000e08   0x00000002   Code   RO          663    i.EvrRtxSemaphoreAcquired  rtx_evr.o
    0x00000e0a   0x00000002   Code   RO          664    i.EvrRtxSemaphoreCreated  rtx_evr.o
    0x00000e0c   0x00000002   Code   RO          667    i.EvrRtxSemaphoreError  rtx_evr.o
    0x00000e0e   0x00000002   Code   RO          670    i.EvrRtxSemaphoreNew  rtx_evr.o
    0x00000e10   0x00000002   Code   RO          671    i.EvrRtxSemaphoreNotAcquired  rtx_evr.o
    0x00000e12   0x00000002   Code   RO          672    i.EvrRtxSemaphoreRelease  rtx_evr.o
    0x00000e14   0x00000002   Code   RO          673    i.EvrRtxSemaphoreReleased  rtx_evr.o
    0x00000e16   0x00000002   Code   RO          674    i.EvrRtxThreadBlocked  rtx_evr.o
    0x00000e18   0x00000002   Code   RO          675    i.EvrRtxThreadCreated  rtx_evr.o
    0x00000e1a   0x00000002   Code   RO          676    i.EvrRtxThreadDelay  rtx_evr.o
    0x00000e1c   0x00000002   Code   RO          677    i.EvrRtxThreadDelayCompleted  rtx_evr.o
    0x00000e1e   0x00000002   Code   RO          679    i.EvrRtxThreadDestroyed  rtx_evr.o
    0x00000e20   0x00000002   Code   RO          683    i.EvrRtxThreadError  rtx_evr.o
    0x00000e22   0x00000002   Code   RO          684    i.EvrRtxThreadExit  rtx_evr.o
    0x00000e24   0x00000002   Code   RO          691    i.EvrRtxThreadFlagsWaitCompleted  rtx_evr.o
    0x00000e26   0x00000002   Code   RO          694    i.EvrRtxThreadFlagsWaitTimeout  rtx_evr.o
    0x00000e28   0x00000002   Code   RO          704    i.EvrRtxThreadJoined  rtx_evr.o
    0x00000e2a   0x00000002   Code   RO          705    i.EvrRtxThreadNew   rtx_evr.o
    0x00000e2c   0x00000002   Code   RO          711    i.EvrRtxThreadSwitch  rtx_evr.o
    0x00000e2e   0x00000002   Code   RO          713    i.EvrRtxThreadUnblocked  rtx_evr.o
    0x00000e30   0x00000002   Code   RO          715    i.EvrRtxTimerCallback  rtx_evr.o
    0x00000e32   0x00000002   PAD
    0x00000e34   0x000000f4   Code   RO         3767    i.GPDMA_ChannelConfigure  gpdma_lpc17xx.o
    0x00000f28   0x00000030   Code   RO         3768    i.GPDMA_ChannelDisable  gpdma_lpc17xx.o
    0x00000f58   0x00000030   Code   RO         3770    i.GPDMA_ChannelGetCount  gpdma_lpc17xx.o
    0x00000f88   0x000000a8   Code   RO         3772    i.GPDMA_Initialize  gpdma_lpc17xx.o
    0x00001030   0x00000044   Code   RO         3773    i.GPDMA_PeripheralSelect  gpdma_lpc17xx.o
    0x00001074   0x00000080   Code   RO         3774    i.GPDMA_Uninitialize  gpdma_lpc17xx.o
    0x000010f4   0x00000028   Code   RO         3856    i.GPIO_PinWrite     gpio_lpc17xx.o
    0x0000111c   0x00000038   Code   RO         3860    i.GPIO_SetDir       gpio_lpc17xx.o
    0x00001154   0x00000040   Code   RO         3264    i.GetI2CClockFreq   i2c_lpc17xx.o
    0x00001194   0x00000044   Code   RO         3457    i.GetUsartClockFreq  uart_lpc17xx.o
    0x000011d8   0x00000018   Code   RO         3265    i.I2C1_Control      i2c_lpc17xx.o
    0x000011f0   0x00000010   Code   RO         3266    i.I2C1_GetDataCount  i2c_lpc17xx.o
    0x00001200   0x00000010   Code   RO         3267    i.I2C1_GetStatus    i2c_lpc17xx.o
    0x00001210   0x00000010   Code   RO         3268    i.I2C1_IRQHandler   i2c_lpc17xx.o
    0x00001220   0x00000014   Code   RO         3269    i.I2C1_Initialize   i2c_lpc17xx.o
    0x00001234   0x00000020   Code   RO         3270    i.I2C1_MasterReceive  i2c_lpc17xx.o
    0x00001254   0x00000020   Code   RO         3271    i.I2C1_MasterTransmit  i2c_lpc17xx.o
    0x00001274   0x00000014   Code   RO         3272    i.I2C1_PowerControl  i2c_lpc17xx.o
    0x00001288   0x00000018   Code   RO         3273    i.I2C1_SlaveReceive  i2c_lpc17xx.o
    0x000012a0   0x00000018   Code   RO         3274    i.I2C1_SlaveTransmit  i2c_lpc17xx.o
    0x000012b8   0x00000010   Code   RO         3275    i.I2C1_Uninitialize  i2c_lpc17xx.o
    0x000012c8   0x0000000c   Code   RO         3276    i.I2C_GetCapabilities  i2c_lpc17xx.o
    0x000012d4   0x00000010   Code   RO         3277    i.I2C_GetVersion    i2c_lpc17xx.o
    0x000012e4   0x0000018c   Code   RO         3278    i.I2Cx_Control      i2c_lpc17xx.o
    0x00001470   0x00000008   Code   RO         3279    i.I2Cx_GetDataCount  i2c_lpc17xx.o
    0x00001478   0x00000008   Code   RO         3280    i.I2Cx_GetStatus    i2c_lpc17xx.o
    0x00001480   0x00000030   Code   RO         3281    i.I2Cx_IRQHandler   i2c_lpc17xx.o
    0x000014b0   0x0000004e   Code   RO         3282    i.I2Cx_Initialize   i2c_lpc17xx.o
    0x000014fe   0x000001ce   Code   RO         3283    i.I2Cx_MasterHandler  i2c_lpc17xx.o
    0x000016cc   0x000000ce   Code   RO         3284    i.I2Cx_MasterReceive  i2c_lpc17xx.o
    0x0000179a   0x000000cc   Code   RO         3285    i.I2Cx_MasterTransmit  i2c_lpc17xx.o
    0x00001866   0x00000140   Code   RO         3286    i.I2Cx_PowerControl  i2c_lpc17xx.o
    0x000019a6   0x000001d4   Code   RO         3287    i.I2Cx_SlaveHandler  i2c_lpc17xx.o
    0x00001b7a   0x00000074   Code   RO         3288    i.I2Cx_SlaveReceive  i2c_lpc17xx.o
    0x00001bee   0x00000074   Code   RO         3289    i.I2Cx_SlaveTransmit  i2c_lpc17xx.o
    0x00001c62   0x00000030   Code   RO         3290    i.I2Cx_Uninitialize  i2c_lpc17xx.o
    0x00001c92   0x00000036   Code   RO         2099    i.MessageQueueGet   rtx_msgqueue.o
    0x00001cc8   0x0000004c   Code   RO         2100    i.MessageQueuePut   rtx_msgqueue.o
    0x00001d14   0x00000022   Code   RO         2101    i.MessageQueueRemove  rtx_msgqueue.o
    0x00001d36   0x0000000a   Code   RO         3156    i.OS_Tick_AcknowledgeIRQ  os_systick.o
    0x00001d40   0x00000030   Code   RO         3158    i.OS_Tick_Enable    os_systick.o
    0x00001d70   0x00000006   Code   RO         3161    i.OS_Tick_GetIRQn   os_systick.o
    0x00001d76   0x00000002   PAD
    0x00001d78   0x00000070   Code   RO         3164    i.OS_Tick_Setup     os_systick.o
    0x00001de8   0x000000fc   Code   RO         3912    i.PIN_Configure     pin_lpc17xx.o
    0x00001ee4   0x00000020   Code   RO         3913    i.PIN_ConfigureI2C0Pins  pin_lpc17xx.o
    0x00001f04   0x00000018   Code   RO         2405    i.SemaphoreTokenDecrement  rtx_semaphore.o
    0x00001f1c   0x0000001e   Code   RO         2406    i.SemaphoreTokenIncrement  rtx_semaphore.o
    0x00001f3a   0x00000002   PAD
    0x00001f3c   0x00000038   Code   RO         3775    i.Set_Channel_active_flag  gpdma_lpc17xx.o
    0x00001f74   0x000001a8   Code   RO         3958    i.SystemCoreClockUpdate  system_lpc17xx.o
    0x0000211c   0x00000140   Code   RO         3959    i.SystemInit        system_lpc17xx.o
    0x0000225c   0x00000056   Code   RO         2586    i.ThreadFlagsCheck  rtx_thread.o
    0x000022b2   0x00000002   PAD
    0x000022b4   0x00000040   Code   RO         3021    i.TimerInsert       rtx_timer.o
    0x000022f4   0x00000018   Code   RO         3023    i.TimerUnlink       rtx_timer.o
    0x0000230c   0x00000010   Code   RO         3458    i.UART0_IRQHandler  uart_lpc17xx.o
    0x0000231c   0x00000010   Code   RO         3459    i.UART1_IRQHandler  uart_lpc17xx.o
    0x0000232c   0x00000018   Code   RO         3460    i.USART0_Control    uart_lpc17xx.o
    0x00002344   0x00000014   Code   RO         3461    i.USART0_GPDMA_Rx_Event  uart_lpc17xx.o
    0x00002358   0x00000014   Code   RO         3462    i.USART0_GPDMA_Tx_Event  uart_lpc17xx.o
    0x0000236c   0x00000010   Code   RO         3463    i.USART0_GetCapabilities  uart_lpc17xx.o
    0x0000237c   0x00000010   Code   RO         3464    i.USART0_GetModemStatus  uart_lpc17xx.o
    0x0000238c   0x00000010   Code   RO         3465    i.USART0_GetRxCount  uart_lpc17xx.o
    0x0000239c   0x00000010   Code   RO         3466    i.USART0_GetStatus  uart_lpc17xx.o
    0x000023ac   0x00000010   Code   RO         3467    i.USART0_GetTxCount  uart_lpc17xx.o
    0x000023bc   0x00000014   Code   RO         3468    i.USART0_Initialize  uart_lpc17xx.o
    0x000023d0   0x00000014   Code   RO         3469    i.USART0_PowerControl  uart_lpc17xx.o
    0x000023e4   0x00000018   Code   RO         3470    i.USART0_Receive    uart_lpc17xx.o
    0x000023fc   0x00000018   Code   RO         3471    i.USART0_Send       uart_lpc17xx.o
    0x00002414   0x00000014   Code   RO         3472    i.USART0_SetModemControl  uart_lpc17xx.o
    0x00002428   0x0000001c   Code   RO         3473    i.USART0_Transfer   uart_lpc17xx.o
    0x00002444   0x00000010   Code   RO         3474    i.USART0_Uninitialize  uart_lpc17xx.o
    0x00002454   0x00000018   Code   RO         3475    i.USART1_Control    uart_lpc17xx.o
    0x0000246c   0x00000014   Code   RO         3476    i.USART1_GPDMA_Rx_Event  uart_lpc17xx.o
    0x00002480   0x00000014   Code   RO         3477    i.USART1_GPDMA_Tx_Event  uart_lpc17xx.o
    0x00002494   0x00000010   Code   RO         3478    i.USART1_GetCapabilities  uart_lpc17xx.o
    0x000024a4   0x00000010   Code   RO         3479    i.USART1_GetModemStatus  uart_lpc17xx.o
    0x000024b4   0x00000010   Code   RO         3480    i.USART1_GetRxCount  uart_lpc17xx.o
    0x000024c4   0x00000010   Code   RO         3481    i.USART1_GetStatus  uart_lpc17xx.o
    0x000024d4   0x00000010   Code   RO         3482    i.USART1_GetTxCount  uart_lpc17xx.o
    0x000024e4   0x00000014   Code   RO         3483    i.USART1_Initialize  uart_lpc17xx.o
    0x000024f8   0x00000014   Code   RO         3484    i.USART1_PowerControl  uart_lpc17xx.o
    0x0000250c   0x00000018   Code   RO         3485    i.USART1_Receive    uart_lpc17xx.o
    0x00002524   0x00000018   Code   RO         3486    i.USART1_Send       uart_lpc17xx.o
    0x0000253c   0x00000014   Code   RO         3487    i.USART1_SetModemControl  uart_lpc17xx.o
    0x00002550   0x0000001c   Code   RO         3488    i.USART1_Transfer   uart_lpc17xx.o
    0x0000256c   0x00000010   Code   RO         3489    i.USART1_Uninitialize  uart_lpc17xx.o
    0x0000257c   0x00000670   Code   RO         3490    i.USART_Control     uart_lpc17xx.o
    0x00002bec   0x00000086   Code   RO         3491    i.USART_GPDMA_Rx_Event  uart_lpc17xx.o
    0x00002c72   0x0000004a   Code   RO         3492    i.USART_GPDMA_Tx_Event  uart_lpc17xx.o
    0x00002cbc   0x00000006   Code   RO         3493    i.USART_GetCapabilities  uart_lpc17xx.o
    0x00002cc2   0x000000ec   Code   RO         3494    i.USART_GetModemStatus  uart_lpc17xx.o
    0x00002dae   0x0000001c   Code   RO         3495    i.USART_GetRxCount  uart_lpc17xx.o
    0x00002dca   0x000000bc   Code   RO         3496    i.USART_GetStatus   uart_lpc17xx.o
    0x00002e86   0x0000001c   Code   RO         3497    i.USART_GetTxCount  uart_lpc17xx.o
    0x00002ea2   0x0000026c   Code   RO         3498    i.USART_IRQHandler  uart_lpc17xx.o
    0x0000310e   0x000000fe   Code   RO         3499    i.USART_Initialize  uart_lpc17xx.o
    0x0000320c   0x0000024c   Code   RO         3500    i.USART_PowerControl  uart_lpc17xx.o
    0x00003458   0x00000110   Code   RO         3501    i.USART_Receive     uart_lpc17xx.o
    0x00003568   0x00000068   Code   RO         3502    i.USART_RxLineIntHandler  uart_lpc17xx.o
    0x000035d0   0x0000019c   Code   RO         3503    i.USART_Send        uart_lpc17xx.o
    0x0000376c   0x00000134   Code   RO         3504    i.USART_SetBaudrate  uart_lpc17xx.o
    0x000038a0   0x000000a0   Code   RO         3505    i.USART_SetModemControl  uart_lpc17xx.o
    0x00003940   0x0000007a   Code   RO         3506    i.USART_Transfer    uart_lpc17xx.o
    0x000039ba   0x000000e2   Code   RO         3507    i.USART_Uninitialize  uart_lpc17xx.o
    0x00003a9c   0x00000010   Code   RO         3508    i.USARTx_GetVersion  uart_lpc17xx.o
    0x00003aac   0x000000b8   Code   RO            4    i._Z10imuUpdaterPv  main.o
    0x00003b64   0x00000048   Code   RO          217    i._Z10itmPrintlnPc  itm_arm.o
    0x00003bac   0x00000028   Code   RO            5    i._Z11uart0ThreadPv  main.o
    0x00003bd4   0x00000040   Code   RO            6    i._Z12I2C_callbackj  main.o
    0x00003c14   0x0000025c   Code   RO            7    i._Z13computeEnginePv  main.o
    0x00003e70   0x0000000e   Code   RO            8    i._Z13ledInitializev  main.o
    0x00003e7e   0x00000002   PAD
    0x00003e80   0x00000104   Code   RO            9    i._Z14USART_callbackj  main.o
    0x00003f84   0x00000030   Code   RO           10    i._Z14i2c1Initializev  main.o
    0x00003fb4   0x00000026   Code   RO           11    i._Z15heartBeatThreadPv  main.o
    0x00003fda   0x00000002   PAD
    0x00003fdc   0x0000004c   Code   RO           12    i._Z15uart0Initializev  main.o
    0x00004028   0x0000001a   Code   RO           14    i._Z16__NVIC_EnableIRQ4IRQn  main.o
    0x00004042   0x00000020   Code   RO          220    i._Z8itmPrintPc     itm_arm.o
    0x00004062   0x00000002   PAD
    0x00004064   0x00000064   Code   RO           17    i._Z9configI2Cv     main.o
    0x000040c8   0x00000030   Code   RO           18    i._Z9configPWMv     main.o
    0x000040f8   0x00000034   Code   RO          255    i._ZN10RingBuffer15ringBufferWriteEc  ringbuffer.o
    0x0000412c   0x00000056   Code   RO          256    i._ZN10RingBuffer20ringBufferStringReadEPc  ringbuffer.o
    0x00004182   0x00000002   PAD
    0x00004184   0x0000001c   Code   RO         3291    i.__NVIC_ClearPendingIRQ  i2c_lpc17xx.o
    0x000041a0   0x0000001c   Code   RO         3509    i.__NVIC_ClearPendingIRQ  uart_lpc17xx.o
    0x000041bc   0x0000001c   Code   RO         3776    i.__NVIC_ClearPendingIRQ  gpdma_lpc17xx.o
    0x000041d8   0x0000003c   Code   RO         3292    i.__NVIC_DisableIRQ  i2c_lpc17xx.o
    0x00004214   0x0000001a   Code   RO         3293    i.__NVIC_EnableIRQ  i2c_lpc17xx.o
    0x0000422e   0x00000006   Code   RO         1581    i.__get_BASEPRI     rtx_kernel.o
    0x00004234   0x00000006   Code   RO         2102    i.__get_BASEPRI     rtx_msgqueue.o
    0x0000423a   0x00000006   Code   RO         2290    i.__get_BASEPRI     rtx_mutex.o
    0x00004240   0x00000006   Code   RO         2407    i.__get_BASEPRI     rtx_semaphore.o
    0x00004246   0x00000006   Code   RO         2589    i.__get_BASEPRI     rtx_thread.o
    0x0000424c   0x00000006   Code   RO         1582    i.__get_CONTROL     rtx_kernel.o
    0x00004252   0x00000006   Code   RO         1583    i.__get_IPSR        rtx_kernel.o
    0x00004258   0x00000006   Code   RO         2103    i.__get_IPSR        rtx_msgqueue.o
    0x0000425e   0x00000006   Code   RO         2291    i.__get_IPSR        rtx_mutex.o
    0x00004264   0x00000006   Code   RO         2408    i.__get_IPSR        rtx_semaphore.o
    0x0000426a   0x00000006   Code   RO         2590    i.__get_IPSR        rtx_thread.o
    0x00004270   0x00000006   Code   RO         1584    i.__get_PRIMASK     rtx_kernel.o
    0x00004276   0x00000006   Code   RO         2104    i.__get_PRIMASK     rtx_msgqueue.o
    0x0000427c   0x00000006   Code   RO         2292    i.__get_PRIMASK     rtx_mutex.o
    0x00004282   0x00000006   Code   RO         2409    i.__get_PRIMASK     rtx_semaphore.o
    0x00004288   0x00000006   Code   RO         2591    i.__get_PRIMASK     rtx_thread.o
    0x0000428e   0x00000002   PAD
    0x00004290   0x00000018   Code   RO           19    i.__sti___8_Main_cpp_timeDiff  main.o
    0x000042a8   0x00000016   Code   RO         1808    i._mutex_acquire    rtx_lib.o
    0x000042be   0x0000000c   Code   RO         1809    i._mutex_free       rtx_lib.o
    0x000042ca   0x00000020   Code   RO         1810    i._mutex_initialize  rtx_lib.o
    0x000042ea   0x00000012   Code   RO         1811    i._mutex_release    rtx_lib.o
    0x000042fc   0x00000008   Code   RO         1812    i._platform_post_stackheap_init  rtx_lib.o
    0x00004304   0x00000090   Code   RO         2105    i.isrRtxMessageQueueGet  rtx_msgqueue.o
    0x00004394   0x0000009e   Code   RO         2106    i.isrRtxMessageQueuePut  rtx_msgqueue.o
    0x00004432   0x00000002   PAD
    0x00004434   0x00000030   Code   RO         2530    i.isr_queue_get     rtx_system.o
    0x00004464   0x0000003c   Code   RO         2531    i.isr_queue_put     rtx_system.o
    0x000044a0   0x000001f0   Code   RO           20    i.main              main.o
    0x00004690   0x00000044   Code   RO          299    i.osDelay           rtx_delay.o
    0x000046d4   0x00000044   Code   RO         1586    i.osKernelGetState  rtx_kernel.o
    0x00004718   0x00000058   Code   RO         1591    i.osKernelInitialize  rtx_kernel.o
    0x00004770   0x00000058   Code   RO         1595    i.osKernelStart     rtx_kernel.o
    0x000047c8   0x00000054   Code   RO         2108    i.osMessageQueueGet  rtx_msgqueue.o
    0x0000481c   0x00000074   Code   RO         2114    i.osMessageQueueNew  rtx_msgqueue.o
    0x00004890   0x00000054   Code   RO         2115    i.osMessageQueuePut  rtx_msgqueue.o
    0x000048e4   0x00000044   Code   RO         2293    i.osMutexAcquire    rtx_mutex.o
    0x00004928   0x00000040   Code   RO         2294    i.osMutexDelete     rtx_mutex.o
    0x00004968   0x00000060   Code   RO         2297    i.osMutexNew        rtx_mutex.o
    0x000049c8   0x00000040   Code   RO         2298    i.osMutexRelease    rtx_mutex.o
    0x00004a08   0x00000020   Code   RO         3234    i.osRtxErrorNotify  rtx_config.o
    0x00004a28   0x00000004   Code   RO         3235    i.osRtxIdleThread   rtx_config.o
    0x00004a2c   0x0000000c   Code   RO         2592    i.osRtxKernelGetState  rtx_thread.o
    0x00004a38   0x000000a2   Code   RO         1885    i.osRtxMemoryAlloc  rtx_memory.o
    0x00004ada   0x00000066   Code   RO         1886    i.osRtxMemoryFree   rtx_memory.o
    0x00004b40   0x00000052   Code   RO         1887    i.osRtxMemoryInit   rtx_memory.o
    0x00004b92   0x0000003a   Code   RO         1938    i.osRtxMemoryPoolAlloc  rtx_mempool.o
    0x00004bcc   0x0000004e   Code   RO         1939    i.osRtxMemoryPoolFree  rtx_mempool.o
    0x00004c1a   0x00000050   Code   RO         1940    i.osRtxMemoryPoolInit  rtx_mempool.o
    0x00004c6a   0x00000112   Code   RO         2117    i.osRtxMessageQueuePostProcess  rtx_msgqueue.o
    0x00004d7c   0x00000054   Code   RO         2299    i.osRtxMutexOwnerRelease  rtx_mutex.o
    0x00004dd0   0x00000064   Code   RO         2532    i.osRtxPendSV_Handler  rtx_system.o
    0x00004e34   0x0000003c   Code   RO         2533    i.osRtxPostProcess  rtx_system.o
    0x00004e70   0x00000032   Code   RO         2410    i.osRtxSemaphorePostProcess  rtx_semaphore.o
    0x00004ea2   0x00000002   PAD
    0x00004ea4   0x00000030   Code   RO         2593    i.osRtxThreadBlock  rtx_thread.o
    0x00004ed4   0x00000068   Code   RO         2594    i.osRtxThreadDelayInsert  rtx_thread.o
    0x00004f3c   0x00000078   Code   RO         2595    i.osRtxThreadDelayRemove  rtx_thread.o
    0x00004fb4   0x000000dc   Code   RO         2596    i.osRtxThreadDelayTick  rtx_thread.o
    0x00005090   0x0000006c   Code   RO         2597    i.osRtxThreadDispatch  rtx_thread.o
    0x000050fc   0x00000060   Code   RO         2598    i.osRtxThreadFree   rtx_thread.o
    0x0000515c   0x0000000c   Code   RO         2599    i.osRtxThreadGetRunning  rtx_thread.o
    0x00005168   0x00000018   Code   RO         2600    i.osRtxThreadListGet  rtx_thread.o
    0x00005180   0x0000002e   Code   RO         2601    i.osRtxThreadListPut  rtx_thread.o
    0x000051ae   0x0000001a   Code   RO         2602    i.osRtxThreadListRemove  rtx_thread.o
    0x000051c8   0x0000000e   Code   RO         2603    i.osRtxThreadListRoot  rtx_thread.o
    0x000051d6   0x00000028   Code   RO         2604    i.osRtxThreadListSort  rtx_thread.o
    0x000051fe   0x00000040   Code   RO         2606    i.osRtxThreadPostProcess  rtx_thread.o
    0x0000523e   0x00000002   PAD
    0x00005240   0x00000018   Code   RO         2607    i.osRtxThreadReadyPut  rtx_thread.o
    0x00005258   0x00000008   Code   RO         2608    i.osRtxThreadRegPtr  rtx_thread.o
    0x00005260   0x0000000c   Code   RO         2609    i.osRtxThreadSetRunning  rtx_thread.o
    0x0000526c   0x0000002c   Code   RO         2610    i.osRtxThreadStackCheck  rtx_thread.o
    0x00005298   0x0000001c   Code   RO         2611    i.osRtxThreadSwitch  rtx_thread.o
    0x000052b4   0x00000058   Code   RO         2612    i.osRtxThreadWaitEnter  rtx_thread.o
    0x0000530c   0x00000036   Code   RO         2613    i.osRtxThreadWaitExit  rtx_thread.o
    0x00005342   0x00000002   PAD
    0x00005344   0x00000098   Code   RO         2534    i.osRtxTick_Handler  rtx_system.o
    0x000053dc   0x00000058   Code   RO         3027    i.osRtxTimerThread  rtx_timer.o
    0x00005434   0x0000005c   Code   RO         3028    i.osRtxTimerTick    rtx_timer.o
    0x00005490   0x00000090   Code   RO         2411    i.osSemaphoreAcquire  rtx_semaphore.o
    0x00005520   0x00000074   Code   RO         2415    i.osSemaphoreNew    rtx_semaphore.o
    0x00005594   0x00000088   Code   RO         2416    i.osSemaphoreRelease  rtx_semaphore.o
    0x0000561c   0x00000020   Code   RO         2616    i.osThreadExit      rtx_thread.o
    0x0000563c   0x00000074   Code   RO         2629    i.osThreadNew       rtx_thread.o
    0x000056b0   0x00000024   Code   RO         1813    i.os_kernel_is_active  rtx_lib.o
    0x000056d4   0x00000016   Code   RO          301    i.svcRtxDelay       rtx_delay.o
    0x000056ea   0x00000002   PAD
    0x000056ec   0x00000014   Code   RO         1599    i.svcRtxKernelGetState  rtx_kernel.o
    0x00005700   0x000002a0   Code   RO         1604    i.svcRtxKernelInitialize  rtx_kernel.o
    0x000059a0   0x000000f8   Code   RO         1608    i.svcRtxKernelStart  rtx_kernel.o
    0x00005a98   0x00000130   Code   RO         2119    i.svcRtxMessageQueueGet  rtx_msgqueue.o
    0x00005bc8   0x000001a0   Code   RO         2125    i.svcRtxMessageQueueNew  rtx_msgqueue.o
    0x00005d68   0x00000118   Code   RO         2126    i.svcRtxMessageQueuePut  rtx_msgqueue.o
    0x00005e80   0x00000108   Code   RO         2300    i.svcRtxMutexAcquire  rtx_mutex.o
    0x00005f88   0x000000f4   Code   RO         2301    i.svcRtxMutexDelete  rtx_mutex.o
    0x0000607c   0x000000b0   Code   RO         2304    i.svcRtxMutexNew    rtx_mutex.o
    0x0000612c   0x00000114   Code   RO         2305    i.svcRtxMutexRelease  rtx_mutex.o
    0x00006240   0x00000084   Code   RO         2417    i.svcRtxSemaphoreAcquire  rtx_semaphore.o
    0x000062c4   0x000000d4   Code   RO         2421    i.svcRtxSemaphoreNew  rtx_semaphore.o
    0x00006398   0x00000078   Code   RO         2422    i.svcRtxSemaphoreRelease  rtx_semaphore.o
    0x00006410   0x00000094   Code   RO         2637    i.svcRtxThreadExit  rtx_thread.o
    0x000064a4   0x0000026c   Code   RO         2650    i.svcRtxThreadNew   rtx_thread.o
    0x00006710   0x000000c4   Code   RO         4041    x$fpl$fadd          fz_ws.l(faddsub_clz.o)
    0x000067d4   0x00000184   Code   RO         4048    x$fpl$fdiv          fz_ws.l(fdiv.o)
    0x00006958   0x0000003e   Code   RO         4051    x$fpl$ffixu         fz_ws.l(ffixu.o)
    0x00006996   0x00000002   PAD
    0x00006998   0x00000030   Code   RO         4056    x$fpl$fflt          fz_ws.l(fflt_clz.o)
    0x000069c8   0x00000102   Code   RO         4061    x$fpl$fmul          fz_ws.l(fmul.o)
    0x00006aca   0x0000008c   Code   RO         4122    x$fpl$fnaninf       fz_ws.l(fnaninf.o)
    0x00006b56   0x0000000a   Code   RO         4124    x$fpl$fretinf       fz_ws.l(fretinf.o)
    0x00006b60   0x000000ea   Code   RO         4043    x$fpl$fsub          fz_ws.l(faddsub_clz.o)
    0x00006c4a   0x00000000   Code   RO         4126    x$fpl$usenofp       fz_ws.l(usenofp.o)
    0x00006c4a   0x00000004   Data   RO           39    .constdata          main.o
    0x00006c4e   0x00000002   PAD
    0x00006c50   0x00000001   Data   RO          290    .constdata          irq_cm3.o
    0x00006c51   0x00000003   PAD
    0x00006c54   0x00000064   Data   RO         1819    .constdata          rtx_lib.o
    0x00006cb8   0x00000064   Data   RO         3295    .constdata          i2c_lpc17xx.o
    0x00006d1c   0x0000027c   Data   RO         3511    .constdata          uart_lpc17xx.o
    0x00006f98   0x0000000b   Data   RO         1611    .conststrlit        rtx_kernel.o
    0x00006fa3   0x00000001   PAD
    0x00006fa4   0x00000068   Data   RO         1821    .rodata             rtx_lib.o
    0x0000700c   0x00000020   Data   RO         4240    Region$$Table       anon$$obj.o
    0x0000702c   0x00000004   Data   RO           41    .init_array         main.o
    0x00007030   0x00000000   Data   RO         4036    .init_array         c_w.l(init_aeabi.o)


    Execution Region RW_IRAM1 (Base: 0x10000000, Size: 0x00002078, Max: 0x00008000, ABSOLUTE, COMPRESSED[0x00000050])

    Base Addr    Size         Type   Attr      Idx    E Section Name        Object

    0x10000000   0x00001230   Data   RW         1814    .bss.os             rtx_lib.o
    0x10001230   0x00000034   Data   RW         1815    .bss.os.msgqueue.cb  rtx_lib.o
    0x10001264   0x00000050   Data   RW         1816    .bss.os.msgqueue.mem  rtx_lib.o
    0x100012b4   0x00000088   Data   RW         1817    .bss.os.thread.cb   rtx_lib.o
    0x1000133c   0x00000004   PAD
    0x10001340   0x000004b0   Data   RW         1818    .bss.os.thread.stack  rtx_lib.o
    0x100017f0   0x0000005c   Data   RW           40    .data               main.o
    0x1000184c   0x00000005   Data   RW         1820    .data               rtx_lib.o
    0x10001851   0x00000001   Data   RW         3165    .data               os_systick.o
    0x10001852   0x00000004   Data   RW         3296    .data               i2c_lpc17xx.o
    0x10001856   0x00000008   Data   RW         3512    .data               uart_lpc17xx.o
    0x1000185e   0x00000002   PAD
    0x10001860   0x00000008   Data   RW         3778    .data               gpdma_lpc17xx.o
    0x10001868   0x00000004   Data   RW         3960    .data               system_lpc17xx.o
    0x1000186c   0x000000a4   Data   RW         1612    .data.os            rtx_kernel.o
    0x10001910   0x000000d8   Zero   RW           38    .bss                main.o
    0x100019e8   0x00000024   Zero   RW         3294    .bss                i2c_lpc17xx.o
    0x10001a0c   0x00000068   Zero   RW         3510    .bss                uart_lpc17xx.o
    0x10001a74   0x000000a0   Zero   RW         3777    .bss                gpdma_lpc17xx.o
    0x10001b14   0x00000060   Zero   RW         4169    .bss                c_w.l(libspace.o)
    0x10001b74   0x00000004   PAD
    0x10001b78   0x00000200   Zero   RW         3946    HEAP                startup_lpc17xx.o
    0x10001d78   0x00000300   Zero   RW         3945    STACK               startup_lpc17xx.o


==============================================================================

Image component sizes


      Code (inc. data)   RO Data    RW Data    ZI Data      Debug   Object Name

      1204         94          0          8        160       8074   gpdma_lpc17xx.o
        96          8          0          0          0       1202   gpio_lpc17xx.o
      2924        132        100          4         36      51932   i2c_lpc17xx.o
       136         10          1          0          0        548   irq_cm3.o
       104          0          0          0          0        880   itm_arm.o
      2022        500          8         92        216      80652   main.o
       176         24          0          1          0      29135   os_systick.o
       284         10          0          0          0       1464   pin_lpc17xx.o
       138          0          0          0          0       3036   ringbuffer.o
        36          6          0          0          0        925   rtx_config.o
        90          4          0          0          0      37388   rtx_delay.o
         0          0          0          0          0       4504   rtx_evflags.o
       128          0          0          0          0      34693   rtx_evr.o
      1208         54         11        164          0      21602   rtx_kernel.o
       128          4        204       6129          0      11364   rtx_lib.o
       346          0          0          0          0       3107   rtx_memory.o
       556          0          0          0          0       3795   rtx_mempool.o
      2382         34          0          0          0      18991   rtx_msgqueue.o
      1354         40          0          0          0       9579   rtx_mutex.o
      1322         30          0          0          0      11110   rtx_semaphore.o
       760         36          0          0          0       9641   rtx_system.o
      2552        104          0          0          0      22950   rtx_thread.o
       268         30          0          0          0       2372   rtx_timer.o
        68         30        204          0       1280        972   startup_lpc17xx.o
       744         34          0          4          0       1315   system_lpc17xx.o
      6144        240        636          8        104      77859   uart_lpc17xx.o

    ----------------------------------------------------------------------
     25198       1424       1202       6416       1796     449090   Object Totals
         0          0         32          0          0          0   (incl. Generated)
        28          0          6          6          0          0   (incl. Padding)

    ----------------------------------------------------------------------

      Code (inc. data)   RO Data    RW Data    ZI Data      Debug   Library Member Name

        58          0          0          0          0          0   __dczerorl.o
         8          0          0          0          0         68   __main.o
         0          0          0          0          0          0   __rtentry.o
        20          0          0          0          0          0   __rtentry2.o
         6          0          0          0          0          0   __rtentry4.o
        52          8          0          0          0          0   __scatter.o
        28          0          0          0          0          0   __scatter_zi.o
        18          0          0          0          0         80   exit.o
         6          0          0          0          0        152   heapauxi.o
         0          0          0          0          0          0   indicate_semi.o
        36         10          0          0          0         80   init_aeabi.o
         2          0          0          0          0          0   libinit.o
         6          0          0          0          0          0   libinit2.o
         2          0          0          0          0          0   libshutdown.o
         2          0          0          0          0          0   libshutdown2.o
         8          4          0          0         96         68   libspace.o
       238          0          0          0          0        100   lludivv7m.o
        68          0          0          0          0         68   rt_memclr.o
        78          0          0          0          0         80   rt_memclr_w.o
       138          0          0          0          0         68   rt_memcpy_v6.o
       100          0          0          0          0         80   rt_memcpy_w.o
         2          0          0          0          0          0   rtexit.o
        10          0          0          0          0          0   rtexit2.o
        12          4          0          0          0         68   sys_exit.o
        74          0          0          0          0         80   sys_stackheap_outer.o
         2          0          0          0          0         68   use_no_semi.o
       430          8          0          0          0        168   faddsub_clz.o
       388         76          0          0          0         96   fdiv.o
        62          4          0          0          0         84   ffixu.o
        48          0          0          0          0         68   fflt_clz.o
       258          4          0          0          0         84   fmul.o
       140          4          0          0          0         84   fnaninf.o
        10          0          0          0          0         68   fretinf.o
         0          0          0          0          0          0   usenofp.o

    ----------------------------------------------------------------------
      2320        122          0          0        100       1712   Library Totals
        10          0          0          0          4          0   (incl. Padding)

    ----------------------------------------------------------------------

      Code (inc. data)   RO Data    RW Data    ZI Data      Debug   Library Name

       974         26          0          0         96       1060   c_w.l
      1336         96          0          0          0        652   fz_ws.l

    ----------------------------------------------------------------------
      2320        122          0          0        100       1712   Library Totals

    ----------------------------------------------------------------------

==============================================================================


      Code (inc. data)   RO Data    RW Data    ZI Data      Debug   

     27518       1546       1202       6416       1896     434782   Grand Totals
     27518       1546       1202         80       1896     434782   ELF Image Totals (compressed)
     27518       1546       1202         80          0          0   ROM Totals

==============================================================================

    Total RO  Size (Code + RO Data)                28720 (  28.05kB)
    Total RW  Size (RW Data + ZI Data)              8312 (   8.12kB)
    Total ROM Size (Code + RO Data + RW Data)      28800 (  28.13kB)

==============================================================================

