Component: ARM Compiler 5.06 update 3 (build 300) Tool: armlink [4d35c9]

==============================================================================

Section Cross References

    main.o(i._Z10imuUpdaterPv) refers to main.o(i._Z9configI2Cv) for configI2C()
    main.o(i._Z10imuUpdaterPv) refers to main.o(i._Z9configPWMv) for configPWM()
    main.o(i._Z10imuUpdaterPv) refers to rtx_delay.o(i.osDelay) for osDelay
    main.o(i._Z10imuUpdaterPv) refers to rtx_semaphore.o(i.osSemaphoreAcquire) for osSemaphoreAcquire
    main.o(i._Z10imuUpdaterPv) refers to i2c_lpc17xx.o(.constdata) for Driver_I2C1
    main.o(i._Z10imuUpdaterPv) refers to main.o(.constdata) for EULERANGLE
    main.o(i._Z10imuUpdaterPv) refers to main.o(.data) for semaphoreTransmitId
    main.o(i._Z12I2C_callbackj) refers to rtx_semaphore.o(i.osSemaphoreRelease) for osSemaphoreRelease
    main.o(i._Z12I2C_callbackj) refers to i2c_lpc17xx.o(.constdata) for Driver_I2C1
    main.o(i._Z12I2C_callbackj) refers to main.o(.data) for semaphoreTransmitId
    main.o(i._Z13computeEnginePv) refers to rtx_semaphore.o(i.osSemaphoreAcquire) for osSemaphoreAcquire
    main.o(i._Z13computeEnginePv) refers to fflti.o(.text) for __aeabi_i2f
    main.o(i._Z13computeEnginePv) refers to fadd.o(.text) for __aeabi_fsub
    main.o(i._Z13computeEnginePv) refers to fdiv.o(.text) for __aeabi_fdiv
    main.o(i._Z13computeEnginePv) refers to fmul.o(.text) for __aeabi_fmul
    main.o(i._Z13computeEnginePv) refers to ffixui.o(.text) for __aeabi_f2uiz
    main.o(i._Z13computeEnginePv) refers to rtx_delay.o(i.osDelay) for osDelay
    main.o(i._Z13computeEnginePv) refers to main.o(.data) for throttle
    main.o(i._Z13ledInitializev) refers to gpio_lpc17xx.o(i.GPIO_SetDir) for GPIO_SetDir
    main.o(i._Z14i2c1Initializev) refers to i2c_lpc17xx.o(.constdata) for Driver_I2C1
    main.o(i._Z14i2c1Initializev) refers to main.o(i._Z12I2C_callbackj) for I2C_callback(unsigned)
    main.o(i._Z15heartBeatThreadPv) refers to gpio_lpc17xx.o(i.GPIO_PinWrite) for GPIO_PinWrite
    main.o(i._Z15heartBeatThreadPv) refers to rtx_delay.o(i.osDelay) for osDelay
    main.o(i._Z15uart0Initializev) refers to main.o(i._Z16__NVIC_EnableIRQ4IRQn) for __NVIC_EnableIRQ(IRQn)
    main.o(i._Z15uart0Initializev) refers to uart_lpc17xx.o(.constdata) for Driver_USART0
    main.o(i._Z15uart0Initializev) refers to main.o(i._Z14USART_callbackj) for USART_callback(unsigned)
    main.o(i._Z15uart1Initializev) refers to main.o(i._Z16__NVIC_EnableIRQ4IRQn) for __NVIC_EnableIRQ(IRQn)
    main.o(i._Z15uart1Initializev) refers to uart_lpc17xx.o(.constdata) for Driver_USART1
    main.o(i._Z15uart1Initializev) refers to main.o(i._Z14USART_callbackj) for USART_callback(unsigned)
    main.o(i._Z17uart0UnInitializev) refers to uart_lpc17xx.o(.constdata) for Driver_USART0
    main.o(i._Z17uart1UnInitializev) refers to uart_lpc17xx.o(.constdata) for Driver_USART1
    main.o(i._Z9configI2Cv) refers to rtx_semaphore.o(i.osSemaphoreAcquire) for osSemaphoreAcquire
    main.o(i._Z9configI2Cv) refers to i2c_lpc17xx.o(.constdata) for Driver_I2C1
    main.o(i._Z9configI2Cv) refers to main.o(.constdata) for WHOAMI
    main.o(i._Z9configI2Cv) refers to main.o(.data) for semaphoreTransmitId
    main.o(i.main) refers to system_lpc17xx.o(i.SystemCoreClockUpdate) for SystemCoreClockUpdate
    main.o(i.main) refers to rtx_kernel.o(i.osKernelInitialize) for osKernelInitialize
    main.o(i.main) refers to main.o(i._Z13ledInitializev) for ledInitialize()
    main.o(i.main) refers to main.o(i._Z14i2c1Initializev) for i2c1Initialize()
    main.o(i.main) refers to rtx_semaphore.o(i.osSemaphoreNew) for osSemaphoreNew
    main.o(i.main) refers to rtx_thread.o(i.osThreadNew) for osThreadNew
    main.o(i.main) refers to rtx_kernel.o(i.osKernelStart) for osKernelStart
    main.o(i.main) refers to system_lpc17xx.o(.data) for SystemCoreClock
    main.o(i.main) refers to main.o(.bss) for semaphoreTransmitAttr
    main.o(i.main) refers to main.o(.data) for semaphoreTransmitId
    main.o(i.main) refers to main.o(i._Z15heartBeatThreadPv) for heartBeatThread(void*)
    main.o(i.main) refers to main.o(i._Z10imuUpdaterPv) for imuUpdater(void*)
    main.o(i.main) refers to main.o(i._Z13computeEnginePv) for computeEngine(void*)
    main.o(.ARM.exidx) refers to main.o(i._Z14USART_callbackj) for i._Z14USART_callbackj
    main.o(.ARM.exidx) refers to main.o(i._Z12I2C_callbackj) for i._Z12I2C_callbackj
    main.o(.ARM.exidx) refers to main.o(i._Z15uart0Initializev) for i._Z15uart0Initializev
    main.o(.ARM.exidx) refers to main.o(i._Z17uart0UnInitializev) for i._Z17uart0UnInitializev
    main.o(.ARM.exidx) refers to main.o(i._Z15uart1Initializev) for i._Z15uart1Initializev
    main.o(.ARM.exidx) refers to main.o(i._Z14i2c1Initializev) for i._Z14i2c1Initializev
    main.o(.ARM.exidx) refers to main.o(i._Z17uart1UnInitializev) for i._Z17uart1UnInitializev
    main.o(.ARM.exidx) refers to main.o(i._Z13ledInitializev) for i._Z13ledInitializev
[...]
    i.USART_RxLineIntHandler                 0x000034f8   Section        0  uart_lpc17xx.o(i.USART_RxLineIntHandler)
    USART_RxLineIntHandler                   0x000034f9   Thumb Code   104  uart_lpc17xx.o(i.USART_RxLineIntHandler)
    i.USART_Send                             0x00003560   Section        0  uart_lpc17xx.o(i.USART_Send)
    USART_Send                               0x00003561   Thumb Code   412  uart_lpc17xx.o(i.USART_Send)
    i.USART_SetBaudrate                      0x000036fc   Section        0  uart_lpc17xx.o(i.USART_SetBaudrate)
    i.USART_SetModemControl                  0x00003830   Section        0  uart_lpc17xx.o(i.USART_SetModemControl)
    USART_SetModemControl                    0x00003831   Thumb Code   160  uart_lpc17xx.o(i.USART_SetModemControl)
    i.USART_Transfer                         0x000038d0   Section        0  uart_lpc17xx.o(i.USART_Transfer)
    USART_Transfer                           0x000038d1   Thumb Code   122  uart_lpc17xx.o(i.USART_Transfer)
    i.USART_Uninitialize                     0x0000394a   Section        0  uart_lpc17xx.o(i.USART_Uninitialize)
    USART_Uninitialize                       0x0000394b   Thumb Code   226  uart_lpc17xx.o(i.USART_Uninitialize)
    i.USARTx_GetVersion                      0x00003a2c   Section        0  uart_lpc17xx.o(i.USARTx_GetVersion)
    USARTx_GetVersion                        0x00003a2d   Thumb Code    10  uart_lpc17xx.o(i.USARTx_GetVersion)
    i._Z10imuUpdaterPv                       0x00003a3c   Section        0  main.o(i._Z10imuUpdaterPv)
    i._Z12I2C_callbackj                      0x00003ae8   Section        0  main.o(i._Z12I2C_callbackj)
    i._Z13computeEnginePv                    0x00003b28   Section        0  main.o(i._Z13computeEnginePv)
    i._Z13ledInitializev                     0x00003d58   Section        0  main.o(i._Z13ledInitializev)
    i._Z14i2c1Initializev                    0x00003d68   Section        0  main.o(i._Z14i2c1Initializev)
    i._Z15heartBeatThreadPv                  0x00003d98   Section        0  main.o(i._Z15heartBeatThreadPv)
    i._Z9configI2Cv                          0x00003dc0   Section        0  main.o(i._Z9configI2Cv)
    i._Z9configPWMv                          0x00003e24   Section        0  main.o(i._Z9configPWMv)
    i.__NVIC_ClearPendingIRQ                 0x00003e54   Section        0  i2c_lpc17xx.o(i.__NVIC_ClearPendingIRQ)
    __NVIC_ClearPendingIRQ                   0x00003e55   Thumb Code    22  i2c_lpc17xx.o(i.__NVIC_ClearPendingIRQ)
    i.__NVIC_ClearPendingIRQ                 0x00003e70   Section        0  uart_lpc17xx.o(i.__NVIC_ClearPendingIRQ)
    __NVIC_ClearPendingIRQ                   0x00003e71   Thumb Code    22  uart_lpc17xx.o(i.__NVIC_ClearPendingIRQ)
    i.__NVIC_ClearPendingIRQ                 0x00003e8c   Section        0  gpdma_lpc17xx.o(i.__NVIC_ClearPendingIRQ)
    __NVIC_ClearPendingIRQ                   0x00003e8d   Thumb Code    22  gpdma_lpc17xx.o(i.__NVIC_ClearPendingIRQ)
    i.__NVIC_DisableIRQ                      0x00003ea8   Section        0  i2c_lpc17xx.o(i.__NVIC_DisableIRQ)
    __NVIC_DisableIRQ                        0x00003ea9   Thumb Code    54  i2c_lpc17xx.o(i.__NVIC_DisableIRQ)
    i.__NVIC_EnableIRQ                       0x00003ee4   Section        0  i2c_lpc17xx.o(i.__NVIC_EnableIRQ)
    __NVIC_EnableIRQ                         0x00003ee5   Thumb Code    26  i2c_lpc17xx.o(i.__NVIC_EnableIRQ)
    i.__get_BASEPRI                          0x00003efe   Section        0  rtx_kernel.o(i.__get_BASEPRI)
    __get_BASEPRI                            0x00003eff   Thumb Code     6  rtx_kernel.o(i.__get_BASEPRI)
    i.__get_BASEPRI                          0x00003f04   Section        0  rtx_msgqueue.o(i.__get_BASEPRI)
    __get_BASEPRI                            0x00003f05   Thumb Code     6  rtx_msgqueue.o(i.__get_BASEPRI)
    i.__get_BASEPRI                          0x00003f0a   Section        0  rtx_semaphore.o(i.__get_BASEPRI)
    __get_BASEPRI                            0x00003f0b   Thumb Code     6  rtx_semaphore.o(i.__get_BASEPRI)
    i.__get_BASEPRI                          0x00003f10   Section        0  rtx_thread.o(i.__get_BASEPRI)
    __get_BASEPRI                            0x00003f11   Thumb Code     6  rtx_thread.o(i.__get_BASEPRI)
    i.__get_CONTROL                          0x00003f16   Section        0  rtx_kernel.o(i.__get_CONTROL)
    __get_CONTROL                            0x00003f17   Thumb Code     6  rtx_kernel.o(i.__get_CONTROL)
    i.__get_IPSR                             0x00003f1c   Section        0  rtx_kernel.o(i.__get_IPSR)
    __get_IPSR                               0x00003f1d   Thumb Code     6  rtx_kernel.o(i.__get_IPSR)
    i.__get_IPSR                             0x00003f22   Section        0  rtx_msgqueue.o(i.__get_IPSR)
    __get_IPSR                               0x00003f23   Thumb Code     6  rtx_msgqueue.o(i.__get_IPSR)
    i.__get_IPSR                             0x00003f28   Section        0  rtx_semaphore.o(i.__get_IPSR)
    __get_IPSR                               0x00003f29   Thumb Code     6  rtx_semaphore.o(i.__get_IPSR)
    i.__get_IPSR                             0x00003f2e   Section        0  rtx_thread.o(i.__get_IPSR)
    __get_IPSR                               0x00003f2f   Thumb Code     6  rtx_thread.o(i.__get_IPSR)
    i.__get_PRIMASK                          0x00003f34   Section        0  rtx_kernel.o(i.__get_PRIMASK)
    __get_PRIMASK                            0x00003f35   Thumb Code     6  rtx_kernel.o(i.__get_PRIMASK)
    i.__get_PRIMASK                          0x00003f3a   Section        0  rtx_msgqueue.o(i.__get_PRIMASK)
    __get_PRIMASK                            0x00003f3b   Thumb Code     6  rtx_msgqueue.o(i.__get_PRIMASK)
    i.__get_PRIMASK                          0x00003f40   Section        0  rtx_semaphore.o(i.__get_PRIMASK)
    __get_PRIMASK                            0x00003f41   Thumb Code     6  rtx_semaphore.o(i.__get_PRIMASK)
    i.__get_PRIMASK                          0x00003f46   Section        0  rtx_thread.o(i.__get_PRIMASK)
    __get_PRIMASK                            0x00003f47   Thumb Code     6  rtx_thread.o(i.__get_PRIMASK)
    i.__scatterload_copy                     0x00003f4c   Section       14  handlers.o(i.__scatterload_copy)
    i.__scatterload_null                     0x00003f5a   Section        2  handlers.o(i.__scatterload_null)
    i.__scatterload_zeroinit                 0x00003f5c   Section       14  handlers.o(i.__scatterload_zeroinit)
    i.isrRtxMessageQueueGet                  0x00003f6a   Section        0  rtx_msgqueue.o(i.isrRtxMessageQueueGet)
    isrRtxMessageQueueGet                    0x00003f6b   Thumb Code   144  rtx_msgqueue.o(i.isrRtxMessageQueueGet)
    i.isrRtxMessageQueuePut                  0x00003ffa   Section        0  rtx_msgqueue.o(i.isrRtxMessageQueuePut)
    isrRtxMessageQueuePut                    0x00003ffb   Thumb Code   158  rtx_msgqueue.o(i.isrRtxMessageQueuePut)
    i.isr_queue_get                          0x00004098   Section        0  rtx_system.o(i.isr_queue_get)
    isr_queue_get                            0x00004099   Thumb Code    44  rtx_system.o(i.isr_queue_get)
    i.isr_queue_put                          0x000040c8   Section        0  rtx_system.o(i.isr_queue_put)
    isr_queue_put                            0x000040c9   Thumb Code    56  rtx_system.o(i.isr_queue_put)
    i.main                                   0x00004104   Section        0  main.o(i.main)
    i.osDelay                                0x00004268   Section        0  rtx_delay.o(i.osDelay)
    i.osKernelInitialize                     0x000042ac   Section        0  rtx_kernel.o(i.osKernelInitialize)
    i.osKernelStart                          0x00004304   Section        0  rtx_kernel.o(i.osKernelStart)
    i.osMessageQueueGet                      0x0000435c   Section        0  rtx_msgqueue.o(i.osMessageQueueGet)
    i.osMessageQueueNew                      0x000043b0   Section        0  rtx_msgqueue.o(i.osMessageQueueNew)
    i.osMessageQueuePut                      0x00004424   Section        0  rtx_msgqueue.o(i.osMessageQueuePut)
    i.osRtxErrorNotify                       0x00004478   Section        0  rtx_config.o(i.osRtxErrorNotify)
    i.osRtxIdleThread                        0x00004498   Section        0  rtx_config.o(i.osRtxIdleThread)
    i.osRtxKernelGetState                    0x0000449c   Section        0  rtx_thread.o(i.osRtxKernelGetState)
    osRtxKernelGetState                      0x0000449d   Thumb Code     6  rtx_thread.o(i.osRtxKernelGetState)
    i.osRtxMemoryAlloc                       0x000044a8   Section        0  rtx_memory.o(i.osRtxMemoryAlloc)
    i.osRtxMemoryFree                        0x0000454a   Section        0  rtx_memory.o(i.osRtxMemoryFree)
    i.osRtxMemoryInit                        0x000045b0   Section        0  rtx_memory.o(i.osRtxMemoryInit)
    i.osRtxMemoryPoolAlloc                   0x00004602   Section        0  rtx_mempool.o(i.osRtxMemoryPoolAlloc)
    i.osRtxMemoryPoolFree                    0x0000463c   Section        0  rtx_mempool.o(i.osRtxMemoryPoolFree)
    i.osRtxMemoryPoolInit                    0x0000468a   Section        0  rtx_mempool.o(i.osRtxMemoryPoolInit)
    i.osRtxMessageQueuePostProcess           0x000046da   Section        0  rtx_msgqueue.o(i.osRtxMessageQueuePostProcess)
    i.osRtxMutexOwnerRelease                 0x000047ec   Section        0  rtx_mutex.o(i.osRtxMutexOwnerRelease)
    i.osRtxPendSV_Handler                    0x00004840   Section        0  rtx_system.o(i.osRtxPendSV_Handler)
    i.osRtxPostProcess                       0x000048a4   Section        0  rtx_system.o(i.osRtxPostProcess)
    i.osRtxSemaphorePostProcess              0x000048e0   Section        0  rtx_semaphore.o(i.osRtxSemaphorePostProcess)
    i.osRtxThreadBlock                       0x00004914   Section        0  rtx_thread.o(i.osRtxThreadBlock)
    i.osRtxThreadDelayInsert                 0x00004944   Section        0  rtx_thread.o(i.osRtxThreadDelayInsert)
    i.osRtxThreadDelayRemove                 0x000049ac   Section        0  rtx_thread.o(i.osRtxThreadDelayRemove)
    i.osRtxThreadDelayTick                   0x00004a24   Section        0  rtx_thread.o(i.osRtxThreadDelayTick)
    i.osRtxThreadDispatch                    0x00004b00   Section        0  rtx_thread.o(i.osRtxThreadDispatch)
    i.osRtxThreadFree                        0x00004b6c   Section        0  rtx_thread.o(i.osRtxThreadFree)
    osRtxThreadFree                          0x00004b6d   Thumb Code    92  rtx_thread.o(i.osRtxThreadFree)
    i.osRtxThreadGetRunning                  0x00004bcc   Section        0  rtx_thread.o(i.osRtxThreadGetRunning)
    osRtxThreadGetRunning                    0x00004bcd   Thumb Code     6  rtx_thread.o(i.osRtxThreadGetRunning)
    i.osRtxThreadListGet                     0x00004bd8   Section        0  rtx_thread.o(i.osRtxThreadListGet)
    i.osRtxThreadListPut                     0x00004bf0   Section        0  rtx_thread.o(i.osRtxThreadListPut)
    i.osRtxThreadListRemove                  0x00004c1e   Section        0  rtx_thread.o(i.osRtxThreadListRemove)
    i.osRtxThreadListRoot                    0x00004c38   Section        0  rtx_thread.o(i.osRtxThreadListRoot)
    i.osRtxThreadPostProcess                 0x00004c46   Section        0  rtx_thread.o(i.osRtxThreadPostProcess)
    i.osRtxThreadReadyPut                    0x00004c88   Section        0  rtx_thread.o(i.osRtxThreadReadyPut)
    i.osRtxThreadRegPtr                      0x00004ca0   Section        0  rtx_thread.o(i.osRtxThreadRegPtr)
    i.osRtxThreadSetRunning                  0x00004ca8   Section        0  rtx_thread.o(i.osRtxThreadSetRunning)
    osRtxThreadSetRunning                    0x00004ca9   Thumb Code     6  rtx_thread.o(i.osRtxThreadSetRunning)
    i.osRtxThreadStackCheck                  0x00004cb4   Section        0  rtx_thread.o(i.osRtxThreadStackCheck)
    i.osRtxThreadSwitch                      0x00004ce0   Section        0  rtx_thread.o(i.osRtxThreadSwitch)
    i.osRtxThreadWaitEnter                   0x00004cfc   Section        0  rtx_thread.o(i.osRtxThreadWaitEnter)
    i.osRtxThreadWaitExit                    0x00004d54   Section        0  rtx_thread.o(i.osRtxThreadWaitExit)
    i.osRtxTick_Handler                      0x00004d8c   Section        0  rtx_system.o(i.osRtxTick_Handler)
    i.osRtxTimerThread                       0x00004e24   Section        0  rtx_timer.o(i.osRtxTimerThread)
    i.osRtxTimerTick                         0x00004e7c   Section        0  rtx_timer.o(i.osRtxTimerTick)
    i.osSemaphoreAcquire                     0x00004ed8   Section        0  rtx_semaphore.o(i.osSemaphoreAcquire)
    i.osSemaphoreNew                         0x00004f68   Section        0  rtx_semaphore.o(i.osSemaphoreNew)
    i.osSemaphoreRelease                     0x00004fdc   Section        0  rtx_semaphore.o(i.osSemaphoreRelease)
    i.osThreadExit                           0x00005064   Section        0  rtx_thread.o(i.osThreadExit)
    i.osThreadNew                            0x00005084   Section        0  rtx_thread.o(i.osThreadNew)
    i.svcRtxDelay                            0x000050f8   Section        0  rtx_delay.o(i.svcRtxDelay)
    i.svcRtxKernelInitialize                 0x00005110   Section        0  rtx_kernel.o(i.svcRtxKernelInitialize)
    i.svcRtxKernelStart                      0x000053b0   Section        0  rtx_kernel.o(i.svcRtxKernelStart)
    i.svcRtxMessageQueueGet                  0x000054a8   Section        0  rtx_msgqueue.o(i.svcRtxMessageQueueGet)
    i.svcRtxMessageQueueNew                  0x000055d8   Section        0  rtx_msgqueue.o(i.svcRtxMessageQueueNew)
    i.svcRtxMessageQueuePut                  0x00005778   Section        0  rtx_msgqueue.o(i.svcRtxMessageQueuePut)
    i.svcRtxSemaphoreAcquire                 0x00005890   Section        0  rtx_semaphore.o(i.svcRtxSemaphoreAcquire)
    i.svcRtxSemaphoreNew                     0x00005914   Section        0  rtx_semaphore.o(i.svcRtxSemaphoreNew)
    i.svcRtxSemaphoreRelease                 0x000059e8   Section        0  rtx_semaphore.o(i.svcRtxSemaphoreRelease)
    i.svcRtxThreadExit                       0x00005a60   Section        0  rtx_thread.o(i.svcRtxThreadExit)
    i.svcRtxThreadNew                        0x00005af4   Section        0  rtx_thread.o(i.svcRtxThreadNew)
    .constdata                               0x00005d60   Section        4  main.o(.constdata)
    WHOAMI                                   0x00005d60   Data           1  main.o(.constdata)
    OPRMODE                                  0x00005d61   Data           2  main.o(.constdata)
    EULERANGLE                               0x00005d63   Data           1  main.o(.constdata)
    .constdata                               0x00005d64   Section      100  rtx_lib.o(.constdata)
    os_idle_thread_attr                      0x00005d64   Data          36  rtx_lib.o(.constdata)
    os_timer_thread_attr                     0x00005d88   Data          36  rtx_lib.o(.constdata)
    os_timer_mq_attr                         0x00005dac   Data          24  rtx_lib.o(.constdata)
    .constdata                               0x00005dc8   Section      100  i2c_lpc17xx.o(.constdata)
    DriverVersion                            0x00005dc8   Data           4  i2c_lpc17xx.o(.constdata)
    DriverCapabilities                       0x00005dcc   Data           4  i2c_lpc17xx.o(.constdata)
    I2C1_Resources                           0x00005dd0   Data          44  i2c_lpc17xx.o(.constdata)
    .constdata                               0x00005e2c   Section      636  uart_lpc17xx.o(.constdata)
    usart_driver_version                     0x00005e2c   Data           4  uart_lpc17xx.o(.constdata)
    fract_div_lookup_table                   0x00005e30   Data         288  uart_lpc17xx.o(.constdata)
    UART0_DMA_Tx                             0x00005f50   Data           8  uart_lpc17xx.o(.constdata)
    UART0_DMA_Rx                             0x00005f58   Data           8  uart_lpc17xx.o(.constdata)
    USART0_Resources                         0x00005f60   Data         100  uart_lpc17xx.o(.constdata)
    USART1_DMA_Tx                            0x00005fc4   Data           8  uart_lpc17xx.o(.constdata)
    USART1_DMA_Rx                            0x00005fcc   Data           8  uart_lpc17xx.o(.constdata)
    USART1_Resources                         0x00005fd4   Data         100  uart_lpc17xx.o(.constdata)
    .conststrlit                             0x000060a8   Section       11  rtx_kernel.o(.conststrlit)
    .rodata                                  0x000060b4   Section      104  rtx_lib.o(.rodata)
    __tagsym$$used                           0x000060b4   Number         0  rtx_lib.o(.rodata)
    .bss.os                                  0x10000000   Section     4160  rtx_lib.o(.bss.os)
    os_mem                                   0x10000000   Data        4096  rtx_lib.o(.bss.os)
    os_isr_queue                             0x10001000   Data          64  rtx_lib.o(.bss.os)
    .bss.os.msgqueue.cb                      0x10001040   Section       52  rtx_lib.o(.bss.os.msgqueue.cb)
    os_timer_mq_cb                           0x10001040   Data          52  rtx_lib.o(.bss.os.msgqueue.cb)
    .bss.os.msgqueue.mem                     0x10001074   Section       80  rtx_lib.o(.bss.os.msgqueue.mem)
    os_timer_mq_data                         0x10001074   Data          80  rtx_lib.o(.bss.os.msgqueue.mem)
    .bss.os.thread.cb                        0x100010c4   Section      136  rtx_lib.o(.bss.os.thread.cb)
    os_idle_thread_cb                        0x100010c4   Data          68  rtx_lib.o(.bss.os.thread.cb)
    os_timer_thread_cb                       0x10001108   Data          68  rtx_lib.o(.bss.os.thread.cb)
    .bss.os.thread.stack                     0x10001150   Section     1200  rtx_lib.o(.bss.os.thread.stack)
    os_idle_thread_stack                     0x10001150   Data         600  rtx_lib.o(.bss.os.thread.stack)
    os_timer_thread_stack                    0x100013a8   Data         600  rtx_lib.o(.bss.os.thread.stack)
    .data                                    0x10001600   Section       76  main.o(.data)
    .data                                    0x1000164c   Section        1  os_systick.o(.data)
    PendST                                   0x1000164c   Data           1  os_systick.o(.data)
    .data                                    0x1000164d   Section        4  i2c_lpc17xx.o(.data)
    .data                                    0x10001651   Section        8  uart_lpc17xx.o(.data)
    USART0_pin_tx                            0x10001651   Data           2  uart_lpc17xx.o(.data)
    USART0_pin_rx                            0x10001653   Data           2  uart_lpc17xx.o(.data)
    USART1_pin_tx                            0x10001655   Data           2  uart_lpc17xx.o(.data)
    USART1_pin_rx                            0x10001657   Data           2  uart_lpc17xx.o(.data)
    .data                                    0x1000165c   Section        8  gpdma_lpc17xx.o(.data)
    Channel_active                           0x1000165c   Data           4  gpdma_lpc17xx.o(.data)
    Init_cnt                                 0x10001660   Data           4  gpdma_lpc17xx.o(.data)
    .data                                    0x10001664   Section        4  system_lpc17xx.o(.data)
    .data.os                                 0x10001668   Section      164  rtx_kernel.o(.data.os)
    .bss                                     0x1000170c   Section       80  main.o(.bss)
    .bss                                     0x1000175c   Section       36  i2c_lpc17xx.o(.bss)
    I2C1_Ctrl                                0x1000175c   Data          36  i2c_lpc17xx.o(.bss)
    .bss                                     0x10001780   Section      104  uart_lpc17xx.o(.bss)
    USART0_Info                              0x10001780   Data          52  uart_lpc17xx.o(.bss)
    USART1_Info                              0x100017b4   Data          52  uart_lpc17xx.o(.bss)
    .bss                                     0x100017e8   Section      160  gpdma_lpc17xx.o(.bss)
    Channel_info                             0x100017e8   Data         160  gpdma_lpc17xx.o(.bss)
    STACK                                    0x10001888   Section      768  startup_lpc17xx.o(STACK)

    Global Symbols

    Symbol Name                              Value     Ov Type        Size  Object(Section)

    BuildAttributes$$THM_ISAv4$P$D$K$B$S$PE$A:L22UL41UL21$X:L11$S22US41US21$IEEE1$IW$USESV6$~STKCKD$USESV7$~SHL$OTIME$ROPI$EBA8$MICROLIB$REQ8$PRES8$EABIv2 0x00000000   Number         0  anon$$obj.o ABSOLUTE
    __ARM_use_no_argv                        0x00000000   Number         0  main.o ABSOLUTE
    __Vectors                                0x00000000   Data           4  startup_lpc17xx.o(RESET)
    _printf_a                                0x00000000   Number         0  stubs.o ABSOLUTE
    _printf_c                                0x00000000   Number         0  stubs.o ABSOLUTE
    _printf_charcount                        0x00000000   Number         0  stubs.o ABSOLUTE
    _printf_d                                0x00000000   Number         0  stubs.o ABSOLUTE
    _printf_e                                0x00000000   Number         0  stubs.o ABSOLUTE
    _printf_f                                0x00000000   Number         0  stubs.o ABSOLUTE
    _printf_flags                            0x00000000   Number         0  stubs.o ABSOLUTE
    _printf_fp_dec                           0x00000000   Number         0  stubs.o ABSOLUTE
    _printf_fp_hex                           0x00000000   Number         0  stubs.o ABSOLUTE
    _printf_g                                0x00000000   Number         0  stubs.o ABSOLUTE
    _printf_i                                0x00000000   Number         0  stubs.o ABSOLUTE
    _printf_int_dec                          0x00000000   Number         0  stubs.o ABSOLUTE
    _printf_l                                0x00000000   Number         0  stubs.o ABSOLUTE
    _printf_lc                               0x00000000   Number         0  stubs.o ABSOLUTE
    _printf_ll                               0x00000000   Number         0  stubs.o ABSOLUTE
    _printf_lld                              0x00000000   Number         0  stubs.o ABSOLUTE
    _printf_lli                              0x00000000   Number         0  stubs.o ABSOLUTE
    _printf_llo                              0x00000000   Number         0  stubs.o ABSOLUTE
    _printf_llu                              0x00000000   Number         0  stubs.o ABSOLUTE
    _printf_llx                              0x00000000   Number         0  stubs.o ABSOLUTE
    _printf_longlong_dec                     0x00000000   Number         0  stubs.o ABSOLUTE
    _printf_longlong_hex                     0x00000000   Number         0  stubs.o ABSOLUTE
    _printf_longlong_oct                     0x00000000   Number         0  stubs.o ABSOLUTE
    _printf_ls                               0x00000000   Number         0  stubs.o ABSOLUTE
    _printf_mbtowc                           0x00000000   Number         0  stubs.o ABSOLUTE
    _printf_n                                0x00000000   Number         0  stubs.o ABSOLUTE
    _printf_o                                0x00000000   Number         0  stubs.o ABSOLUTE
    _printf_p                                0x00000000   Number         0  stubs.o ABSOLUTE
    _printf_percent                          0x00000000   Number         0  stubs.o ABSOLUTE
    _printf_pre_padding                      0x00000000   Number         0  stubs.o ABSOLUTE
    _printf_return_value                     0x00000000   Number         0  stubs.o ABSOLUTE
    _printf_s                                0x00000000   Number         0  stubs.o ABSOLUTE
    _printf_sizespec                         0x00000000   Number         0  stubs.o ABSOLUTE
    _printf_str                              0x00000000   Number         0  stubs.o ABSOLUTE
    _printf_truncate_signed                  0x00000000   Number         0  stubs.o ABSOLUTE
    _printf_truncate_unsigned                0x00000000   Number         0  stubs.o ABSOLUTE
    _printf_u                                0x00000000   Number         0  stubs.o ABSOLUTE
    _printf_wc                               0x00000000   Number         0  stubs.o ABSOLUTE
    _printf_wctomb                           0x00000000   Number         0  stubs.o ABSOLUTE
    _printf_widthprec                        0x00000000   Number         0  stubs.o ABSOLUTE
    _printf_x                                0x00000000   Number         0  stubs.o ABSOLUTE
    __cpp_initialize__aeabi_                  - Undefined Weak Reference
    __cxa_finalize                            - Undefined Weak Reference
    _clock_init                               - Undefined Weak Reference
    _microlib_exit                            - Undefined Weak Reference
    __main                                   0x000000cd   Thumb Code     0  entry.o(.ARM.Collect$$$$00000000)
    _main_stk                                0x000000cd   Thumb Code     0  entry2.o(.ARM.Collect$$$$00000001)
    _main_scatterload                        0x000000d1   Thumb Code     0  entry5.o(.ARM.Collect$$$$00000004)
    __main_after_scatterload                 0x000000d5   Thumb Code     0  entry5.o(.ARM.Collect$$$$00000004)
    _main_clock                              0x000000d5   Thumb Code     0  entry7b.o(.ARM.Collect$$$$00000008)
    _main_cpp_init                           0x000000d5   Thumb Code     0  entry8b.o(.ARM.Collect$$$$0000000A)
    _main_init                               0x000000d5   Thumb Code     0  entry9a.o(.ARM.Collect$$$$0000000B)
    __rt_final_cpp                           0x000000dd   Thumb Code     0  entry10a.o(.ARM.Collect$$$$0000000D)
    __rt_final_exit                          0x000000dd   Thumb Code     0  entry11a.o(.ARM.Collect$$$$0000000F)
    __asm___13_rtx_mempool_c_7914b4c7__atomic_wr8 0x000000e1   Thumb Code    16  rtx_mempool.o(.emb_text)
    __asm___13_rtx_mempool_c_7914b4c7__atomic_set32 0x000000f1   Thumb Code    20  rtx_mempool.o(.emb_text)
    __asm___13_rtx_mempool_c_7914b4c7__atomic_clr32 0x00000105   Thumb Code    22  rtx_mempool.o(.emb_text)
    __asm___13_rtx_mempool_c_7914b4c7__atomic_chk32_all 0x0000011b   Thumb Code    38  rtx_mempool.o(.emb_text)
    __asm___13_rtx_mempool_c_7914b4c7__atomic_chk32_any 0x00000141   Thumb Code    34  rtx_mempool.o(.emb_text)
    __asm___13_rtx_mempool_c_7914b4c7__atomic_inc32 0x00000163   Thumb Code    18  rtx_mempool.o(.emb_text)
    __asm___13_rtx_mempool_c_7914b4c7__atomic_inc32_lt 0x00000175   Thumb Code    30  rtx_mempool.o(.emb_text)
    __asm___13_rtx_mempool_c_7914b4c7__atomic_inc16_lt 0x00000193   Thumb Code    30  rtx_mempool.o(.emb_text)
    __asm___13_rtx_mempool_c_7914b4c7__atomic_inc16_lim 0x000001b1   Thumb Code    26  rtx_mempool.o(.emb_text)
    __asm___13_rtx_mempool_c_7914b4c7__atomic_dec32_nz 0x000001cb   Thumb Code    26  rtx_mempool.o(.emb_text)
    __asm___13_rtx_mempool_c_7914b4c7__atomic_dec16_nz 0x000001e5   Thumb Code    26  rtx_mempool.o(.emb_text)
    __asm___13_rtx_mempool_c_7914b4c7__atomic_link_get 0x000001ff   Thumb Code    26  rtx_mempool.o(.emb_text)
    __asm___13_rtx_mempool_c_7914b4c7__atomic_link_put 0x00000219   Thumb Code    28  rtx_mempool.o(.emb_text)
    SVC_Handler                              0x00000235   Thumb Code    96  irq_cm3.o(.text)
    PendSV_Handler                           0x00000295   Thumb Code    16  irq_cm3.o(.text)
    SysTick_Handler                          0x000002a5   Thumb Code    16  irq_cm3.o(.text)
    Reset_Handler                            0x000002bd   Thumb Code     8  startup_lpc17xx.o(.text)
    NMI_Handler                              0x000002c5   Thumb Code     2  startup_lpc17xx.o(.text)
    HardFault_Handler                        0x000002c7   Thumb Code     2  startup_lpc17xx.o(.text)
    MemManage_Handler                        0x000002c9   Thumb Code     2  startup_lpc17xx.o(.text)
    BusFault_Handler                         0x000002cb   Thumb Code     2  startup_lpc17xx.o(.text)
    UsageFault_Handler                       0x000002cd   Thumb Code     2  startup_lpc17xx.o(.text)
    DebugMon_Handler                         0x000002d1   Thumb Code     2  startup_lpc17xx.o(.text)
    ADC_IRQHandler                           0x000002d7   Thumb Code     0  startup_lpc17xx.o(.text)
    BOD_IRQHandler                           0x000002d7   Thumb Code     0  startup_lpc17xx.o(.text)
    CANActivity_IRQHandler                   0x000002d7   Thumb Code     0  startup_lpc17xx.o(.text)
    CAN_IRQHandler                           0x000002d7   Thumb Code     0  startup_lpc17xx.o(.text)
    EINT0_IRQHandler                         0x000002d7   Thumb Code     0  startup_lpc17xx.o(.text)
    EINT1_IRQHandler                         0x000002d7   Thumb Code     0  startup_lpc17xx.o(.text)
    EINT2_IRQHandler                         0x000002d7   Thumb Code     0  startup_lpc17xx.o(.text)
    EINT3_IRQHandler                         0x000002d7   Thumb Code     0  startup_lpc17xx.o(.text)
    ENET_IRQHandler                          0x000002d7   Thumb Code     0  startup_lpc17xx.o(.text)
    I2C0_IRQHandler                          0x000002d7   Thumb Code     0  startup_lpc17xx.o(.text)
    I2C2_IRQHandler                          0x000002d7   Thumb Code     0  startup_lpc17xx.o(.text)
    I2S_IRQHandler                           0x000002d7   Thumb Code     0  startup_lpc17xx.o(.text)
    MCPWM_IRQHandler                         0x000002d7   Thumb Code     0  startup_lpc17xx.o(.text)
    PLL0_IRQHandler                          0x000002d7   Thumb Code     0  startup_lpc17xx.o(.text)
    PLL1_IRQHandler                          0x000002d7   Thumb Code     0  startup_lpc17xx.o(.text)
    PWM1_IRQHandler                          0x000002d7   Thumb Code     0  startup_lpc17xx.o(.text)
    QEI_IRQHandler                           0x000002d7   Thumb Code     0  startup_lpc17xx.o(.text)
    RIT_IRQHandler                           0x000002d7   Thumb Code     0  startup_lpc17xx.o(.text)
    RTC_IRQHandler                           0x000002d7   Thumb Code     0  startup_lpc17xx.o(.text)
    SPI_IRQHandler                           0x000002d7   Thumb Code     0  startup_lpc17xx.o(.text)
    SSP0_IRQHandler                          0x000002d7   Thumb Code     0  startup_lpc17xx.o(.text)
    SSP1_IRQHandler                          0x000002d7   Thumb Code     0  startup_lpc17xx.o(.text)
    TIMER0_IRQHandler                        0x000002d7   Thumb Code     0  startup_lpc17xx.o(.text)
    TIMER1_IRQHandler                        0x000002d7   Thumb Code     0  startup_lpc17xx.o(.text)
    TIMER2_IRQHandler                        0x000002d7   Thumb Code     0  startup_lpc17xx.o(.text)
    TIMER3_IRQHandler                        0x000002d7   Thumb Code     0  startup_lpc17xx.o(.text)
    UART2_IRQHandler                         0x000002d7   Thumb Code     0  startup_lpc17xx.o(.text)
    UART3_IRQHandler                         0x000002d7   Thumb Code     0  startup_lpc17xx.o(.text)
    USBActivity_IRQHandler                   0x000002d7   Thumb Code     0  startup_lpc17xx.o(.text)
    USB_IRQHandler                           0x000002d7   Thumb Code     0  startup_lpc17xx.o(.text)
    WDT_IRQHandler                           0x000002d7   Thumb Code     0  startup_lpc17xx.o(.text)
    __aeabi_i2f                              0x000002e1   Thumb Code    18  fflti.o(.text)
    EvrRtxEventFlagsWaitTimeout              0x000002f3   Thumb Code     2  rtx_evr.o(i.EvrRtxEventFlagsWaitTimeout)
    __I$use$fp                               0x000002f3   Thumb Code     0  iusefp.o(.text)
    EvrRtxKernelError                        0x000002f5   Thumb Code     2  rtx_evr.o(i.EvrRtxKernelError)
    EvrRtxKernelInitialize                   0x000002f7   Thumb Code     2  rtx_evr.o(i.EvrRtxKernelInitialize)
    EvrRtxKernelInitializeCompleted          0x000002f9   Thumb Code     2  rtx_evr.o(i.EvrRtxKernelInitializeCompleted)
    EvrRtxKernelStart                        0x000002fb   Thumb Code     2  rtx_evr.o(i.EvrRtxKernelStart)
    __asm___14_rtx_msgqueue_c_3fd3b50e__atomic_wr8 0x00000301   Thumb Code    16  rtx_msgqueue.o(.emb_text)
    __asm___14_rtx_msgqueue_c_3fd3b50e__atomic_set32 0x00000311   Thumb Code    20  rtx_msgqueue.o(.emb_text)
    __asm___14_rtx_msgqueue_c_3fd3b50e__atomic_clr32 0x00000325   Thumb Code    22  rtx_msgqueue.o(.emb_text)
    __asm___14_rtx_msgqueue_c_3fd3b50e__atomic_chk32_all 0x0000033b   Thumb Code    38  rtx_msgqueue.o(.emb_text)
    __asm___14_rtx_msgqueue_c_3fd3b50e__atomic_chk32_any 0x00000361   Thumb Code    34  rtx_msgqueue.o(.emb_text)
    __asm___14_rtx_msgqueue_c_3fd3b50e__atomic_inc32 0x00000383   Thumb Code    18  rtx_msgqueue.o(.emb_text)
    __asm___14_rtx_msgqueue_c_3fd3b50e__atomic_inc32_lt 0x00000395   Thumb Code    30  rtx_msgqueue.o(.emb_text)
    __asm___14_rtx_msgqueue_c_3fd3b50e__atomic_inc16_lt 0x000003b3   Thumb Code    30  rtx_msgqueue.o(.emb_text)
    __asm___14_rtx_msgqueue_c_3fd3b50e__atomic_inc16_lim 0x000003d1   Thumb Code    26  rtx_msgqueue.o(.emb_text)
    __asm___14_rtx_msgqueue_c_3fd3b50e__atomic_dec32_nz 0x000003eb   Thumb Code    26  rtx_msgqueue.o(.emb_text)
    __asm___14_rtx_msgqueue_c_3fd3b50e__atomic_dec16_nz 0x00000405   Thumb Code    26  rtx_msgqueue.o(.emb_text)
    __asm___14_rtx_msgqueue_c_3fd3b50e__atomic_link_get 0x0000041f   Thumb Code    26  rtx_msgqueue.o(.emb_text)
    __asm___14_rtx_msgqueue_c_3fd3b50e__atomic_link_put 0x00000439   Thumb Code    28  rtx_msgqueue.o(.emb_text)
    __asm___15_rtx_semaphore_c_eca73427__atomic_wr8 0x00000455   Thumb Code    16  rtx_semaphore.o(.emb_text)
    __asm___15_rtx_semaphore_c_eca73427__atomic_set32 0x00000465   Thumb Code    20  rtx_semaphore.o(.emb_text)
    __asm___15_rtx_semaphore_c_eca73427__atomic_clr32 0x00000479   Thumb Code    22  rtx_semaphore.o(.emb_text)
    __asm___15_rtx_semaphore_c_eca73427__atomic_chk32_all 0x0000048f   Thumb Code    38  rtx_semaphore.o(.emb_text)
    __asm___15_rtx_semaphore_c_eca73427__atomic_chk32_any 0x000004b5   Thumb Code    34  rtx_semaphore.o(.emb_text)
    __asm___15_rtx_semaphore_c_eca73427__atomic_inc32 0x000004d7   Thumb Code    18  rtx_semaphore.o(.emb_text)
    __asm___15_rtx_semaphore_c_eca73427__atomic_inc32_lt 0x000004e9   Thumb Code    30  rtx_semaphore.o(.emb_text)
    __asm___15_rtx_semaphore_c_eca73427__atomic_inc16_lt 0x00000507   Thumb Code    30  rtx_semaphore.o(.emb_text)
    __asm___15_rtx_semaphore_c_eca73427__atomic_inc16_lim 0x00000525   Thumb Code    26  rtx_semaphore.o(.emb_text)
    __asm___15_rtx_semaphore_c_eca73427__atomic_dec32_nz 0x0000053f   Thumb Code    26  rtx_semaphore.o(.emb_text)
    __asm___15_rtx_semaphore_c_eca73427__atomic_dec16_nz 0x00000559   Thumb Code    26  rtx_semaphore.o(.emb_text)
    __asm___15_rtx_semaphore_c_eca73427__atomic_link_get 0x00000573   Thumb Code    26  rtx_semaphore.o(.emb_text)
    __asm___15_rtx_semaphore_c_eca73427__atomic_link_put 0x0000058d   Thumb Code    28  rtx_semaphore.o(.emb_text)
    __asm___12_rtx_system_c_024f2f18__atomic_wr8 0x000005a9   Thumb Code    16  rtx_system.o(.emb_text)
    __asm___12_rtx_system_c_024f2f18__atomic_set32 0x000005b9   Thumb Code    20  rtx_system.o(.emb_text)
    __asm___12_rtx_system_c_024f2f18__atomic_clr32 0x000005cd   Thumb Code    22  rtx_system.o(.emb_text)
    __asm___12_rtx_system_c_024f2f18__atomic_chk32_all 0x000005e3   Thumb Code    38  rtx_system.o(.emb_text)
    __asm___12_rtx_system_c_024f2f18__atomic_chk32_any 0x00000609   Thumb Code    34  rtx_system.o(.emb_text)
    __asm___12_rtx_system_c_024f2f18__atomic_inc32 0x0000062b   Thumb Code    18  rtx_system.o(.emb_text)
    __asm___12_rtx_system_c_024f2f18__atomic_inc32_lt 0x0000063d   Thumb Code    30  rtx_system.o(.emb_text)
    __asm___12_rtx_system_c_024f2f18__atomic_inc16_lt 0x0000065b   Thumb Code    30  rtx_system.o(.emb_text)
    __asm___12_rtx_system_c_024f2f18__atomic_inc16_lim 0x00000679   Thumb Code    26  rtx_system.o(.emb_text)
    __asm___12_rtx_system_c_024f2f18__atomic_dec32_nz 0x00000693   Thumb Code    26  rtx_system.o(.emb_text)
    __asm___12_rtx_system_c_024f2f18__atomic_dec16_nz 0x000006ad   Thumb Code    26  rtx_system.o(.emb_text)
    __asm___12_rtx_system_c_024f2f18__atomic_link_get 0x000006c7   Thumb Code    26  rtx_system.o(.emb_text)
    __asm___12_rtx_system_c_024f2f18__atomic_link_put 0x000006e1   Thumb Code    28  rtx_system.o(.emb_text)
    __asm___12_rtx_thread_c_add96be5__atomic_wr8 0x000006fd   Thumb Code    16  rtx_thread.o(.emb_text)
    __asm___12_rtx_thread_c_add96be5__atomic_set32 0x0000070d   Thumb Code    20  rtx_thread.o(.emb_text)
    __asm___12_rtx_thread_c_add96be5__atomic_clr32 0x00000721   Thumb Code    22  rtx_thread.o(.emb_text)
    __asm___12_rtx_thread_c_add96be5__atomic_chk32_all 0x00000737   Thumb Code    38  rtx_thread.o(.emb_text)
    __asm___12_rtx_thread_c_add96be5__atomic_chk32_any 0x0000075d   Thumb Code    34  rtx_thread.o(.emb_text)
    __asm___12_rtx_thread_c_add96be5__atomic_inc32 0x0000077f   Thumb Code    18  rtx_thread.o(.emb_text)
    __asm___12_rtx_thread_c_add96be5__atomic_inc32_lt 0x00000791   Thumb Code    30  rtx_thread.o(.emb_text)
    __asm___12_rtx_thread_c_add96be5__atomic_inc16_lt 0x000007af   Thumb Code    30  rtx_thread.o(.emb_text)
    __asm___12_rtx_thread_c_add96be5__atomic_inc16_lim 0x000007cd   Thumb Code    26  rtx_thread.o(.emb_text)
    __asm___12_rtx_thread_c_add96be5__atomic_dec32_nz 0x000007e7   Thumb Code    26  rtx_thread.o(.emb_text)
    __asm___12_rtx_thread_c_add96be5__atomic_dec16_nz 0x00000801   Thumb Code    26  rtx_thread.o(.emb_text)
    __asm___12_rtx_thread_c_add96be5__atomic_link_get 0x0000081b   Thumb Code    26  rtx_thread.o(.emb_text)
    __asm___12_rtx_thread_c_add96be5__atomic_link_put 0x00000835   Thumb Code    28  rtx_thread.o(.emb_text)
    __aeabi_uldivmod                         0x00000851   Thumb Code    98  uldiv.o(.text)
    __aeabi_memcpy                           0x000008b3   Thumb Code    36  memcpya.o(.text)
    __aeabi_memcpy4                          0x000008b3   Thumb Code     0  memcpya.o(.text)
    __aeabi_memcpy8                          0x000008b3   Thumb Code     0  memcpya.o(.text)
    __aeabi_memset                           0x000008d7   Thumb Code    14  memseta.o(.text)
    __aeabi_memset4                          0x000008d7   Thumb Code     0  memseta.o(.text)
    __aeabi_memset8                          0x000008d7   Thumb Code     0  memseta.o(.text)
    __aeabi_memclr                           0x000008e5   Thumb Code     4  memseta.o(.text)
    __aeabi_memclr4                          0x000008e5   Thumb Code     0  memseta.o(.text)
    __aeabi_memclr8                          0x000008e5   Thumb Code     0  memseta.o(.text)
    _memset$wrapper                          0x000008e9   Thumb Code    18  memseta.o(.text)
    __aeabi_fadd                             0x000008fb   Thumb Code   164  fadd.o(.text)
    __aeabi_fsub                             0x0000099f   Thumb Code     6  fadd.o(.text)
    __aeabi_frsub                            0x000009a5   Thumb Code     6  fadd.o(.text)
    __aeabi_fmul                             0x000009ab   Thumb Code   100  fmul.o(.text)
    __aeabi_fdiv                             0x00000a0f   Thumb Code   124  fdiv.o(.text)
    __aeabi_f2uiz                            0x00000a8b   Thumb Code    40  ffixui.o(.text)
    __aeabi_llsl                             0x00000ab3   Thumb Code    30  llshl.o(.text)
    _ll_shift_l                              0x00000ab3   Thumb Code     0  llshl.o(.text)
    __aeabi_llsr                             0x00000ad1   Thumb Code    32  llushr.o(.text)
    _ll_ushift_r                             0x00000ad1   Thumb Code     0  llushr.o(.text)
    _float_round                             0x00000af1   Thumb Code    18  fepilogue.o(.text)
    _float_epilogue                          0x00000b03   Thumb Code    92  fepilogue.o(.text)
    __scatterload                            0x00000b61   Thumb Code    28  init.o(.text)
    __scatterload_rt2                        0x00000b61   Thumb Code     0  init.o(.text)
    __decompress                             0x00000b85   Thumb Code     0  __dczerorl.o(.text)
    __decompress0                            0x00000b85   Thumb Code    58  __dczerorl.o(.text)
    DMA_IRQHandler                           0x00000be1   Thumb Code   372  gpdma_lpc17xx.o(i.DMA_IRQHandler)
    EvrRtxKernelStarted                      0x00000d61   Thumb Code     2  rtx_evr.o(i.EvrRtxKernelStarted)
    EvrRtxMemoryAlloc                        0x00000d63   Thumb Code     2  rtx_evr.o(i.EvrRtxMemoryAlloc)
    EvrRtxMemoryBlockAlloc                   0x00000d65   Thumb Code     2  rtx_evr.o(i.EvrRtxMemoryBlockAlloc)
    EvrRtxMemoryBlockFree                    0x00000d67   Thumb Code     2  rtx_evr.o(i.EvrRtxMemoryBlockFree)
    EvrRtxMemoryBlockInit                    0x00000d69   Thumb Code     2  rtx_evr.o(i.EvrRtxMemoryBlockInit)
    EvrRtxMemoryFree                         0x00000d6b   Thumb Code     2  rtx_evr.o(i.EvrRtxMemoryFree)
    EvrRtxMemoryInit                         0x00000d6d   Thumb Code     2  rtx_evr.o(i.EvrRtxMemoryInit)
    EvrRtxMemoryPoolAllocTimeout             0x00000d6f   Thumb Code     2  rtx_evr.o(i.EvrRtxMemoryPoolAllocTimeout)
    EvrRtxMessageQueueCreated                0x00000d71   Thumb Code     2  rtx_evr.o(i.EvrRtxMessageQueueCreated)
    EvrRtxMessageQueueError                  0x00000d73   Thumb Code     2  rtx_evr.o(i.EvrRtxMessageQueueError)
    EvrRtxMessageQueueGet                    0x00000d75   Thumb Code     2  rtx_evr.o(i.EvrRtxMessageQueueGet)
    EvrRtxMessageQueueGetPending             0x00000d77   Thumb Code     2  rtx_evr.o(i.EvrRtxMessageQueueGetPending)
    EvrRtxMessageQueueGetTimeout             0x00000d79   Thumb Code     2  rtx_evr.o(i.EvrRtxMessageQueueGetTimeout)
    EvrRtxMessageQueueInsertPending          0x00000d7b   Thumb Code     2  rtx_evr.o(i.EvrRtxMessageQueueInsertPending)
    EvrRtxMessageQueueInserted               0x00000d7d   Thumb Code     2  rtx_evr.o(i.EvrRtxMessageQueueInserted)
    EvrRtxMessageQueueNew                    0x00000d7f   Thumb Code     2  rtx_evr.o(i.EvrRtxMessageQueueNew)
    EvrRtxMessageQueueNotInserted            0x00000d81   Thumb Code     2  rtx_evr.o(i.EvrRtxMessageQueueNotInserted)
    EvrRtxMessageQueueNotRetrieved           0x00000d83   Thumb Code     2  rtx_evr.o(i.EvrRtxMessageQueueNotRetrieved)
    EvrRtxMessageQueuePut                    0x00000d85   Thumb Code     2  rtx_evr.o(i.EvrRtxMessageQueuePut)
    EvrRtxMessageQueuePutPending             0x00000d87   Thumb Code     2  rtx_evr.o(i.EvrRtxMessageQueuePutPending)
    EvrRtxMessageQueuePutTimeout             0x00000d89   Thumb Code     2  rtx_evr.o(i.EvrRtxMessageQueuePutTimeout)
    EvrRtxMessageQueueRetrieved              0x00000d8b   Thumb Code     2  rtx_evr.o(i.EvrRtxMessageQueueRetrieved)
    EvrRtxMutexAcquireTimeout                0x00000d8d   Thumb Code     2  rtx_evr.o(i.EvrRtxMutexAcquireTimeout)
    EvrRtxMutexAcquired                      0x00000d8f   Thumb Code     2  rtx_evr.o(i.EvrRtxMutexAcquired)
    EvrRtxMutexReleased                      0x00000d91   Thumb Code     2  rtx_evr.o(i.EvrRtxMutexReleased)
    EvrRtxSemaphoreAcquire                   0x00000d93   Thumb Code     2  rtx_evr.o(i.EvrRtxSemaphoreAcquire)
    EvrRtxSemaphoreAcquirePending            0x00000d95   Thumb Code     2  rtx_evr.o(i.EvrRtxSemaphoreAcquirePending)
    EvrRtxSemaphoreAcquireTimeout            0x00000d97   Thumb Code     2  rtx_evr.o(i.EvrRtxSemaphoreAcquireTimeout)
    EvrRtxSemaphoreAcquired                  0x00000d99   Thumb Code     2  rtx_evr.o(i.EvrRtxSemaphoreAcquired)
    EvrRtxSemaphoreCreated                   0x00000d9b   Thumb Code     2  rtx_evr.o(i.EvrRtxSemaphoreCreated)
    EvrRtxSemaphoreError                     0x00000d9d   Thumb Code     2  rtx_evr.o(i.EvrRtxSemaphoreError)
    EvrRtxSemaphoreNew                       0x00000d9f   Thumb Code     2  rtx_evr.o(i.EvrRtxSemaphoreNew)
    EvrRtxSemaphoreNotAcquired               0x00000da1   Thumb Code     2  rtx_evr.o(i.EvrRtxSemaphoreNotAcquired)
    EvrRtxSemaphoreRelease                   0x00000da3   Thumb Code     2  rtx_evr.o(i.EvrRtxSemaphoreRelease)
    EvrRtxSemaphoreReleased                  0x00000da5   Thumb Code     2  rtx_evr.o(i.EvrRtxSemaphoreReleased)
    EvrRtxThreadBlocked                      0x00000da7   Thumb Code     2  rtx_evr.o(i.EvrRtxThreadBlocked)
    EvrRtxThreadCreated                      0x00000da9   Thumb Code     2  rtx_evr.o(i.EvrRtxThreadCreated)
    EvrRtxThreadDelay                        0x00000dab   Thumb Code     2  rtx_evr.o(i.EvrRtxThreadDelay)
    EvrRtxThreadDelayCompleted               0x00000dad   Thumb Code     2  rtx_evr.o(i.EvrRtxThreadDelayCompleted)
    EvrRtxThreadDestroyed                    0x00000daf   Thumb Code     2  rtx_evr.o(i.EvrRtxThreadDestroyed)
    EvrRtxThreadError                        0x00000db1   Thumb Code     2  rtx_evr.o(i.EvrRtxThreadError)
    EvrRtxThreadExit                         0x00000db3   Thumb Code     2  rtx_evr.o(i.EvrRtxThreadExit)
    EvrRtxThreadFlagsWaitCompleted           0x00000db5   Thumb Code     2  rtx_evr.o(i.EvrRtxThreadFlagsWaitCompleted)
    EvrRtxThreadFlagsWaitTimeout             0x00000db7   Thumb Code     2  rtx_evr.o(i.EvrRtxThreadFlagsWaitTimeout)
    EvrRtxThreadJoined                       0x00000db9   Thumb Code     2  rtx_evr.o(i.EvrRtxThreadJoined)
    EvrRtxThreadNew                          0x00000dbb   Thumb Code     2  rtx_evr.o(i.EvrRtxThreadNew)
    EvrRtxThreadSwitch                       0x00000dbd   Thumb Code     2  rtx_evr.o(i.EvrRtxThreadSwitch)
    EvrRtxThreadUnblocked                    0x00000dbf   Thumb Code     2  rtx_evr.o(i.EvrRtxThreadUnblocked)
    EvrRtxTimerCallback                      0x00000dc1   Thumb Code     2  rtx_evr.o(i.EvrRtxTimerCallback)
    GPDMA_ChannelConfigure                   0x00000dc5   Thumb Code   232  gpdma_lpc17xx.o(i.GPDMA_ChannelConfigure)
    GPDMA_ChannelDisable                     0x00000eb9   Thumb Code    44  gpdma_lpc17xx.o(i.GPDMA_ChannelDisable)
    GPDMA_ChannelGetCount                    0x00000ee9   Thumb Code    38  gpdma_lpc17xx.o(i.GPDMA_ChannelGetCount)
    GPDMA_Initialize                         0x00000f19   Thumb Code   146  gpdma_lpc17xx.o(i.GPDMA_Initialize)
    GPDMA_PeripheralSelect                   0x00000fc1   Thumb Code    62  gpdma_lpc17xx.o(i.GPDMA_PeripheralSelect)
    GPDMA_Uninitialize                       0x00001005   Thumb Code   116  gpdma_lpc17xx.o(i.GPDMA_Uninitialize)
    GPIO_PinWrite                            0x00001085   Thumb Code    36  gpio_lpc17xx.o(i.GPIO_PinWrite)
    GPIO_SetDir                              0x000010ad   Thumb Code    52  gpio_lpc17xx.o(i.GPIO_SetDir)
    I2C1_IRQHandler                          0x000011a1   Thumb Code    10  i2c_lpc17xx.o(i.I2C1_IRQHandler)
    OS_Tick_AcknowledgeIRQ                   0x00001cc7   Thumb Code    10  os_systick.o(i.OS_Tick_AcknowledgeIRQ)
    OS_Tick_Enable                           0x00001cd1   Thumb Code    40  os_systick.o(i.OS_Tick_Enable)
    OS_Tick_GetIRQn                          0x00001d01   Thumb Code     6  os_systick.o(i.OS_Tick_GetIRQn)
    OS_Tick_Setup                            0x00001d09   Thumb Code    96  os_systick.o(i.OS_Tick_Setup)
    PIN_Configure                            0x00001d79   Thumb Code   246  pin_lpc17xx.o(i.PIN_Configure)
    PIN_ConfigureI2C0Pins                    0x00001e75   Thumb Code    28  pin_lpc17xx.o(i.PIN_ConfigureI2C0Pins)
    SystemCoreClockUpdate                    0x00001f05   Thumb Code   408  system_lpc17xx.o(i.SystemCoreClockUpdate)
    SystemInit                               0x000020ad   Thumb Code   302  system_lpc17xx.o(i.SystemInit)
    UART0_IRQHandler                         0x0000229d   Thumb Code    10  uart_lpc17xx.o(i.UART0_IRQHandler)
    UART1_IRQHandler                         0x000022ad   Thumb Code    10  uart_lpc17xx.o(i.UART1_IRQHandler)
    USART0_GPDMA_Rx_Event                    0x000022d5   Thumb Code    14  uart_lpc17xx.o(i.USART0_GPDMA_Rx_Event)
    USART0_GPDMA_Tx_Event                    0x000022e9   Thumb Code    14  uart_lpc17xx.o(i.USART0_GPDMA_Tx_Event)
    USART1_GPDMA_Rx_Event                    0x000023fd   Thumb Code    14  uart_lpc17xx.o(i.USART1_GPDMA_Rx_Event)
    USART1_GPDMA_Tx_Event                    0x00002411   Thumb Code    14  uart_lpc17xx.o(i.USART1_GPDMA_Tx_Event)
    USART_SetBaudrate                        0x000036fd   Thumb Code   302  uart_lpc17xx.o(i.USART_SetBaudrate)
    imuUpdater(void*)                        0x00003a3d   Thumb Code   138  main.o(i._Z10imuUpdaterPv)
    I2C_callback(unsigned)                   0x00003ae9   Thumb Code    52  main.o(i._Z12I2C_callbackj)
    computeEngine(void*)                     0x00003b29   Thumb Code   486  main.o(i._Z13computeEnginePv)
    ledInitialize()                          0x00003d59   Thumb Code    14  main.o(i._Z13ledInitializev)
    i2c1Initialize()                         0x00003d69   Thumb Code    40  main.o(i._Z14i2c1Initializev)
    heartBeatThread(void*)                   0x00003d99   Thumb Code    38  main.o(i._Z15heartBeatThreadPv)
    configI2C()                              0x00003dc1   Thumb Code    80  main.o(i._Z9configI2Cv)
    configPWM()                              0x00003e25   Thumb Code    40  main.o(i._Z9configPWMv)
    __scatterload_copy                       0x00003f4d   Thumb Code    14  handlers.o(i.__scatterload_copy)
    __scatterload_null                       0x00003f5b   Thumb Code     2  handlers.o(i.__scatterload_null)
    __scatterload_zeroinit                   0x00003f5d   Thumb Code    14  handlers.o(i.__scatterload_zeroinit)
    main                                     0x00004105   Thumb Code   234  main.o(i.main)
    osDelay                                  0x00004269   Thumb Code    64  rtx_delay.o(i.osDelay)
    osKernelInitialize                       0x000042ad   Thumb Code    82  rtx_kernel.o(i.osKernelInitialize)
    osKernelStart                            0x00004305   Thumb Code    82  rtx_kernel.o(i.osKernelStart)
    osMessageQueueGet                        0x0000435d   Thumb Code    78  rtx_msgqueue.o(i.osMessageQueueGet)
    osMessageQueueNew                        0x000043b1   Thumb Code   110  rtx_msgqueue.o(i.osMessageQueueNew)
    osMessageQueuePut                        0x00004425   Thumb Code    78  rtx_msgqueue.o(i.osMessageQueuePut)
    osRtxErrorNotify                         0x00004479   Thumb Code    32  rtx_config.o(i.osRtxErrorNotify)
    osRtxIdleThread                          0x00004499   Thumb Code     4  rtx_config.o(i.osRtxIdleThread)
    osRtxMemoryAlloc                         0x000044a9   Thumb Code   162  rtx_memory.o(i.osRtxMemoryAlloc)
    osRtxMemoryFree                          0x0000454b   Thumb Code   102  rtx_memory.o(i.osRtxMemoryFree)
    osRtxMemoryInit                          0x000045b1   Thumb Code    82  rtx_memory.o(i.osRtxMemoryInit)
    osRtxMemoryPoolAlloc                     0x00004603   Thumb Code    58  rtx_mempool.o(i.osRtxMemoryPoolAlloc)
    osRtxMemoryPoolFree                      0x0000463d   Thumb Code    78  rtx_mempool.o(i.osRtxMemoryPoolFree)
    osRtxMemoryPoolInit                      0x0000468b   Thumb Code    80  rtx_mempool.o(i.osRtxMemoryPoolInit)
    osRtxMessageQueuePostProcess             0x000046db   Thumb Code   274  rtx_msgqueue.o(i.osRtxMessageQueuePostProcess)
    osRtxMutexOwnerRelease                   0x000047ed   Thumb Code    84  rtx_mutex.o(i.osRtxMutexOwnerRelease)
    osRtxPendSV_Handler                      0x00004841   Thumb Code    96  rtx_system.o(i.osRtxPendSV_Handler)
    osRtxPostProcess                         0x000048a5   Thumb Code    50  rtx_system.o(i.osRtxPostProcess)
    osRtxSemaphorePostProcess                0x000048e1   Thumb Code    50  rtx_semaphore.o(i.osRtxSemaphorePostProcess)
    osRtxThreadBlock                         0x00004915   Thumb Code    42  rtx_thread.o(i.osRtxThreadBlock)
    osRtxThreadDelayInsert                   0x00004945   Thumb Code   100  rtx_thread.o(i.osRtxThreadDelayInsert)
    osRtxThreadDelayRemove                   0x000049ad   Thumb Code   116  rtx_thread.o(i.osRtxThreadDelayRemove)
    osRtxThreadDelayTick                     0x00004a25   Thumb Code   216  rtx_thread.o(i.osRtxThreadDelayTick)
    osRtxThreadDispatch                      0x00004b01   Thumb Code   102  rtx_thread.o(i.osRtxThreadDispatch)
    osRtxThreadListGet                       0x00004bd9   Thumb Code    24  rtx_thread.o(i.osRtxThreadListGet)
    osRtxThreadListPut                       0x00004bf1   Thumb Code    46  rtx_thread.o(i.osRtxThreadListPut)
    osRtxThreadListRemove                    0x00004c1f   Thumb Code    26  rtx_thread.o(i.osRtxThreadListRemove)
    osRtxThreadListRoot                      0x00004c39   Thumb Code    14  rtx_thread.o(i.osRtxThreadListRoot)
    osRtxThreadPostProcess                   0x00004c47   Thumb Code    64  rtx_thread.o(i.osRtxThreadPostProcess)
    osRtxThreadReadyPut                      0x00004c89   Thumb Code    18  rtx_thread.o(i.osRtxThreadReadyPut)
    osRtxThreadRegPtr                        0x00004ca1   Thumb Code     8  rtx_thread.o(i.osRtxThreadRegPtr)
    osRtxThreadStackCheck                    0x00004cb5   Thumb Code    38  rtx_thread.o(i.osRtxThreadStackCheck)
    osRtxThreadSwitch                        0x00004ce1   Thumb Code    24  rtx_thread.o(i.osRtxThreadSwitch)
    osRtxThreadWaitEnter                     0x00004cfd   Thumb Code    84  rtx_thread.o(i.osRtxThreadWaitEnter)
    osRtxThreadWaitExit                      0x00004d55   Thumb Code    54  rtx_thread.o(i.osRtxThreadWaitExit)
    osRtxTick_Handler                        0x00004d8d   Thumb Code   146  rtx_system.o(i.osRtxTick_Handler)
    osRtxTimerThread                         0x00004e25   Thumb Code    74  rtx_timer.o(i.osRtxTimerThread)
    osRtxTimerTick                           0x00004e7d   Thumb Code    88  rtx_timer.o(i.osRtxTimerTick)
    osSemaphoreAcquire                       0x00004ed9   Thumb Code   138  rtx_semaphore.o(i.osSemaphoreAcquire)
    osSemaphoreNew                           0x00004f69   Thumb Code   110  rtx_semaphore.o(i.osSemaphoreNew)
    osSemaphoreRelease                       0x00004fdd   Thumb Code   132  rtx_semaphore.o(i.osSemaphoreRelease)
    osThreadExit                             0x00005065   Thumb Code    28  rtx_thread.o(i.osThreadExit)
    osThreadNew                              0x00005085   Thumb Code   110  rtx_thread.o(i.osThreadNew)
    svcRtxDelay                              0x000050f9   Thumb Code    22  rtx_delay.o(i.svcRtxDelay)
    svcRtxKernelInitialize                   0x00005111   Thumb Code   660  rtx_kernel.o(i.svcRtxKernelInitialize)
    svcRtxKernelStart                        0x000053b1   Thumb Code   228  rtx_kernel.o(i.svcRtxKernelStart)
    svcRtxMessageQueueGet                    0x000054a9   Thumb Code   300  rtx_msgqueue.o(i.svcRtxMessageQueueGet)
    svcRtxMessageQueueNew                    0x000055d9   Thumb Code   408  rtx_msgqueue.o(i.svcRtxMessageQueueNew)
    svcRtxMessageQueuePut                    0x00005779   Thumb Code   276  rtx_msgqueue.o(i.svcRtxMessageQueuePut)
    svcRtxSemaphoreAcquire                   0x00005891   Thumb Code   126  rtx_semaphore.o(i.svcRtxSemaphoreAcquire)
    svcRtxSemaphoreNew                       0x00005915   Thumb Code   204  rtx_semaphore.o(i.svcRtxSemaphoreNew)
    svcRtxSemaphoreRelease                   0x000059e9   Thumb Code   120  rtx_semaphore.o(i.svcRtxSemaphoreRelease)
    svcRtxThreadExit                         0x00005a61   Thumb Code   142  rtx_thread.o(i.svcRtxThreadExit)
    svcRtxThreadNew                          0x00005af5   Thumb Code   598  rtx_thread.o(i.svcRtxThreadNew)
    osRtxUserSVC                             0x00005dc4   Data           4  rtx_lib.o(.constdata)
    Driver_I2C1                              0x00005dfc   Data          48  i2c_lpc17xx.o(.constdata)
    Driver_USART0                            0x00006038   Data          56  uart_lpc17xx.o(.constdata)
    Driver_USART1                            0x00006070   Data          56  uart_lpc17xx.o(.constdata)
    osRtxConfig                              0x000060b4   Data         104  rtx_lib.o(.rodata)
    Region$$Table$$Base                      0x0000611c   Number         0  anon$$obj.o(Region$$Table)
    Region$$Table$$Limit                     0x0000613c   Number         0  anon$$obj.o(Region$$Table)
    Driver_USART1_STATUS                     0x10001600   Data           4  main.o(.data)
    semaphoreTransmitId                      0x10001604   Data           4  main.o(.data)
    semaphoreReceiveId                       0x10001608   Data           4  main.o(.data)
    semaphoreDataReadyId                     0x1000160c   Data           4  main.o(.data)
    eulerAngle                               0x10001610   Data           6  main.o(.data)
    eulerAngleX                              0x10001616   Data           2  main.o(.data)
    eulerAngleY                              0x10001618   Data           2  main.o(.data)
    eulerAngleZ                              0x1000161a   Data           2  main.o(.data)
    timeDiff                                 0x1000161c   Data           4  main.o(.data)
    errorPitch                               0x10001620   Data           4  main.o(.data)
    errorRoll                                0x10001624   Data           4  main.o(.data)
    errorPitchD                              0x10001628   Data           4  main.o(.data)
    errorRollD                               0x1000162c   Data           4  main.o(.data)
    errorPitchI                              0x10001630   Data           4  main.o(.data)
    errorRollI                               0x10001634   Data           4  main.o(.data)
    errorPitchPrev                           0x10001638   Data           4  main.o(.data)
    errorRollPrev                            0x1000163c   Data           4  main.o(.data)
    pidPitch                                 0x10001640   Data           4  main.o(.data)
    pidRoll                                  0x10001644   Data           4  main.o(.data)
    throttle                                 0x10001648   Data           4  main.o(.data)
    I2C1_PIN                                 0x1000164d   Data           4  i2c_lpc17xx.o(.data)
    SystemCoreClock                          0x10001664   Data           4  system_lpc17xx.o(.data)
    osRtxInfo                                0x10001668   Data         164  rtx_kernel.o(.data.os)
    Driver_USART1_INFO                       0x1000170c   Data          32  main.o(.bss)
    semaphoreTransmitAttr                    0x1000172c   Data          16  main.o(.bss)
    semaphoreReceiveAttr                     0x1000173c   Data          16  main.o(.bss)
    semaphoreDataReadyAttr                   0x1000174c   Data          16  main.o(.bss)
    __initial_sp                             0x10001b88   Data           0  startup_lpc17xx.o(STACK)



==============================================================================

Memory Map of the image

  Image Entry point : 0x000000cd

  Load Region LR_IROM1 (Base: 0x00000000, Size: 0x00007848, Max: 0x00080000, ABSOLUTE, COMPRESSED[0x00006184])

    Execution Region ER_IROM1 (Base: 0x00000000, Size: 0x0000613c, Max: 0x00080000, ABSOLUTE)

    Base Addr    Size         Type   Attr      Idx    E Section Name        Object

    0x00000000   0x000000cc   Data   RO         3890    RESET               startup_lpc17xx.o
    0x000000cc   0x00000000   Code   RO         3934  * .ARM.Collect$$$$00000000  mc_w.l(entry.o)
    0x000000cc   0x00000004   Code   RO         4216    .ARM.Collect$$$$00000001  mc_w.l(entry2.o)
    0x000000d0   0x00000004   Code   RO         4219    .ARM.Collect$$$$00000004  mc_w.l(entry5.o)
    0x000000d4   0x00000000   Code   RO         4221    .ARM.Collect$$$$00000008  mc_w.l(entry7b.o)
    0x000000d4   0x00000000   Code   RO         4223    .ARM.Collect$$$$0000000A  mc_w.l(entry8b.o)
    0x000000d4   0x00000008   Code   RO         4224    .ARM.Collect$$$$0000000B  mc_w.l(entry9a.o)
    0x000000dc   0x00000000   Code   RO         4226    .ARM.Collect$$$$0000000D  mc_w.l(entry10a.o)
    0x000000dc   0x00000000   Code   RO         4228    .ARM.Collect$$$$0000000F  mc_w.l(entry11a.o)
    0x000000dc   0x00000004   Code   RO         4217    .ARM.Collect$$$$00002712  mc_w.l(entry2.o)
    0x000000e0   0x00000154   Code   RO         1867    .emb_text           rtx_mempool.o
    0x00000234   0x00000088   Code   RO          275    .text               irq_cm3.o
    0x000002bc   0x00000024   Code   RO         3892    .text               startup_lpc17xx.o
    0x000002e0   0x00000012   Code   RO         4212    .text               mf_w.l(fflti.o)
    0x000002f2   0x00000000   Code   RO         4239    .text               mc_w.l(iusefp.o)
    0x000002f2   0x00000002   Code   RO          560    i.EvrRtxEventFlagsWaitTimeout  rtx_evr.o
    0x000002f4   0x00000002   Code   RO          561    i.EvrRtxKernelError  rtx_evr.o
    0x000002f6   0x00000002   Code   RO          569    i.EvrRtxKernelInitialize  rtx_evr.o
    0x000002f8   0x00000002   Code   RO          570    i.EvrRtxKernelInitializeCompleted  rtx_evr.o
    0x000002fa   0x00000002   Code   RO          577    i.EvrRtxKernelStart  rtx_evr.o
    0x000002fc   0x00000004   Code   RO         3891    .ARM.__at_0x02FC    startup_lpc17xx.o
    0x00000300   0x00000154   Code   RO         2041    .emb_text           rtx_msgqueue.o
    0x00000454   0x00000154   Code   RO         2347    .emb_text           rtx_semaphore.o
    0x000005a8   0x00000154   Code   RO         2472    .emb_text           rtx_system.o
    0x000006fc   0x00000154   Code   RO         2528    .emb_text           rtx_thread.o
    0x00000850   0x00000062   Code   RO         3937    .text               mc_w.l(uldiv.o)
    0x000008b2   0x00000024   Code   RO         3939    .text               mc_w.l(memcpya.o)
    0x000008d6   0x00000024   Code   RO         3941    .text               mc_w.l(memseta.o)
    0x000008fa   0x000000b0   Code   RO         4206    .text               mf_w.l(fadd.o)
    0x000009aa   0x00000064   Code   RO         4208    .text               mf_w.l(fmul.o)
    0x00000a0e   0x0000007c   Code   RO         4210    .text               mf_w.l(fdiv.o)
    0x00000a8a   0x00000028   Code   RO         4214    .text               mf_w.l(ffixui.o)
    0x00000ab2   0x0000001e   Code   RO         4235    .text               mc_w.l(llshl.o)
    0x00000ad0   0x00000020   Code   RO         4237    .text               mc_w.l(llushr.o)
    0x00000af0   0x0000006e   Code   RO         4240    .text               mf_w.l(fepilogue.o)
    0x00000b5e   0x00000002   PAD
    0x00000b60   0x00000024   Code   RO         4252    .text               mc_w.l(init.o)
    0x00000b84   0x0000003a   Code   RO         4268    .text               mc_w.l(__dczerorl.o)
    0x00000bbe   0x00000002   PAD
    0x00000bc0   0x00000020   Code   RO         3708    i.Clear_Channel_active_flag  gpdma_lpc17xx.o
    0x00000be0   0x00000180   Code   RO         3709    i.DMA_IRQHandler    gpdma_lpc17xx.o
    0x00000d60   0x00000002   Code   RO          578    i.EvrRtxKernelStarted  rtx_evr.o
    0x00000d62   0x00000002   Code   RO          583    i.EvrRtxMemoryAlloc  rtx_evr.o
    0x00000d64   0x00000002   Code   RO          584    i.EvrRtxMemoryBlockAlloc  rtx_evr.o
    0x00000d66   0x00000002   Code   RO          585    i.EvrRtxMemoryBlockFree  rtx_evr.o
    0x00000d68   0x00000002   Code   RO          586    i.EvrRtxMemoryBlockInit  rtx_evr.o
    0x00000d6a   0x00000002   Code   RO          587    i.EvrRtxMemoryFree  rtx_evr.o
    0x00000d6c   0x00000002   Code   RO          588    i.EvrRtxMemoryInit  rtx_evr.o
    0x00000d6e   0x00000002   Code   RO          592    i.EvrRtxMemoryPoolAllocTimeout  rtx_evr.o
    0x00000d70   0x00000002   Code   RO          607    i.EvrRtxMessageQueueCreated  rtx_evr.o
    0x00000d72   0x00000002   Code   RO          610    i.EvrRtxMessageQueueError  rtx_evr.o
    0x00000d74   0x00000002   Code   RO          611    i.EvrRtxMessageQueueGet  rtx_evr.o
    0x00000d76   0x00000002   Code   RO          616    i.EvrRtxMessageQueueGetPending  rtx_evr.o
    0x00000d78   0x00000002   Code   RO          618    i.EvrRtxMessageQueueGetTimeout  rtx_evr.o
    0x00000d7a   0x00000002   Code   RO          619    i.EvrRtxMessageQueueInsertPending  rtx_evr.o
    0x00000d7c   0x00000002   Code   RO          620    i.EvrRtxMessageQueueInserted  rtx_evr.o
    0x00000d7e   0x00000002   Code   RO          621    i.EvrRtxMessageQueueNew  rtx_evr.o
    0x00000d80   0x00000002   Code   RO          622    i.EvrRtxMessageQueueNotInserted  rtx_evr.o
    0x00000d82   0x00000002   Code   RO          623    i.EvrRtxMessageQueueNotRetrieved  rtx_evr.o
    0x00000d84   0x00000002   Code   RO          624    i.EvrRtxMessageQueuePut  rtx_evr.o
    0x00000d86   0x00000002   Code   RO          625    i.EvrRtxMessageQueuePutPending  rtx_evr.o
    0x00000d88   0x00000002   Code   RO          626    i.EvrRtxMessageQueuePutTimeout  rtx_evr.o
    0x00000d8a   0x00000002   Code   RO          629    i.EvrRtxMessageQueueRetrieved  rtx_evr.o
    0x00000d8c   0x00000002   Code   RO          632    i.EvrRtxMutexAcquireTimeout  rtx_evr.o
    0x00000d8e   0x00000002   Code   RO          633    i.EvrRtxMutexAcquired  rtx_evr.o
    0x00000d90   0x00000002   Code   RO          643    i.EvrRtxMutexReleased  rtx_evr.o
    0x00000d92   0x00000002   Code   RO          644    i.EvrRtxSemaphoreAcquire  rtx_evr.o
    0x00000d94   0x00000002   Code   RO          645    i.EvrRtxSemaphoreAcquirePending  rtx_evr.o
    0x00000d96   0x00000002   Code   RO          646    i.EvrRtxSemaphoreAcquireTimeout  rtx_evr.o
    0x00000d98   0x00000002   Code   RO          647    i.EvrRtxSemaphoreAcquired  rtx_evr.o
    0x00000d9a   0x00000002   Code   RO          648    i.EvrRtxSemaphoreCreated  rtx_evr.o
    0x00000d9c   0x00000002   Code   RO          651    i.EvrRtxSemaphoreError  rtx_evr.o
    0x00000d9e   0x00000002   Code   RO          654    i.EvrRtxSemaphoreNew  rtx_evr.o
    0x00000da0   0x00000002   Code   RO          655    i.EvrRtxSemaphoreNotAcquired  rtx_evr.o
    0x00000da2   0x00000002   Code   RO          656    i.EvrRtxSemaphoreRelease  rtx_evr.o
    0x00000da4   0x00000002   Code   RO          657    i.EvrRtxSemaphoreReleased  rtx_evr.o
    0x00000da6   0x00000002   Code   RO          658    i.EvrRtxThreadBlocked  rtx_evr.o
    0x00000da8   0x00000002   Code   RO          659    i.EvrRtxThreadCreated  rtx_evr.o
    0x00000daa   0x00000002   Code   RO          660    i.EvrRtxThreadDelay  rtx_evr.o
    0x00000dac   0x00000002   Code   RO          661    i.EvrRtxThreadDelayCompleted  rtx_evr.o
    0x00000dae   0x00000002   Code   RO          663    i.EvrRtxThreadDestroyed  rtx_evr.o
    0x00000db0   0x00000002   Code   RO          667    i.EvrRtxThreadError  rtx_evr.o
    0x00000db2   0x00000002   Code   RO          668    i.EvrRtxThreadExit  rtx_evr.o
    0x00000db4   0x00000002   Code   RO          675    i.EvrRtxThreadFlagsWaitCompleted  rtx_evr.o
    0x00000db6   0x00000002   Code   RO          678    i.EvrRtxThreadFlagsWaitTimeout  rtx_evr.o
    0x00000db8   0x00000002   Code   RO          688    i.EvrRtxThreadJoined  rtx_evr.o
    0x00000dba   0x00000002   Code   RO          689    i.EvrRtxThreadNew   rtx_evr.o
    0x00000dbc   0x00000002   Code   RO          695    i.EvrRtxThreadSwitch  rtx_evr.o
    0x00000dbe   0x00000002   Code   RO          697    i.EvrRtxThreadUnblocked  rtx_evr.o
    0x00000dc0   0x00000002   Code   RO          699    i.EvrRtxTimerCallback  rtx_evr.o
    0x00000dc2   0x00000002   PAD
    0x00000dc4   0x000000f4   Code   RO         3710    i.GPDMA_ChannelConfigure  gpdma_lpc17xx.o
    0x00000eb8   0x00000030   Code   RO         3711    i.GPDMA_ChannelDisable  gpdma_lpc17xx.o
    0x00000ee8   0x00000030   Code   RO         3713    i.GPDMA_ChannelGetCount  gpdma_lpc17xx.o
    0x00000f18   0x000000a8   Code   RO         3715    i.GPDMA_Initialize  gpdma_lpc17xx.o
    0x00000fc0   0x00000044   Code   RO         3716    i.GPDMA_PeripheralSelect  gpdma_lpc17xx.o
    0x00001004   0x00000080   Code   RO         3717    i.GPDMA_Uninitialize  gpdma_lpc17xx.o
    0x00001084   0x00000028   Code   RO         3799    i.GPIO_PinWrite     gpio_lpc17xx.o
    0x000010ac   0x00000038   Code   RO         3803    i.GPIO_SetDir       gpio_lpc17xx.o
    0x000010e4   0x00000040   Code   RO         3207    i.GetI2CClockFreq   i2c_lpc17xx.o
    0x00001124   0x00000044   Code   RO         3400    i.GetUsartClockFreq  uart_lpc17xx.o
    0x00001168   0x00000018   Code   RO         3208    i.I2C1_Control      i2c_lpc17xx.o
    0x00001180   0x00000010   Code   RO         3209    i.I2C1_GetDataCount  i2c_lpc17xx.o
    0x00001190   0x00000010   Code   RO         3210    i.I2C1_GetStatus    i2c_lpc17xx.o
    0x000011a0   0x00000010   Code   RO         3211    i.I2C1_IRQHandler   i2c_lpc17xx.o
    0x000011b0   0x00000014   Code   RO         3212    i.I2C1_Initialize   i2c_lpc17xx.o
    0x000011c4   0x00000020   Code   RO         3213    i.I2C1_MasterReceive  i2c_lpc17xx.o
    0x000011e4   0x00000020   Code   RO         3214    i.I2C1_MasterTransmit  i2c_lpc17xx.o
    0x00001204   0x00000014   Code   RO         3215    i.I2C1_PowerControl  i2c_lpc17xx.o
    0x00001218   0x00000018   Code   RO         3216    i.I2C1_SlaveReceive  i2c_lpc17xx.o
    0x00001230   0x00000018   Code   RO         3217    i.I2C1_SlaveTransmit  i2c_lpc17xx.o
    0x00001248   0x00000010   Code   RO         3218    i.I2C1_Uninitialize  i2c_lpc17xx.o
    0x00001258   0x0000000c   Code   RO         3219    i.I2C_GetCapabilities  i2c_lpc17xx.o
    0x00001264   0x00000010   Code   RO         3220    i.I2C_GetVersion    i2c_lpc17xx.o
    0x00001274   0x0000018c   Code   RO         3221    i.I2Cx_Control      i2c_lpc17xx.o
    0x00001400   0x00000008   Code   RO         3222    i.I2Cx_GetDataCount  i2c_lpc17xx.o
    0x00001408   0x00000008   Code   RO         3223    i.I2Cx_GetStatus    i2c_lpc17xx.o
    0x00001410   0x00000030   Code   RO         3224    i.I2Cx_IRQHandler   i2c_lpc17xx.o
    0x00001440   0x0000004e   Code   RO         3225    i.I2Cx_Initialize   i2c_lpc17xx.o
    0x0000148e   0x000001ce   Code   RO         3226    i.I2Cx_MasterHandler  i2c_lpc17xx.o
    0x0000165c   0x000000ce   Code   RO         3227    i.I2Cx_MasterReceive  i2c_lpc17xx.o
    0x0000172a   0x000000cc   Code   RO         3228    i.I2Cx_MasterTransmit  i2c_lpc17xx.o
    0x000017f6   0x00000140   Code   RO         3229    i.I2Cx_PowerControl  i2c_lpc17xx.o
    0x00001936   0x000001d4   Code   RO         3230    i.I2Cx_SlaveHandler  i2c_lpc17xx.o
    0x00001b0a   0x00000074   Code   RO         3231    i.I2Cx_SlaveReceive  i2c_lpc17xx.o
    0x00001b7e   0x00000074   Code   RO         3232    i.I2Cx_SlaveTransmit  i2c_lpc17xx.o
    0x00001bf2   0x00000030   Code   RO         3233    i.I2Cx_Uninitialize  i2c_lpc17xx.o
    0x00001c22   0x00000036   Code   RO         2042    i.MessageQueueGet   rtx_msgqueue.o
    0x00001c58   0x0000004c   Code   RO         2043    i.MessageQueuePut   rtx_msgqueue.o
    0x00001ca4   0x00000022   Code   RO         2044    i.MessageQueueRemove  rtx_msgqueue.o
    0x00001cc6   0x0000000a   Code   RO         3099    i.OS_Tick_AcknowledgeIRQ  os_systick.o
    0x00001cd0   0x00000030   Code   RO         3101    i.OS_Tick_Enable    os_systick.o
    0x00001d00   0x00000006   Code   RO         3104    i.OS_Tick_GetIRQn   os_systick.o
    0x00001d06   0x00000002   PAD
    0x00001d08   0x00000070   Code   RO         3107    i.OS_Tick_Setup     os_systick.o
    0x00001d78   0x000000fc   Code   RO         3855    i.PIN_Configure     pin_lpc17xx.o
    0x00001e74   0x00000020   Code   RO         3856    i.PIN_ConfigureI2C0Pins  pin_lpc17xx.o
    0x00001e94   0x00000018   Code   RO         2348    i.SemaphoreTokenDecrement  rtx_semaphore.o
    0x00001eac   0x0000001e   Code   RO         2349    i.SemaphoreTokenIncrement  rtx_semaphore.o
    0x00001eca   0x00000002   PAD
    0x00001ecc   0x00000038   Code   RO         3718    i.Set_Channel_active_flag  gpdma_lpc17xx.o
    0x00001f04   0x000001a8   Code   RO         3901    i.SystemCoreClockUpdate  system_lpc17xx.o
    0x000020ac   0x00000140   Code   RO         3902    i.SystemInit        system_lpc17xx.o
    0x000021ec   0x00000056   Code   RO         2529    i.ThreadFlagsCheck  rtx_thread.o
    0x00002242   0x00000002   PAD
    0x00002244   0x00000040   Code   RO         2964    i.TimerInsert       rtx_timer.o
    0x00002284   0x00000018   Code   RO         2966    i.TimerUnlink       rtx_timer.o
    0x0000229c   0x00000010   Code   RO         3401    i.UART0_IRQHandler  uart_lpc17xx.o
    0x000022ac   0x00000010   Code   RO         3402    i.UART1_IRQHandler  uart_lpc17xx.o
    0x000022bc   0x00000018   Code   RO         3403    i.USART0_Control    uart_lpc17xx.o
    0x000022d4   0x00000014   Code   RO         3404    i.USART0_GPDMA_Rx_Event  uart_lpc17xx.o
    0x000022e8   0x00000014   Code   RO         3405    i.USART0_GPDMA_Tx_Event  uart_lpc17xx.o
    0x000022fc   0x00000010   Code   RO         3406    i.USART0_GetCapabilities  uart_lpc17xx.o
    0x0000230c   0x00000010   Code   RO         3407    i.USART0_GetModemStatus  uart_lpc17xx.o
    0x0000231c   0x00000010   Code   RO         3408    i.USART0_GetRxCount  uart_lpc17xx.o
    0x0000232c   0x00000010   Code   RO         3409    i.USART0_GetStatus  uart_lpc17xx.o
    0x0000233c   0x00000010   Code   RO         3410    i.USART0_GetTxCount  uart_lpc17xx.o
    0x0000234c   0x00000014   Code   RO         3411    i.USART0_Initialize  uart_lpc17xx.o
    0x00002360   0x00000014   Code   RO         3412    i.USART0_PowerControl  uart_lpc17xx.o
    0x00002374   0x00000018   Code   RO         3413    i.USART0_Receive    uart_lpc17xx.o
    0x0000238c   0x00000018   Code   RO         3414    i.USART0_Send       uart_lpc17xx.o
    0x000023a4   0x00000014   Code   RO         3415    i.USART0_SetModemControl  uart_lpc17xx.o
    0x000023b8   0x0000001c   Code   RO         3416    i.USART0_Transfer   uart_lpc17xx.o
    0x000023d4   0x00000010   Code   RO         3417    i.USART0_Uninitialize  uart_lpc17xx.o
    0x000023e4   0x00000018   Code   RO         3418    i.USART1_Control    uart_lpc17xx.o
    0x000023fc   0x00000014   Code   RO         3419    i.USART1_GPDMA_Rx_Event  uart_lpc17xx.o
    0x00002410   0x00000014   Code   RO         3420    i.USART1_GPDMA_Tx_Event  uart_lpc17xx.o
    0x00002424   0x00000010   Code   RO         3421    i.USART1_GetCapabilities  uart_lpc17xx.o
    0x00002434   0x00000010   Code   RO         3422    i.USART1_GetModemStatus  uart_lpc17xx.o
    0x00002444   0x00000010   Code   RO         3423    i.USART1_GetRxCount  uart_lpc17xx.o
    0x00002454   0x00000010   Code   RO         3424    i.USART1_GetStatus  uart_lpc17xx.o
    0x00002464   0x00000010   Code   RO         3425    i.USART1_GetTxCount  uart_lpc17xx.o
    0x00002474   0x00000014   Code   RO         3426    i.USART1_Initialize  uart_lpc17xx.o
    0x00002488   0x00000014   Code   RO         3427    i.USART1_PowerControl  uart_lpc17xx.o
    0x0000249c   0x00000018   Code   RO         3428    i.USART1_Receive    uart_lpc17xx.o
    0x000024b4   0x00000018   Code   RO         3429    i.USART1_Send       uart_lpc17xx.o
    0x000024cc   0x00000014   Code   RO         3430    i.USART1_SetModemControl  uart_lpc17xx.o
    0x000024e0   0x0000001c   Code   RO         3431    i.USART1_Transfer   uart_lpc17xx.o
    0x000024fc   0x00000010   Code   RO         3432    i.USART1_Uninitialize  uart_lpc17xx.o
    0x0000250c   0x00000670   Code   RO         3433    i.USART_Control     uart_lpc17xx.o
    0x00002b7c   0x00000086   Code   RO         3434    i.USART_GPDMA_Rx_Event  uart_lpc17xx.o
    0x00002c02   0x0000004a   Code   RO         3435    i.USART_GPDMA_Tx_Event  uart_lpc17xx.o
    0x00002c4c   0x00000006   Code   RO         3436    i.USART_GetCapabilities  uart_lpc17xx.o
    0x00002c52   0x000000ec   Code   RO         3437    i.USART_GetModemStatus  uart_lpc17xx.o
    0x00002d3e   0x0000001c   Code   RO         3438    i.USART_GetRxCount  uart_lpc17xx.o
    0x00002d5a   0x000000bc   Code   RO         3439    i.USART_GetStatus   uart_lpc17xx.o
    0x00002e16   0x0000001c   Code   RO         3440    i.USART_GetTxCount  uart_lpc17xx.o
    0x00002e32   0x0000026c   Code   RO         3441    i.USART_IRQHandler  uart_lpc17xx.o
    0x0000309e   0x000000fe   Code   RO         3442    i.USART_Initialize  uart_lpc17xx.o
    0x0000319c   0x0000024c   Code   RO         3443    i.USART_PowerControl  uart_lpc17xx.o
    0x000033e8   0x00000110   Code   RO         3444    i.USART_Receive     uart_lpc17xx.o
    0x000034f8   0x00000068   Code   RO         3445    i.USART_RxLineIntHandler  uart_lpc17xx.o
    0x00003560   0x0000019c   Code   RO         3446    i.USART_Send        uart_lpc17xx.o
    0x000036fc   0x00000134   Code   RO         3447    i.USART_SetBaudrate  uart_lpc17xx.o
    0x00003830   0x000000a0   Code   RO         3448    i.USART_SetModemControl  uart_lpc17xx.o
    0x000038d0   0x0000007a   Code   RO         3449    i.USART_Transfer    uart_lpc17xx.o
    0x0000394a   0x000000e2   Code   RO         3450    i.USART_Uninitialize  uart_lpc17xx.o
    0x00003a2c   0x00000010   Code   RO         3451    i.USARTx_GetVersion  uart_lpc17xx.o
    0x00003a3c   0x000000ac   Code   RO            4    i._Z10imuUpdaterPv  main.o
    0x00003ae8   0x00000040   Code   RO            5    i._Z12I2C_callbackj  main.o
    0x00003b28   0x00000230   Code   RO            6    i._Z13computeEnginePv  main.o
    0x00003d58   0x0000000e   Code   RO            7    i._Z13ledInitializev  main.o
    0x00003d66   0x00000002   PAD
    0x00003d68   0x00000030   Code   RO            9    i._Z14i2c1Initializev  main.o
    0x00003d98   0x00000026   Code   RO           10    i._Z15heartBeatThreadPv  main.o
    0x00003dbe   0x00000002   PAD
    0x00003dc0   0x00000064   Code   RO           16    i._Z9configI2Cv     main.o
    0x00003e24   0x00000030   Code   RO           17    i._Z9configPWMv     main.o
    0x00003e54   0x0000001c   Code   RO         3234    i.__NVIC_ClearPendingIRQ  i2c_lpc17xx.o
    0x00003e70   0x0000001c   Code   RO         3452    i.__NVIC_ClearPendingIRQ  uart_lpc17xx.o
    0x00003e8c   0x0000001c   Code   RO         3719    i.__NVIC_ClearPendingIRQ  gpdma_lpc17xx.o
    0x00003ea8   0x0000003c   Code   RO         3235    i.__NVIC_DisableIRQ  i2c_lpc17xx.o
    0x00003ee4   0x0000001a   Code   RO         3236    i.__NVIC_EnableIRQ  i2c_lpc17xx.o
    0x00003efe   0x00000006   Code   RO         1565    i.__get_BASEPRI     rtx_kernel.o
    0x00003f04   0x00000006   Code   RO         2045    i.__get_BASEPRI     rtx_msgqueue.o
    0x00003f0a   0x00000006   Code   RO         2350    i.__get_BASEPRI     rtx_semaphore.o
    0x00003f10   0x00000006   Code   RO         2532    i.__get_BASEPRI     rtx_thread.o
    0x00003f16   0x00000006   Code   RO         1566    i.__get_CONTROL     rtx_kernel.o
    0x00003f1c   0x00000006   Code   RO         1567    i.__get_IPSR        rtx_kernel.o
    0x00003f22   0x00000006   Code   RO         2046    i.__get_IPSR        rtx_msgqueue.o
    0x00003f28   0x00000006   Code   RO         2351    i.__get_IPSR        rtx_semaphore.o
    0x00003f2e   0x00000006   Code   RO         2533    i.__get_IPSR        rtx_thread.o
    0x00003f34   0x00000006   Code   RO         1568    i.__get_PRIMASK     rtx_kernel.o
    0x00003f3a   0x00000006   Code   RO         2047    i.__get_PRIMASK     rtx_msgqueue.o
    0x00003f40   0x00000006   Code   RO         2352    i.__get_PRIMASK     rtx_semaphore.o
    0x00003f46   0x00000006   Code   RO         2534    i.__get_PRIMASK     rtx_thread.o
    0x00003f4c   0x0000000e   Code   RO         4262    i.__scatterload_copy  mc_w.l(handlers.o)
    0x00003f5a   0x00000002   Code   RO         4263    i.__scatterload_null  mc_w.l(handlers.o)
    0x00003f5c   0x0000000e   Code   RO         4264    i.__scatterload_zeroinit  mc_w.l(handlers.o)
    0x00003f6a   0x00000090   Code   RO         2048    i.isrRtxMessageQueueGet  rtx_msgqueue.o
    0x00003ffa   0x0000009e   Code   RO         2049    i.isrRtxMessageQueuePut  rtx_msgqueue.o
    0x00004098   0x00000030   Code   RO         2473    i.isr_queue_get     rtx_system.o
    0x000040c8   0x0000003c   Code   RO         2474    i.isr_queue_put     rtx_system.o
    0x00004104   0x00000164   Code   RO           18    i.main              main.o
    0x00004268   0x00000044   Code   RO          283    i.osDelay           rtx_delay.o
    0x000042ac   0x00000058   Code   RO         1575    i.osKernelInitialize  rtx_kernel.o
    0x00004304   0x00000058   Code   RO         1579    i.osKernelStart     rtx_kernel.o
    0x0000435c   0x00000054   Code   RO         2051    i.osMessageQueueGet  rtx_msgqueue.o
    0x000043b0   0x00000074   Code   RO         2057    i.osMessageQueueNew  rtx_msgqueue.o
    0x00004424   0x00000054   Code   RO         2058    i.osMessageQueuePut  rtx_msgqueue.o
    0x00004478   0x00000020   Code   RO         3177    i.osRtxErrorNotify  rtx_config.o
    0x00004498   0x00000004   Code   RO         3178    i.osRtxIdleThread   rtx_config.o
    0x0000449c   0x0000000c   Code   RO         2535    i.osRtxKernelGetState  rtx_thread.o
    0x000044a8   0x000000a2   Code   RO         1828    i.osRtxMemoryAlloc  rtx_memory.o
    0x0000454a   0x00000066   Code   RO         1829    i.osRtxMemoryFree   rtx_memory.o
    0x000045b0   0x00000052   Code   RO         1830    i.osRtxMemoryInit   rtx_memory.o
    0x00004602   0x0000003a   Code   RO         1881    i.osRtxMemoryPoolAlloc  rtx_mempool.o
    0x0000463c   0x0000004e   Code   RO         1882    i.osRtxMemoryPoolFree  rtx_mempool.o
    0x0000468a   0x00000050   Code   RO         1883    i.osRtxMemoryPoolInit  rtx_mempool.o
    0x000046da   0x00000112   Code   RO         2060    i.osRtxMessageQueuePostProcess  rtx_msgqueue.o
    0x000047ec   0x00000054   Code   RO         2242    i.osRtxMutexOwnerRelease  rtx_mutex.o
    0x00004840   0x00000064   Code   RO         2475    i.osRtxPendSV_Handler  rtx_system.o
    0x000048a4   0x0000003c   Code   RO         2476    i.osRtxPostProcess  rtx_system.o
    0x000048e0   0x00000032   Code   RO         2353    i.osRtxSemaphorePostProcess  rtx_semaphore.o
    0x00004912   0x00000002   PAD
    0x00004914   0x00000030   Code   RO         2536    i.osRtxThreadBlock  rtx_thread.o
    0x00004944   0x00000068   Code   RO         2537    i.osRtxThreadDelayInsert  rtx_thread.o
    0x000049ac   0x00000078   Code   RO         2538    i.osRtxThreadDelayRemove  rtx_thread.o
    0x00004a24   0x000000dc   Code   RO         2539    i.osRtxThreadDelayTick  rtx_thread.o
    0x00004b00   0x0000006c   Code   RO         2540    i.osRtxThreadDispatch  rtx_thread.o
    0x00004b6c   0x00000060   Code   RO         2541    i.osRtxThreadFree   rtx_thread.o
    0x00004bcc   0x0000000c   Code   RO         2542    i.osRtxThreadGetRunning  rtx_thread.o
    0x00004bd8   0x00000018   Code   RO         2543    i.osRtxThreadListGet  rtx_thread.o
    0x00004bf0   0x0000002e   Code   RO         2544    i.osRtxThreadListPut  rtx_thread.o
    0x00004c1e   0x0000001a   Code   RO         2545    i.osRtxThreadListRemove  rtx_thread.o
    0x00004c38   0x0000000e   Code   RO         2546    i.osRtxThreadListRoot  rtx_thread.o
    0x00004c46   0x00000040   Code   RO         2549    i.osRtxThreadPostProcess  rtx_thread.o
    0x00004c86   0x00000002   PAD
    0x00004c88   0x00000018   Code   RO         2550    i.osRtxThreadReadyPut  rtx_thread.o
    0x00004ca0   0x00000008   Code   RO         2551    i.osRtxThreadRegPtr  rtx_thread.o
    0x00004ca8   0x0000000c   Code   RO         2552    i.osRtxThreadSetRunning  rtx_thread.o
    0x00004cb4   0x0000002c   Code   RO         2553    i.osRtxThreadStackCheck  rtx_thread.o
    0x00004ce0   0x0000001c   Code   RO         2554    i.osRtxThreadSwitch  rtx_thread.o
    0x00004cfc   0x00000058   Code   RO         2555    i.osRtxThreadWaitEnter  rtx_thread.o
    0x00004d54   0x00000036   Code   RO         2556    i.osRtxThreadWaitExit  rtx_thread.o
    0x00004d8a   0x00000002   PAD
    0x00004d8c   0x00000098   Code   RO         2477    i.osRtxTick_Handler  rtx_system.o
    0x00004e24   0x00000058   Code   RO         2970    i.osRtxTimerThread  rtx_timer.o
    0x00004e7c   0x0000005c   Code   RO         2971    i.osRtxTimerTick    rtx_timer.o
    0x00004ed8   0x00000090   Code   RO         2354    i.osSemaphoreAcquire  rtx_semaphore.o
    0x00004f68   0x00000074   Code   RO         2358    i.osSemaphoreNew    rtx_semaphore.o
    0x00004fdc   0x00000088   Code   RO         2359    i.osSemaphoreRelease  rtx_semaphore.o
    0x00005064   0x00000020   Code   RO         2559    i.osThreadExit      rtx_thread.o
    0x00005084   0x00000074   Code   RO         2572    i.osThreadNew       rtx_thread.o
    0x000050f8   0x00000016   Code   RO          285    i.svcRtxDelay       rtx_delay.o
    0x0000510e   0x00000002   PAD
    0x00005110   0x000002a0   Code   RO         1588    i.svcRtxKernelInitialize  rtx_kernel.o
    0x000053b0   0x000000f8   Code   RO         1592    i.svcRtxKernelStart  rtx_kernel.o
    0x000054a8   0x00000130   Code   RO         2062    i.svcRtxMessageQueueGet  rtx_msgqueue.o
    0x000055d8   0x000001a0   Code   RO         2068    i.svcRtxMessageQueueNew  rtx_msgqueue.o
    0x00005778   0x00000118   Code   RO         2069    i.svcRtxMessageQueuePut  rtx_msgqueue.o
    0x00005890   0x00000084   Code   RO         2360    i.svcRtxSemaphoreAcquire  rtx_semaphore.o
    0x00005914   0x000000d4   Code   RO         2364    i.svcRtxSemaphoreNew  rtx_semaphore.o
    0x000059e8   0x00000078   Code   RO         2365    i.svcRtxSemaphoreRelease  rtx_semaphore.o
    0x00005a60   0x00000094   Code   RO         2580    i.svcRtxThreadExit  rtx_thread.o
    0x00005af4   0x0000026c   Code   RO         2593    i.svcRtxThreadNew   rtx_thread.o
    0x00005d60   0x00000004   Data   RO           35    .constdata          main.o
    0x00005d64   0x00000064   Data   RO         1796    .constdata          rtx_lib.o
    0x00005dc8   0x00000064   Data   RO         3238    .constdata          i2c_lpc17xx.o
    0x00005e2c   0x0000027c   Data   RO         3454    .constdata          uart_lpc17xx.o
    0x000060a8   0x0000000b   Data   RO         1595    .conststrlit        rtx_kernel.o
    0x000060b3   0x00000001   PAD
    0x000060b4   0x00000068   Data   RO         1798    .rodata             rtx_lib.o
    0x0000611c   0x00000020   Data   RO         4260    Region$$Table       anon$$obj.o


    Execution Region RW_IRAM1 (Base: 0x10000000, Size: 0x00001b88, Max: 0x00008000, ABSOLUTE, COMPRESSED[0x00000048])

    Base Addr    Size         Type   Attr      Idx    E Section Name        Object

    0x10000000   0x00001040   Data   RW         1791    .bss.os             rtx_lib.o
    0x10001040   0x00000034   Data   RW         1792    .bss.os.msgqueue.cb  rtx_lib.o
    0x10001074   0x00000050   Data   RW         1793    .bss.os.msgqueue.mem  rtx_lib.o
    0x100010c4   0x00000088   Data   RW         1794    .bss.os.thread.cb   rtx_lib.o
    0x1000114c   0x00000004   PAD
    0x10001150   0x000004b0   Data   RW         1795    .bss.os.thread.stack  rtx_lib.o
    0x10001600   0x0000004c   Data   RW           36    .data               main.o
    0x1000164c   0x00000001   Data   RW         3108    .data               os_systick.o
    0x1000164d   0x00000004   Data   RW         3239    .data               i2c_lpc17xx.o
    0x10001651   0x00000008   Data   RW         3455    .data               uart_lpc17xx.o
    0x10001659   0x00000003   PAD
    0x1000165c   0x00000008   Data   RW         3721    .data               gpdma_lpc17xx.o
    0x10001664   0x00000004   Data   RW         3903    .data               system_lpc17xx.o
    0x10001668   0x000000a4   Data   RW         1596    .data.os            rtx_kernel.o
    0x1000170c   0x00000050   Zero   RW           34    .bss                main.o
    0x1000175c   0x00000024   Zero   RW         3237    .bss                i2c_lpc17xx.o
    0x10001780   0x00000068   Zero   RW         3453    .bss                uart_lpc17xx.o
    0x100017e8   0x000000a0   Zero   RW         3720    .bss                gpdma_lpc17xx.o
    0x10001888   0x00000300   Zero   RW         3888    STACK               startup_lpc17xx.o


==============================================================================

Image component sizes


      Code (inc. data)   RO Data    RW Data    ZI Data      Debug   Object Name

      1204         94          0          8        160       8074   gpdma_lpc17xx.o
        96          8          0          0          0       1202   gpio_lpc17xx.o
      2924        132        100          4         36      51932   i2c_lpc17xx.o
       136         10          0          0          0        548   irq_cm3.o
      1400        278          4         76         80      77577   main.o
       176         24          0          1          0      29135   os_systick.o
       284         10          0          0          0       1464   pin_lpc17xx.o
        36          6          0          0          0        925   rtx_config.o
        90          4          0          0          0      37388   rtx_delay.o
         0          0          0          0          0       4504   rtx_evflags.o
       108          0          0          0          0      29595   rtx_evr.o
      1120         44         11        164          0      20460   rtx_kernel.o
         0          0        204       5628          0       7988   rtx_lib.o
       346          0          0          0          0       3107   rtx_memory.o
       556          0          0          0          0       3795   rtx_mempool.o
      2382         34          0          0          0      18991   rtx_msgqueue.o
        84          0          0          0          0       1417   rtx_mutex.o
      1322         30          0          0          0      11110   rtx_semaphore.o
       760         36          0          0          0       9641   rtx_system.o
      2512        104          0          0          0      22300   rtx_thread.o
       268         30          0          0          0       2372   rtx_timer.o
        40         12        204          0        768        964   startup_lpc17xx.o
       744         34          0          4          0       1315   system_lpc17xx.o
      6144        240        636          8        104      77859   uart_lpc17xx.o

    ----------------------------------------------------------------------
     22752       1130       1192       5900       1148     423663   Object Totals
         0          0         32          0          0          0   (incl. Generated)
        20          0          1          7          0          0   (incl. Padding)

    ----------------------------------------------------------------------

      Code (inc. data)   RO Data    RW Data    ZI Data      Debug   Library Member Name

        58          0          0          0          0          0   __dczerorl.o
         0          0          0          0          0          0   entry.o
         0          0          0          0          0          0   entry10a.o
         0          0          0          0          0          0   entry11a.o
         8          4          0          0          0          0   entry2.o
         4          0          0          0          0          0   entry5.o
         0          0          0          0          0          0   entry7b.o
         0          0          0          0          0          0   entry8b.o
         8          4          0          0          0          0   entry9a.o
        30          0          0          0          0          0   handlers.o
        36          8          0          0          0         68   init.o
         0          0          0          0          0          0   iusefp.o
        30          0          0          0          0         68   llshl.o
        32          0          0          0          0         68   llushr.o
        36          0          0          0          0         68   memcpya.o
        36          0          0          0          0        108   memseta.o
        98          0          0          0          0         92   uldiv.o
       176          0          0          0          0        140   fadd.o
       124          0          0          0          0         88   fdiv.o
       110          0          0          0          0        168   fepilogue.o
        40          0          0          0          0         68   ffixui.o
        18          0          0          0          0         68   fflti.o
       100          0          0          0          0         76   fmul.o

    ----------------------------------------------------------------------
       948         16          0          0          0       1080   Library Totals
         4          0          0          0          0          0   (incl. Padding)

    ----------------------------------------------------------------------

      Code (inc. data)   RO Data    RW Data    ZI Data      Debug   Library Name

       376         16          0          0          0        472   mc_w.l
       568          0          0          0          0        608   mf_w.l

    ----------------------------------------------------------------------
       948         16          0          0          0       1080   Library Totals

    ----------------------------------------------------------------------

==============================================================================


      Code (inc. data)   RO Data    RW Data    ZI Data      Debug   

     23700       1146       1192       5900       1148     411351   Grand Totals
     23700       1146       1192         72       1148     411351   ELF Image Totals (compressed)
     23700       1146       1192         72          0          0   ROM Totals

==============================================================================

    Total RO  Size (Code + RO Data)                24892 (  24.31kB)
    Total RW  Size (RW Data + ZI Data)              7048 (   6.88kB)
    Total ROM Size (Code + RO Data + RW Data)      24964 (  24.38kB)

==============================================================================

