Component: ARM Compiler 5.06 update 2 (build 183) Tool: armlink [4d35b7]

==============================================================================

Section Cross References

    main.o(i._Z10imuUpdaterPv) refers to main.o(i._Z9configI2Cv) for configI2C()
    main.o(i._Z10imuUpdaterPv) refers to main.o(i._Z9configPWMv) for configPWM()
    main.o(i._Z10imuUpdaterPv) refers to rtx_delay.o(.text.osDelay) for osDelay
    main.o(i._Z10imuUpdaterPv) refers to rtx_semaphore.o(.text.osSemaphoreAcquire) for osSemaphoreAcquire
    main.o(i._Z10imuUpdaterPv) refers to rtx_semaphore.o(.text.osSemaphoreRelease) for osSemaphoreRelease
    main.o(i._Z10imuUpdaterPv) refers to i2c_lpc17xx.o(.constdata) for Driver_I2C1
    main.o(i._Z10imuUpdaterPv) refers to main.o(.constdata) for EULERANGLE
    main.o(i._Z10imuUpdaterPv) refers to main.o(.data) for semaphoreTransmitId
    main.o(i._Z12I2C_callbackj) refers to rtx_semaphore.o(.text.osSemaphoreRelease) for osSemaphoreRelease
    main.o(i._Z12I2C_callbackj) refers to i2c_lpc17xx.o(.constdata) for Driver_I2C1
    main.o(i._Z12I2C_callbackj) refers to main.o(.data) for semaphoreTransmitId
    main.o(i._Z13computeEnginePv) refers to rtx_semaphore.o(.text.osSemaphoreAcquire) for osSemaphoreAcquire
    main.o(i._Z13computeEnginePv) refers to fflt_clz.o(x$fpl$fflt) for __aeabi_i2f
    main.o(i._Z13computeEnginePv) refers to faddsub_clz.o(x$fpl$fsub) for __aeabi_fsub
    main.o(i._Z13computeEnginePv) refers to fdiv.o(x$fpl$fdiv) for __aeabi_fdiv
    main.o(i._Z13computeEnginePv) refers to fmul.o(x$fpl$fmul) for __aeabi_fmul
    main.o(i._Z13computeEnginePv) refers to faddsub_clz.o(x$fpl$fadd) for __aeabi_fadd
    main.o(i._Z13computeEnginePv) refers to ffixu.o(x$fpl$ffixu) for __aeabi_f2uiz
    main.o(i._Z13computeEnginePv) refers to rtx_delay.o(.text.osDelay) for osDelay
    main.o(i._Z13computeEnginePv) refers to main.o(.data) for throttle
    main.o(i._Z13ledInitializev) refers to gpio_lpc17xx.o(i.GPIO_SetDir) for GPIO_SetDir
    main.o(i._Z14i2c1Initializev) refers to i2c_lpc17xx.o(.constdata) for Driver_I2C1
    main.o(i._Z14i2c1Initializev) refers to main.o(i._Z12I2C_callbackj) for I2C_callback(unsigned)
    main.o(i._Z15heartBeatThreadPv) refers to gpio_lpc17xx.o(i.GPIO_PinWrite) for GPIO_PinWrite
    main.o(i._Z15heartBeatThreadPv) refers to rtx_delay.o(.text.osDelay) for osDelay
    main.o(i._Z15uart0Initializev) refers to main.o(i._Z16__NVIC_EnableIRQ4IRQn) for __NVIC_EnableIRQ(IRQn)
    main.o(i._Z15uart0Initializev) refers to uart_lpc17xx.o(.constdata) for Driver_USART0
    main.o(i._Z15uart0Initializev) refers to main.o(i._Z14USART_callbackj) for USART_callback(unsigned)
    main.o(i._Z15uart1Initializev) refers to main.o(i._Z16__NVIC_EnableIRQ4IRQn) for __NVIC_EnableIRQ(IRQn)
    main.o(i._Z15uart1Initializev) refers to uart_lpc17xx.o(.constdata) for Driver_USART1
    main.o(i._Z15uart1Initializev) refers to main.o(i._Z14USART_callbackj) for USART_callback(unsigned)
    main.o(i._Z17uart0UnInitializev) refers to uart_lpc17xx.o(.constdata) for Driver_USART0
    main.o(i._Z17uart1UnInitializev) refers to uart_lpc17xx.o(.constdata) for Driver_USART1
    main.o(i._Z9configI2Cv) refers to rtx_semaphore.o(.text.osSemaphoreAcquire) for osSemaphoreAcquire
    main.o(i._Z9configI2Cv) refers to i2c_lpc17xx.o(.constdata) for Driver_I2C1
    main.o(i._Z9configI2Cv) refers to main.o(.constdata) for WHOAMI
    main.o(i._Z9configI2Cv) refers to main.o(.data) for semaphoreTransmitId
    main.o(i.main) refers to system_lpc17xx.o(i.SystemCoreClockUpdate) for SystemCoreClockUpdate
    main.o(i.main) refers to rtx_kernel.o(.text.osKernelInitialize) for osKernelInitialize
    main.o(i.main) refers to main.o(i._Z13ledInitializev) for ledInitialize()
    main.o(i.main) refers to main.o(i._Z14i2c1Initializev) for i2c1Initialize()
    main.o(i.main) refers to rtx_semaphore.o(.text.osSemaphoreNew) for osSemaphoreNew
    main.o(i.main) refers to rtx_thread.o(.text.osThreadNew) for osThreadNew
    main.o(i.main) refers to rtx_kernel.o(.text.osKernelStart) for osKernelStart
    main.o(i.main) refers to system_lpc17xx.o(.data) for SystemCoreClock
    main.o(i.main) refers to main.o(.bss) for semaphoreTransmitAttr
    main.o(i.main) refers to main.o(.data) for semaphoreTransmitId
    main.o(i.main) refers to main.o(i._Z10imuUpdaterPv) for imuUpdater(void*)
    main.o(i.main) refers to main.o(i._Z13computeEnginePv) for computeEngine(void*)
    main.o(.ARM.exidx) refers to main.o(i._Z14USART_callbackj) for i._Z14USART_callbackj
    main.o(.ARM.exidx) refers to main.o(i._Z12I2C_callbackj) for i._Z12I2C_callbackj
    main.o(.ARM.exidx) refers to main.o(i._Z15uart0Initializev) for i._Z15uart0Initializev
    main.o(.ARM.exidx) refers to main.o(i._Z17uart0UnInitializev) for i._Z17uart0UnInitializev
    main.o(.ARM.exidx) refers to main.o(i._Z15uart1Initializev) for i._Z15uart1Initializev
    main.o(.ARM.exidx) refers to main.o(i._Z14i2c1Initializev) for i._Z14i2c1Initializev
[...]
    i.I2C1_SlaveReceive                      0x0000256c   Section        0  i2c_lpc17xx.o(i.I2C1_SlaveReceive)
    I2C1_SlaveReceive                        0x0000256d   Thumb Code    18  i2c_lpc17xx.o(i.I2C1_SlaveReceive)
    i.I2C1_SlaveTransmit                     0x00002584   Section        0  i2c_lpc17xx.o(i.I2C1_SlaveTransmit)
    I2C1_SlaveTransmit                       0x00002585   Thumb Code    18  i2c_lpc17xx.o(i.I2C1_SlaveTransmit)
    i.I2C1_Uninitialize                      0x0000259c   Section        0  i2c_lpc17xx.o(i.I2C1_Uninitialize)
    I2C1_Uninitialize                        0x0000259d   Thumb Code    10  i2c_lpc17xx.o(i.I2C1_Uninitialize)
    i.I2C_GetCapabilities                    0x000025ac   Section        0  i2c_lpc17xx.o(i.I2C_GetCapabilities)
    I2C_GetCapabilities                      0x000025ad   Thumb Code     6  i2c_lpc17xx.o(i.I2C_GetCapabilities)
    i.I2C_GetVersion                         0x000025b8   Section        0  i2c_lpc17xx.o(i.I2C_GetVersion)
    I2C_GetVersion                           0x000025b9   Thumb Code    10  i2c_lpc17xx.o(i.I2C_GetVersion)
    i.I2Cx_Control                           0x000025c8   Section        0  i2c_lpc17xx.o(i.I2Cx_Control)
    I2Cx_Control                             0x000025c9   Thumb Code   378  i2c_lpc17xx.o(i.I2Cx_Control)
    i.I2Cx_GetDataCount                      0x00002754   Section        0  i2c_lpc17xx.o(i.I2Cx_GetDataCount)
    I2Cx_GetDataCount                        0x00002755   Thumb Code     8  i2c_lpc17xx.o(i.I2Cx_GetDataCount)
    i.I2Cx_GetStatus                         0x0000275c   Section        0  i2c_lpc17xx.o(i.I2Cx_GetStatus)
    I2Cx_GetStatus                           0x0000275d   Thumb Code     8  i2c_lpc17xx.o(i.I2Cx_GetStatus)
    i.I2Cx_IRQHandler                        0x00002764   Section        0  i2c_lpc17xx.o(i.I2Cx_IRQHandler)
    I2Cx_IRQHandler                          0x00002765   Thumb Code    48  i2c_lpc17xx.o(i.I2Cx_IRQHandler)
    i.I2Cx_Initialize                        0x00002794   Section        0  i2c_lpc17xx.o(i.I2Cx_Initialize)
    I2Cx_Initialize                          0x00002795   Thumb Code    78  i2c_lpc17xx.o(i.I2Cx_Initialize)
    i.I2Cx_MasterHandler                     0x000027e2   Section        0  i2c_lpc17xx.o(i.I2Cx_MasterHandler)
    I2Cx_MasterHandler                       0x000027e3   Thumb Code   462  i2c_lpc17xx.o(i.I2Cx_MasterHandler)
    i.I2Cx_MasterReceive                     0x000029b0   Section        0  i2c_lpc17xx.o(i.I2Cx_MasterReceive)
    I2Cx_MasterReceive                       0x000029b1   Thumb Code   206  i2c_lpc17xx.o(i.I2Cx_MasterReceive)
    i.I2Cx_MasterTransmit                    0x00002a7e   Section        0  i2c_lpc17xx.o(i.I2Cx_MasterTransmit)
    I2Cx_MasterTransmit                      0x00002a7f   Thumb Code   204  i2c_lpc17xx.o(i.I2Cx_MasterTransmit)
    i.I2Cx_PowerControl                      0x00002b4a   Section        0  i2c_lpc17xx.o(i.I2Cx_PowerControl)
    I2Cx_PowerControl                        0x00002b4b   Thumb Code   320  i2c_lpc17xx.o(i.I2Cx_PowerControl)
    i.I2Cx_SlaveHandler                      0x00002c8a   Section        0  i2c_lpc17xx.o(i.I2Cx_SlaveHandler)
    I2Cx_SlaveHandler                        0x00002c8b   Thumb Code   468  i2c_lpc17xx.o(i.I2Cx_SlaveHandler)
    i.I2Cx_SlaveReceive                      0x00002e5e   Section        0  i2c_lpc17xx.o(i.I2Cx_SlaveReceive)
    I2Cx_SlaveReceive                        0x00002e5f   Thumb Code   116  i2c_lpc17xx.o(i.I2Cx_SlaveReceive)
    i.I2Cx_SlaveTransmit                     0x00002ed2   Section        0  i2c_lpc17xx.o(i.I2Cx_SlaveTransmit)
    I2Cx_SlaveTransmit                       0x00002ed3   Thumb Code   116  i2c_lpc17xx.o(i.I2Cx_SlaveTransmit)
    i.I2Cx_Uninitialize                      0x00002f46   Section        0  i2c_lpc17xx.o(i.I2Cx_Uninitialize)
    I2Cx_Uninitialize                        0x00002f47   Thumb Code    48  i2c_lpc17xx.o(i.I2Cx_Uninitialize)
    i.PIN_Configure                          0x00002f78   Section        0  pin_lpc17xx.o(i.PIN_Configure)
    i.PIN_ConfigureI2C0Pins                  0x00003074   Section        0  pin_lpc17xx.o(i.PIN_ConfigureI2C0Pins)
    i.Set_Channel_active_flag                0x00003094   Section        0  gpdma_lpc17xx.o(i.Set_Channel_active_flag)
    Set_Channel_active_flag                  0x00003095   Thumb Code    50  gpdma_lpc17xx.o(i.Set_Channel_active_flag)
    i.SystemCoreClockUpdate                  0x000030cc   Section        0  system_lpc17xx.o(i.SystemCoreClockUpdate)
    i.SystemInit                             0x00003274   Section        0  system_lpc17xx.o(i.SystemInit)
    i.UART0_IRQHandler                       0x000033b4   Section        0  uart_lpc17xx.o(i.UART0_IRQHandler)
    i.UART1_IRQHandler                       0x000033c4   Section        0  uart_lpc17xx.o(i.UART1_IRQHandler)
    i.USART0_Control                         0x000033d4   Section        0  uart_lpc17xx.o(i.USART0_Control)
    USART0_Control                           0x000033d5   Thumb Code    18  uart_lpc17xx.o(i.USART0_Control)
    i.USART0_GPDMA_Rx_Event                  0x000033ec   Section        0  uart_lpc17xx.o(i.USART0_GPDMA_Rx_Event)
    i.USART0_GPDMA_Tx_Event                  0x00003400   Section        0  uart_lpc17xx.o(i.USART0_GPDMA_Tx_Event)
    i.USART0_GetCapabilities                 0x00003414   Section        0  uart_lpc17xx.o(i.USART0_GetCapabilities)
    USART0_GetCapabilities                   0x00003415   Thumb Code    12  uart_lpc17xx.o(i.USART0_GetCapabilities)
    i.USART0_GetModemStatus                  0x00003424   Section        0  uart_lpc17xx.o(i.USART0_GetModemStatus)
    USART0_GetModemStatus                    0x00003425   Thumb Code    12  uart_lpc17xx.o(i.USART0_GetModemStatus)
    i.USART0_GetRxCount                      0x00003434   Section        0  uart_lpc17xx.o(i.USART0_GetRxCount)
    USART0_GetRxCount                        0x00003435   Thumb Code    10  uart_lpc17xx.o(i.USART0_GetRxCount)
    i.USART0_GetStatus                       0x00003444   Section        0  uart_lpc17xx.o(i.USART0_GetStatus)
    USART0_GetStatus                         0x00003445   Thumb Code    12  uart_lpc17xx.o(i.USART0_GetStatus)
    i.USART0_GetTxCount                      0x00003454   Section        0  uart_lpc17xx.o(i.USART0_GetTxCount)
    USART0_GetTxCount                        0x00003455   Thumb Code    10  uart_lpc17xx.o(i.USART0_GetTxCount)
    i.USART0_Initialize                      0x00003464   Section        0  uart_lpc17xx.o(i.USART0_Initialize)
    USART0_Initialize                        0x00003465   Thumb Code    14  uart_lpc17xx.o(i.USART0_Initialize)
    i.USART0_PowerControl                    0x00003478   Section        0  uart_lpc17xx.o(i.USART0_PowerControl)
    USART0_PowerControl                      0x00003479   Thumb Code    14  uart_lpc17xx.o(i.USART0_PowerControl)
    i.USART0_Receive                         0x0000348c   Section        0  uart_lpc17xx.o(i.USART0_Receive)
    USART0_Receive                           0x0000348d   Thumb Code    18  uart_lpc17xx.o(i.USART0_Receive)
    i.USART0_Send                            0x000034a4   Section        0  uart_lpc17xx.o(i.USART0_Send)
    USART0_Send                              0x000034a5   Thumb Code    18  uart_lpc17xx.o(i.USART0_Send)
    i.USART0_SetModemControl                 0x000034bc   Section        0  uart_lpc17xx.o(i.USART0_SetModemControl)
    USART0_SetModemControl                   0x000034bd   Thumb Code    14  uart_lpc17xx.o(i.USART0_SetModemControl)
    i.USART0_Transfer                        0x000034d0   Section        0  uart_lpc17xx.o(i.USART0_Transfer)
    USART0_Transfer                          0x000034d1   Thumb Code    22  uart_lpc17xx.o(i.USART0_Transfer)
    i.USART0_Uninitialize                    0x000034ec   Section        0  uart_lpc17xx.o(i.USART0_Uninitialize)
    USART0_Uninitialize                      0x000034ed   Thumb Code    10  uart_lpc17xx.o(i.USART0_Uninitialize)
    i.USART1_Control                         0x000034fc   Section        0  uart_lpc17xx.o(i.USART1_Control)
    USART1_Control                           0x000034fd   Thumb Code    18  uart_lpc17xx.o(i.USART1_Control)
    i.USART1_GPDMA_Rx_Event                  0x00003514   Section        0  uart_lpc17xx.o(i.USART1_GPDMA_Rx_Event)
    i.USART1_GPDMA_Tx_Event                  0x00003528   Section        0  uart_lpc17xx.o(i.USART1_GPDMA_Tx_Event)
    i.USART1_GetCapabilities                 0x0000353c   Section        0  uart_lpc17xx.o(i.USART1_GetCapabilities)
    USART1_GetCapabilities                   0x0000353d   Thumb Code    12  uart_lpc17xx.o(i.USART1_GetCapabilities)
    i.USART1_GetModemStatus                  0x0000354c   Section        0  uart_lpc17xx.o(i.USART1_GetModemStatus)
    USART1_GetModemStatus                    0x0000354d   Thumb Code    12  uart_lpc17xx.o(i.USART1_GetModemStatus)
    i.USART1_GetRxCount                      0x0000355c   Section        0  uart_lpc17xx.o(i.USART1_GetRxCount)
    USART1_GetRxCount                        0x0000355d   Thumb Code    10  uart_lpc17xx.o(i.USART1_GetRxCount)
    i.USART1_GetStatus                       0x0000356c   Section        0  uart_lpc17xx.o(i.USART1_GetStatus)
    USART1_GetStatus                         0x0000356d   Thumb Code    12  uart_lpc17xx.o(i.USART1_GetStatus)
    i.USART1_GetTxCount                      0x0000357c   Section        0  uart_lpc17xx.o(i.USART1_GetTxCount)
    USART1_GetTxCount                        0x0000357d   Thumb Code    10  uart_lpc17xx.o(i.USART1_GetTxCount)
    i.USART1_Initialize                      0x0000358c   Section        0  uart_lpc17xx.o(i.USART1_Initialize)
    USART1_Initialize                        0x0000358d   Thumb Code    14  uart_lpc17xx.o(i.USART1_Initialize)
    i.USART1_PowerControl                    0x000035a0   Section        0  uart_lpc17xx.o(i.USART1_PowerControl)
    USART1_PowerControl                      0x000035a1   Thumb Code    14  uart_lpc17xx.o(i.USART1_PowerControl)
    i.USART1_Receive                         0x000035b4   Section        0  uart_lpc17xx.o(i.USART1_Receive)
    USART1_Receive                           0x000035b5   Thumb Code    18  uart_lpc17xx.o(i.USART1_Receive)
    i.USART1_Send                            0x000035cc   Section        0  uart_lpc17xx.o(i.USART1_Send)
    USART1_Send                              0x000035cd   Thumb Code    18  uart_lpc17xx.o(i.USART1_Send)
    i.USART1_SetModemControl                 0x000035e4   Section        0  uart_lpc17xx.o(i.USART1_SetModemControl)
    USART1_SetModemControl                   0x000035e5   Thumb Code    14  uart_lpc17xx.o(i.USART1_SetModemControl)
    i.USART1_Transfer                        0x000035f8   Section        0  uart_lpc17xx.o(i.USART1_Transfer)
    USART1_Transfer                          0x000035f9   Thumb Code    22  uart_lpc17xx.o(i.USART1_Transfer)
    i.USART1_Uninitialize                    0x00003614   Section        0  uart_lpc17xx.o(i.USART1_Uninitialize)
    USART1_Uninitialize                      0x00003615   Thumb Code    10  uart_lpc17xx.o(i.USART1_Uninitialize)
    i.USART_Control                          0x00003624   Section        0  uart_lpc17xx.o(i.USART_Control)
    USART_Control                            0x00003625   Thumb Code  1642  uart_lpc17xx.o(i.USART_Control)
    i.USART_GPDMA_Rx_Event                   0x00003c94   Section        0  uart_lpc17xx.o(i.USART_GPDMA_Rx_Event)
    USART_GPDMA_Rx_Event                     0x00003c95   Thumb Code   134  uart_lpc17xx.o(i.USART_GPDMA_Rx_Event)
    i.USART_GPDMA_Tx_Event                   0x00003d1a   Section        0  uart_lpc17xx.o(i.USART_GPDMA_Tx_Event)
    USART_GPDMA_Tx_Event                     0x00003d1b   Thumb Code    74  uart_lpc17xx.o(i.USART_GPDMA_Tx_Event)
    i.USART_GetCapabilities                  0x00003d64   Section        0  uart_lpc17xx.o(i.USART_GetCapabilities)
    USART_GetCapabilities                    0x00003d65   Thumb Code     6  uart_lpc17xx.o(i.USART_GetCapabilities)
    i.USART_GetModemStatus                   0x00003d6a   Section        0  uart_lpc17xx.o(i.USART_GetModemStatus)
    USART_GetModemStatus                     0x00003d6b   Thumb Code   236  uart_lpc17xx.o(i.USART_GetModemStatus)
    i.USART_GetRxCount                       0x00003e56   Section        0  uart_lpc17xx.o(i.USART_GetRxCount)
    USART_GetRxCount                         0x00003e57   Thumb Code    28  uart_lpc17xx.o(i.USART_GetRxCount)
    i.USART_GetStatus                        0x00003e72   Section        0  uart_lpc17xx.o(i.USART_GetStatus)
    USART_GetStatus                          0x00003e73   Thumb Code   188  uart_lpc17xx.o(i.USART_GetStatus)
    i.USART_GetTxCount                       0x00003f2e   Section        0  uart_lpc17xx.o(i.USART_GetTxCount)
    USART_GetTxCount                         0x00003f2f   Thumb Code    28  uart_lpc17xx.o(i.USART_GetTxCount)
    i.USART_IRQHandler                       0x00003f4a   Section        0  uart_lpc17xx.o(i.USART_IRQHandler)
    USART_IRQHandler                         0x00003f4b   Thumb Code   620  uart_lpc17xx.o(i.USART_IRQHandler)
    i.USART_Initialize                       0x000041b6   Section        0  uart_lpc17xx.o(i.USART_Initialize)
    USART_Initialize                         0x000041b7   Thumb Code   254  uart_lpc17xx.o(i.USART_Initialize)
    i.USART_PowerControl                     0x000042b4   Section        0  uart_lpc17xx.o(i.USART_PowerControl)
    USART_PowerControl                       0x000042b5   Thumb Code   584  uart_lpc17xx.o(i.USART_PowerControl)
    i.USART_Receive                          0x00004500   Section        0  uart_lpc17xx.o(i.USART_Receive)
    USART_Receive                            0x00004501   Thumb Code   272  uart_lpc17xx.o(i.USART_Receive)
    i.USART_RxLineIntHandler                 0x00004610   Section        0  uart_lpc17xx.o(i.USART_RxLineIntHandler)
    USART_RxLineIntHandler                   0x00004611   Thumb Code   104  uart_lpc17xx.o(i.USART_RxLineIntHandler)
    i.USART_Send                             0x00004678   Section        0  uart_lpc17xx.o(i.USART_Send)
    USART_Send                               0x00004679   Thumb Code   412  uart_lpc17xx.o(i.USART_Send)
    i.USART_SetBaudrate                      0x00004814   Section        0  uart_lpc17xx.o(i.USART_SetBaudrate)
    i.USART_SetModemControl                  0x00004948   Section        0  uart_lpc17xx.o(i.USART_SetModemControl)
    USART_SetModemControl                    0x00004949   Thumb Code   160  uart_lpc17xx.o(i.USART_SetModemControl)
    i.USART_Transfer                         0x000049e8   Section        0  uart_lpc17xx.o(i.USART_Transfer)
    USART_Transfer                           0x000049e9   Thumb Code   122  uart_lpc17xx.o(i.USART_Transfer)
    i.USART_Uninitialize                     0x00004a62   Section        0  uart_lpc17xx.o(i.USART_Uninitialize)
    USART_Uninitialize                       0x00004a63   Thumb Code   226  uart_lpc17xx.o(i.USART_Uninitialize)
    i.USARTx_GetVersion                      0x00004b44   Section        0  uart_lpc17xx.o(i.USARTx_GetVersion)
    USARTx_GetVersion                        0x00004b45   Thumb Code    10  uart_lpc17xx.o(i.USARTx_GetVersion)
    i._Z10imuUpdaterPv                       0x00004b54   Section        0  main.o(i._Z10imuUpdaterPv)
    i._Z12I2C_callbackj                      0x00004c20   Section        0  main.o(i._Z12I2C_callbackj)
    i._Z13computeEnginePv                    0x00004c60   Section        0  main.o(i._Z13computeEnginePv)
    i._Z13ledInitializev                     0x00004e90   Section        0  main.o(i._Z13ledInitializev)
    i._Z14i2c1Initializev                    0x00004ea0   Section        0  main.o(i._Z14i2c1Initializev)
    i._Z9configI2Cv                          0x00004ed0   Section        0  main.o(i._Z9configI2Cv)
    i._Z9configPWMv                          0x00004f3c   Section        0  main.o(i._Z9configPWMv)
    i.__NVIC_ClearPendingIRQ                 0x00004f78   Section        0  i2c_lpc17xx.o(i.__NVIC_ClearPendingIRQ)
    __NVIC_ClearPendingIRQ                   0x00004f79   Thumb Code    22  i2c_lpc17xx.o(i.__NVIC_ClearPendingIRQ)
    i.__NVIC_ClearPendingIRQ                 0x00004f94   Section        0  uart_lpc17xx.o(i.__NVIC_ClearPendingIRQ)
    __NVIC_ClearPendingIRQ                   0x00004f95   Thumb Code    22  uart_lpc17xx.o(i.__NVIC_ClearPendingIRQ)
    i.__NVIC_ClearPendingIRQ                 0x00004fb0   Section        0  gpdma_lpc17xx.o(i.__NVIC_ClearPendingIRQ)
    __NVIC_ClearPendingIRQ                   0x00004fb1   Thumb Code    22  gpdma_lpc17xx.o(i.__NVIC_ClearPendingIRQ)
    i.__NVIC_DisableIRQ                      0x00004fcc   Section        0  i2c_lpc17xx.o(i.__NVIC_DisableIRQ)
    __NVIC_DisableIRQ                        0x00004fcd   Thumb Code    54  i2c_lpc17xx.o(i.__NVIC_DisableIRQ)
    i.__NVIC_EnableIRQ                       0x00005008   Section        0  i2c_lpc17xx.o(i.__NVIC_EnableIRQ)
    __NVIC_EnableIRQ                         0x00005009   Thumb Code    26  i2c_lpc17xx.o(i.__NVIC_EnableIRQ)
    i._mutex_acquire                         0x00005022   Section        0  rtx_lib.o(i._mutex_acquire)
    __tagsym$$used                           0x00005023   Number         0  rtx_lib.o(i._mutex_acquire)
    i._mutex_free                            0x00005038   Section        0  rtx_lib.o(i._mutex_free)
    __tagsym$$used                           0x00005039   Number         0  rtx_lib.o(i._mutex_free)
    i._mutex_initialize                      0x00005044   Section        0  rtx_lib.o(i._mutex_initialize)
    __tagsym$$used                           0x00005045   Number         0  rtx_lib.o(i._mutex_initialize)
    i._mutex_release                         0x00005064   Section        0  rtx_lib.o(i._mutex_release)
    __tagsym$$used                           0x00005065   Number         0  rtx_lib.o(i._mutex_release)
    i._platform_post_stackheap_init          0x00005076   Section        0  rtx_lib.o(i._platform_post_stackheap_init)
    i.main                                   0x00005080   Section        0  main.o(i.main)
    i.osRtxErrorNotify                       0x000051a0   Section        0  rtx_config.o(i.osRtxErrorNotify)
    i.osRtxIdleThread                        0x000051c0   Section        0  rtx_config.o(i.osRtxIdleThread)
    i.os_kernel_is_active                    0x000051c4   Section        0  rtx_lib.o(i.os_kernel_is_active)
    os_kernel_is_active                      0x000051c5   Thumb Code    32  rtx_lib.o(i.os_kernel_is_active)
    x$fpl$fadd                               0x000051e8   Section      196  faddsub_clz.o(x$fpl$fadd)
    _fadd1                                   0x000051f7   Thumb Code     0  faddsub_clz.o(x$fpl$fadd)
    x$fpl$fdiv                               0x000052ac   Section      388  fdiv.o(x$fpl$fdiv)
    _fdiv1                                   0x000052ad   Thumb Code     0  fdiv.o(x$fpl$fdiv)
    x$fpl$ffixu                              0x00005430   Section       62  ffixu.o(x$fpl$ffixu)
    x$fpl$fflt                               0x00005470   Section       48  fflt_clz.o(x$fpl$fflt)
    x$fpl$fmul                               0x000054a0   Section      258  fmul.o(x$fpl$fmul)
    x$fpl$fnaninf                            0x000055a2   Section      140  fnaninf.o(x$fpl$fnaninf)
    x$fpl$fretinf                            0x0000562e   Section       10  fretinf.o(x$fpl$fretinf)
    x$fpl$fsub                               0x00005638   Section      234  faddsub_clz.o(x$fpl$fsub)
    _fsub1                                   0x00005647   Thumb Code     0  faddsub_clz.o(x$fpl$fsub)
    .constdata                               0x00005722   Section        4  main.o(.constdata)
    x$fpl$usenofp                            0x00005722   Section        0  usenofp.o(x$fpl$usenofp)
    WHOAMI                                   0x00005722   Data           1  main.o(.constdata)
    OPRMODE                                  0x00005723   Data           2  main.o(.constdata)
    EULERANGLE                               0x00005725   Data           1  main.o(.constdata)
    .constdata                               0x00005728   Section      100  rtx_lib.o(.constdata)
    os_idle_thread_attr                      0x00005728   Data          36  rtx_lib.o(.constdata)
    os_timer_thread_attr                     0x0000574c   Data          36  rtx_lib.o(.constdata)
    os_timer_mq_attr                         0x00005770   Data          24  rtx_lib.o(.constdata)
    .constdata                               0x0000578c   Section      100  i2c_lpc17xx.o(.constdata)
    DriverVersion                            0x0000578c   Data           4  i2c_lpc17xx.o(.constdata)
    DriverCapabilities                       0x00005790   Data           4  i2c_lpc17xx.o(.constdata)
    I2C1_Resources                           0x00005794   Data          44  i2c_lpc17xx.o(.constdata)
    .constdata                               0x000057f0   Section      636  uart_lpc17xx.o(.constdata)
    usart_driver_version                     0x000057f0   Data           4  uart_lpc17xx.o(.constdata)
    fract_div_lookup_table                   0x000057f4   Data         288  uart_lpc17xx.o(.constdata)
    UART0_DMA_Tx                             0x00005914   Data           8  uart_lpc17xx.o(.constdata)
    UART0_DMA_Rx                             0x0000591c   Data           8  uart_lpc17xx.o(.constdata)
    USART0_Resources                         0x00005924   Data         100  uart_lpc17xx.o(.constdata)
    USART1_DMA_Tx                            0x00005988   Data           8  uart_lpc17xx.o(.constdata)
    USART1_DMA_Rx                            0x00005990   Data           8  uart_lpc17xx.o(.constdata)
    USART1_Resources                         0x00005998   Data         100  uart_lpc17xx.o(.constdata)
    .constdata                               0x00005a6c   Section        1  irq_cm3.o(.constdata)
    .rodata                                  0x00005a70   Section      104  rtx_lib.o(.rodata)
    __tagsym$$used                           0x00005a70   Number         0  rtx_lib.o(.rodata)
    [Anonymous Symbol]                       0x00005ad8   Section        0  rtx_kernel.o(.rodata.str1.4)
    .L.str                                   0x00005ad8   Data          11  rtx_kernel.o(.rodata.str1.4)
    .bss.os                                  0x10000000   Section     4656  rtx_lib.o(.bss.os)
    os_mem                                   0x10000000   Data        4096  rtx_lib.o(.bss.os)
    os_isr_queue                             0x10001000   Data          64  rtx_lib.o(.bss.os)
    os_libspace                              0x10001040   Data         480  rtx_lib.o(.bss.os)
    os_libspace_id                           0x10001220   Data          16  rtx_lib.o(.bss.os)
    .bss.os.msgqueue.cb                      0x10001230   Section       52  rtx_lib.o(.bss.os.msgqueue.cb)
    os_timer_mq_cb                           0x10001230   Data          52  rtx_lib.o(.bss.os.msgqueue.cb)
    .bss.os.msgqueue.mem                     0x10001264   Section       80  rtx_lib.o(.bss.os.msgqueue.mem)
    os_timer_mq_data                         0x10001264   Data          80  rtx_lib.o(.bss.os.msgqueue.mem)
    .bss.os.thread.cb                        0x100012b4   Section      136  rtx_lib.o(.bss.os.thread.cb)
    os_idle_thread_cb                        0x100012b4   Data          68  rtx_lib.o(.bss.os.thread.cb)
    os_timer_thread_cb                       0x100012f8   Data          68  rtx_lib.o(.bss.os.thread.cb)
    .bss.os.thread.stack                     0x10001340   Section      400  rtx_lib.o(.bss.os.thread.stack)
    os_idle_thread_stack                     0x10001340   Data         200  rtx_lib.o(.bss.os.thread.stack)
    os_timer_thread_stack                    0x10001408   Data         200  rtx_lib.o(.bss.os.thread.stack)
    .data                                    0x100014d0   Section       76  main.o(.data)
    .data                                    0x1000151c   Section        5  rtx_lib.o(.data)
    os_kernel_active                         0x10001520   Data           1  rtx_lib.o(.data)
    .data                                    0x10001521   Section        4  i2c_lpc17xx.o(.data)
    .data                                    0x10001525   Section        8  uart_lpc17xx.o(.data)
    USART0_pin_tx                            0x10001525   Data           2  uart_lpc17xx.o(.data)
    USART0_pin_rx                            0x10001527   Data           2  uart_lpc17xx.o(.data)
    USART1_pin_tx                            0x10001529   Data           2  uart_lpc17xx.o(.data)
    USART1_pin_rx                            0x1000152b   Data           2  uart_lpc17xx.o(.data)
    .data                                    0x10001530   Section        8  gpdma_lpc17xx.o(.data)
    Channel_active                           0x10001530   Data           4  gpdma_lpc17xx.o(.data)
    Init_cnt                                 0x10001534   Data           4  gpdma_lpc17xx.o(.data)
    .data                                    0x10001538   Section        4  system_lpc17xx.o(.data)
    .bss                                     0x100015e0   Section      112  main.o(.bss)
    .bss                                     0x10001650   Section       36  i2c_lpc17xx.o(.bss)
    I2C1_Ctrl                                0x10001650   Data          36  i2c_lpc17xx.o(.bss)
    .bss                                     0x10001674   Section      104  uart_lpc17xx.o(.bss)
    USART0_Info                              0x10001674   Data          52  uart_lpc17xx.o(.bss)
    USART1_Info                              0x100016a8   Data          52  uart_lpc17xx.o(.bss)
    .bss                                     0x100016dc   Section      160  gpdma_lpc17xx.o(.bss)
    Channel_info                             0x100016dc   Data         160  gpdma_lpc17xx.o(.bss)
    .bss                                     0x1000177c   Section       96  libspace.o(.bss)
    [Anonymous Symbol]                       0x100017dc   Section        0  os_systick.o(.bss.PendST)
    PendST                                   0x100017dc   Data           1  os_systick.o(.bss.PendST)
    HEAP                                     0x100017e0   Section      512  startup_lpc17xx.o(HEAP)
    Heap_Mem                                 0x100017e0   Data         512  startup_lpc17xx.o(HEAP)
    STACK                                    0x100019e0   Section      768  startup_lpc17xx.o(STACK)
    Stack_Mem                                0x100019e0   Data         768  startup_lpc17xx.o(STACK)
    __initial_sp                             0x10001ce0   Data           0  startup_lpc17xx.o(STACK)

    Global Symbols

    Symbol Name                              Value     Ov Type        Size  Object(Section)

    BuildAttributes$$THM_ISAv4$P$D$K$B$S$PE$A:L22UL41UL21$X:L11$S22US41US21$IEEE1$IW$~IW$USESV6$~STKCKD$USESV7$~SHL$OSPACE$ROPI$EBA8$UX$STANDARDLIB$REQ8$PRES8$EABIv2 0x00000000   Number         0  anon$$obj.o ABSOLUTE
    __ARM_use_no_argv                        0x00000000   Number         0  main.o ABSOLUTE
    __Vectors                                0x00000000   Data           4  startup_lpc17xx.o(RESET)
    __ARM_exceptions_init                     - Undefined Weak Reference
    __alloca_initialize                       - Undefined Weak Reference
    __arm_preinit_                            - Undefined Weak Reference
    __cpp_initialize__aeabi_                  - Undefined Weak Reference
    __cxa_finalize                            - Undefined Weak Reference
    __rt_locale                               - Undefined Weak Reference
    __sigvec_lookup                           - Undefined Weak Reference
    _atexit_init                              - Undefined Weak Reference
    _call_atexit_fns                          - Undefined Weak Reference
    _clock_init                               - Undefined Weak Reference
    _fp_trap_init                             - Undefined Weak Reference
    _fp_trap_shutdown                         - Undefined Weak Reference
    _get_lc_collate                           - Undefined Weak Reference
    _get_lc_ctype                             - Undefined Weak Reference
    _get_lc_monetary                          - Undefined Weak Reference
    _get_lc_numeric                           - Undefined Weak Reference
    _get_lc_time                              - Undefined Weak Reference
    _getenv_init                              - Undefined Weak Reference
    _handle_redirection                       - Undefined Weak Reference
    _init_alloc                               - Undefined Weak Reference
    _init_user_alloc                          - Undefined Weak Reference
    _initio                                   - Undefined Weak Reference
    _printf_post_padding                      - Undefined Weak Reference
    _printf_pre_padding                       - Undefined Weak Reference
    _printf_truncate_signed                   - Undefined Weak Reference
    _printf_truncate_unsigned                 - Undefined Weak Reference
    _rand_init                                - Undefined Weak Reference
    _signal_finish                            - Undefined Weak Reference
    _signal_init                              - Undefined Weak Reference
    _terminate_alloc                          - Undefined Weak Reference
    _terminate_user_alloc                     - Undefined Weak Reference
    _terminateio                              - Undefined Weak Reference
    __main                                   0x000000cd   Thumb Code     8  __main.o(!!!main)
    __scatterload                            0x000000d5   Thumb Code     0  __scatter.o(!!!scatter)
    __scatterload_rt2                        0x000000d5   Thumb Code    44  __scatter.o(!!!scatter)
    __scatterload_rt2_thumb_only             0x000000d5   Thumb Code     0  __scatter.o(!!!scatter)
    __scatterload_null                       0x000000e3   Thumb Code     0  __scatter.o(!!!scatter)
    __decompress                             0x00000109   Thumb Code    58  __dczerorl.o(!!dczerorl)
    __decompress0                            0x00000109   Thumb Code     0  __dczerorl.o(!!dczerorl)
    __scatterload_zeroinit                   0x00000145   Thumb Code    28  __scatter_zi.o(!!handler_zi)
    __rt_lib_init                            0x00000161   Thumb Code     0  libinit.o(.ARM.Collect$$libinit$$00000000)
    __rt_lib_init_alloca_1                   0x00000163   Thumb Code     0  libinit2.o(.ARM.Collect$$libinit$$0000002E)
    __rt_lib_init_argv_1                     0x00000163   Thumb Code     0  libinit2.o(.ARM.Collect$$libinit$$0000002C)
    __rt_lib_init_atexit_1                   0x00000163   Thumb Code     0  libinit2.o(.ARM.Collect$$libinit$$0000001B)
    __rt_lib_init_clock_1                    0x00000163   Thumb Code     0  libinit2.o(.ARM.Collect$$libinit$$00000021)
    __rt_lib_init_cpp_1                      0x00000163   Thumb Code     0  libinit2.o(.ARM.Collect$$libinit$$00000032)
    __rt_lib_init_exceptions_1               0x00000163   Thumb Code     0  libinit2.o(.ARM.Collect$$libinit$$00000030)
    __rt_lib_init_fp_1                       0x00000163   Thumb Code     0  libinit2.o(.ARM.Collect$$libinit$$00000002)
    __rt_lib_init_fp_trap_1                  0x00000163   Thumb Code     0  libinit2.o(.ARM.Collect$$libinit$$0000001F)
    __rt_lib_init_getenv_1                   0x00000163   Thumb Code     0  libinit2.o(.ARM.Collect$$libinit$$00000023)
    __rt_lib_init_heap_1                     0x00000163   Thumb Code     0  libinit2.o(.ARM.Collect$$libinit$$0000000A)
    __rt_lib_init_lc_collate_1               0x00000163   Thumb Code     0  libinit2.o(.ARM.Collect$$libinit$$00000011)
    __rt_lib_init_lc_ctype_1                 0x00000163   Thumb Code     0  libinit2.o(.ARM.Collect$$libinit$$00000013)
    __rt_lib_init_lc_monetary_1              0x00000163   Thumb Code     0  libinit2.o(.ARM.Collect$$libinit$$00000015)
    __rt_lib_init_lc_numeric_1               0x00000163   Thumb Code     0  libinit2.o(.ARM.Collect$$libinit$$00000017)
    __rt_lib_init_lc_time_1                  0x00000163   Thumb Code     0  libinit2.o(.ARM.Collect$$libinit$$00000019)
    __rt_lib_init_preinit_1                  0x00000163   Thumb Code     0  libinit2.o(.ARM.Collect$$libinit$$00000004)
    __rt_lib_init_rand_1                     0x00000163   Thumb Code     0  libinit2.o(.ARM.Collect$$libinit$$0000000E)
    __rt_lib_init_return                     0x00000163   Thumb Code     0  libinit2.o(.ARM.Collect$$libinit$$00000033)
    __rt_lib_init_signal_1                   0x00000163   Thumb Code     0  libinit2.o(.ARM.Collect$$libinit$$0000001D)
    __rt_lib_init_stdio_1                    0x00000163   Thumb Code     0  libinit2.o(.ARM.Collect$$libinit$$00000025)
    __rt_lib_init_user_alloc_1               0x00000163   Thumb Code     0  libinit2.o(.ARM.Collect$$libinit$$0000000C)
    __rt_lib_shutdown                        0x00000165   Thumb Code     0  libshutdown.o(.ARM.Collect$$libshutdown$$00000000)
    __rt_lib_shutdown_cpp_1                  0x00000167   Thumb Code     0  libshutdown2.o(.ARM.Collect$$libshutdown$$00000002)
    __rt_lib_shutdown_fp_trap_1              0x00000167   Thumb Code     0  libshutdown2.o(.ARM.Collect$$libshutdown$$00000007)
    __rt_lib_shutdown_heap_1                 0x00000167   Thumb Code     0  libshutdown2.o(.ARM.Collect$$libshutdown$$0000000F)
    __rt_lib_shutdown_return                 0x00000167   Thumb Code     0  libshutdown2.o(.ARM.Collect$$libshutdown$$00000010)
    __rt_lib_shutdown_signal_1               0x00000167   Thumb Code     0  libshutdown2.o(.ARM.Collect$$libshutdown$$0000000A)
    __rt_lib_shutdown_stdio_1                0x00000167   Thumb Code     0  libshutdown2.o(.ARM.Collect$$libshutdown$$00000004)
    __rt_lib_shutdown_user_alloc_1           0x00000167   Thumb Code     0  libshutdown2.o(.ARM.Collect$$libshutdown$$0000000C)
    __rt_entry                               0x00000169   Thumb Code     0  __rtentry.o(.ARM.Collect$$rtentry$$00000000)
    __rt_entry_presh_1                       0x00000169   Thumb Code     0  __rtentry2.o(.ARM.Collect$$rtentry$$00000002)
    __rt_entry_sh                            0x00000169   Thumb Code     0  __rtentry4.o(.ARM.Collect$$rtentry$$00000004)
    __rt_entry_postsh_1                      0x0000016f   Thumb Code     0  __rtentry2.o(.ARM.Collect$$rtentry$$00000008)
    __rt_entry_li                            0x00000177   Thumb Code     0  __rtentry2.o(.ARM.Collect$$rtentry$$0000000A)
    __rt_entry_main                          0x0000017b   Thumb Code     0  __rtentry2.o(.ARM.Collect$$rtentry$$0000000D)
    __rt_entry_postli_1                      0x0000017b   Thumb Code     0  __rtentry2.o(.ARM.Collect$$rtentry$$0000000C)
    __rt_exit                                0x00000183   Thumb Code     0  rtexit.o(.ARM.Collect$$rtexit$$00000000)
    __rt_exit_ls                             0x00000185   Thumb Code     0  rtexit2.o(.ARM.Collect$$rtexit$$00000003)
    __rt_exit_prels_1                        0x00000185   Thumb Code     0  rtexit2.o(.ARM.Collect$$rtexit$$00000002)
    __rt_exit_exit                           0x00000189   Thumb Code     0  rtexit2.o(.ARM.Collect$$rtexit$$00000004)
    Reset_Handler                            0x00000191   Thumb Code     8  startup_lpc17xx.o(.text)
    NMI_Handler                              0x00000199   Thumb Code     2  startup_lpc17xx.o(.text)
    HardFault_Handler                        0x0000019b   Thumb Code     2  startup_lpc17xx.o(.text)
    MemManage_Handler                        0x0000019d   Thumb Code     2  startup_lpc17xx.o(.text)
    BusFault_Handler                         0x0000019f   Thumb Code     2  startup_lpc17xx.o(.text)
    UsageFault_Handler                       0x000001a1   Thumb Code     2  startup_lpc17xx.o(.text)
    DebugMon_Handler                         0x000001a5   Thumb Code     2  startup_lpc17xx.o(.text)
    ADC_IRQHandler                           0x000001ab   Thumb Code     0  startup_lpc17xx.o(.text)
    BOD_IRQHandler                           0x000001ab   Thumb Code     0  startup_lpc17xx.o(.text)
    CANActivity_IRQHandler                   0x000001ab   Thumb Code     0  startup_lpc17xx.o(.text)
    CAN_IRQHandler                           0x000001ab   Thumb Code     0  startup_lpc17xx.o(.text)
    EINT0_IRQHandler                         0x000001ab   Thumb Code     0  startup_lpc17xx.o(.text)
    EINT1_IRQHandler                         0x000001ab   Thumb Code     0  startup_lpc17xx.o(.text)
    EINT2_IRQHandler                         0x000001ab   Thumb Code     0  startup_lpc17xx.o(.text)
    EINT3_IRQHandler                         0x000001ab   Thumb Code     0  startup_lpc17xx.o(.text)
    ENET_IRQHandler                          0x000001ab   Thumb Code     0  startup_lpc17xx.o(.text)
    I2C0_IRQHandler                          0x000001ab   Thumb Code     0  startup_lpc17xx.o(.text)
    I2C2_IRQHandler                          0x000001ab   Thumb Code     0  startup_lpc17xx.o(.text)
    I2S_IRQHandler                           0x000001ab   Thumb Code     0  startup_lpc17xx.o(.text)
    MCPWM_IRQHandler                         0x000001ab   Thumb Code     0  startup_lpc17xx.o(.text)
    PLL0_IRQHandler                          0x000001ab   Thumb Code     0  startup_lpc17xx.o(.text)
    PLL1_IRQHandler                          0x000001ab   Thumb Code     0  startup_lpc17xx.o(.text)
    PWM1_IRQHandler                          0x000001ab   Thumb Code     0  startup_lpc17xx.o(.text)
    QEI_IRQHandler                           0x000001ab   Thumb Code     0  startup_lpc17xx.o(.text)
    RIT_IRQHandler                           0x000001ab   Thumb Code     0  startup_lpc17xx.o(.text)
    RTC_IRQHandler                           0x000001ab   Thumb Code     0  startup_lpc17xx.o(.text)
    SPI_IRQHandler                           0x000001ab   Thumb Code     0  startup_lpc17xx.o(.text)
    SSP0_IRQHandler                          0x000001ab   Thumb Code     0  startup_lpc17xx.o(.text)
    SSP1_IRQHandler                          0x000001ab   Thumb Code     0  startup_lpc17xx.o(.text)
    TIMER0_IRQHandler                        0x000001ab   Thumb Code     0  startup_lpc17xx.o(.text)
    TIMER1_IRQHandler                        0x000001ab   Thumb Code     0  startup_lpc17xx.o(.text)
    TIMER2_IRQHandler                        0x000001ab   Thumb Code     0  startup_lpc17xx.o(.text)
    TIMER3_IRQHandler                        0x000001ab   Thumb Code     0  startup_lpc17xx.o(.text)
    UART2_IRQHandler                         0x000001ab   Thumb Code     0  startup_lpc17xx.o(.text)
    UART3_IRQHandler                         0x000001ab   Thumb Code     0  startup_lpc17xx.o(.text)
    USBActivity_IRQHandler                   0x000001ab   Thumb Code     0  startup_lpc17xx.o(.text)
    USB_IRQHandler                           0x000001ab   Thumb Code     0  startup_lpc17xx.o(.text)
    WDT_IRQHandler                           0x000001ab   Thumb Code     0  startup_lpc17xx.o(.text)
    __user_initial_stackheap                 0x000001ad   Thumb Code     0  startup_lpc17xx.o(.text)
    SVC_Handler                              0x000001d1   Thumb Code    96  irq_cm3.o(.text)
    PendSV_Handler                           0x00000231   Thumb Code    16  irq_cm3.o(.text)
    SysTick_Handler                          0x00000241   Thumb Code    16  irq_cm3.o(.text)
    __aeabi_memcpy                           0x00000259   Thumb Code     0  rt_memcpy_v6.o(.text)
    __rt_memcpy                              0x00000259   Thumb Code   138  rt_memcpy_v6.o(.text)
    _memcpy_lastbytes                        0x000002bf   Thumb Code     0  rt_memcpy_v6.o(.text)
    __use_two_region_memory                  0x000002e3   Thumb Code     2  heapauxi.o(.text)
    __rt_heap_escrow$2region                 0x000002e5   Thumb Code     2  heapauxi.o(.text)
    __rt_heap_expand$2region                 0x000002e7   Thumb Code     2  heapauxi.o(.text)
    exit                                     0x000002e9   Thumb Code    18  exit.o(.text)
    __I$use$semihosting                      0x000002fb   Thumb Code     0  use_no_semi.o(.text)
    __use_no_semihosting_swi                 0x000002fb   Thumb Code     2  use_no_semi.o(.text)
    __aeabi_uldivmod                         0x00000301   Thumb Code     0  lludivv7m.o(.text)
    _ll_udiv                                 0x00000301   Thumb Code   238  lludivv7m.o(.text)
    __aeabi_memclr                           0x000003ef   Thumb Code     0  rt_memclr.o(.text)
    __rt_memclr                              0x000003ef   Thumb Code    68  rt_memclr.o(.text)
    _memset                                  0x000003f3   Thumb Code     0  rt_memclr.o(.text)
    __aeabi_memclr4                          0x00000433   Thumb Code     0  rt_memclr_w.o(.text)
    __aeabi_memclr8                          0x00000433   Thumb Code     0  rt_memclr_w.o(.text)
    __rt_memclr_w                            0x00000433   Thumb Code    78  rt_memclr_w.o(.text)
    _memset_w                                0x00000437   Thumb Code     0  rt_memclr_w.o(.text)
    __aeabi_memcpy4                          0x00000481   Thumb Code     0  rt_memcpy_w.o(.text)
    __aeabi_memcpy8                          0x00000481   Thumb Code     0  rt_memcpy_w.o(.text)
    __rt_memcpy_w                            0x00000481   Thumb Code   100  rt_memcpy_w.o(.text)
    _memcpy_lastbytes_aligned                0x000004c9   Thumb Code     0  rt_memcpy_w.o(.text)
    __user_setup_stackheap                   0x000004e5   Thumb Code    74  sys_stackheap_outer.o(.text)
    __user_libspace                          0x00000531   Thumb Code     8  libspace.o(.text)
    __user_perproc_libspace                  0x00000531   Thumb Code     0  libspace.o(.text)
    _sys_exit                                0x00000539   Thumb Code     8  sys_exit.o(.text)
    __semihosting_library_function           0x00000545   Thumb Code     0  indicate_semi.o(.text)
    OS_Tick_AcknowledgeIRQ                   0x00000615   Thumb Code    12  os_systick.o(.text.OS_Tick_AcknowledgeIRQ)
    OS_Tick_Enable                           0x00000621   Thumb Code    48  os_systick.o(.text.OS_Tick_Enable)
    OS_Tick_GetIRQn                          0x00000651   Thumb Code     6  os_systick.o(.text.OS_Tick_GetIRQn)
    OS_Tick_Setup                            0x00000659   Thumb Code    64  os_systick.o(.text.OS_Tick_Setup)
    osDelay                                  0x00000759   Thumb Code    36  rtx_delay.o(.text.osDelay)
    osKernelGetState                         0x0000077d   Thumb Code    56  rtx_kernel.o(.text.osKernelGetState)
    osKernelInitialize                       0x000007b5   Thumb Code    60  rtx_kernel.o(.text.osKernelInitialize)
    osKernelStart                            0x000007f1   Thumb Code    60  rtx_kernel.o(.text.osKernelStart)
    osMessageQueueGet                        0x0000082d   Thumb Code   112  rtx_msgqueue.o(.text.osMessageQueueGet)
    osMessageQueueNew                        0x0000089d   Thumb Code    60  rtx_msgqueue.o(.text.osMessageQueueNew)
    osMessageQueuePut                        0x000008d9   Thumb Code   132  rtx_msgqueue.o(.text.osMessageQueuePut)
    osMutexAcquire                           0x0000095d   Thumb Code    36  rtx_mutex.o(.text.osMutexAcquire)
    osMutexDelete                            0x00000981   Thumb Code    36  rtx_mutex.o(.text.osMutexDelete)
    osMutexNew                               0x000009a5   Thumb Code    60  rtx_mutex.o(.text.osMutexNew)
    osMutexRelease                           0x000009e1   Thumb Code    36  rtx_mutex.o(.text.osMutexRelease)
    osRtxMemoryAlloc                         0x00000a05   Thumb Code   100  rtx_memory.o(.text.osRtxMemoryAlloc)
    osRtxMemoryFree                          0x00000a69   Thumb Code    74  rtx_memory.o(.text.osRtxMemoryFree)
    osRtxMemoryInit                          0x00000ab3   Thumb Code    50  rtx_memory.o(.text.osRtxMemoryInit)
    osRtxMemoryPoolAlloc                     0x00000ae5   Thumb Code    74  rtx_mempool.o(.text.osRtxMemoryPoolAlloc)
    osRtxMemoryPoolFree                      0x00000b2f   Thumb Code    86  rtx_mempool.o(.text.osRtxMemoryPoolFree)
    osRtxMemoryPoolInit                      0x00000b85   Thumb Code    84  rtx_mempool.o(.text.osRtxMemoryPoolInit)
    osRtxMessageQueuePostProcess             0x00000bd9   Thumb Code   214  rtx_msgqueue.o(.text.osRtxMessageQueuePostProcess)
    osRtxMutexOwnerRelease                   0x00000caf   Thumb Code    68  rtx_mutex.o(.text.osRtxMutexOwnerRelease)
    osRtxPendSV_Handler                      0x00000cf5   Thumb Code   144  rtx_system.o(.text.osRtxPendSV_Handler)
    osRtxPostProcess                         0x00000d85   Thumb Code   116  rtx_system.o(.text.osRtxPostProcess)
    osRtxSemaphorePostProcess                0x00000df9   Thumb Code    62  rtx_semaphore.o(.text.osRtxSemaphorePostProcess)
    osRtxThreadBlock                         0x00000e39   Thumb Code    72  rtx_thread.o(.text.osRtxThreadBlock)
    osRtxThreadDelayInsert                   0x00000e81   Thumb Code   148  rtx_thread.o(.text.osRtxThreadDelayInsert)
    osRtxThreadDelayRemove                   0x00000f15   Thumb Code   108  rtx_thread.o(.text.osRtxThreadDelayRemove)
    osRtxThreadDelayTick                     0x00000f81   Thumb Code    56  rtx_thread.o(.text.osRtxThreadDelayTick)
    osRtxThreadDispatch                      0x00000fb9   Thumb Code   128  rtx_thread.o(.text.osRtxThreadDispatch)
    osRtxThreadListGet                       0x00001091   Thumb Code    22  rtx_thread.o(.text.osRtxThreadListGet)
    osRtxThreadListPut                       0x000010a7   Thumb Code    52  rtx_thread.o(.text.osRtxThreadListPut)
    osRtxThreadListRemove                    0x000010db   Thumb Code    20  rtx_thread.o(.text.osRtxThreadListRemove)
    osRtxThreadListSort                      0x000010ef   Thumb Code    38  rtx_thread.o(.text.osRtxThreadListSort)
    osRtxThreadPostProcess                   0x00001115   Thumb Code    42  rtx_thread.o(.text.osRtxThreadPostProcess)
    osRtxThreadReadyPut                      0x00001141   Thumb Code    20  rtx_thread.o(.text.osRtxThreadReadyPut)
    osRtxThreadRegPtr                        0x00001155   Thumb Code     6  rtx_thread.o(.text.osRtxThreadRegPtr)
    osRtxThreadStackCheck                    0x0000115d   Thumb Code    40  rtx_thread.o(.text.osRtxThreadStackCheck)
    osRtxThreadSwitch                        0x00001185   Thumb Code    16  rtx_thread.o(.text.osRtxThreadSwitch)
    osRtxThreadWaitEnter                     0x00001195   Thumb Code    60  rtx_thread.o(.text.osRtxThreadWaitEnter)
    osRtxThreadWaitExit                      0x000011d1   Thumb Code    38  rtx_thread.o(.text.osRtxThreadWaitExit)
    osRtxTick_Handler                        0x000011f9   Thumb Code   112  rtx_system.o(.text.osRtxTick_Handler)
    osRtxTimerThread                         0x00001269   Thumb Code    68  rtx_timer.o(.text.osRtxTimerThread)
    osRtxTimerTick                           0x000012ad   Thumb Code    88  rtx_timer.o(.text.osRtxTimerTick)
    osSemaphoreAcquire                       0x00001305   Thumb Code    96  rtx_semaphore.o(.text.osSemaphoreAcquire)
    osSemaphoreNew                           0x00001365   Thumb Code    60  rtx_semaphore.o(.text.osSemaphoreNew)
    osSemaphoreRelease                       0x000013a1   Thumb Code   104  rtx_semaphore.o(.text.osSemaphoreRelease)
    osThreadExit                             0x00001409   Thumb Code    12  rtx_thread.o(.text.osThreadExit)
    osThreadNew                              0x00001415   Thumb Code    60  rtx_thread.o(.text.osThreadNew)
    svcRtxDelay                              0x00001451   Thumb Code    20  rtx_delay.o(.text.svcRtxDelay)
    svcRtxKernelGetState                     0x00001465   Thumb Code    12  rtx_kernel.o(.text.svcRtxKernelGetState)
    svcRtxKernelInitialize                   0x00001471   Thumb Code   396  rtx_kernel.o(.text.svcRtxKernelInitialize)
    svcRtxKernelStart                        0x000015fd   Thumb Code   144  rtx_kernel.o(.text.svcRtxKernelStart)
    svcRtxMessageQueueGet                    0x0000168d   Thumb Code   236  rtx_msgqueue.o(.text.svcRtxMessageQueueGet)
    svcRtxMessageQueueNew                    0x00001779   Thumb Code   304  rtx_msgqueue.o(.text.svcRtxMessageQueueNew)
    svcRtxMessageQueuePut                    0x000018a9   Thumb Code   200  rtx_msgqueue.o(.text.svcRtxMessageQueuePut)
    svcRtxMutexAcquire                       0x00001971   Thumb Code   148  rtx_mutex.o(.text.svcRtxMutexAcquire)
    svcRtxMutexDelete                        0x00001a05   Thumb Code   212  rtx_mutex.o(.text.svcRtxMutexDelete)
    svcRtxMutexNew                           0x00001ad9   Thumb Code   108  rtx_mutex.o(.text.svcRtxMutexNew)
    svcRtxMutexRelease                       0x00001b45   Thumb Code   188  rtx_mutex.o(.text.svcRtxMutexRelease)
    svcRtxSemaphoreAcquire                   0x00001c01   Thumb Code    96  rtx_semaphore.o(.text.svcRtxSemaphoreAcquire)
    svcRtxSemaphoreNew                       0x00001c61   Thumb Code   128  rtx_semaphore.o(.text.svcRtxSemaphoreNew)
    svcRtxSemaphoreRelease                   0x00001ce1   Thumb Code    86  rtx_semaphore.o(.text.svcRtxSemaphoreRelease)
    svcRtxThreadExit                         0x00001d39   Thumb Code   112  rtx_thread.o(.text.svcRtxThreadExit)
    svcRtxThreadNew                          0x00001da9   Thumb Code   504  rtx_thread.o(.text.svcRtxThreadNew)
    DMA_IRQHandler                           0x00001fc1   Thumb Code   372  gpdma_lpc17xx.o(i.DMA_IRQHandler)
    GPDMA_ChannelConfigure                   0x00002141   Thumb Code   232  gpdma_lpc17xx.o(i.GPDMA_ChannelConfigure)
    GPDMA_ChannelDisable                     0x00002235   Thumb Code    44  gpdma_lpc17xx.o(i.GPDMA_ChannelDisable)
    GPDMA_ChannelGetCount                    0x00002265   Thumb Code    38  gpdma_lpc17xx.o(i.GPDMA_ChannelGetCount)
    GPDMA_Initialize                         0x00002295   Thumb Code   146  gpdma_lpc17xx.o(i.GPDMA_Initialize)
    GPDMA_PeripheralSelect                   0x0000233d   Thumb Code    62  gpdma_lpc17xx.o(i.GPDMA_PeripheralSelect)
    GPDMA_Uninitialize                       0x00002381   Thumb Code   116  gpdma_lpc17xx.o(i.GPDMA_Uninitialize)
    GPIO_SetDir                              0x00002401   Thumb Code    52  gpio_lpc17xx.o(i.GPIO_SetDir)
    I2C1_IRQHandler                          0x000024f5   Thumb Code    10  i2c_lpc17xx.o(i.I2C1_IRQHandler)
    PIN_Configure                            0x00002f79   Thumb Code   246  pin_lpc17xx.o(i.PIN_Configure)
    PIN_ConfigureI2C0Pins                    0x00003075   Thumb Code    28  pin_lpc17xx.o(i.PIN_ConfigureI2C0Pins)
    SystemCoreClockUpdate                    0x000030cd   Thumb Code   408  system_lpc17xx.o(i.SystemCoreClockUpdate)
    SystemInit                               0x00003275   Thumb Code   302  system_lpc17xx.o(i.SystemInit)
    UART0_IRQHandler                         0x000033b5   Thumb Code    10  uart_lpc17xx.o(i.UART0_IRQHandler)
    UART1_IRQHandler                         0x000033c5   Thumb Code    10  uart_lpc17xx.o(i.UART1_IRQHandler)
    USART0_GPDMA_Rx_Event                    0x000033ed   Thumb Code    14  uart_lpc17xx.o(i.USART0_GPDMA_Rx_Event)
    USART0_GPDMA_Tx_Event                    0x00003401   Thumb Code    14  uart_lpc17xx.o(i.USART0_GPDMA_Tx_Event)
    USART1_GPDMA_Rx_Event                    0x00003515   Thumb Code    14  uart_lpc17xx.o(i.USART1_GPDMA_Rx_Event)
    USART1_GPDMA_Tx_Event                    0x00003529   Thumb Code    14  uart_lpc17xx.o(i.USART1_GPDMA_Tx_Event)
    USART_SetBaudrate                        0x00004815   Thumb Code   302  uart_lpc17xx.o(i.USART_SetBaudrate)
    imuUpdater(void*)                        0x00004b55   Thumb Code   168  main.o(i._Z10imuUpdaterPv)
    I2C_callback(unsigned)                   0x00004c21   Thumb Code    52  main.o(i._Z12I2C_callbackj)
    computeEngine(void*)                     0x00004c61   Thumb Code   484  main.o(i._Z13computeEnginePv)
    ledInitialize()                          0x00004e91   Thumb Code    14  main.o(i._Z13ledInitializev)
    i2c1Initialize()                         0x00004ea1   Thumb Code    40  main.o(i._Z14i2c1Initializev)
    configI2C()                              0x00004ed1   Thumb Code    86  main.o(i._Z9configI2Cv)
    configPWM()                              0x00004f3d   Thumb Code    52  main.o(i._Z9configPWMv)
    _mutex_acquire                           0x00005023   Thumb Code    22  rtx_lib.o(i._mutex_acquire)
    _mutex_free                              0x00005039   Thumb Code    12  rtx_lib.o(i._mutex_free)
    _mutex_initialize                        0x00005045   Thumb Code    32  rtx_lib.o(i._mutex_initialize)
    _mutex_release                           0x00005065   Thumb Code    18  rtx_lib.o(i._mutex_release)
    _platform_post_stackheap_init            0x00005077   Thumb Code     8  rtx_lib.o(i._platform_post_stackheap_init)
    main                                     0x00005081   Thumb Code   184  main.o(i.main)
    osRtxErrorNotify                         0x000051a1   Thumb Code    32  rtx_config.o(i.osRtxErrorNotify)
    osRtxIdleThread                          0x000051c1   Thumb Code     4  rtx_config.o(i.osRtxIdleThread)
    __aeabi_fadd                             0x000051e9   Thumb Code     0  faddsub_clz.o(x$fpl$fadd)
    _fadd                                    0x000051e9   Thumb Code   196  faddsub_clz.o(x$fpl$fadd)
    __aeabi_fdiv                             0x000052ad   Thumb Code     0  fdiv.o(x$fpl$fdiv)
    _fdiv                                    0x000052ad   Thumb Code   384  fdiv.o(x$fpl$fdiv)
    __aeabi_f2uiz                            0x00005431   Thumb Code     0  ffixu.o(x$fpl$ffixu)
    _ffixu                                   0x00005431   Thumb Code    62  ffixu.o(x$fpl$ffixu)
    __aeabi_i2f                              0x00005471   Thumb Code     0  fflt_clz.o(x$fpl$fflt)
    _fflt                                    0x00005471   Thumb Code    48  fflt_clz.o(x$fpl$fflt)
    __aeabi_fmul                             0x000054a1   Thumb Code     0  fmul.o(x$fpl$fmul)
    _fmul                                    0x000054a1   Thumb Code   258  fmul.o(x$fpl$fmul)
    __fpl_fnaninf                            0x000055a3   Thumb Code   140  fnaninf.o(x$fpl$fnaninf)
    __fpl_fretinf                            0x0000562f   Thumb Code    10  fretinf.o(x$fpl$fretinf)
    __aeabi_fsub                             0x00005639   Thumb Code     0  faddsub_clz.o(x$fpl$fsub)
    _fsub                                    0x00005639   Thumb Code   234  faddsub_clz.o(x$fpl$fsub)
    __I$use$fp                               0x00005722   Number         0  usenofp.o(x$fpl$usenofp)
    osRtxUserSVC                             0x00005788   Data           4  rtx_lib.o(.constdata)
    Driver_I2C1                              0x000057c0   Data          48  i2c_lpc17xx.o(.constdata)
    Driver_USART0                            0x000059fc   Data          56  uart_lpc17xx.o(.constdata)
    Driver_USART1                            0x00005a34   Data          56  uart_lpc17xx.o(.constdata)
    irqRtxLib                                0x00005a6c   Data           1  irq_cm3.o(.constdata)
    osRtxConfig                              0x00005a70   Data         104  rtx_lib.o(.rodata)
    Region$$Table$$Base                      0x00005ae4   Number         0  anon$$obj.o(Region$$Table)
    Region$$Table$$Limit                     0x00005b04   Number         0  anon$$obj.o(Region$$Table)
    Driver_USART1_STATUS                     0x100014d0   Data           4  main.o(.data)
    semaphoreTransmitId                      0x100014d4   Data           4  main.o(.data)
    semaphoreReceiveId                       0x100014d8   Data           4  main.o(.data)
    semaphoreDataReadyId                     0x100014dc   Data           4  main.o(.data)
    eulerAngle                               0x100014e0   Data           6  main.o(.data)
    eulerAngleX                              0x100014e6   Data           2  main.o(.data)
    eulerAngleY                              0x100014e8   Data           2  main.o(.data)
    eulerAngleZ                              0x100014ea   Data           2  main.o(.data)
    timeDiff                                 0x100014ec   Data           4  main.o(.data)
    errorPitch                               0x100014f0   Data           4  main.o(.data)
    errorRoll                                0x100014f4   Data           4  main.o(.data)
    errorPitchD                              0x100014f8   Data           4  main.o(.data)
    errorRollD                               0x100014fc   Data           4  main.o(.data)
    errorPitchI                              0x10001500   Data           4  main.o(.data)
    errorRollI                               0x10001504   Data           4  main.o(.data)
    errorPitchPrev                           0x10001508   Data           4  main.o(.data)
    errorRollPrev                            0x1000150c   Data           4  main.o(.data)
    pidPitch                                 0x10001510   Data           4  main.o(.data)
    pidRoll                                  0x10001514   Data           4  main.o(.data)
    throttle                                 0x10001518   Data           4  main.o(.data)
    irqRtxLibRef                             0x1000151c   Data           4  rtx_lib.o(.data)
    I2C1_PIN                                 0x10001521   Data           4  i2c_lpc17xx.o(.data)
    SystemCoreClock                          0x10001538   Data           4  system_lpc17xx.o(.data)
    osRtxInfo                                0x1000153c   Data         164  rtx_kernel.o(.data.os)
    Driver_USART1_INFO                       0x100015e0   Data          32  main.o(.bss)
    semaphoreTransmitAttr                    0x10001600   Data          16  main.o(.bss)
    semaphoreReceiveAttr                     0x10001610   Data          16  main.o(.bss)
    semaphoreDataReadyAttr                   0x10001620   Data          16  main.o(.bss)
    tempwhat                                 0x10001630   Data          32  main.o(.bss)
    __libspace_start                         0x1000177c   Data          96  libspace.o(.bss)
    __temporary_stack_top$libspace           0x100017dc   Data           0  libspace.o(.bss)



==============================================================================

Memory Map of the image

  Image Entry point : 0x000000cd

  Load Region LR_IROM1 (Base: 0x00000000, Size: 0x000070e4, Max: 0x00080000, ABSOLUTE, COMPRESSED[0x00005b4c])

    Execution Region ER_IROM1 (Base: 0x00000000, Size: 0x00005b04, Max: 0x00080000, ABSOLUTE)

    Base Addr    Size         Type   Attr      Idx    E Section Name        Object

    0x00000000   0x000000cc   Data   RO         1116    RESET               startup_lpc17xx.o
    0x000000cc   0x00000008   Code   RO         1721  * !!!main             c_w.l(__main.o)
    0x000000d4   0x00000034   Code   RO         1926    !!!scatter          c_w.l(__scatter.o)
    0x00000108   0x0000003a   Code   RO         1924    !!dczerorl          c_w.l(__dczerorl.o)
    0x00000142   0x00000002   PAD
    0x00000144   0x0000001c   Code   RO         1928    !!handler_zi        c_w.l(__scatter_zi.o)
    0x00000160   0x00000002   Code   RO         1794    .ARM.Collect$$libinit$$00000000  c_w.l(libinit.o)
    0x00000162   0x00000000   Code   RO         1807    .ARM.Collect$$libinit$$00000002  c_w.l(libinit2.o)
    0x00000162   0x00000000   Code   RO         1809    .ARM.Collect$$libinit$$00000004  c_w.l(libinit2.o)
    0x00000162   0x00000000   Code   RO         1812    .ARM.Collect$$libinit$$0000000A  c_w.l(libinit2.o)
    0x00000162   0x00000000   Code   RO         1814    .ARM.Collect$$libinit$$0000000C  c_w.l(libinit2.o)
    0x00000162   0x00000000   Code   RO         1816    .ARM.Collect$$libinit$$0000000E  c_w.l(libinit2.o)
    0x00000162   0x00000000   Code   RO         1819    .ARM.Collect$$libinit$$00000011  c_w.l(libinit2.o)
    0x00000162   0x00000000   Code   RO         1821    .ARM.Collect$$libinit$$00000013  c_w.l(libinit2.o)
    0x00000162   0x00000000   Code   RO         1823    .ARM.Collect$$libinit$$00000015  c_w.l(libinit2.o)
    0x00000162   0x00000000   Code   RO         1825    .ARM.Collect$$libinit$$00000017  c_w.l(libinit2.o)
    0x00000162   0x00000000   Code   RO         1827    .ARM.Collect$$libinit$$00000019  c_w.l(libinit2.o)
    0x00000162   0x00000000   Code   RO         1829    .ARM.Collect$$libinit$$0000001B  c_w.l(libinit2.o)
    0x00000162   0x00000000   Code   RO         1831    .ARM.Collect$$libinit$$0000001D  c_w.l(libinit2.o)
    0x00000162   0x00000000   Code   RO         1833    .ARM.Collect$$libinit$$0000001F  c_w.l(libinit2.o)
    0x00000162   0x00000000   Code   RO         1835    .ARM.Collect$$libinit$$00000021  c_w.l(libinit2.o)
    0x00000162   0x00000000   Code   RO         1837    .ARM.Collect$$libinit$$00000023  c_w.l(libinit2.o)
    0x00000162   0x00000000   Code   RO         1839    .ARM.Collect$$libinit$$00000025  c_w.l(libinit2.o)
    0x00000162   0x00000000   Code   RO         1843    .ARM.Collect$$libinit$$0000002C  c_w.l(libinit2.o)
    0x00000162   0x00000000   Code   RO         1845    .ARM.Collect$$libinit$$0000002E  c_w.l(libinit2.o)
    0x00000162   0x00000000   Code   RO         1847    .ARM.Collect$$libinit$$00000030  c_w.l(libinit2.o)
    0x00000162   0x00000000   Code   RO         1849    .ARM.Collect$$libinit$$00000032  c_w.l(libinit2.o)
    0x00000162   0x00000002   Code   RO         1850    .ARM.Collect$$libinit$$00000033  c_w.l(libinit2.o)
    0x00000164   0x00000002   Code   RO         1881    .ARM.Collect$$libshutdown$$00000000  c_w.l(libshutdown.o)
    0x00000166   0x00000000   Code   RO         1907    .ARM.Collect$$libshutdown$$00000002  c_w.l(libshutdown2.o)
    0x00000166   0x00000000   Code   RO         1909    .ARM.Collect$$libshutdown$$00000004  c_w.l(libshutdown2.o)
    0x00000166   0x00000000   Code   RO         1912    .ARM.Collect$$libshutdown$$00000007  c_w.l(libshutdown2.o)
    0x00000166   0x00000000   Code   RO         1915    .ARM.Collect$$libshutdown$$0000000A  c_w.l(libshutdown2.o)
    0x00000166   0x00000000   Code   RO         1917    .ARM.Collect$$libshutdown$$0000000C  c_w.l(libshutdown2.o)
    0x00000166   0x00000000   Code   RO         1920    .ARM.Collect$$libshutdown$$0000000F  c_w.l(libshutdown2.o)
    0x00000166   0x00000002   Code   RO         1921    .ARM.Collect$$libshutdown$$00000010  c_w.l(libshutdown2.o)
    0x00000168   0x00000000   Code   RO         1745    .ARM.Collect$$rtentry$$00000000  c_w.l(__rtentry.o)
    0x00000168   0x00000000   Code   RO         1765    .ARM.Collect$$rtentry$$00000002  c_w.l(__rtentry2.o)
    0x00000168   0x00000006   Code   RO         1777    .ARM.Collect$$rtentry$$00000004  c_w.l(__rtentry4.o)
    0x0000016e   0x00000008   Code   RO         1766    .ARM.Collect$$rtentry$$00000008  c_w.l(__rtentry2.o)
    0x00000176   0x00000004   Code   RO         1768    .ARM.Collect$$rtentry$$0000000A  c_w.l(__rtentry2.o)
    0x0000017a   0x00000000   Code   RO         1770    .ARM.Collect$$rtentry$$0000000C  c_w.l(__rtentry2.o)
    0x0000017a   0x00000008   Code   RO         1771    .ARM.Collect$$rtentry$$0000000D  c_w.l(__rtentry2.o)
    0x00000182   0x00000002   Code   RO         1798    .ARM.Collect$$rtexit$$00000000  c_w.l(rtexit.o)
    0x00000184   0x00000000   Code   RO         1854    .ARM.Collect$$rtexit$$00000002  c_w.l(rtexit2.o)
    0x00000184   0x00000004   Code   RO         1855    .ARM.Collect$$rtexit$$00000003  c_w.l(rtexit2.o)
    0x00000188   0x00000006   Code   RO         1856    .ARM.Collect$$rtexit$$00000004  c_w.l(rtexit2.o)
    0x0000018e   0x00000002   PAD
    0x00000190   0x00000040   Code   RO         1118    .text               startup_lpc17xx.o
    0x000001d0   0x00000088   Code   RO         1454    .text               RTX_CM3.lib(irq_cm3.o)
    0x00000258   0x0000008a   Code   RO         1713    .text               c_w.l(rt_memcpy_v6.o)
    0x000002e2   0x00000006   Code   RO         1719    .text               c_w.l(heapauxi.o)
    0x000002e8   0x00000012   Code   RO         1785    .text               c_w.l(exit.o)
    0x000002fa   0x00000002   Code   RO         1870    .text               c_w.l(use_no_semi.o)
    0x000002fc   0x00000004   Code   RO         1117    .ARM.__at_0x02FC    startup_lpc17xx.o
    0x00000300   0x000000ee   Code   RO         1681    .text               c_w.l(lludivv7m.o)
    0x000003ee   0x00000044   Code   RO         1715    .text               c_w.l(rt_memclr.o)
    0x00000432   0x0000004e   Code   RO         1717    .text               c_w.l(rt_memclr_w.o)
    0x00000480   0x00000064   Code   RO         1757    .text               c_w.l(rt_memcpy_w.o)
    0x000004e4   0x0000004a   Code   RO         1783    .text               c_w.l(sys_stackheap_outer.o)
    0x0000052e   0x00000002   PAD
    0x00000530   0x00000008   Code   RO         1795    .text               c_w.l(libspace.o)
    0x00000538   0x0000000c   Code   RO         1851    .text               c_w.l(sys_exit.o)
    0x00000544   0x00000000   Code   RO         1872    .text               c_w.l(indicate_semi.o)
    0x00000544   0x00000046   Code   RO         1635    .text.MessageQueueGet  RTX_CM3.lib(rtx_msgqueue.o)
    0x0000058a   0x00000064   Code   RO         1625    .text.MessageQueuePut  RTX_CM3.lib(rtx_msgqueue.o)
    0x000005ee   0x00000026   Code   RO         1623    .text.MessageQueueRemove  RTX_CM3.lib(rtx_msgqueue.o)
    0x00000614   0x0000000c   Code   RO         1597    .text.OS_Tick_AcknowledgeIRQ  RTX_CM3.lib(os_systick.o)
    0x00000620   0x00000030   Code   RO         1593    .text.OS_Tick_Enable  RTX_CM3.lib(os_systick.o)
    0x00000650   0x00000006   Code   RO         1599    .text.OS_Tick_GetIRQn  RTX_CM3.lib(os_systick.o)
    0x00000656   0x00000002   PAD
    0x00000658   0x00000040   Code   RO         1591    .text.OS_Tick_Setup  RTX_CM3.lib(os_systick.o)
    0x00000698   0x00000070   Code   RO         1262    .text.ThreadFlagsCheck  RTX_CM3.lib(rtx_thread.o)
    0x00000708   0x00000050   Code   RO         1461    .text.TimerInsert   RTX_CM3.lib(rtx_timer.o)
    0x00000758   0x00000024   Code   RO         1365    .text.osDelay       RTX_CM3.lib(rtx_delay.o)
    0x0000077c   0x00000038   Code   RO         1191    .text.osKernelGetState  RTX_CM3.lib(rtx_kernel.o)
    0x000007b4   0x0000003c   Code   RO         1187    .text.osKernelInitialize  RTX_CM3.lib(rtx_kernel.o)
    0x000007f0   0x0000003c   Code   RO         1193    .text.osKernelStart  RTX_CM3.lib(rtx_kernel.o)
    0x0000082c   0x00000070   Code   RO         1655    .text.osMessageQueueGet  RTX_CM3.lib(rtx_msgqueue.o)
    0x0000089c   0x0000003c   Code   RO         1649    .text.osMessageQueueNew  RTX_CM3.lib(rtx_msgqueue.o)
    0x000008d8   0x00000084   Code   RO         1653    .text.osMessageQueuePut  RTX_CM3.lib(rtx_msgqueue.o)
    0x0000095c   0x00000024   Code   RO         1398    .text.osMutexAcquire  RTX_CM3.lib(rtx_mutex.o)
    0x00000980   0x00000024   Code   RO         1404    .text.osMutexDelete  RTX_CM3.lib(rtx_mutex.o)
    0x000009a4   0x0000003c   Code   RO         1394    .text.osMutexNew    RTX_CM3.lib(rtx_mutex.o)
    0x000009e0   0x00000024   Code   RO         1400    .text.osMutexRelease  RTX_CM3.lib(rtx_mutex.o)
    0x00000a04   0x00000064   Code   RO         1504    .text.osRtxMemoryAlloc  RTX_CM3.lib(rtx_memory.o)
    0x00000a68   0x0000004a   Code   RO         1506    .text.osRtxMemoryFree  RTX_CM3.lib(rtx_memory.o)
    0x00000ab2   0x00000032   Code   RO         1502    .text.osRtxMemoryInit  RTX_CM3.lib(rtx_memory.o)
    0x00000ae4   0x0000004a   Code   RO         1521    .text.osRtxMemoryPoolAlloc  RTX_CM3.lib(rtx_mempool.o)
    0x00000b2e   0x00000056   Code   RO         1523    .text.osRtxMemoryPoolFree  RTX_CM3.lib(rtx_mempool.o)
    0x00000b84   0x00000054   Code   RO         1519    .text.osRtxMemoryPoolInit  RTX_CM3.lib(rtx_mempool.o)
    0x00000bd8   0x000000d6   Code   RO         1621    .text.osRtxMessageQueuePostProcess  RTX_CM3.lib(rtx_msgqueue.o)
    0x00000cae   0x00000044   Code   RO         1380    .text.osRtxMutexOwnerRelease  RTX_CM3.lib(rtx_mutex.o)
    0x00000cf2   0x00000002   PAD
    0x00000cf4   0x00000090   Code   RO         1576    .text.osRtxPendSV_Handler  RTX_CM3.lib(rtx_system.o)
    0x00000d84   0x00000074   Code   RO         1578    .text.osRtxPostProcess  RTX_CM3.lib(rtx_system.o)
    0x00000df8   0x0000003e   Code   RO         1417    .text.osRtxSemaphorePostProcess  RTX_CM3.lib(rtx_semaphore.o)
    0x00000e36   0x00000002   PAD
    0x00000e38   0x00000048   Code   RO         1248    .text.osRtxThreadBlock  RTX_CM3.lib(rtx_thread.o)
    0x00000e80   0x00000094   Code   RO         1240    .text.osRtxThreadDelayInsert  RTX_CM3.lib(rtx_thread.o)
    0x00000f14   0x0000006c   Code   RO         1242    .text.osRtxThreadDelayRemove  RTX_CM3.lib(rtx_thread.o)
    0x00000f80   0x00000038   Code   RO         1244    .text.osRtxThreadDelayTick  RTX_CM3.lib(rtx_thread.o)
    0x00000fb8   0x00000080   Code   RO         1254    .text.osRtxThreadDispatch  RTX_CM3.lib(rtx_thread.o)
    0x00001038   0x00000058   Code   RO         1290    .text.osRtxThreadFree  RTX_CM3.lib(rtx_thread.o)
    0x00001090   0x00000016   Code   RO         1228    .text.osRtxThreadListGet  RTX_CM3.lib(rtx_thread.o)
    0x000010a6   0x00000034   Code   RO         1226    .text.osRtxThreadListPut  RTX_CM3.lib(rtx_thread.o)
    0x000010da   0x00000014   Code   RO         1234    .text.osRtxThreadListRemove  RTX_CM3.lib(rtx_thread.o)
    0x000010ee   0x00000026   Code   RO         1232    .text.osRtxThreadListSort  RTX_CM3.lib(rtx_thread.o)
    0x00001114   0x0000002a   Code   RO         1260    .text.osRtxThreadPostProcess  RTX_CM3.lib(rtx_thread.o)
    0x0000113e   0x00000002   PAD
    0x00001140   0x00000014   Code   RO         1238    .text.osRtxThreadReadyPut  RTX_CM3.lib(rtx_thread.o)
    0x00001154   0x00000006   Code   RO         1246    .text.osRtxThreadRegPtr  RTX_CM3.lib(rtx_thread.o)
    0x0000115a   0x00000002   PAD
    0x0000115c   0x00000028   Code   RO         1252    .text.osRtxThreadStackCheck  RTX_CM3.lib(rtx_thread.o)
    0x00001184   0x00000010   Code   RO         1250    .text.osRtxThreadSwitch  RTX_CM3.lib(rtx_thread.o)
    0x00001194   0x0000003c   Code   RO         1258    .text.osRtxThreadWaitEnter  RTX_CM3.lib(rtx_thread.o)
    0x000011d0   0x00000026   Code   RO         1256    .text.osRtxThreadWaitExit  RTX_CM3.lib(rtx_thread.o)
    0x000011f6   0x00000002   PAD
    0x000011f8   0x00000070   Code   RO         1574    .text.osRtxTick_Handler  RTX_CM3.lib(rtx_system.o)
    0x00001268   0x00000044   Code   RO         1463    .text.osRtxTimerThread  RTX_CM3.lib(rtx_timer.o)
    0x000012ac   0x00000058   Code   RO         1459    .text.osRtxTimerTick  RTX_CM3.lib(rtx_timer.o)
    0x00001304   0x00000060   Code   RO         1435    .text.osSemaphoreAcquire  RTX_CM3.lib(rtx_semaphore.o)
    0x00001364   0x0000003c   Code   RO         1431    .text.osSemaphoreNew  RTX_CM3.lib(rtx_semaphore.o)
    0x000013a0   0x00000068   Code   RO         1437    .text.osSemaphoreRelease  RTX_CM3.lib(rtx_semaphore.o)
    0x00001408   0x0000000c   Code   RO         1266    .text.osThreadExit  RTX_CM3.lib(rtx_thread.o)
    0x00001414   0x0000003c   Code   RO         1310    .text.osThreadNew   RTX_CM3.lib(rtx_thread.o)
    0x00001450   0x00000014   Code   RO         1361    .text.svcRtxDelay   RTX_CM3.lib(rtx_delay.o)
    0x00001464   0x0000000c   Code   RO         1165    .text.svcRtxKernelGetState  RTX_CM3.lib(rtx_kernel.o)
    0x00001470   0x0000018c   Code   RO         1161    .text.svcRtxKernelInitialize  RTX_CM3.lib(rtx_kernel.o)
    0x000015fc   0x00000090   Code   RO         1167    .text.svcRtxKernelStart  RTX_CM3.lib(rtx_kernel.o)
    0x0000168c   0x000000ec   Code   RO         1633    .text.svcRtxMessageQueueGet  RTX_CM3.lib(rtx_msgqueue.o)
    0x00001778   0x00000130   Code   RO         1627    .text.svcRtxMessageQueueNew  RTX_CM3.lib(rtx_msgqueue.o)
    0x000018a8   0x000000c8   Code   RO         1631    .text.svcRtxMessageQueuePut  RTX_CM3.lib(rtx_msgqueue.o)
    0x00001970   0x00000094   Code   RO         1386    .text.svcRtxMutexAcquire  RTX_CM3.lib(rtx_mutex.o)
    0x00001a04   0x000000d4   Code   RO         1392    .text.svcRtxMutexDelete  RTX_CM3.lib(rtx_mutex.o)
    0x00001ad8   0x0000006c   Code   RO         1382    .text.svcRtxMutexNew  RTX_CM3.lib(rtx_mutex.o)
    0x00001b44   0x000000bc   Code   RO         1388    .text.svcRtxMutexRelease  RTX_CM3.lib(rtx_mutex.o)
    0x00001c00   0x00000060   Code   RO         1423    .text.svcRtxSemaphoreAcquire  RTX_CM3.lib(rtx_semaphore.o)
    0x00001c60   0x00000080   Code   RO         1419    .text.svcRtxSemaphoreNew  RTX_CM3.lib(rtx_semaphore.o)
    0x00001ce0   0x00000056   Code   RO         1425    .text.svcRtxSemaphoreRelease  RTX_CM3.lib(rtx_semaphore.o)
    0x00001d36   0x00000002   PAD
    0x00001d38   0x00000070   Code   RO         1294    .text.svcRtxThreadExit  RTX_CM3.lib(rtx_thread.o)
    0x00001da8   0x000001f8   Code   RO         1264    .text.svcRtxThreadNew  RTX_CM3.lib(rtx_thread.o)
    0x00001fa0   0x00000020   Code   RO          930    i.Clear_Channel_active_flag  gpdma_lpc17xx.o
    0x00001fc0   0x00000180   Code   RO          931    i.DMA_IRQHandler    gpdma_lpc17xx.o
    0x00002140   0x000000f4   Code   RO          932    i.GPDMA_ChannelConfigure  gpdma_lpc17xx.o
    0x00002234   0x00000030   Code   RO          933    i.GPDMA_ChannelDisable  gpdma_lpc17xx.o
    0x00002264   0x00000030   Code   RO          935    i.GPDMA_ChannelGetCount  gpdma_lpc17xx.o
    0x00002294   0x000000a8   Code   RO          937    i.GPDMA_Initialize  gpdma_lpc17xx.o
    0x0000233c   0x00000044   Code   RO          938    i.GPDMA_PeripheralSelect  gpdma_lpc17xx.o
    0x00002380   0x00000080   Code   RO          939    i.GPDMA_Uninitialize  gpdma_lpc17xx.o
    0x00002400   0x00000038   Code   RO         1025    i.GPIO_SetDir       gpio_lpc17xx.o
    0x00002438   0x00000040   Code   RO          404    i.GetI2CClockFreq   i2c_lpc17xx.o
    0x00002478   0x00000044   Code   RO          622    i.GetUsartClockFreq  uart_lpc17xx.o
    0x000024bc   0x00000018   Code   RO          405    i.I2C1_Control      i2c_lpc17xx.o
    0x000024d4   0x00000010   Code   RO          406    i.I2C1_GetDataCount  i2c_lpc17xx.o
    0x000024e4   0x00000010   Code   RO          407    i.I2C1_GetStatus    i2c_lpc17xx.o
    0x000024f4   0x00000010   Code   RO          408    i.I2C1_IRQHandler   i2c_lpc17xx.o
    0x00002504   0x00000014   Code   RO          409    i.I2C1_Initialize   i2c_lpc17xx.o
    0x00002518   0x00000020   Code   RO          410    i.I2C1_MasterReceive  i2c_lpc17xx.o
    0x00002538   0x00000020   Code   RO          411    i.I2C1_MasterTransmit  i2c_lpc17xx.o
    0x00002558   0x00000014   Code   RO          412    i.I2C1_PowerControl  i2c_lpc17xx.o
    0x0000256c   0x00000018   Code   RO          413    i.I2C1_SlaveReceive  i2c_lpc17xx.o
    0x00002584   0x00000018   Code   RO          414    i.I2C1_SlaveTransmit  i2c_lpc17xx.o
    0x0000259c   0x00000010   Code   RO          415    i.I2C1_Uninitialize  i2c_lpc17xx.o
    0x000025ac   0x0000000c   Code   RO          416    i.I2C_GetCapabilities  i2c_lpc17xx.o
    0x000025b8   0x00000010   Code   RO          417    i.I2C_GetVersion    i2c_lpc17xx.o
    0x000025c8   0x0000018c   Code   RO          418    i.I2Cx_Control      i2c_lpc17xx.o
    0x00002754   0x00000008   Code   RO          419    i.I2Cx_GetDataCount  i2c_lpc17xx.o
    0x0000275c   0x00000008   Code   RO          420    i.I2Cx_GetStatus    i2c_lpc17xx.o
    0x00002764   0x00000030   Code   RO          421    i.I2Cx_IRQHandler   i2c_lpc17xx.o
    0x00002794   0x0000004e   Code   RO          422    i.I2Cx_Initialize   i2c_lpc17xx.o
    0x000027e2   0x000001ce   Code   RO          423    i.I2Cx_MasterHandler  i2c_lpc17xx.o
    0x000029b0   0x000000ce   Code   RO          424    i.I2Cx_MasterReceive  i2c_lpc17xx.o
    0x00002a7e   0x000000cc   Code   RO          425    i.I2Cx_MasterTransmit  i2c_lpc17xx.o
    0x00002b4a   0x00000140   Code   RO          426    i.I2Cx_PowerControl  i2c_lpc17xx.o
    0x00002c8a   0x000001d4   Code   RO          427    i.I2Cx_SlaveHandler  i2c_lpc17xx.o
    0x00002e5e   0x00000074   Code   RO          428    i.I2Cx_SlaveReceive  i2c_lpc17xx.o
    0x00002ed2   0x00000074   Code   RO          429    i.I2Cx_SlaveTransmit  i2c_lpc17xx.o
    0x00002f46   0x00000030   Code   RO          430    i.I2Cx_Uninitialize  i2c_lpc17xx.o
    0x00002f76   0x00000002   PAD
    0x00002f78   0x000000fc   Code   RO         1081    i.PIN_Configure     pin_lpc17xx.o
    0x00003074   0x00000020   Code   RO         1082    i.PIN_ConfigureI2C0Pins  pin_lpc17xx.o
    0x00003094   0x00000038   Code   RO          940    i.Set_Channel_active_flag  gpdma_lpc17xx.o
    0x000030cc   0x000001a8   Code   RO         1127    i.SystemCoreClockUpdate  system_lpc17xx.o
    0x00003274   0x00000140   Code   RO         1128    i.SystemInit        system_lpc17xx.o
    0x000033b4   0x00000010   Code   RO          623    i.UART0_IRQHandler  uart_lpc17xx.o
    0x000033c4   0x00000010   Code   RO          624    i.UART1_IRQHandler  uart_lpc17xx.o
    0x000033d4   0x00000018   Code   RO          625    i.USART0_Control    uart_lpc17xx.o
    0x000033ec   0x00000014   Code   RO          626    i.USART0_GPDMA_Rx_Event  uart_lpc17xx.o
    0x00003400   0x00000014   Code   RO          627    i.USART0_GPDMA_Tx_Event  uart_lpc17xx.o
    0x00003414   0x00000010   Code   RO          628    i.USART0_GetCapabilities  uart_lpc17xx.o
    0x00003424   0x00000010   Code   RO          629    i.USART0_GetModemStatus  uart_lpc17xx.o
    0x00003434   0x00000010   Code   RO          630    i.USART0_GetRxCount  uart_lpc17xx.o
    0x00003444   0x00000010   Code   RO          631    i.USART0_GetStatus  uart_lpc17xx.o
    0x00003454   0x00000010   Code   RO          632    i.USART0_GetTxCount  uart_lpc17xx.o
    0x00003464   0x00000014   Code   RO          633    i.USART0_Initialize  uart_lpc17xx.o
    0x00003478   0x00000014   Code   RO          634    i.USART0_PowerControl  uart_lpc17xx.o
    0x0000348c   0x00000018   Code   RO          635    i.USART0_Receive    uart_lpc17xx.o
    0x000034a4   0x00000018   Code   RO          636    i.USART0_Send       uart_lpc17xx.o
    0x000034bc   0x00000014   Code   RO          637    i.USART0_SetModemControl  uart_lpc17xx.o
    0x000034d0   0x0000001c   Code   RO          638    i.USART0_Transfer   uart_lpc17xx.o
    0x000034ec   0x00000010   Code   RO          639    i.USART0_Uninitialize  uart_lpc17xx.o
    0x000034fc   0x00000018   Code   RO          640    i.USART1_Control    uart_lpc17xx.o
    0x00003514   0x00000014   Code   RO          641    i.USART1_GPDMA_Rx_Event  uart_lpc17xx.o
    0x00003528   0x00000014   Code   RO          642    i.USART1_GPDMA_Tx_Event  uart_lpc17xx.o
    0x0000353c   0x00000010   Code   RO          643    i.USART1_GetCapabilities  uart_lpc17xx.o
    0x0000354c   0x00000010   Code   RO          644    i.USART1_GetModemStatus  uart_lpc17xx.o
    0x0000355c   0x00000010   Code   RO          645    i.USART1_GetRxCount  uart_lpc17xx.o
    0x0000356c   0x00000010   Code   RO          646    i.USART1_GetStatus  uart_lpc17xx.o
    0x0000357c   0x00000010   Code   RO          647    i.USART1_GetTxCount  uart_lpc17xx.o
    0x0000358c   0x00000014   Code   RO          648    i.USART1_Initialize  uart_lpc17xx.o
    0x000035a0   0x00000014   Code   RO          649    i.USART1_PowerControl  uart_lpc17xx.o
    0x000035b4   0x00000018   Code   RO          650    i.USART1_Receive    uart_lpc17xx.o
    0x000035cc   0x00000018   Code   RO          651    i.USART1_Send       uart_lpc17xx.o
    0x000035e4   0x00000014   Code   RO          652    i.USART1_SetModemControl  uart_lpc17xx.o
    0x000035f8   0x0000001c   Code   RO          653    i.USART1_Transfer   uart_lpc17xx.o
    0x00003614   0x00000010   Code   RO          654    i.USART1_Uninitialize  uart_lpc17xx.o
    0x00003624   0x00000670   Code   RO          655    i.USART_Control     uart_lpc17xx.o
    0x00003c94   0x00000086   Code   RO          656    i.USART_GPDMA_Rx_Event  uart_lpc17xx.o
    0x00003d1a   0x0000004a   Code   RO          657    i.USART_GPDMA_Tx_Event  uart_lpc17xx.o
    0x00003d64   0x00000006   Code   RO          658    i.USART_GetCapabilities  uart_lpc17xx.o
    0x00003d6a   0x000000ec   Code   RO          659    i.USART_GetModemStatus  uart_lpc17xx.o
    0x00003e56   0x0000001c   Code   RO          660    i.USART_GetRxCount  uart_lpc17xx.o
    0x00003e72   0x000000bc   Code   RO          661    i.USART_GetStatus   uart_lpc17xx.o
    0x00003f2e   0x0000001c   Code   RO          662    i.USART_GetTxCount  uart_lpc17xx.o
    0x00003f4a   0x0000026c   Code   RO          663    i.USART_IRQHandler  uart_lpc17xx.o
    0x000041b6   0x000000fe   Code   RO          664    i.USART_Initialize  uart_lpc17xx.o
    0x000042b4   0x0000024c   Code   RO          665    i.USART_PowerControl  uart_lpc17xx.o
    0x00004500   0x00000110   Code   RO          666    i.USART_Receive     uart_lpc17xx.o
    0x00004610   0x00000068   Code   RO          667    i.USART_RxLineIntHandler  uart_lpc17xx.o
    0x00004678   0x0000019c   Code   RO          668    i.USART_Send        uart_lpc17xx.o
    0x00004814   0x00000134   Code   RO          669    i.USART_SetBaudrate  uart_lpc17xx.o
    0x00004948   0x000000a0   Code   RO          670    i.USART_SetModemControl  uart_lpc17xx.o
    0x000049e8   0x0000007a   Code   RO          671    i.USART_Transfer    uart_lpc17xx.o
    0x00004a62   0x000000e2   Code   RO          672    i.USART_Uninitialize  uart_lpc17xx.o
    0x00004b44   0x00000010   Code   RO          673    i.USARTx_GetVersion  uart_lpc17xx.o
    0x00004b54   0x000000cc   Code   RO            4    i._Z10imuUpdaterPv  main.o
    0x00004c20   0x00000040   Code   RO            5    i._Z12I2C_callbackj  main.o
    0x00004c60   0x00000230   Code   RO            6    i._Z13computeEnginePv  main.o
    0x00004e90   0x0000000e   Code   RO            7    i._Z13ledInitializev  main.o
    0x00004e9e   0x00000002   PAD
    0x00004ea0   0x00000030   Code   RO            9    i._Z14i2c1Initializev  main.o
    0x00004ed0   0x0000006c   Code   RO           16    i._Z9configI2Cv     main.o
    0x00004f3c   0x0000003c   Code   RO           17    i._Z9configPWMv     main.o
    0x00004f78   0x0000001c   Code   RO          431    i.__NVIC_ClearPendingIRQ  i2c_lpc17xx.o
    0x00004f94   0x0000001c   Code   RO          674    i.__NVIC_ClearPendingIRQ  uart_lpc17xx.o
    0x00004fb0   0x0000001c   Code   RO          941    i.__NVIC_ClearPendingIRQ  gpdma_lpc17xx.o
    0x00004fcc   0x0000003c   Code   RO          432    i.__NVIC_DisableIRQ  i2c_lpc17xx.o
    0x00005008   0x0000001a   Code   RO          433    i.__NVIC_EnableIRQ  i2c_lpc17xx.o
    0x00005022   0x00000016   Code   RO          278    i._mutex_acquire    rtx_lib.o
    0x00005038   0x0000000c   Code   RO          279    i._mutex_free       rtx_lib.o
    0x00005044   0x00000020   Code   RO          280    i._mutex_initialize  rtx_lib.o
    0x00005064   0x00000012   Code   RO          281    i._mutex_release    rtx_lib.o
    0x00005076   0x00000008   Code   RO          282    i._platform_post_stackheap_init  rtx_lib.o
    0x0000507e   0x00000002   PAD
    0x00005080   0x00000120   Code   RO           18    i.main              main.o
    0x000051a0   0x00000020   Code   RO          370    i.osRtxErrorNotify  rtx_config.o
    0x000051c0   0x00000004   Code   RO          371    i.osRtxIdleThread   rtx_config.o
    0x000051c4   0x00000024   Code   RO          283    i.os_kernel_is_active  rtx_lib.o
    0x000051e8   0x000000c4   Code   RO         1723    x$fpl$fadd          fz_ws.l(faddsub_clz.o)
    0x000052ac   0x00000184   Code   RO         1730    x$fpl$fdiv          fz_ws.l(fdiv.o)
    0x00005430   0x0000003e   Code   RO         1733    x$fpl$ffixu         fz_ws.l(ffixu.o)
    0x0000546e   0x00000002   PAD
    0x00005470   0x00000030   Code   RO         1738    x$fpl$fflt          fz_ws.l(fflt_clz.o)
    0x000054a0   0x00000102   Code   RO         1743    x$fpl$fmul          fz_ws.l(fmul.o)
    0x000055a2   0x0000008c   Code   RO         1759    x$fpl$fnaninf       fz_ws.l(fnaninf.o)
    0x0000562e   0x0000000a   Code   RO         1761    x$fpl$fretinf       fz_ws.l(fretinf.o)
    0x00005638   0x000000ea   Code   RO         1725    x$fpl$fsub          fz_ws.l(faddsub_clz.o)
    0x00005722   0x00000000   Code   RO         1763    x$fpl$usenofp       fz_ws.l(usenofp.o)
    0x00005722   0x00000004   Data   RO           35    .constdata          main.o
    0x00005726   0x00000002   PAD
    0x00005728   0x00000064   Data   RO          289    .constdata          rtx_lib.o
    0x0000578c   0x00000064   Data   RO          435    .constdata          i2c_lpc17xx.o
    0x000057f0   0x0000027c   Data   RO          676    .constdata          uart_lpc17xx.o
    0x00005a6c   0x00000001   Data   RO         1453    .constdata          RTX_CM3.lib(irq_cm3.o)
    0x00005a6d   0x00000003   PAD
    0x00005a70   0x00000068   Data   RO          291    .rodata             rtx_lib.o
    0x00005ad8   0x0000000b   Data   RO         1213    .rodata.str1.4      RTX_CM3.lib(rtx_kernel.o)
    0x00005ae3   0x00000001   PAD
    0x00005ae4   0x00000020   Data   RO         1922    Region$$Table       anon$$obj.o


    Execution Region RW_IRAM1 (Base: 0x10000000, Size: 0x00001ce0, Max: 0x00008000, ABSOLUTE, COMPRESSED[0x00000048])

    Base Addr    Size         Type   Attr      Idx    E Section Name        Object

    0x10000000   0x00001230   Data   RW          284    .bss.os             rtx_lib.o
    0x10001230   0x00000034   Data   RW          285    .bss.os.msgqueue.cb  rtx_lib.o
    0x10001264   0x00000050   Data   RW          286    .bss.os.msgqueue.mem  rtx_lib.o
    0x100012b4   0x00000088   Data   RW          287    .bss.os.thread.cb   rtx_lib.o
    0x1000133c   0x00000004   PAD
    0x10001340   0x00000190   Data   RW          288    .bss.os.thread.stack  rtx_lib.o
    0x100014d0   0x0000004c   Data   RW           36    .data               main.o
    0x1000151c   0x00000005   Data   RW          290    .data               rtx_lib.o
    0x10001521   0x00000004   Data   RW          436    .data               i2c_lpc17xx.o
    0x10001525   0x00000008   Data   RW          677    .data               uart_lpc17xx.o
    0x1000152d   0x00000003   PAD
    0x10001530   0x00000008   Data   RW          943    .data               gpdma_lpc17xx.o
    0x10001538   0x00000004   Data   RW         1129    .data               system_lpc17xx.o
    0x1000153c   0x000000a4   Data   RW         1214    .data.os            RTX_CM3.lib(rtx_kernel.o)
    0x100015e0   0x00000070   Zero   RW           34    .bss                main.o
    0x10001650   0x00000024   Zero   RW          434    .bss                i2c_lpc17xx.o
    0x10001674   0x00000068   Zero   RW          675    .bss                uart_lpc17xx.o
    0x100016dc   0x000000a0   Zero   RW          942    .bss                gpdma_lpc17xx.o
    0x1000177c   0x00000060   Zero   RW         1796    .bss                c_w.l(libspace.o)
    0x100017dc   0x00000001   Zero   RW         1609    .bss.PendST         RTX_CM3.lib(os_systick.o)
    0x100017dd   0x00000003   PAD
    0x100017e0   0x00000200   Zero   RW         1115    HEAP                startup_lpc17xx.o
    0x100019e0   0x00000300   Zero   RW         1114    STACK               startup_lpc17xx.o


==============================================================================

Image component sizes


      Code (inc. data)   RO Data    RW Data    ZI Data      Debug   Object Name

      1204         94          0          8        160       8074   gpdma_lpc17xx.o
        56          4          0          0          0        598   gpio_lpc17xx.o
      2924        132        100          4         36      68668   i2c_lpc17xx.o
      1346        266          4         76        112      77028   main.o
       284         10          0          0          0       1464   pin_lpc17xx.o
        36          6          0          0          0        925   rtx_config.o
       128          4        204       5329          0      19516   rtx_lib.o
        68         30        204          0       1280        972   startup_lpc17xx.o
       744         34          0          4          0       1315   system_lpc17xx.o
      6144        242        636          8        104      77855   uart_lpc17xx.o

    ----------------------------------------------------------------------
     12940        822       1182       5436       1692     256415   Object Totals
         0          0         32          0          0          0   (incl. Generated)
         6          0          2          7          0          0   (incl. Padding)

    ----------------------------------------------------------------------

      Code (inc. data)   RO Data    RW Data    ZI Data      Debug   Library Member Name

       136         10          1          0          0        488   irq_cm3.o
       130         32          0          0          1       3979   os_systick.o
        56          4          0          0          0       2689   rtx_delay.o
       728         56         11        164          0      17165   rtx_kernel.o
       224          0          0          0          0       1999   rtx_memory.o
       244          0          0          0          0      14574   rtx_mempool.o
      1466         28          0          0          0      17221   rtx_msgqueue.o
       892         32          0          0          0       9178   rtx_mutex.o
       632         24          0          0          0      10567   rtx_semaphore.o
       372         24          0          0          0       5637   rtx_system.o
      1754         76          0          0          0      31270   rtx_thread.o
       236         20          0          0          0       8541   rtx_timer.o
        58          0          0          0          0          0   __dczerorl.o
         8          0          0          0          0         68   __main.o
         0          0          0          0          0          0   __rtentry.o
        20          0          0          0          0          0   __rtentry2.o
         6          0          0          0          0          0   __rtentry4.o
        52          8          0          0          0          0   __scatter.o
        28          0          0          0          0          0   __scatter_zi.o
        18          0          0          0          0         80   exit.o
         6          0          0          0          0        152   heapauxi.o
         0          0          0          0          0          0   indicate_semi.o
         2          0          0          0          0          0   libinit.o
         2          0          0          0          0          0   libinit2.o
         2          0          0          0          0          0   libshutdown.o
         2          0          0          0          0          0   libshutdown2.o
         8          4          0          0         96         68   libspace.o
       238          0          0          0          0        100   lludivv7m.o
        68          0          0          0          0         68   rt_memclr.o
        78          0          0          0          0         80   rt_memclr_w.o
       138          0          0          0          0         68   rt_memcpy_v6.o
       100          0          0          0          0         80   rt_memcpy_w.o
         2          0          0          0          0          0   rtexit.o
        10          0          0          0          0          0   rtexit2.o
        12          4          0          0          0         68   sys_exit.o
        74          0          0          0          0         80   sys_stackheap_outer.o
         2          0          0          0          0         68   use_no_semi.o
       430          8          0          0          0        168   faddsub_clz.o
       388         76          0          0          0         96   fdiv.o
        62          4          0          0          0         84   ffixu.o
        48          0          0          0          0         68   fflt_clz.o
       258          4          0          0          0         84   fmul.o
       140          4          0          0          0         84   fnaninf.o
        10          0          0          0          0         68   fretinf.o
         0          0          0          0          0          0   usenofp.o

    ----------------------------------------------------------------------
      9162        418         16        164        100     124940   Library Totals
        22          0          4          0          3          0   (incl. Padding)

    ----------------------------------------------------------------------

      Code (inc. data)   RO Data    RW Data    ZI Data      Debug   Library Name

      6870        306         12        164          1     123308   RTX_CM3.lib
       934         16          0          0         96        980   c_w.l
      1336         96          0          0          0        652   fz_ws.l

    ----------------------------------------------------------------------
      9162        418         16        164        100     124940   Library Totals

    ----------------------------------------------------------------------

==============================================================================


      Code (inc. data)   RO Data    RW Data    ZI Data      Debug   

     22102       1240       1198       5600       1792     374483   Grand Totals
     22102       1240       1198         72       1792     374483   ELF Image Totals (compressed)
     22102       1240       1198         72          0          0   ROM Totals

==============================================================================

    Total RO  Size (Code + RO Data)                23300 (  22.75kB)
    Total RW  Size (RW Data + ZI Data)              7392 (   7.22kB)
    Total ROM Size (Code + RO Data + RW Data)      23372 (  22.82kB)

==============================================================================

